npm notice run @calibrate/api-client@0.0.0 pretest
npm notice run npm --prefix ../../shared run build
npm warn Unknown env config "global-ignore-file". This will stop working in the next major version of npm. See `npm help npmrc` for supported config options.

> @calibrate/shared@0.0.0 build
> tsc -p tsconfig.build.json

npm notice run @calibrate/api-client@0.0.0 test
npm notice run node --experimental-strip-types --test test/*.test.ts
Γ£ö registration sends explicit legal versions and acceptance (37.653ms)
Γ£ö email verification endpoints remain usable before full account access (1.2601ms)
Γ£ö password recovery uses generic public endpoints and the new_password wire field (2.1849ms)
Γ£ö legal status and acceptance use authenticated v1 routes (0.7471ms)
Γ£ö exportAccount requests the versioned authenticated endpoint (29.7599ms)
Γ£ö deleteAccount sends the current password and accepts an empty 204 response (0.4995ms)
Γ£ö unified account-session methods use the locked list and revocation wire (41.7861ms)
Γ£ö activity day query uses versioned date parameters (28.3189ms)
Γ£ö Health Connect sync carries its operation id and atomic checkpoint payload (1.9562ms)
Γ£ö uses the versioned calibration status, apply, and cancel routes (37.6068ms)
Γ£ö root-render failure remains anonymous and normal diagnostics do not request keepalive (31.0344ms)
Γ£ö native feature diagnostics attach bearer identity and use the normal 401 refresh path (1.3985ms)
Γ£ö web-vital diagnostics use authenticated unload-safe transport (0.6381ms)
Γ£ö createFoodLog sends the caller operation ID (37.8214ms)
Γ£ö addMetric sends the caller operation ID for metric upserts (1.9186ms)
Γ£ö updateFoodDay sends the caller operation ID for completion changes (0.7274ms)
Γ£ö day status and pause lifecycle methods preserve caller operation IDs and local dates (1.2847ms)
Γ£ö createGoal sends the caller operation ID (0.4674ms)
Γ£ö updatePreferences sends the caller operation ID (0.6033ms)
Γ£ö updateFoodLog sends the caller operation ID (0.5744ms)
Γ£ö deleteFoodLog sends the caller operation ID (0.698ms)
Γ£ö deleteMetric sends the caller operation ID (0.5243ms)
Γ£ö operation ID header is omitted when callers do not provide one (0.5587ms)
Γ£ö copyFoodLogs sends the atomic copy payload and returns the committed receipt (32.4034ms)
Γ£ö normalizes legacy completion without inventing comparison data and preserves additive range values (34.0039ms)
Γ£ö pace preview bypasses cache and adjustment retries retain operation and expected version (32.9108ms)
Γ£ö updateMyFood patches the owned resource with a typed snapshot definition (34.3594ms)
Γ£ö deleteMyFood deletes the resource and accepts an empty response (0.5348ms)
Γ£ö createRecipeFromFoodLogs posts the ordered food log snapshot request (2.1097ms)
Γ£ö external recipe ingredient types preserve serving snapshots for editing (0.1798ms)
Γ£ö getMyFoodsLibrary encodes filters and returns the paged envelope (32.8816ms)
Γ£ö getMyFoodsLibrary omits absent query parameters (0.7833ms)
Γ£ö setMyFoodPinned sends an ownership-safe resource patch payload (31.4292ms)
Γ£ö notification methods preserve legacy reads and send additive paging/read-all requests (30.6117ms)
Γ£ö label scans send authenticated multipart data to the versioned API and leave null fields intact (30.0321ms)
Γ£ö atomic completion sends one complete payload and a stable operation ID (27.6372ms)
Γ£ö getRecentFoods includes selected meal context in the query string (28.3317ms)
Γ£ö default browser transport preserves the global fetch receiver (25.4387ms)
Γ£ö client configuration forwards an explicit cache policy (0.5217ms)
Γ£ö request timeout reports a connection timeout rather than a caller abort (11.7972ms)
Γ£ö request timeout settles even when the fetch implementation ignores abort (14.418ms)
Γ£ö caller abort remains an AbortError and is not rewritten as a timeout (0.75ms)
Γ£ö a signal aborted before the request reaches fetch is still honored (0.3569ms)
Γ£ö non-JSON error body is retained without masking HTTP status: upstream unavailable (0.6997ms)
Γ£ö non-JSON error body is retained without masking HTTP status: <html><body>Bad gate (0.2985ms)
Γ£ö non-JSON error body is retained without masking HTTP status: {"message": (0.2193ms)
Γ£ö standard API errors expose typed metadata and prefer the response request ID (1.4543ms)
Γ£ö legacy message-only API errors remain compatible without invented metadata (0.4285ms)
Γ£ö malformed API error metadata is ignored instead of entering typed client state (0.2688ms)
Γ£ö API error metadata bounds field fanout and rejects display-hostile tokens (0.2455ms)
Γ£ö one successful refresh retries the original request with the replacement token (0.6574ms)
Γ£ö a late 401 from the previous access token reuses the completed refresh (0.4874ms)
Γ£ö a retried 401 does not start another refresh loop (0.3118ms)
Γ£ö native identity is attached to public and authenticated requests and cannot be overridden (0.4432ms)
Γ£ö legacy food-day responses remain open and editable (0.3256ms)
Γ£ö browser cookie transport uses session endpoints without native or bearer credentials (0.4576ms)
Γ£ö browser Lose It uploads submit a real Blob instead of a React Native URI descriptor (0.6315ms)
Γ£ö browser Lose It object URLs are hydrated before upload (3.0979ms)
Γ£ö native Lose It URIs remain FormData descriptors even when React Native exposes window (0.4804ms)
Γ£ö a per-request credential policy overrides the browser client default (0.1445ms)
Γ£ö browser push methods use the versioned cookie-session endpoints (0.3536ms)
Γ£ö upgrade-required responses notify the native shell without triggering auth logout (0.3739ms)
Γ£ö malformed upgrade bodies cannot inject unbounded compatibility UI content (0.2285ms)
Γ£ö watch snapshot uses the versioned restricted surface (22.5622ms)
Γ£ö watch snapshot contract exposes unit and revisions needed for offline actions (0.1428ms)
Γ£ö watch snapshot sends If-None-Match and returns 304 metadata without throwing (0.3504ms)
Γ£ö watch mutation always carries its client operation id (0.9322ms)
Γ£ö phone pairing issuance is authenticated and carries the selected self-hosted origin (22.3538ms)
Γ£ö Wear exchange is unauthenticated and sends the server-bound one-time credential (0.3826ms)
Γä╣ tests 69
Γä╣ suites 0
Γä╣ pass 69
Γä╣ fail 0
Γä╣ cancelled 0
Γä╣ skipped 0
Γä╣ todo 0
Γä╣ duration_ms 511.0446
