Γ£ö account export returns canonical versioned tracking data without credentials (1056.4029ms)
Γ£ö account export returns null for a missing account (8.4189ms)
Γ£ö account deletion removes only the selected account root (4.9761ms)
Γ£ö portable export preserves captured and unavailable day plans through JSON serialization (12.7413ms)
Γ£ö export v10 retains both manual pace and nullable legacy revision provenance (3.7959ms)
Γ£ö calibration status materializes a deterministic model-scoped recommendation (601.2338ms)
Γ£ö calibration status maps paused food days into a post-break evidence restart (9.3406ms)
Γ£ö calibration status acknowledges a pause started on the current incomplete day (8.2389ms)
Γ£ö scheduled revisions suppress new materialization and report the resulting budget (10.0196ms)
Γ£ö v1 trend rollback suppresses v2 calibration recommendations without changing accepted revisions (6.7084ms)
Γ£ö applying a recommendation revalidates, schedules one revision, and replays safely (11.5786ms)
Γ£ö recommendation apply retries the complete serializable mutation after a P2034 conflict (9.7724ms)
Γ£ö recommendation apply stops after three persistent P2034 conflicts (13.3524ms)
Γ£ö canceling a future revision restores the recommendation for review (12.1515ms)
Γ£ö a scheduled revision cannot be canceled after its effective local date (10.2986ms)
Γ£ö an APPLIED recommendation from an old goal cannot replay onto the current plan (9.5267ms)
Γ£ö recommendation apply rejects a profile or weight race that changes the exact target inside the transaction (9.8008ms)
Γ£ö calibration status returns Plan check assessments for maintenance and gain without actions (15.8989ms)
Γ£ö manual pace changes exclude the mixed adjustment day and invalidate earlier calibration evidence (6.7144ms)
Γ£ö stored planning marks a current-safe but scheduled-unsafe revision and fails all reads closed (13.4286ms)
Γ£ö a resolved stored prerequisite marker becomes historical review instead of looping to the old repair action (0.6177ms)
Γ£ö adjustment preserves identity, baseline, target intent and 33% progress; replay and unchanged save are harmless (1531.9219ms)
Γ£ö local year boundary and same-day ordering preserve earlier pace; scheduled calibration inherits new pace (13.9317ms)
Γ£ö stale editor, changed profile, another goal and reused operation never overwrite a newer plan (12.1251ms)
Γ£ö missing weight, unsafe/review plan, unsupported values and direction changes have no partial domain writes (55.5175ms)
Γ£ö gain adjustment preserves negative direction; intentional new goal still creates a fresh identity (11.4463ms)
Γ£ö effective and scheduled corrections are retained; unsafe future combination is disabled (11.0453ms)
Γ£ö existing completion provenance survives manual pace and recompletion; a new day captures the new plan (244.2049ms)
Γ£ö new-goal serialization conflict is recoverable and retry keeps its operation ID (166.5697ms)
Γ£ö missing and non-object pace request bodies return structured 400 before mutation (11.3239ms)
Γ£ö raw SQL serialization and deadlock conflicts return recoverable plan conflicts without a revision (38.8671ms)
Γ£ö goals route: rejects unauthenticated requests via router.use middleware (1509.8751ms)
Γ£ö goals route: GET / returns null when the user has no goal (24.528ms)
Γ£ö goals route: GET / maps stored gram weights into the user unit (11.2524ms)
Γ£ö goals route: GET / preserves an unsafe historical daily deficit and marks it for review (10.6686ms)
Γ£ö goals route: POST / validates daily_deficit and weight inputs before writing (8.9446ms)
Γ£ö goals route: POST / rejects incoherent start/target weights for loss goals (8.6373ms)
Γ£ö goals route: POST / creates a goal and returns weights in user units (9.4785ms)
Γ£ö user route: rejects unauthenticated requests via router.use middleware (2263.7105ms)
Γ£ö user route: GET /me returns 404 when the user row is missing (22.1491ms)
Γ£ö user route: GET /me returns serialized user data (19.1518ms)
Γ£ö user route: PUT /profile-image validates data_url input (17.6333ms)
Γ£ö user route: PUT /profile-image rejects invalid profile image payloads (18.5783ms)
Γ£ö user route: PUT /profile-image stores bytes and returns a data URL (23.2763ms)
Γ£ö user route: PATCH /password validates request shape and rejects identical passwords (18.5351ms)
Γ£ö user route: PATCH /password updates password when current password matches (18.0391ms)
Γ£ö user route: GET /account/export returns a no-store attachment (14.341ms)
Γ£ö user route: DELETE /account requires and verifies the current password (16.0251ms)
Γ£ö user route: DELETE /account deletes data, destroys the request session, and clears the cookie (14.2761ms)
Γ£ö user route: PATCH /preferences validates reminder preference booleans (16.8942ms)
Γ£ö user route: PATCH /preferences updates reminder preference fields (28.1653ms)
Γ£ö user route: PATCH /preferences validates haptics_enabled boolean (18.1067ms)
Γ£ö user route: PATCH /preferences updates haptics_enabled field (17.7738ms)
Γ£ö user route: GET /profile reads the latest goal with deterministic ordering (22.3453ms)
Γ£ö user route: PATCH /profile fails invalid legacy timezones closed and marks the current goal in the same transaction (17.5486ms)
Γ£ö user route: a profile serialization conflict returns a retryable conflict (17.0443ms)
Γä╣ tests 56
Γä╣ suites 0
Γä╣ pass 56
Γä╣ fail 0
Γä╣ cancelled 0
Γä╣ skipped 0
Γä╣ todo 0
Γä╣ duration_ms 11969.1607
