npm notice run @calibrate/api-client@0.0.0 pretest
npm notice run npm --prefix ../../shared run build
npm warn Unknown env config "global-ignore-file". This will stop working in the next major version of npm. See `npm help npmrc` for supported config options.

> @calibrate/shared@0.0.0 build
> tsc -p tsconfig.build.json

npm notice run @calibrate/api-client@0.0.0 test
npm notice run node --experimental-strip-types --test test/*.test.ts
Γ£ö registration sends explicit legal versions and acceptance (53.7857ms)
Γ£ö email verification endpoints remain usable before full account access (1.2023ms)
Γ£ö password recovery uses generic public endpoints and the new_password wire field (2.084ms)
Γ£ö legal status and acceptance use authenticated v1 routes (0.6986ms)
Γ£ö exportAccount requests the versioned authenticated endpoint (30.7073ms)
Γ£ö deleteAccount sends the current password and accepts an empty 204 response (0.5341ms)
Γ£ö unified account-session methods use the locked list and revocation wire (46.3802ms)
Γ£ö activity day query uses versioned date parameters (29.7172ms)
Γ£ö Health Connect sync carries its operation id and atomic checkpoint payload (1.848ms)
Γ£ö uses the versioned calibration status, apply, and cancel routes (30.9961ms)
Γ£ö root-render failure remains anonymous and normal diagnostics do not request keepalive (32.2486ms)
Γ£ö native feature diagnostics attach bearer identity and use the normal 401 refresh path (1.2468ms)
Γ£ö web-vital diagnostics use authenticated unload-safe transport (2.3404ms)
Γ£ö createFoodLog sends the caller operation ID (30.1817ms)
Γ£ö addMetric sends the caller operation ID for metric upserts (0.7531ms)
Γ£ö updateFoodDay sends the caller operation ID for completion changes (1.8435ms)
Γ£ö day status and pause lifecycle methods preserve caller operation IDs and local dates (1.2184ms)
Γ£ö createGoal sends the caller operation ID (0.4316ms)
Γ£ö updatePreferences sends the caller operation ID (0.3876ms)
Γ£ö updateFoodLog sends the caller operation ID (0.4535ms)
Γ£ö deleteFoodLog sends the caller operation ID (0.6046ms)
Γ£ö deleteMetric sends the caller operation ID (0.4417ms)
Γ£ö operation ID header is omitted when callers do not provide one (0.4864ms)
Γ£ö copyFoodLogs sends the atomic copy payload and returns the committed receipt (30.7691ms)
Γ£ö normalizes legacy completion without inventing comparison data and preserves additive range values (31.0073ms)
Γ£ö pace preview bypasses cache and adjustment retries retain operation and expected version (31.9271ms)
Γ£ö updateMyFood patches the owned resource with a typed snapshot definition (31.4205ms)
Γ£ö deleteMyFood deletes the resource and accepts an empty response (0.4565ms)
Γ£ö createRecipeFromFoodLogs posts the ordered food log snapshot request (0.8353ms)
Γ£ö external recipe ingredient types preserve serving snapshots for editing (0.2006ms)
Γ£ö getMyFoodsLibrary encodes filters and returns the paged envelope (29.485ms)
Γ£ö getMyFoodsLibrary omits absent query parameters (0.8573ms)
Γ£ö setMyFoodPinned sends an ownership-safe resource patch payload (30.8731ms)
Γ£ö notification methods preserve legacy reads and send additive paging/read-all requests (29.1903ms)
Γ£ö label scans send authenticated multipart data to the versioned API and leave null fields intact (29.5095ms)
Γ£ö atomic completion sends one complete payload and a stable operation ID (29.1866ms)
Γ£ö getRecentFoods includes selected meal context in the query string (25.633ms)
Γ£ö default browser transport preserves the global fetch receiver (22.9625ms)
Γ£ö client configuration forwards an explicit cache policy (0.4191ms)
Γ£ö request timeout reports a connection timeout rather than a caller abort (14.9669ms)
Γ£ö request timeout settles even when the fetch implementation ignores abort (14.7791ms)
Γ£ö caller abort remains an AbortError and is not rewritten as a timeout (0.7093ms)
Γ£ö a signal aborted before the request reaches fetch is still honored (0.2807ms)
Γ£ö non-JSON error body is retained without masking HTTP status: upstream unavailable (0.6822ms)
Γ£ö non-JSON error body is retained without masking HTTP status: <html><body>Bad gate (0.2851ms)
Γ£ö non-JSON error body is retained without masking HTTP status: {"message": (0.2115ms)
Γ£ö standard API errors expose typed metadata and prefer the response request ID (1.1113ms)
Γ£ö legacy message-only API errors remain compatible without invented metadata (0.2719ms)
Γ£ö malformed API error metadata is ignored instead of entering typed client state (0.2451ms)
Γ£ö API error metadata bounds field fanout and rejects display-hostile tokens (1.1201ms)
Γ£ö one successful refresh retries the original request with the replacement token (0.7063ms)
Γ£ö a late 401 from the previous access token reuses the completed refresh (0.4644ms)
Γ£ö a retried 401 does not start another refresh loop (0.2772ms)
Γ£ö native identity is attached to public and authenticated requests and cannot be overridden (0.2977ms)
Γ£ö legacy food-day responses remain open and editable (0.2267ms)
Γ£ö browser cookie transport uses session endpoints without native or bearer credentials (0.4052ms)
Γ£ö browser Lose It uploads submit a real Blob instead of a React Native URI descriptor (0.6432ms)
Γ£ö browser Lose It object URLs are hydrated before upload (2.4868ms)
Γ£ö native Lose It URIs remain FormData descriptors even when React Native exposes window (0.4536ms)
Γ£ö a per-request credential policy overrides the browser client default (0.1423ms)
Γ£ö browser push methods use the versioned cookie-session endpoints (0.3521ms)
Γ£ö upgrade-required responses notify the native shell without triggering auth logout (0.3773ms)
Γ£ö malformed upgrade bodies cannot inject unbounded compatibility UI content (0.2295ms)
Γ£ö watch snapshot uses the versioned restricted surface (22.1307ms)
Γ£ö watch snapshot contract exposes unit and revisions needed for offline actions (0.1509ms)
Γ£ö watch snapshot sends If-None-Match and returns 304 metadata without throwing (0.3805ms)
Γ£ö watch mutation always carries its client operation id (1.0855ms)
Γ£ö phone pairing issuance is authenticated and carries the selected self-hosted origin (21.6036ms)
Γ£ö Wear exchange is unauthenticated and sends the server-bound one-time credential (0.4068ms)
Γä╣ tests 69
Γä╣ suites 0
Γä╣ pass 69
Γä╣ fail 0
Γä╣ cancelled 0
Γä╣ skipped 0
Γä╣ todo 0
Γä╣ duration_ms 453.8874
