Refreshing checks status every 30 seconds. Press Ctrl+C to quit.

Backend Build	skipping	0	https://github.com/MChartier/calibrate-health/actions/runs/37890144300/job/113689114775	
Backend Tests	skipping	0	https://github.com/MChartier/calibrate-health/actions/runs/37890144398/job/113689021655	
Full Exported Web and PWA End-to-End	skipping	0	https://github.com/MChartier/calibrate-health/actions/runs/37890144300/job/113689114732	
Native Two-Emulator Package Upgrade	skipping	0	https://github.com/MChartier/calibrate-health/actions/runs/37890144300/job/113689115004	
Populated Postgres Upgrade	skipping	0	https://github.com/MChartier/calibrate-health/actions/runs/37890144243/job/113689015529	
Six-State Data-Backed Route Acceptance	skipping	0	https://github.com/MChartier/calibrate-health/actions/runs/37890144300/job/113689114695	
Classify Build Inputs	pass	6s	https://github.com/MChartier/calibrate-health/actions/runs/37890144300/job/113689081730	
UX Accessibility and Visual Regression	skipping	0	https://github.com/MChartier/calibrate-health/actions/runs/37890144300/job/113689114603	
Wear Build and JVM Tests	skipping	0	https://github.com/MChartier/calibrate-health/actions/runs/37890144300/job/113689114819	
Backend, Shared, API Client, and Mobile Typecheck	pass	39s	https://github.com/MChartier/calibrate-health/actions/runs/37890144329/job/113688989186	
Mobile Build	pending	0	https://github.com/MChartier/calibrate-health/actions/runs/37890144300/job/113689113353	
Web Critical Smoke	pending	0	https://github.com/MChartier/calibrate-health/actions/runs/37890144300/job/113689113424	
iOS Build	pending	0	https://github.com/MChartier/calibrate-health/actions/runs/37890144300/job/113689113404	
Wear Release Emulator Smoke	skipping	0	https://github.com/MChartier/calibrate-health/actions/runs/37890144300/job/113689114203	
Expo Web Build	pending	0	https://github.com/MChartier/calibrate-health/actions/runs/37890144300/job/113689113316	
High and Critical Vulnerabilities	pending	0	https://github.com/MChartier/calibrate-health/actions/runs/37890144437/job/113689018658	
v0.14.0 Upgrade and Encrypted Rollback	skipping	0	https://github.com/MChartier/calibrate-health/actions/runs/37890144243/job/113689015459	
Classify Database Inputs	pass	4s	https://github.com/MChartier/calibrate-health/actions/runs/37890144243/job/113688988895	
Classify Production Image Inputs	pass	4s	https://github.com/MChartier/calibrate-health/actions/runs/37890144437/job/113688989493	
Classify Test Inputs	pass	5s	https://github.com/MChartier/calibrate-health/actions/runs/37890144398/job/113688989261	
Mobile Tests	pass	1m4s	https://github.com/MChartier/calibrate-health/actions/runs/37890144398/job/113689020281	
Release Configuration	pass	15s	https://github.com/MChartier/calibrate-health/actions/runs/37890144300/job/113689113444	
android Runtime Bundle	pass	1m0s	https://github.com/MChartier/calibrate-health/actions/runs/37890144300/job/113689113397	
ios Runtime Bundle	pass	55s	https://github.com/MChartier/calibrate-health/actions/runs/37890144300/job/113689113376	
Refreshing checks status every 30 seconds. Press Ctrl+C to quit.

Backend Build	skipping	0	https://github.com/MChartier/calibrate-health/actions/runs/37890144300/job/113689114775	
Backend Tests	skipping	0	https://github.com/MChartier/calibrate-health/actions/runs/37890144398/job/113689021655	
Full Exported Web and PWA End-to-End	skipping	0	https://github.com/MChartier/calibrate-health/actions/runs/37890144300/job/113689114732	
Native Two-Emulator Package Upgrade	skipping	0	https://github.com/MChartier/calibrate-health/actions/runs/37890144300/job/113689115004	
Populated Postgres Upgrade	skipping	0	https://github.com/MChartier/calibrate-health/actions/runs/37890144243/job/113689015529	
Six-State Data-Backed Route Acceptance	skipping	0	https://github.com/MChartier/calibrate-health/actions/runs/37890144300/job/113689114695	
Classify Build Inputs	pass	6s	https://github.com/MChartier/calibrate-health/actions/runs/37890144300/job/113689081730	
UX Accessibility and Visual Regression	skipping	0	https://github.com/MChartier/calibrate-health/actions/runs/37890144300/job/113689114603	
Wear Build and JVM Tests	skipping	0	https://github.com/MChartier/calibrate-health/actions/runs/37890144300/job/113689114819	
Backend, Shared, API Client, and Mobile Typecheck	pass	39s	https://github.com/MChartier/calibrate-health/actions/runs/37890144329/job/113688989186	
Mobile Build	pending	0	https://github.com/MChartier/calibrate-health/actions/runs/37890144300/job/113689113353	
Web Critical Smoke	pending	0	https://github.com/MChartier/calibrate-health/actions/runs/37890144300/job/113689113424	
iOS Build	pending	0	https://github.com/MChartier/calibrate-health/actions/runs/37890144300/job/113689113404	
Wear Release Emulator Smoke	skipping	0	https://github.com/MChartier/calibrate-health/actions/runs/37890144300/job/113689114203	
Expo Web Build	pending	0	https://github.com/MChartier/calibrate-health/actions/runs/37890144300/job/113689113316	
High and Critical Vulnerabilities	pending	0	https://github.com/MChartier/calibrate-health/actions/runs/37890144437/job/113689018658	
v0.14.0 Upgrade and Encrypted Rollback	skipping	0	https://github.com/MChartier/calibrate-health/actions/runs/37890144243/job/113689015459	
Classify Database Inputs	pass	4s	https://github.com/MChartier/calibrate-health/actions/runs/37890144243/job/113688988895	
Classify Production Image Inputs	pass	4s	https://github.com/MChartier/calibrate-health/actions/runs/37890144437/job/113688989493	
Classify Test Inputs	pass	5s	https://github.com/MChartier/calibrate-health/actions/runs/37890144398/job/113688989261	
Mobile Tests	pass	1m4s	https://github.com/MChartier/calibrate-health/actions/runs/37890144398/job/113689020281	
Release Configuration	pass	15s	https://github.com/MChartier/calibrate-health/actions/runs/37890144300/job/113689113444	
android Runtime Bundle	pass	1m0s	https://github.com/MChartier/calibrate-health/actions/runs/37890144300/job/113689113397	
ios Runtime Bundle	pass	55s	https://github.com/MChartier/calibrate-health/actions/runs/37890144300/job/113689113376	
Refreshing checks status every 30 seconds. Press Ctrl+C to quit.

Backend Build	skipping	0	https://github.com/MChartier/calibrate-health/actions/runs/37890144300/job/113689114775	
Backend Tests	skipping	0	https://github.com/MChartier/calibrate-health/actions/runs/37890144398/job/113689021655	
Full Exported Web and PWA End-to-End	skipping	0	https://github.com/MChartier/calibrate-health/actions/runs/37890144300/job/113689114732	
Native Two-Emulator Package Upgrade	skipping	0	https://github.com/MChartier/calibrate-health/actions/runs/37890144300/job/113689115004	
Populated Postgres Upgrade	skipping	0	https://github.com/MChartier/calibrate-health/actions/runs/37890144243/job/113689015529	
Six-State Data-Backed Route Acceptance	skipping	0	https://github.com/MChartier/calibrate-health/actions/runs/37890144300/job/113689114695	
UX Accessibility and Visual Regression	skipping	0	https://github.com/MChartier/calibrate-health/actions/runs/37890144300/job/113689114603	
Mobile Tests	pass	1m4s	https://github.com/MChartier/calibrate-health/actions/runs/37890144398/job/113689020281	
Classify Test Inputs	pass	5s	https://github.com/MChartier/calibrate-health/actions/runs/37890144398/job/113688989261	
Wear Release Emulator Smoke	skipping	0	https://github.com/MChartier/calibrate-health/actions/runs/37890144300/job/113689114203	
Wear Build and JVM Tests	skipping	0	https://github.com/MChartier/calibrate-health/actions/runs/37890144300/job/113689114819	
Classify Build Inputs	pass	6s	https://github.com/MChartier/calibrate-health/actions/runs/37890144300/job/113689081730	
Classify Database Inputs	pass	4s	https://github.com/MChartier/calibrate-health/actions/runs/37890144243/job/113688988895	
iOS Build	pending	0	https://github.com/MChartier/calibrate-health/actions/runs/37890144300/job/113689113404	
Backend, Shared, API Client, and Mobile Typecheck	pass	39s	https://github.com/MChartier/calibrate-health/actions/runs/37890144329/job/113688989186	
Web Critical Smoke	pending	0	https://github.com/MChartier/calibrate-health/actions/runs/37890144300/job/113689113424	
High and Critical Vulnerabilities	pass	2m34s	https://github.com/MChartier/calibrate-health/actions/runs/37890144437/job/113689018658	
Expo Web Build	pass	2m11s	https://github.com/MChartier/calibrate-health/actions/runs/37890144300/job/113689113316	
v0.14.0 Upgrade and Encrypted Rollback	skipping	0	https://github.com/MChartier/calibrate-health/actions/runs/37890144243/job/113689015459	
Mobile Build	pending	0	https://github.com/MChartier/calibrate-health/actions/runs/37890144300/job/113689113353	
Classify Production Image Inputs	pass	4s	https://github.com/MChartier/calibrate-health/actions/runs/37890144437/job/113688989493	
Release Configuration	pass	15s	https://github.com/MChartier/calibrate-health/actions/runs/37890144300/job/113689113444	
android Runtime Bundle	pass	1m0s	https://github.com/MChartier/calibrate-health/actions/runs/37890144300/job/113689113397	
ios Runtime Bundle	pass	55s	https://github.com/MChartier/calibrate-health/actions/runs/37890144300/job/113689113376	
Refreshing checks status every 30 seconds. Press Ctrl+C to quit.

Backend Build	skipping	0	https://github.com/MChartier/calibrate-health/actions/runs/37890144300/job/113689114775	
Backend Tests	skipping	0	https://github.com/MChartier/calibrate-health/actions/runs/37890144398/job/113689021655	
Full Exported Web and PWA End-to-End	skipping	0	https://github.com/MChartier/calibrate-health/actions/runs/37890144300/job/113689114732	
Native Two-Emulator Package Upgrade	skipping	0	https://github.com/MChartier/calibrate-health/actions/runs/37890144300/job/113689115004	
Populated Postgres Upgrade	skipping	0	https://github.com/MChartier/calibrate-health/actions/runs/37890144243/job/113689015529	
Six-State Data-Backed Route Acceptance	skipping	0	https://github.com/MChartier/calibrate-health/actions/runs/37890144300/job/113689114695	
UX Accessibility and Visual Regression	skipping	0	https://github.com/MChartier/calibrate-health/actions/runs/37890144300/job/113689114603	
Mobile Tests	pass	1m4s	https://github.com/MChartier/calibrate-health/actions/runs/37890144398/job/113689020281	
Classify Test Inputs	pass	5s	https://github.com/MChartier/calibrate-health/actions/runs/37890144398/job/113688989261	
Wear Release Emulator Smoke	skipping	0	https://github.com/MChartier/calibrate-health/actions/runs/37890144300/job/113689114203	
Wear Build and JVM Tests	skipping	0	https://github.com/MChartier/calibrate-health/actions/runs/37890144300/job/113689114819	
Classify Build Inputs	pass	6s	https://github.com/MChartier/calibrate-health/actions/runs/37890144300/job/113689081730	
Classify Database Inputs	pass	4s	https://github.com/MChartier/calibrate-health/actions/runs/37890144243/job/113688988895	
iOS Build	pending	0	https://github.com/MChartier/calibrate-health/actions/runs/37890144300/job/113689113404	
Backend, Shared, API Client, and Mobile Typecheck	pass	39s	https://github.com/MChartier/calibrate-health/actions/runs/37890144329/job/113688989186	
Web Critical Smoke	pending	0	https://github.com/MChartier/calibrate-health/actions/runs/37890144300/job/113689113424	
High and Critical Vulnerabilities	pass	2m34s	https://github.com/MChartier/calibrate-health/actions/runs/37890144437/job/113689018658	
Expo Web Build	pass	2m11s	https://github.com/MChartier/calibrate-health/actions/runs/37890144300/job/113689113316	
v0.14.0 Upgrade and Encrypted Rollback	skipping	0	https://github.com/MChartier/calibrate-health/actions/runs/37890144243/job/113689015459	
Mobile Build	pending	0	https://github.com/MChartier/calibrate-health/actions/runs/37890144300/job/113689113353	
Classify Production Image Inputs	pass	4s	https://github.com/MChartier/calibrate-health/actions/runs/37890144437/job/113688989493	
Release Configuration	pass	15s	https://github.com/MChartier/calibrate-health/actions/runs/37890144300/job/113689113444	
android Runtime Bundle	pass	1m0s	https://github.com/MChartier/calibrate-health/actions/runs/37890144300/job/113689113397	
ios Runtime Bundle	pass	55s	https://github.com/MChartier/calibrate-health/actions/runs/37890144300/job/113689113376	
Refreshing checks status every 30 seconds. Press Ctrl+C to quit.

Backend Build	skipping	0	https://github.com/MChartier/calibrate-health/actions/runs/37890144300/job/113689114775	
Backend Tests	skipping	0	https://github.com/MChartier/calibrate-health/actions/runs/37890144398/job/113689021655	
Full Exported Web and PWA End-to-End	skipping	0	https://github.com/MChartier/calibrate-health/actions/runs/37890144300/job/113689114732	
Native Two-Emulator Package Upgrade	skipping	0	https://github.com/MChartier/calibrate-health/actions/runs/37890144300/job/113689115004	
Populated Postgres Upgrade	skipping	0	https://github.com/MChartier/calibrate-health/actions/runs/37890144243/job/113689015529	
Six-State Data-Backed Route Acceptance	skipping	0	https://github.com/MChartier/calibrate-health/actions/runs/37890144300/job/113689114695	
UX Accessibility and Visual Regression	skipping	0	https://github.com/MChartier/calibrate-health/actions/runs/37890144300/job/113689114603	
Mobile Tests	pass	1m4s	https://github.com/MChartier/calibrate-health/actions/runs/37890144398/job/113689020281	
Classify Test Inputs	pass	5s	https://github.com/MChartier/calibrate-health/actions/runs/37890144398/job/113688989261	
Wear Release Emulator Smoke	skipping	0	https://github.com/MChartier/calibrate-health/actions/runs/37890144300/job/113689114203	
Wear Build and JVM Tests	skipping	0	https://github.com/MChartier/calibrate-health/actions/runs/37890144300/job/113689114819	
Classify Build Inputs	pass	6s	https://github.com/MChartier/calibrate-health/actions/runs/37890144300/job/113689081730	
Classify Database Inputs	pass	4s	https://github.com/MChartier/calibrate-health/actions/runs/37890144243/job/113688988895	
iOS Build	pending	0	https://github.com/MChartier/calibrate-health/actions/runs/37890144300/job/113689113404	
Backend, Shared, API Client, and Mobile Typecheck	pass	39s	https://github.com/MChartier/calibrate-health/actions/runs/37890144329/job/113688989186	
Classify Production Image Inputs	pass	4s	https://github.com/MChartier/calibrate-health/actions/runs/37890144437/job/113688989493	
High and Critical Vulnerabilities	pass	2m34s	https://github.com/MChartier/calibrate-health/actions/runs/37890144437/job/113689018658	
Expo Web Build	pass	2m11s	https://github.com/MChartier/calibrate-health/actions/runs/37890144300/job/113689113316	
v0.14.0 Upgrade and Encrypted Rollback	skipping	0	https://github.com/MChartier/calibrate-health/actions/runs/37890144243/job/113689015459	
Mobile Build	pending	0	https://github.com/MChartier/calibrate-health/actions/runs/37890144300/job/113689113353	
Release Configuration	pass	15s	https://github.com/MChartier/calibrate-health/actions/runs/37890144300/job/113689113444	
Web Critical Smoke	pass	3m7s	https://github.com/MChartier/calibrate-health/actions/runs/37890144300/job/113689113424	
android Runtime Bundle	pass	1m0s	https://github.com/MChartier/calibrate-health/actions/runs/37890144300/job/113689113397	
ios Runtime Bundle	pass	55s	https://github.com/MChartier/calibrate-health/actions/runs/37890144300/job/113689113376	
Refreshing checks status every 30 seconds. Press Ctrl+C to quit.

Backend Build	skipping	0	https://github.com/MChartier/calibrate-health/actions/runs/37890144300/job/113689114775	
Backend Tests	skipping	0	https://github.com/MChartier/calibrate-health/actions/runs/37890144398/job/113689021655	
Full Exported Web and PWA End-to-End	skipping	0	https://github.com/MChartier/calibrate-health/actions/runs/37890144300/job/113689114732	
Native Two-Emulator Package Upgrade	skipping	0	https://github.com/MChartier/calibrate-health/actions/runs/37890144300/job/113689115004	
Populated Postgres Upgrade	skipping	0	https://github.com/MChartier/calibrate-health/actions/runs/37890144243/job/113689015529	
Six-State Data-Backed Route Acceptance	skipping	0	https://github.com/MChartier/calibrate-health/actions/runs/37890144300/job/113689114695	
UX Accessibility and Visual Regression	skipping	0	https://github.com/MChartier/calibrate-health/actions/runs/37890144300/job/113689114603	
Mobile Tests	pass	1m4s	https://github.com/MChartier/calibrate-health/actions/runs/37890144398/job/113689020281	
Classify Test Inputs	pass	5s	https://github.com/MChartier/calibrate-health/actions/runs/37890144398/job/113688989261	
Wear Release Emulator Smoke	skipping	0	https://github.com/MChartier/calibrate-health/actions/runs/37890144300/job/113689114203	
Wear Build and JVM Tests	skipping	0	https://github.com/MChartier/calibrate-health/actions/runs/37890144300/job/113689114819	
Classify Build Inputs	pass	6s	https://github.com/MChartier/calibrate-health/actions/runs/37890144300/job/113689081730	
Classify Database Inputs	pass	4s	https://github.com/MChartier/calibrate-health/actions/runs/37890144243/job/113688988895	
iOS Build	pending	0	https://github.com/MChartier/calibrate-health/actions/runs/37890144300/job/113689113404	
Backend, Shared, API Client, and Mobile Typecheck	pass	39s	https://github.com/MChartier/calibrate-health/actions/runs/37890144329/job/113688989186	
Classify Production Image Inputs	pass	4s	https://github.com/MChartier/calibrate-health/actions/runs/37890144437/job/113688989493	
High and Critical Vulnerabilities	pass	2m34s	https://github.com/MChartier/calibrate-health/actions/runs/37890144437/job/113689018658	
Expo Web Build	pass	2m11s	https://github.com/MChartier/calibrate-health/actions/runs/37890144300/job/113689113316	
v0.14.0 Upgrade and Encrypted Rollback	skipping	0	https://github.com/MChartier/calibrate-health/actions/runs/37890144243/job/113689015459	
Mobile Build	pending	0	https://github.com/MChartier/calibrate-health/actions/runs/37890144300/job/113689113353	
Release Configuration	pass	15s	https://github.com/MChartier/calibrate-health/actions/runs/37890144300/job/113689113444	
Web Critical Smoke	pass	3m7s	https://github.com/MChartier/calibrate-health/actions/runs/37890144300/job/113689113424	
android Runtime Bundle	pass	1m0s	https://github.com/MChartier/calibrate-health/actions/runs/37890144300/job/113689113397	
ios Runtime Bundle	pass	55s	https://github.com/MChartier/calibrate-health/actions/runs/37890144300/job/113689113376	
Refreshing checks status every 30 seconds. Press Ctrl+C to quit.

Backend Build	skipping	0	https://github.com/MChartier/calibrate-health/actions/runs/37890144300/job/113689114775	
Backend Tests	skipping	0	https://github.com/MChartier/calibrate-health/actions/runs/37890144398/job/113689021655	
Full Exported Web and PWA End-to-End	skipping	0	https://github.com/MChartier/calibrate-health/actions/runs/37890144300/job/113689114732	
Native Two-Emulator Package Upgrade	skipping	0	https://github.com/MChartier/calibrate-health/actions/runs/37890144300/job/113689115004	
Populated Postgres Upgrade	skipping	0	https://github.com/MChartier/calibrate-health/actions/runs/37890144243/job/113689015529	
Six-State Data-Backed Route Acceptance	skipping	0	https://github.com/MChartier/calibrate-health/actions/runs/37890144300/job/113689114695	
UX Accessibility and Visual Regression	skipping	0	https://github.com/MChartier/calibrate-health/actions/runs/37890144300/job/113689114603	
Mobile Tests	pass	1m4s	https://github.com/MChartier/calibrate-health/actions/runs/37890144398/job/113689020281	
Classify Test Inputs	pass	5s	https://github.com/MChartier/calibrate-health/actions/runs/37890144398/job/113688989261	
Wear Release Emulator Smoke	skipping	0	https://github.com/MChartier/calibrate-health/actions/runs/37890144300/job/113689114203	
Wear Build and JVM Tests	skipping	0	https://github.com/MChartier/calibrate-health/actions/runs/37890144300/job/113689114819	
Classify Build Inputs	pass	6s	https://github.com/MChartier/calibrate-health/actions/runs/37890144300/job/113689081730	
Classify Database Inputs	pass	4s	https://github.com/MChartier/calibrate-health/actions/runs/37890144243/job/113688988895	
iOS Build	pending	0	https://github.com/MChartier/calibrate-health/actions/runs/37890144300/job/113689113404	
Backend, Shared, API Client, and Mobile Typecheck	pass	39s	https://github.com/MChartier/calibrate-health/actions/runs/37890144329/job/113688989186	
Classify Production Image Inputs	pass	4s	https://github.com/MChartier/calibrate-health/actions/runs/37890144437/job/113688989493	
High and Critical Vulnerabilities	pass	2m34s	https://github.com/MChartier/calibrate-health/actions/runs/37890144437/job/113689018658	
Expo Web Build	pass	2m11s	https://github.com/MChartier/calibrate-health/actions/runs/37890144300/job/113689113316	
v0.14.0 Upgrade and Encrypted Rollback	skipping	0	https://github.com/MChartier/calibrate-health/actions/runs/37890144243/job/113689015459	
Mobile Build	pending	0	https://github.com/MChartier/calibrate-health/actions/runs/37890144300/job/113689113353	
Release Configuration	pass	15s	https://github.com/MChartier/calibrate-health/actions/runs/37890144300/job/113689113444	
Web Critical Smoke	pass	3m7s	https://github.com/MChartier/calibrate-health/actions/runs/37890144300/job/113689113424	
android Runtime Bundle	pass	1m0s	https://github.com/MChartier/calibrate-health/actions/runs/37890144300/job/113689113397	
ios Runtime Bundle	pass	55s	https://github.com/MChartier/calibrate-health/actions/runs/37890144300/job/113689113376	
Refreshing checks status every 30 seconds. Press Ctrl+C to quit.

Backend Build	skipping	0	https://github.com/MChartier/calibrate-health/actions/runs/37890144300/job/113689114775	
Backend Tests	skipping	0	https://github.com/MChartier/calibrate-health/actions/runs/37890144398/job/113689021655	
Full Exported Web and PWA End-to-End	skipping	0	https://github.com/MChartier/calibrate-health/actions/runs/37890144300/job/113689114732	
Native Two-Emulator Package Upgrade	skipping	0	https://github.com/MChartier/calibrate-health/actions/runs/37890144300/job/113689115004	
Populated Postgres Upgrade	skipping	0	https://github.com/MChartier/calibrate-health/actions/runs/37890144243/job/113689015529	
Six-State Data-Backed Route Acceptance	skipping	0	https://github.com/MChartier/calibrate-health/actions/runs/37890144300/job/113689114695	
UX Accessibility and Visual Regression	skipping	0	https://github.com/MChartier/calibrate-health/actions/runs/37890144300/job/113689114603	
Mobile Tests	pass	1m4s	https://github.com/MChartier/calibrate-health/actions/runs/37890144398/job/113689020281	
Classify Test Inputs	pass	5s	https://github.com/MChartier/calibrate-health/actions/runs/37890144398/job/113688989261	
Wear Release Emulator Smoke	skipping	0	https://github.com/MChartier/calibrate-health/actions/runs/37890144300/job/113689114203	
Wear Build and JVM Tests	skipping	0	https://github.com/MChartier/calibrate-health/actions/runs/37890144300/job/113689114819	
Classify Build Inputs	pass	6s	https://github.com/MChartier/calibrate-health/actions/runs/37890144300/job/113689081730	
Classify Database Inputs	pass	4s	https://github.com/MChartier/calibrate-health/actions/runs/37890144243/job/113688988895	
iOS Build	pending	0	https://github.com/MChartier/calibrate-health/actions/runs/37890144300/job/113689113404	
Backend, Shared, API Client, and Mobile Typecheck	pass	39s	https://github.com/MChartier/calibrate-health/actions/runs/37890144329/job/113688989186	
Classify Production Image Inputs	pass	4s	https://github.com/MChartier/calibrate-health/actions/runs/37890144437/job/113688989493	
High and Critical Vulnerabilities	pass	2m34s	https://github.com/MChartier/calibrate-health/actions/runs/37890144437/job/113689018658	
Expo Web Build	pass	2m11s	https://github.com/MChartier/calibrate-health/actions/runs/37890144300/job/113689113316	
v0.14.0 Upgrade and Encrypted Rollback	skipping	0	https://github.com/MChartier/calibrate-health/actions/runs/37890144243/job/113689015459	
Mobile Build	pending	0	https://github.com/MChartier/calibrate-health/actions/runs/37890144300/job/113689113353	
Release Configuration	pass	15s	https://github.com/MChartier/calibrate-health/actions/runs/37890144300/job/113689113444	
Web Critical Smoke	pass	3m7s	https://github.com/MChartier/calibrate-health/actions/runs/37890144300/job/113689113424	
android Runtime Bundle	pass	1m0s	https://github.com/MChartier/calibrate-health/actions/runs/37890144300/job/113689113397	
ios Runtime Bundle	pass	55s	https://github.com/MChartier/calibrate-health/actions/runs/37890144300/job/113689113376	
Refreshing checks status every 30 seconds. Press Ctrl+C to quit.

Backend Build	skipping	0	https://github.com/MChartier/calibrate-health/actions/runs/37890144300/job/113689114775	
Backend Tests	skipping	0	https://github.com/MChartier/calibrate-health/actions/runs/37890144398/job/113689021655	
Full Exported Web and PWA End-to-End	skipping	0	https://github.com/MChartier/calibrate-health/actions/runs/37890144300/job/113689114732	
Native Two-Emulator Package Upgrade	skipping	0	https://github.com/MChartier/calibrate-health/actions/runs/37890144300/job/113689115004	
Populated Postgres Upgrade	skipping	0	https://github.com/MChartier/calibrate-health/actions/runs/37890144243/job/113689015529	
Six-State Data-Backed Route Acceptance	skipping	0	https://github.com/MChartier/calibrate-health/actions/runs/37890144300/job/113689114695	
UX Accessibility and Visual Regression	skipping	0	https://github.com/MChartier/calibrate-health/actions/runs/37890144300/job/113689114603	
Mobile Tests	pass	1m4s	https://github.com/MChartier/calibrate-health/actions/runs/37890144398/job/113689020281	
Classify Test Inputs	pass	5s	https://github.com/MChartier/calibrate-health/actions/runs/37890144398/job/113688989261	
Wear Release Emulator Smoke	skipping	0	https://github.com/MChartier/calibrate-health/actions/runs/37890144300/job/113689114203	
Wear Build and JVM Tests	skipping	0	https://github.com/MChartier/calibrate-health/actions/runs/37890144300/job/113689114819	
Classify Build Inputs	pass	6s	https://github.com/MChartier/calibrate-health/actions/runs/37890144300/job/113689081730	
Classify Database Inputs	pass	4s	https://github.com/MChartier/calibrate-health/actions/runs/37890144243/job/113688988895	
iOS Build	pending	0	https://github.com/MChartier/calibrate-health/actions/runs/37890144300/job/113689113404	
Backend, Shared, API Client, and Mobile Typecheck	pass	39s	https://github.com/MChartier/calibrate-health/actions/runs/37890144329/job/113688989186	
Classify Production Image Inputs	pass	4s	https://github.com/MChartier/calibrate-health/actions/runs/37890144437/job/113688989493	
High and Critical Vulnerabilities	pass	2m34s	https://github.com/MChartier/calibrate-health/actions/runs/37890144437/job/113689018658	
Expo Web Build	pass	2m11s	https://github.com/MChartier/calibrate-health/actions/runs/37890144300/job/113689113316	
v0.14.0 Upgrade and Encrypted Rollback	skipping	0	https://github.com/MChartier/calibrate-health/actions/runs/37890144243/job/113689015459	
Mobile Build	pending	0	https://github.com/MChartier/calibrate-health/actions/runs/37890144300/job/113689113353	
Release Configuration	pass	15s	https://github.com/MChartier/calibrate-health/actions/runs/37890144300/job/113689113444	
Web Critical Smoke	pass	3m7s	https://github.com/MChartier/calibrate-health/actions/runs/37890144300/job/113689113424	
android Runtime Bundle	pass	1m0s	https://github.com/MChartier/calibrate-health/actions/runs/37890144300/job/113689113397	
ios Runtime Bundle	pass	55s	https://github.com/MChartier/calibrate-health/actions/runs/37890144300/job/113689113376	
Refreshing checks status every 30 seconds. Press Ctrl+C to quit.

Backend Build	skipping	0	https://github.com/MChartier/calibrate-health/actions/runs/37890144300/job/113689114775	
Backend Tests	skipping	0	https://github.com/MChartier/calibrate-health/actions/runs/37890144398/job/113689021655	
Full Exported Web and PWA End-to-End	skipping	0	https://github.com/MChartier/calibrate-health/actions/runs/37890144300/job/113689114732	
Native Two-Emulator Package Upgrade	skipping	0	https://github.com/MChartier/calibrate-health/actions/runs/37890144300/job/113689115004	
Populated Postgres Upgrade	skipping	0	https://github.com/MChartier/calibrate-health/actions/runs/37890144243/job/113689015529	
Six-State Data-Backed Route Acceptance	skipping	0	https://github.com/MChartier/calibrate-health/actions/runs/37890144300/job/113689114695	
UX Accessibility and Visual Regression	skipping	0	https://github.com/MChartier/calibrate-health/actions/runs/37890144300/job/113689114603	
Mobile Tests	pass	1m4s	https://github.com/MChartier/calibrate-health/actions/runs/37890144398/job/113689020281	
Classify Test Inputs	pass	5s	https://github.com/MChartier/calibrate-health/actions/runs/37890144398/job/113688989261	
Wear Release Emulator Smoke	skipping	0	https://github.com/MChartier/calibrate-health/actions/runs/37890144300/job/113689114203	
Wear Build and JVM Tests	skipping	0	https://github.com/MChartier/calibrate-health/actions/runs/37890144300/job/113689114819	
Classify Build Inputs	pass	6s	https://github.com/MChartier/calibrate-health/actions/runs/37890144300/job/113689081730	
Classify Database Inputs	pass	4s	https://github.com/MChartier/calibrate-health/actions/runs/37890144243/job/113688988895	
iOS Build	pending	0	https://github.com/MChartier/calibrate-health/actions/runs/37890144300/job/113689113404	
Backend, Shared, API Client, and Mobile Typecheck	pass	39s	https://github.com/MChartier/calibrate-health/actions/runs/37890144329/job/113688989186	
Classify Production Image Inputs	pass	4s	https://github.com/MChartier/calibrate-health/actions/runs/37890144437/job/113688989493	
High and Critical Vulnerabilities	pass	2m34s	https://github.com/MChartier/calibrate-health/actions/runs/37890144437/job/113689018658	
Expo Web Build	pass	2m11s	https://github.com/MChartier/calibrate-health/actions/runs/37890144300/job/113689113316	
v0.14.0 Upgrade and Encrypted Rollback	skipping	0	https://github.com/MChartier/calibrate-health/actions/runs/37890144243/job/113689015459	
Mobile Build	pending	0	https://github.com/MChartier/calibrate-health/actions/runs/37890144300/job/113689113353	
Release Configuration	pass	15s	https://github.com/MChartier/calibrate-health/actions/runs/37890144300/job/113689113444	
Web Critical Smoke	pass	3m7s	https://github.com/MChartier/calibrate-health/actions/runs/37890144300/job/113689113424	
android Runtime Bundle	pass	1m0s	https://github.com/MChartier/calibrate-health/actions/runs/37890144300/job/113689113397	
ios Runtime Bundle	pass	55s	https://github.com/MChartier/calibrate-health/actions/runs/37890144300/job/113689113376	
Refreshing checks status every 30 seconds. Press Ctrl+C to quit.

Backend Build	skipping	0	https://github.com/MChartier/calibrate-health/actions/runs/37890144300/job/113689114775	
Backend Tests	skipping	0	https://github.com/MChartier/calibrate-health/actions/runs/37890144398/job/113689021655	
Full Exported Web and PWA End-to-End	skipping	0	https://github.com/MChartier/calibrate-health/actions/runs/37890144300/job/113689114732	
Native Two-Emulator Package Upgrade	skipping	0	https://github.com/MChartier/calibrate-health/actions/runs/37890144300/job/113689115004	
Populated Postgres Upgrade	skipping	0	https://github.com/MChartier/calibrate-health/actions/runs/37890144243/job/113689015529	
Six-State Data-Backed Route Acceptance	skipping	0	https://github.com/MChartier/calibrate-health/actions/runs/37890144300/job/113689114695	
UX Accessibility and Visual Regression	skipping	0	https://github.com/MChartier/calibrate-health/actions/runs/37890144300/job/113689114603	
Mobile Tests	pass	1m4s	https://github.com/MChartier/calibrate-health/actions/runs/37890144398/job/113689020281	
Classify Test Inputs	pass	5s	https://github.com/MChartier/calibrate-health/actions/runs/37890144398/job/113688989261	
Wear Release Emulator Smoke	skipping	0	https://github.com/MChartier/calibrate-health/actions/runs/37890144300/job/113689114203	
Wear Build and JVM Tests	skipping	0	https://github.com/MChartier/calibrate-health/actions/runs/37890144300/job/113689114819	
Classify Build Inputs	pass	6s	https://github.com/MChartier/calibrate-health/actions/runs/37890144300/job/113689081730	
Classify Database Inputs	pass	4s	https://github.com/MChartier/calibrate-health/actions/runs/37890144243/job/113688988895	
iOS Build	pending	0	https://github.com/MChartier/calibrate-health/actions/runs/37890144300/job/113689113404	
Backend, Shared, API Client, and Mobile Typecheck	pass	39s	https://github.com/MChartier/calibrate-health/actions/runs/37890144329/job/113688989186	
Classify Production Image Inputs	pass	4s	https://github.com/MChartier/calibrate-health/actions/runs/37890144437/job/113688989493	
High and Critical Vulnerabilities	pass	2m34s	https://github.com/MChartier/calibrate-health/actions/runs/37890144437/job/113689018658	
Expo Web Build	pass	2m11s	https://github.com/MChartier/calibrate-health/actions/runs/37890144300/job/113689113316	
v0.14.0 Upgrade and Encrypted Rollback	skipping	0	https://github.com/MChartier/calibrate-health/actions/runs/37890144243/job/113689015459	
Mobile Build	pending	0	https://github.com/MChartier/calibrate-health/actions/runs/37890144300/job/113689113353	
Release Configuration	pass	15s	https://github.com/MChartier/calibrate-health/actions/runs/37890144300/job/113689113444	
Web Critical Smoke	pass	3m7s	https://github.com/MChartier/calibrate-health/actions/runs/37890144300/job/113689113424	
android Runtime Bundle	pass	1m0s	https://github.com/MChartier/calibrate-health/actions/runs/37890144300/job/113689113397	
ios Runtime Bundle	pass	55s	https://github.com/MChartier/calibrate-health/actions/runs/37890144300/job/113689113376	
Refreshing checks status every 30 seconds. Press Ctrl+C to quit.

Backend Build	skipping	0	https://github.com/MChartier/calibrate-health/actions/runs/37890144300/job/113689114775	
Backend Tests	skipping	0	https://github.com/MChartier/calibrate-health/actions/runs/37890144398/job/113689021655	
Full Exported Web and PWA End-to-End	skipping	0	https://github.com/MChartier/calibrate-health/actions/runs/37890144300/job/113689114732	
Native Two-Emulator Package Upgrade	skipping	0	https://github.com/MChartier/calibrate-health/actions/runs/37890144300/job/113689115004	
Populated Postgres Upgrade	skipping	0	https://github.com/MChartier/calibrate-health/actions/runs/37890144243/job/113689015529	
Six-State Data-Backed Route Acceptance	skipping	0	https://github.com/MChartier/calibrate-health/actions/runs/37890144300/job/113689114695	
UX Accessibility and Visual Regression	skipping	0	https://github.com/MChartier/calibrate-health/actions/runs/37890144300/job/113689114603	
Mobile Tests	pass	1m4s	https://github.com/MChartier/calibrate-health/actions/runs/37890144398/job/113689020281	
Classify Test Inputs	pass	5s	https://github.com/MChartier/calibrate-health/actions/runs/37890144398/job/113688989261	
Wear Release Emulator Smoke	skipping	0	https://github.com/MChartier/calibrate-health/actions/runs/37890144300/job/113689114203	
Wear Build and JVM Tests	skipping	0	https://github.com/MChartier/calibrate-health/actions/runs/37890144300/job/113689114819	
Classify Build Inputs	pass	6s	https://github.com/MChartier/calibrate-health/actions/runs/37890144300/job/113689081730	
Classify Database Inputs	pass	4s	https://github.com/MChartier/calibrate-health/actions/runs/37890144243/job/113688988895	
iOS Build	pending	0	https://github.com/MChartier/calibrate-health/actions/runs/37890144300/job/113689113404	
Backend, Shared, API Client, and Mobile Typecheck	pass	39s	https://github.com/MChartier/calibrate-health/actions/runs/37890144329/job/113688989186	
Classify Production Image Inputs	pass	4s	https://github.com/MChartier/calibrate-health/actions/runs/37890144437/job/113688989493	
High and Critical Vulnerabilities	pass	2m34s	https://github.com/MChartier/calibrate-health/actions/runs/37890144437/job/113689018658	
Expo Web Build	pass	2m11s	https://github.com/MChartier/calibrate-health/actions/runs/37890144300/job/113689113316	
v0.14.0 Upgrade and Encrypted Rollback	skipping	0	https://github.com/MChartier/calibrate-health/actions/runs/37890144243/job/113689015459	
Mobile Build	pending	0	https://github.com/MChartier/calibrate-health/actions/runs/37890144300/job/113689113353	
Release Configuration	pass	15s	https://github.com/MChartier/calibrate-health/actions/runs/37890144300/job/113689113444	
Web Critical Smoke	pass	3m7s	https://github.com/MChartier/calibrate-health/actions/runs/37890144300/job/113689113424	
android Runtime Bundle	pass	1m0s	https://github.com/MChartier/calibrate-health/actions/runs/37890144300/job/113689113397	
ios Runtime Bundle	pass	55s	https://github.com/MChartier/calibrate-health/actions/runs/37890144300/job/113689113376	
Refreshing checks status every 30 seconds. Press Ctrl+C to quit.

Backend Build	skipping	0	https://github.com/MChartier/calibrate-health/actions/runs/37890144300/job/113689114775	
Backend Tests	skipping	0	https://github.com/MChartier/calibrate-health/actions/runs/37890144398/job/113689021655	
Full Exported Web and PWA End-to-End	skipping	0	https://github.com/MChartier/calibrate-health/actions/runs/37890144300/job/113689114732	
Native Two-Emulator Package Upgrade	skipping	0	https://github.com/MChartier/calibrate-health/actions/runs/37890144300/job/113689115004	
Populated Postgres Upgrade	skipping	0	https://github.com/MChartier/calibrate-health/actions/runs/37890144243/job/113689015529	
Six-State Data-Backed Route Acceptance	skipping	0	https://github.com/MChartier/calibrate-health/actions/runs/37890144300/job/113689114695	
UX Accessibility and Visual Regression	skipping	0	https://github.com/MChartier/calibrate-health/actions/runs/37890144300/job/113689114603	
Mobile Tests	pass	1m4s	https://github.com/MChartier/calibrate-health/actions/runs/37890144398/job/113689020281	
Classify Test Inputs	pass	5s	https://github.com/MChartier/calibrate-health/actions/runs/37890144398/job/113688989261	
Wear Release Emulator Smoke	skipping	0	https://github.com/MChartier/calibrate-health/actions/runs/37890144300/job/113689114203	
Wear Build and JVM Tests	skipping	0	https://github.com/MChartier/calibrate-health/actions/runs/37890144300/job/113689114819	
Classify Build Inputs	pass	6s	https://github.com/MChartier/calibrate-health/actions/runs/37890144300/job/113689081730	
Classify Database Inputs	pass	4s	https://github.com/MChartier/calibrate-health/actions/runs/37890144243/job/113688988895	
iOS Build	pending	0	https://github.com/MChartier/calibrate-health/actions/runs/37890144300/job/113689113404	
Backend, Shared, API Client, and Mobile Typecheck	pass	39s	https://github.com/MChartier/calibrate-health/actions/runs/37890144329/job/113688989186	
Classify Production Image Inputs	pass	4s	https://github.com/MChartier/calibrate-health/actions/runs/37890144437/job/113688989493	
High and Critical Vulnerabilities	pass	2m34s	https://github.com/MChartier/calibrate-health/actions/runs/37890144437/job/113689018658	
Expo Web Build	pass	2m11s	https://github.com/MChartier/calibrate-health/actions/runs/37890144300/job/113689113316	
v0.14.0 Upgrade and Encrypted Rollback	skipping	0	https://github.com/MChartier/calibrate-health/actions/runs/37890144243/job/113689015459	
Mobile Build	pending	0	https://github.com/MChartier/calibrate-health/actions/runs/37890144300/job/113689113353	
Release Configuration	pass	15s	https://github.com/MChartier/calibrate-health/actions/runs/37890144300/job/113689113444	
Web Critical Smoke	pass	3m7s	https://github.com/MChartier/calibrate-health/actions/runs/37890144300/job/113689113424	
android Runtime Bundle	pass	1m0s	https://github.com/MChartier/calibrate-health/actions/runs/37890144300/job/113689113397	
ios Runtime Bundle	pass	55s	https://github.com/MChartier/calibrate-health/actions/runs/37890144300/job/113689113376	
Refreshing checks status every 30 seconds. Press Ctrl+C to quit.

Backend Build	skipping	0	https://github.com/MChartier/calibrate-health/actions/runs/37890144300/job/113689114775	
Backend Tests	skipping	0	https://github.com/MChartier/calibrate-health/actions/runs/37890144398/job/113689021655	
Full Exported Web and PWA End-to-End	skipping	0	https://github.com/MChartier/calibrate-health/actions/runs/37890144300/job/113689114732	
Native Two-Emulator Package Upgrade	skipping	0	https://github.com/MChartier/calibrate-health/actions/runs/37890144300/job/113689115004	
Populated Postgres Upgrade	skipping	0	https://github.com/MChartier/calibrate-health/actions/runs/37890144243/job/113689015529	
Six-State Data-Backed Route Acceptance	skipping	0	https://github.com/MChartier/calibrate-health/actions/runs/37890144300/job/113689114695	
UX Accessibility and Visual Regression	skipping	0	https://github.com/MChartier/calibrate-health/actions/runs/37890144300/job/113689114603	
Mobile Tests	pass	1m4s	https://github.com/MChartier/calibrate-health/actions/runs/37890144398/job/113689020281	
Classify Test Inputs	pass	5s	https://github.com/MChartier/calibrate-health/actions/runs/37890144398/job/113688989261	
Wear Release Emulator Smoke	skipping	0	https://github.com/MChartier/calibrate-health/actions/runs/37890144300/job/113689114203	
Wear Build and JVM Tests	skipping	0	https://github.com/MChartier/calibrate-health/actions/runs/37890144300/job/113689114819	
Classify Build Inputs	pass	6s	https://github.com/MChartier/calibrate-health/actions/runs/37890144300/job/113689081730	
Classify Database Inputs	pass	4s	https://github.com/MChartier/calibrate-health/actions/runs/37890144243/job/113688988895	
iOS Build	pending	0	https://github.com/MChartier/calibrate-health/actions/runs/37890144300/job/113689113404	
Backend, Shared, API Client, and Mobile Typecheck	pass	39s	https://github.com/MChartier/calibrate-health/actions/runs/37890144329/job/113688989186	
Classify Production Image Inputs	pass	4s	https://github.com/MChartier/calibrate-health/actions/runs/37890144437/job/113688989493	
High and Critical Vulnerabilities	pass	2m34s	https://github.com/MChartier/calibrate-health/actions/runs/37890144437/job/113689018658	
Expo Web Build	pass	2m11s	https://github.com/MChartier/calibrate-health/actions/runs/37890144300/job/113689113316	
v0.14.0 Upgrade and Encrypted Rollback	skipping	0	https://github.com/MChartier/calibrate-health/actions/runs/37890144243/job/113689015459	
Mobile Build	pending	0	https://github.com/MChartier/calibrate-health/actions/runs/37890144300/job/113689113353	
Release Configuration	pass	15s	https://github.com/MChartier/calibrate-health/actions/runs/37890144300/job/113689113444	
Web Critical Smoke	pass	3m7s	https://github.com/MChartier/calibrate-health/actions/runs/37890144300/job/113689113424	
android Runtime Bundle	pass	1m0s	https://github.com/MChartier/calibrate-health/actions/runs/37890144300/job/113689113397	
ios Runtime Bundle	pass	55s	https://github.com/MChartier/calibrate-health/actions/runs/37890144300/job/113689113376	
Refreshing checks status every 30 seconds. Press Ctrl+C to quit.

Backend Build	skipping	0	https://github.com/MChartier/calibrate-health/actions/runs/37890144300/job/113689114775	
Backend Tests	skipping	0	https://github.com/MChartier/calibrate-health/actions/runs/37890144398/job/113689021655	
Full Exported Web and PWA End-to-End	skipping	0	https://github.com/MChartier/calibrate-health/actions/runs/37890144300/job/113689114732	
Native Two-Emulator Package Upgrade	skipping	0	https://github.com/MChartier/calibrate-health/actions/runs/37890144300/job/113689115004	
Populated Postgres Upgrade	skipping	0	https://github.com/MChartier/calibrate-health/actions/runs/37890144243/job/113689015529	
Six-State Data-Backed Route Acceptance	skipping	0	https://github.com/MChartier/calibrate-health/actions/runs/37890144300/job/113689114695	
UX Accessibility and Visual Regression	skipping	0	https://github.com/MChartier/calibrate-health/actions/runs/37890144300/job/113689114603	
Mobile Tests	pass	1m4s	https://github.com/MChartier/calibrate-health/actions/runs/37890144398/job/113689020281	
Classify Test Inputs	pass	5s	https://github.com/MChartier/calibrate-health/actions/runs/37890144398/job/113688989261	
Wear Release Emulator Smoke	skipping	0	https://github.com/MChartier/calibrate-health/actions/runs/37890144300/job/113689114203	
Wear Build and JVM Tests	skipping	0	https://github.com/MChartier/calibrate-health/actions/runs/37890144300/job/113689114819	
Classify Build Inputs	pass	6s	https://github.com/MChartier/calibrate-health/actions/runs/37890144300/job/113689081730	
Classify Database Inputs	pass	4s	https://github.com/MChartier/calibrate-health/actions/runs/37890144243/job/113688988895	
iOS Build	pending	0	https://github.com/MChartier/calibrate-health/actions/runs/37890144300/job/113689113404	
Backend, Shared, API Client, and Mobile Typecheck	pass	39s	https://github.com/MChartier/calibrate-health/actions/runs/37890144329/job/113688989186	
Classify Production Image Inputs	pass	4s	https://github.com/MChartier/calibrate-health/actions/runs/37890144437/job/113688989493	
High and Critical Vulnerabilities	pass	2m34s	https://github.com/MChartier/calibrate-health/actions/runs/37890144437/job/113689018658	
Expo Web Build	pass	2m11s	https://github.com/MChartier/calibrate-health/actions/runs/37890144300/job/113689113316	
v0.14.0 Upgrade and Encrypted Rollback	skipping	0	https://github.com/MChartier/calibrate-health/actions/runs/37890144243/job/113689015459	
Mobile Build	pending	0	https://github.com/MChartier/calibrate-health/actions/runs/37890144300/job/113689113353	
Release Configuration	pass	15s	https://github.com/MChartier/calibrate-health/actions/runs/37890144300/job/113689113444	
Web Critical Smoke	pass	3m7s	https://github.com/MChartier/calibrate-health/actions/runs/37890144300/job/113689113424	
android Runtime Bundle	pass	1m0s	https://github.com/MChartier/calibrate-health/actions/runs/37890144300/job/113689113397	
ios Runtime Bundle	pass	55s	https://github.com/MChartier/calibrate-health/actions/runs/37890144300/job/113689113376	
Refreshing checks status every 30 seconds. Press Ctrl+C to quit.

Backend Build	skipping	0	https://github.com/MChartier/calibrate-health/actions/runs/37890144300/job/113689114775	
Backend Tests	skipping	0	https://github.com/MChartier/calibrate-health/actions/runs/37890144398/job/113689021655	
Full Exported Web and PWA End-to-End	skipping	0	https://github.com/MChartier/calibrate-health/actions/runs/37890144300/job/113689114732	
Native Two-Emulator Package Upgrade	skipping	0	https://github.com/MChartier/calibrate-health/actions/runs/37890144300/job/113689115004	
Populated Postgres Upgrade	skipping	0	https://github.com/MChartier/calibrate-health/actions/runs/37890144243/job/113689015529	
Six-State Data-Backed Route Acceptance	skipping	0	https://github.com/MChartier/calibrate-health/actions/runs/37890144300/job/113689114695	
UX Accessibility and Visual Regression	skipping	0	https://github.com/MChartier/calibrate-health/actions/runs/37890144300/job/113689114603	
Mobile Tests	pass	1m4s	https://github.com/MChartier/calibrate-health/actions/runs/37890144398/job/113689020281	
Classify Test Inputs	pass	5s	https://github.com/MChartier/calibrate-health/actions/runs/37890144398/job/113688989261	
Wear Release Emulator Smoke	skipping	0	https://github.com/MChartier/calibrate-health/actions/runs/37890144300/job/113689114203	
Wear Build and JVM Tests	skipping	0	https://github.com/MChartier/calibrate-health/actions/runs/37890144300/job/113689114819	
Classify Build Inputs	pass	6s	https://github.com/MChartier/calibrate-health/actions/runs/37890144300/job/113689081730	
Classify Database Inputs	pass	4s	https://github.com/MChartier/calibrate-health/actions/runs/37890144243/job/113688988895	
iOS Build	pending	0	https://github.com/MChartier/calibrate-health/actions/runs/37890144300/job/113689113404	
Backend, Shared, API Client, and Mobile Typecheck	pass	39s	https://github.com/MChartier/calibrate-health/actions/runs/37890144329/job/113688989186	
Classify Production Image Inputs	pass	4s	https://github.com/MChartier/calibrate-health/actions/runs/37890144437/job/113688989493	
High and Critical Vulnerabilities	pass	2m34s	https://github.com/MChartier/calibrate-health/actions/runs/37890144437/job/113689018658	
Expo Web Build	pass	2m11s	https://github.com/MChartier/calibrate-health/actions/runs/37890144300/job/113689113316	
v0.14.0 Upgrade and Encrypted Rollback	skipping	0	https://github.com/MChartier/calibrate-health/actions/runs/37890144243/job/113689015459	
Mobile Build	pending	0	https://github.com/MChartier/calibrate-health/actions/runs/37890144300/job/113689113353	
Release Configuration	pass	15s	https://github.com/MChartier/calibrate-health/actions/runs/37890144300/job/113689113444	
Web Critical Smoke	pass	3m7s	https://github.com/MChartier/calibrate-health/actions/runs/37890144300/job/113689113424	
android Runtime Bundle	pass	1m0s	https://github.com/MChartier/calibrate-health/actions/runs/37890144300/job/113689113397	
ios Runtime Bundle	pass	55s	https://github.com/MChartier/calibrate-health/actions/runs/37890144300/job/113689113376	
Refreshing checks status every 30 seconds. Press Ctrl+C to quit.

Backend Build	skipping	0	https://github.com/MChartier/calibrate-health/actions/runs/37890144300/job/113689114775	
Backend Tests	skipping	0	https://github.com/MChartier/calibrate-health/actions/runs/37890144398/job/113689021655	
Full Exported Web and PWA End-to-End	skipping	0	https://github.com/MChartier/calibrate-health/actions/runs/37890144300/job/113689114732	
Native Two-Emulator Package Upgrade	skipping	0	https://github.com/MChartier/calibrate-health/actions/runs/37890144300/job/113689115004	
Populated Postgres Upgrade	skipping	0	https://github.com/MChartier/calibrate-health/actions/runs/37890144243/job/113689015529	
Six-State Data-Backed Route Acceptance	skipping	0	https://github.com/MChartier/calibrate-health/actions/runs/37890144300/job/113689114695	
UX Accessibility and Visual Regression	skipping	0	https://github.com/MChartier/calibrate-health/actions/runs/37890144300/job/113689114603	
Mobile Tests	pass	1m4s	https://github.com/MChartier/calibrate-health/actions/runs/37890144398/job/113689020281	
Classify Test Inputs	pass	5s	https://github.com/MChartier/calibrate-health/actions/runs/37890144398/job/113688989261	
Wear Release Emulator Smoke	skipping	0	https://github.com/MChartier/calibrate-health/actions/runs/37890144300/job/113689114203	
Wear Build and JVM Tests	skipping	0	https://github.com/MChartier/calibrate-health/actions/runs/37890144300/job/113689114819	
Classify Build Inputs	pass	6s	https://github.com/MChartier/calibrate-health/actions/runs/37890144300/job/113689081730	
Classify Database Inputs	pass	4s	https://github.com/MChartier/calibrate-health/actions/runs/37890144243/job/113688988895	
iOS Build	pending	0	https://github.com/MChartier/calibrate-health/actions/runs/37890144300/job/113689113404	
Backend, Shared, API Client, and Mobile Typecheck	pass	39s	https://github.com/MChartier/calibrate-health/actions/runs/37890144329/job/113688989186	
Classify Production Image Inputs	pass	4s	https://github.com/MChartier/calibrate-health/actions/runs/37890144437/job/113688989493	
High and Critical Vulnerabilities	pass	2m34s	https://github.com/MChartier/calibrate-health/actions/runs/37890144437/job/113689018658	
Expo Web Build	pass	2m11s	https://github.com/MChartier/calibrate-health/actions/runs/37890144300/job/113689113316	
v0.14.0 Upgrade and Encrypted Rollback	skipping	0	https://github.com/MChartier/calibrate-health/actions/runs/37890144243/job/113689015459	
Mobile Build	pending	0	https://github.com/MChartier/calibrate-health/actions/runs/37890144300/job/113689113353	
Release Configuration	pass	15s	https://github.com/MChartier/calibrate-health/actions/runs/37890144300/job/113689113444	
Web Critical Smoke	pass	3m7s	https://github.com/MChartier/calibrate-health/actions/runs/37890144300/job/113689113424	
android Runtime Bundle	pass	1m0s	https://github.com/MChartier/calibrate-health/actions/runs/37890144300/job/113689113397	
ios Runtime Bundle	pass	55s	https://github.com/MChartier/calibrate-health/actions/runs/37890144300/job/113689113376	
Refreshing checks status every 30 seconds. Press Ctrl+C to quit.

Backend Build	skipping	0	https://github.com/MChartier/calibrate-health/actions/runs/37890144300/job/113689114775	
Backend Tests	skipping	0	https://github.com/MChartier/calibrate-health/actions/runs/37890144398/job/113689021655	
Full Exported Web and PWA End-to-End	skipping	0	https://github.com/MChartier/calibrate-health/actions/runs/37890144300/job/113689114732	
Native Two-Emulator Package Upgrade	skipping	0	https://github.com/MChartier/calibrate-health/actions/runs/37890144300/job/113689115004	
Populated Postgres Upgrade	skipping	0	https://github.com/MChartier/calibrate-health/actions/runs/37890144243/job/113689015529	
Six-State Data-Backed Route Acceptance	skipping	0	https://github.com/MChartier/calibrate-health/actions/runs/37890144300/job/113689114695	
UX Accessibility and Visual Regression	skipping	0	https://github.com/MChartier/calibrate-health/actions/runs/37890144300/job/113689114603	
Mobile Tests	pass	1m4s	https://github.com/MChartier/calibrate-health/actions/runs/37890144398/job/113689020281	
Classify Test Inputs	pass	5s	https://github.com/MChartier/calibrate-health/actions/runs/37890144398/job/113688989261	
Wear Release Emulator Smoke	skipping	0	https://github.com/MChartier/calibrate-health/actions/runs/37890144300/job/113689114203	
Wear Build and JVM Tests	skipping	0	https://github.com/MChartier/calibrate-health/actions/runs/37890144300/job/113689114819	
Classify Build Inputs	pass	6s	https://github.com/MChartier/calibrate-health/actions/runs/37890144300/job/113689081730	
Classify Database Inputs	pass	4s	https://github.com/MChartier/calibrate-health/actions/runs/37890144243/job/113688988895	
iOS Build	pending	0	https://github.com/MChartier/calibrate-health/actions/runs/37890144300/job/113689113404	
Backend, Shared, API Client, and Mobile Typecheck	pass	39s	https://github.com/MChartier/calibrate-health/actions/runs/37890144329/job/113688989186	
Classify Production Image Inputs	pass	4s	https://github.com/MChartier/calibrate-health/actions/runs/37890144437/job/113688989493	
High and Critical Vulnerabilities	pass	2m34s	https://github.com/MChartier/calibrate-health/actions/runs/37890144437/job/113689018658	
Expo Web Build	pass	2m11s	https://github.com/MChartier/calibrate-health/actions/runs/37890144300/job/113689113316	
v0.14.0 Upgrade and Encrypted Rollback	skipping	0	https://github.com/MChartier/calibrate-health/actions/runs/37890144243/job/113689015459	
Mobile Build	pending	0	https://github.com/MChartier/calibrate-health/actions/runs/37890144300/job/113689113353	
Release Configuration	pass	15s	https://github.com/MChartier/calibrate-health/actions/runs/37890144300/job/113689113444	
Web Critical Smoke	pass	3m7s	https://github.com/MChartier/calibrate-health/actions/runs/37890144300/job/113689113424	
android Runtime Bundle	pass	1m0s	https://github.com/MChartier/calibrate-health/actions/runs/37890144300/job/113689113397	
ios Runtime Bundle	pass	55s	https://github.com/MChartier/calibrate-health/actions/runs/37890144300/job/113689113376	
Refreshing checks status every 30 seconds. Press Ctrl+C to quit.

Backend Build	skipping	0	https://github.com/MChartier/calibrate-health/actions/runs/37890144300/job/113689114775	
Backend Tests	skipping	0	https://github.com/MChartier/calibrate-health/actions/runs/37890144398/job/113689021655	
Full Exported Web and PWA End-to-End	skipping	0	https://github.com/MChartier/calibrate-health/actions/runs/37890144300/job/113689114732	
Native Two-Emulator Package Upgrade	skipping	0	https://github.com/MChartier/calibrate-health/actions/runs/37890144300/job/113689115004	
Populated Postgres Upgrade	skipping	0	https://github.com/MChartier/calibrate-health/actions/runs/37890144243/job/113689015529	
Six-State Data-Backed Route Acceptance	skipping	0	https://github.com/MChartier/calibrate-health/actions/runs/37890144300/job/113689114695	
UX Accessibility and Visual Regression	skipping	0	https://github.com/MChartier/calibrate-health/actions/runs/37890144300/job/113689114603	
Mobile Tests	pass	1m4s	https://github.com/MChartier/calibrate-health/actions/runs/37890144398/job/113689020281	
Classify Test Inputs	pass	5s	https://github.com/MChartier/calibrate-health/actions/runs/37890144398/job/113688989261	
Wear Release Emulator Smoke	skipping	0	https://github.com/MChartier/calibrate-health/actions/runs/37890144300/job/113689114203	
Wear Build and JVM Tests	skipping	0	https://github.com/MChartier/calibrate-health/actions/runs/37890144300/job/113689114819	
Classify Build Inputs	pass	6s	https://github.com/MChartier/calibrate-health/actions/runs/37890144300/job/113689081730	
Classify Database Inputs	pass	4s	https://github.com/MChartier/calibrate-health/actions/runs/37890144243/job/113688988895	
iOS Build	pending	0	https://github.com/MChartier/calibrate-health/actions/runs/37890144300/job/113689113404	
Backend, Shared, API Client, and Mobile Typecheck	pass	39s	https://github.com/MChartier/calibrate-health/actions/runs/37890144329/job/113688989186	
Classify Production Image Inputs	pass	4s	https://github.com/MChartier/calibrate-health/actions/runs/37890144437/job/113688989493	
High and Critical Vulnerabilities	pass	2m34s	https://github.com/MChartier/calibrate-health/actions/runs/37890144437/job/113689018658	
Expo Web Build	pass	2m11s	https://github.com/MChartier/calibrate-health/actions/runs/37890144300/job/113689113316	
v0.14.0 Upgrade and Encrypted Rollback	skipping	0	https://github.com/MChartier/calibrate-health/actions/runs/37890144243/job/113689015459	
Mobile Build	pending	0	https://github.com/MChartier/calibrate-health/actions/runs/37890144300/job/113689113353	
Release Configuration	pass	15s	https://github.com/MChartier/calibrate-health/actions/runs/37890144300/job/113689113444	
Web Critical Smoke	pass	3m7s	https://github.com/MChartier/calibrate-health/actions/runs/37890144300/job/113689113424	
android Runtime Bundle	pass	1m0s	https://github.com/MChartier/calibrate-health/actions/runs/37890144300/job/113689113397	
ios Runtime Bundle	pass	55s	https://github.com/MChartier/calibrate-health/actions/runs/37890144300/job/113689113376	
Refreshing checks status every 30 seconds. Press Ctrl+C to quit.

Backend Build	skipping	0	https://github.com/MChartier/calibrate-health/actions/runs/37890144300/job/113689114775	
Backend Tests	skipping	0	https://github.com/MChartier/calibrate-health/actions/runs/37890144398/job/113689021655	
Full Exported Web and PWA End-to-End	skipping	0	https://github.com/MChartier/calibrate-health/actions/runs/37890144300/job/113689114732	
Native Two-Emulator Package Upgrade	skipping	0	https://github.com/MChartier/calibrate-health/actions/runs/37890144300/job/113689115004	
Populated Postgres Upgrade	skipping	0	https://github.com/MChartier/calibrate-health/actions/runs/37890144243/job/113689015529	
Six-State Data-Backed Route Acceptance	skipping	0	https://github.com/MChartier/calibrate-health/actions/runs/37890144300/job/113689114695	
UX Accessibility and Visual Regression	skipping	0	https://github.com/MChartier/calibrate-health/actions/runs/37890144300/job/113689114603	
Mobile Tests	pass	1m4s	https://github.com/MChartier/calibrate-health/actions/runs/37890144398/job/113689020281	
Classify Test Inputs	pass	5s	https://github.com/MChartier/calibrate-health/actions/runs/37890144398/job/113688989261	
Wear Release Emulator Smoke	skipping	0	https://github.com/MChartier/calibrate-health/actions/runs/37890144300/job/113689114203	
Wear Build and JVM Tests	skipping	0	https://github.com/MChartier/calibrate-health/actions/runs/37890144300/job/113689114819	
Classify Build Inputs	pass	6s	https://github.com/MChartier/calibrate-health/actions/runs/37890144300/job/113689081730	
Classify Database Inputs	pass	4s	https://github.com/MChartier/calibrate-health/actions/runs/37890144243/job/113688988895	
iOS Build	pending	0	https://github.com/MChartier/calibrate-health/actions/runs/37890144300/job/113689113404	
Backend, Shared, API Client, and Mobile Typecheck	pass	39s	https://github.com/MChartier/calibrate-health/actions/runs/37890144329/job/113688989186	
Classify Production Image Inputs	pass	4s	https://github.com/MChartier/calibrate-health/actions/runs/37890144437/job/113688989493	
High and Critical Vulnerabilities	pass	2m34s	https://github.com/MChartier/calibrate-health/actions/runs/37890144437/job/113689018658	
Expo Web Build	pass	2m11s	https://github.com/MChartier/calibrate-health/actions/runs/37890144300/job/113689113316	
v0.14.0 Upgrade and Encrypted Rollback	skipping	0	https://github.com/MChartier/calibrate-health/actions/runs/37890144243/job/113689015459	
Mobile Build	pending	0	https://github.com/MChartier/calibrate-health/actions/runs/37890144300/job/113689113353	
Release Configuration	pass	15s	https://github.com/MChartier/calibrate-health/actions/runs/37890144300/job/113689113444	
Web Critical Smoke	pass	3m7s	https://github.com/MChartier/calibrate-health/actions/runs/37890144300/job/113689113424	
android Runtime Bundle	pass	1m0s	https://github.com/MChartier/calibrate-health/actions/runs/37890144300/job/113689113397	
ios Runtime Bundle	pass	55s	https://github.com/MChartier/calibrate-health/actions/runs/37890144300/job/113689113376	
Refreshing checks status every 30 seconds. Press Ctrl+C to quit.

Backend Build	skipping	0	https://github.com/MChartier/calibrate-health/actions/runs/37890144300/job/113689114775	
Backend Tests	skipping	0	https://github.com/MChartier/calibrate-health/actions/runs/37890144398/job/113689021655	
Full Exported Web and PWA End-to-End	skipping	0	https://github.com/MChartier/calibrate-health/actions/runs/37890144300/job/113689114732	
Native Two-Emulator Package Upgrade	skipping	0	https://github.com/MChartier/calibrate-health/actions/runs/37890144300/job/113689115004	
Populated Postgres Upgrade	skipping	0	https://github.com/MChartier/calibrate-health/actions/runs/37890144243/job/113689015529	
Six-State Data-Backed Route Acceptance	skipping	0	https://github.com/MChartier/calibrate-health/actions/runs/37890144300/job/113689114695	
UX Accessibility and Visual Regression	skipping	0	https://github.com/MChartier/calibrate-health/actions/runs/37890144300/job/113689114603	
Mobile Tests	pass	1m4s	https://github.com/MChartier/calibrate-health/actions/runs/37890144398/job/113689020281	
Classify Test Inputs	pass	5s	https://github.com/MChartier/calibrate-health/actions/runs/37890144398/job/113688989261	
Wear Release Emulator Smoke	skipping	0	https://github.com/MChartier/calibrate-health/actions/runs/37890144300/job/113689114203	
Wear Build and JVM Tests	skipping	0	https://github.com/MChartier/calibrate-health/actions/runs/37890144300/job/113689114819	
Classify Build Inputs	pass	6s	https://github.com/MChartier/calibrate-health/actions/runs/37890144300/job/113689081730	
Classify Database Inputs	pass	4s	https://github.com/MChartier/calibrate-health/actions/runs/37890144243/job/113688988895	
iOS Build	pending	0	https://github.com/MChartier/calibrate-health/actions/runs/37890144300/job/113689113404	
Backend, Shared, API Client, and Mobile Typecheck	pass	39s	https://github.com/MChartier/calibrate-health/actions/runs/37890144329/job/113688989186	
Classify Production Image Inputs	pass	4s	https://github.com/MChartier/calibrate-health/actions/runs/37890144437/job/113688989493	
High and Critical Vulnerabilities	pass	2m34s	https://github.com/MChartier/calibrate-health/actions/runs/37890144437/job/113689018658	
Expo Web Build	pass	2m11s	https://github.com/MChartier/calibrate-health/actions/runs/37890144300/job/113689113316	
v0.14.0 Upgrade and Encrypted Rollback	skipping	0	https://github.com/MChartier/calibrate-health/actions/runs/37890144243/job/113689015459	
Mobile Build	pending	0	https://github.com/MChartier/calibrate-health/actions/runs/37890144300/job/113689113353	
Release Configuration	pass	15s	https://github.com/MChartier/calibrate-health/actions/runs/37890144300/job/113689113444	
Web Critical Smoke	pass	3m7s	https://github.com/MChartier/calibrate-health/actions/runs/37890144300/job/113689113424	
android Runtime Bundle	pass	1m0s	https://github.com/MChartier/calibrate-health/actions/runs/37890144300/job/113689113397	
ios Runtime Bundle	pass	55s	https://github.com/MChartier/calibrate-health/actions/runs/37890144300/job/113689113376	
Refreshing checks status every 30 seconds. Press Ctrl+C to quit.

Backend Build	skipping	0	https://github.com/MChartier/calibrate-health/actions/runs/37890144300/job/113689114775	
Backend Tests	skipping	0	https://github.com/MChartier/calibrate-health/actions/runs/37890144398/job/113689021655	
Full Exported Web and PWA End-to-End	skipping	0	https://github.com/MChartier/calibrate-health/actions/runs/37890144300/job/113689114732	
Native Two-Emulator Package Upgrade	skipping	0	https://github.com/MChartier/calibrate-health/actions/runs/37890144300/job/113689115004	
Populated Postgres Upgrade	skipping	0	https://github.com/MChartier/calibrate-health/actions/runs/37890144243/job/113689015529	
Six-State Data-Backed Route Acceptance	skipping	0	https://github.com/MChartier/calibrate-health/actions/runs/37890144300/job/113689114695	
UX Accessibility and Visual Regression	skipping	0	https://github.com/MChartier/calibrate-health/actions/runs/37890144300/job/113689114603	
Mobile Tests	pass	1m4s	https://github.com/MChartier/calibrate-health/actions/runs/37890144398/job/113689020281	
Classify Test Inputs	pass	5s	https://github.com/MChartier/calibrate-health/actions/runs/37890144398/job/113688989261	
Wear Release Emulator Smoke	skipping	0	https://github.com/MChartier/calibrate-health/actions/runs/37890144300/job/113689114203	
Wear Build and JVM Tests	skipping	0	https://github.com/MChartier/calibrate-health/actions/runs/37890144300/job/113689114819	
Classify Build Inputs	pass	6s	https://github.com/MChartier/calibrate-health/actions/runs/37890144300/job/113689081730	
Classify Database Inputs	pass	4s	https://github.com/MChartier/calibrate-health/actions/runs/37890144243/job/113688988895	
iOS Build	pending	0	https://github.com/MChartier/calibrate-health/actions/runs/37890144300/job/113689113404	
Backend, Shared, API Client, and Mobile Typecheck	pass	39s	https://github.com/MChartier/calibrate-health/actions/runs/37890144329/job/113688989186	
Classify Production Image Inputs	pass	4s	https://github.com/MChartier/calibrate-health/actions/runs/37890144437/job/113688989493	
High and Critical Vulnerabilities	pass	2m34s	https://github.com/MChartier/calibrate-health/actions/runs/37890144437/job/113689018658	
Expo Web Build	pass	2m11s	https://github.com/MChartier/calibrate-health/actions/runs/37890144300/job/113689113316	
v0.14.0 Upgrade and Encrypted Rollback	skipping	0	https://github.com/MChartier/calibrate-health/actions/runs/37890144243/job/113689015459	
Mobile Build	pending	0	https://github.com/MChartier/calibrate-health/actions/runs/37890144300/job/113689113353	
Release Configuration	pass	15s	https://github.com/MChartier/calibrate-health/actions/runs/37890144300/job/113689113444	
Web Critical Smoke	pass	3m7s	https://github.com/MChartier/calibrate-health/actions/runs/37890144300/job/113689113424	
android Runtime Bundle	pass	1m0s	https://github.com/MChartier/calibrate-health/actions/runs/37890144300/job/113689113397	
ios Runtime Bundle	pass	55s	https://github.com/MChartier/calibrate-health/actions/runs/37890144300/job/113689113376	
Refreshing checks status every 30 seconds. Press Ctrl+C to quit.

Backend Build	skipping	0	https://github.com/MChartier/calibrate-health/actions/runs/37890144300/job/113689114775	
Backend Tests	skipping	0	https://github.com/MChartier/calibrate-health/actions/runs/37890144398/job/113689021655	
Full Exported Web and PWA End-to-End	skipping	0	https://github.com/MChartier/calibrate-health/actions/runs/37890144300/job/113689114732	
Native Two-Emulator Package Upgrade	skipping	0	https://github.com/MChartier/calibrate-health/actions/runs/37890144300/job/113689115004	
Populated Postgres Upgrade	skipping	0	https://github.com/MChartier/calibrate-health/actions/runs/37890144243/job/113689015529	
Six-State Data-Backed Route Acceptance	skipping	0	https://github.com/MChartier/calibrate-health/actions/runs/37890144300/job/113689114695	
UX Accessibility and Visual Regression	skipping	0	https://github.com/MChartier/calibrate-health/actions/runs/37890144300/job/113689114603	
Mobile Tests	pass	1m4s	https://github.com/MChartier/calibrate-health/actions/runs/37890144398/job/113689020281	
Classify Test Inputs	pass	5s	https://github.com/MChartier/calibrate-health/actions/runs/37890144398/job/113688989261	
Wear Release Emulator Smoke	skipping	0	https://github.com/MChartier/calibrate-health/actions/runs/37890144300/job/113689114203	
Wear Build and JVM Tests	skipping	0	https://github.com/MChartier/calibrate-health/actions/runs/37890144300/job/113689114819	
Classify Build Inputs	pass	6s	https://github.com/MChartier/calibrate-health/actions/runs/37890144300/job/113689081730	
Classify Database Inputs	pass	4s	https://github.com/MChartier/calibrate-health/actions/runs/37890144243/job/113688988895	
iOS Build	pending	0	https://github.com/MChartier/calibrate-health/actions/runs/37890144300/job/113689113404	
Backend, Shared, API Client, and Mobile Typecheck	pass	39s	https://github.com/MChartier/calibrate-health/actions/runs/37890144329/job/113688989186	
Classify Production Image Inputs	pass	4s	https://github.com/MChartier/calibrate-health/actions/runs/37890144437/job/113688989493	
High and Critical Vulnerabilities	pass	2m34s	https://github.com/MChartier/calibrate-health/actions/runs/37890144437/job/113689018658	
Expo Web Build	pass	2m11s	https://github.com/MChartier/calibrate-health/actions/runs/37890144300/job/113689113316	
v0.14.0 Upgrade and Encrypted Rollback	skipping	0	https://github.com/MChartier/calibrate-health/actions/runs/37890144243/job/113689015459	
Mobile Build	pending	0	https://github.com/MChartier/calibrate-health/actions/runs/37890144300/job/113689113353	
Release Configuration	pass	15s	https://github.com/MChartier/calibrate-health/actions/runs/37890144300/job/113689113444	
Web Critical Smoke	pass	3m7s	https://github.com/MChartier/calibrate-health/actions/runs/37890144300/job/113689113424	
android Runtime Bundle	pass	1m0s	https://github.com/MChartier/calibrate-health/actions/runs/37890144300/job/113689113397	
ios Runtime Bundle	pass	55s	https://github.com/MChartier/calibrate-health/actions/runs/37890144300/job/113689113376	
Refreshing checks status every 30 seconds. Press Ctrl+C to quit.

Backend Build	skipping	0	https://github.com/MChartier/calibrate-health/actions/runs/37890144300/job/113689114775	
Backend Tests	skipping	0	https://github.com/MChartier/calibrate-health/actions/runs/37890144398/job/113689021655	
Full Exported Web and PWA End-to-End	skipping	0	https://github.com/MChartier/calibrate-health/actions/runs/37890144300/job/113689114732	
Native Two-Emulator Package Upgrade	skipping	0	https://github.com/MChartier/calibrate-health/actions/runs/37890144300/job/113689115004	
Populated Postgres Upgrade	skipping	0	https://github.com/MChartier/calibrate-health/actions/runs/37890144243/job/113689015529	
Six-State Data-Backed Route Acceptance	skipping	0	https://github.com/MChartier/calibrate-health/actions/runs/37890144300/job/113689114695	
UX Accessibility and Visual Regression	skipping	0	https://github.com/MChartier/calibrate-health/actions/runs/37890144300/job/113689114603	
Mobile Tests	pass	1m4s	https://github.com/MChartier/calibrate-health/actions/runs/37890144398/job/113689020281	
Classify Test Inputs	pass	5s	https://github.com/MChartier/calibrate-health/actions/runs/37890144398/job/113688989261	
Wear Release Emulator Smoke	skipping	0	https://github.com/MChartier/calibrate-health/actions/runs/37890144300/job/113689114203	
Wear Build and JVM Tests	skipping	0	https://github.com/MChartier/calibrate-health/actions/runs/37890144300/job/113689114819	
Classify Build Inputs	pass	6s	https://github.com/MChartier/calibrate-health/actions/runs/37890144300/job/113689081730	
Classify Database Inputs	pass	4s	https://github.com/MChartier/calibrate-health/actions/runs/37890144243/job/113688988895	
iOS Build	pending	0	https://github.com/MChartier/calibrate-health/actions/runs/37890144300/job/113689113404	
Backend, Shared, API Client, and Mobile Typecheck	pass	39s	https://github.com/MChartier/calibrate-health/actions/runs/37890144329/job/113688989186	
Classify Production Image Inputs	pass	4s	https://github.com/MChartier/calibrate-health/actions/runs/37890144437/job/113688989493	
High and Critical Vulnerabilities	pass	2m34s	https://github.com/MChartier/calibrate-health/actions/runs/37890144437/job/113689018658	
Expo Web Build	pass	2m11s	https://github.com/MChartier/calibrate-health/actions/runs/37890144300/job/113689113316	
v0.14.0 Upgrade and Encrypted Rollback	skipping	0	https://github.com/MChartier/calibrate-health/actions/runs/37890144243/job/113689015459	
Mobile Build	pending	0	https://github.com/MChartier/calibrate-health/actions/runs/37890144300/job/113689113353	
Release Configuration	pass	15s	https://github.com/MChartier/calibrate-health/actions/runs/37890144300/job/113689113444	
Web Critical Smoke	pass	3m7s	https://github.com/MChartier/calibrate-health/actions/runs/37890144300/job/113689113424	
android Runtime Bundle	pass	1m0s	https://github.com/MChartier/calibrate-health/actions/runs/37890144300/job/113689113397	
ios Runtime Bundle	pass	55s	https://github.com/MChartier/calibrate-health/actions/runs/37890144300/job/113689113376	
Refreshing checks status every 30 seconds. Press Ctrl+C to quit.

Android Emulator End-to-End	skipping	0	https://github.com/MChartier/calibrate-health/actions/runs/37890144300/job/113692489696	
Backend Build	skipping	0	https://github.com/MChartier/calibrate-health/actions/runs/37890144300/job/113689114775	
Backend Tests	skipping	0	https://github.com/MChartier/calibrate-health/actions/runs/37890144398/job/113689021655	
Full Exported Web and PWA End-to-End	skipping	0	https://github.com/MChartier/calibrate-health/actions/runs/37890144300/job/113689114732	
Native Two-Emulator Package Upgrade	skipping	0	https://github.com/MChartier/calibrate-health/actions/runs/37890144300/job/113689115004	
Web Critical Smoke	pass	3m7s	https://github.com/MChartier/calibrate-health/actions/runs/37890144300/job/113689113424	
Classify Database Inputs	pass	4s	https://github.com/MChartier/calibrate-health/actions/runs/37890144243/job/113688988895	
Release Configuration	pass	15s	https://github.com/MChartier/calibrate-health/actions/runs/37890144300/job/113689113444	
Expo Web Build	pass	2m11s	https://github.com/MChartier/calibrate-health/actions/runs/37890144300/job/113689113316	
Six-State Data-Backed Route Acceptance	skipping	0	https://github.com/MChartier/calibrate-health/actions/runs/37890144300/job/113689114695	
High and Critical Vulnerabilities	pass	2m34s	https://github.com/MChartier/calibrate-health/actions/runs/37890144437/job/113689018658	
Wear Release Emulator Smoke	skipping	0	https://github.com/MChartier/calibrate-health/actions/runs/37890144300/job/113689114203	
Backend, Shared, API Client, and Mobile Typecheck	pass	39s	https://github.com/MChartier/calibrate-health/actions/runs/37890144329/job/113688989186	
Wear Build and JVM Tests	skipping	0	https://github.com/MChartier/calibrate-health/actions/runs/37890144300/job/113689114819	
Mobile Build	pass	13m29s	https://github.com/MChartier/calibrate-health/actions/runs/37890144300/job/113689113353	
Classify Build Inputs	pass	6s	https://github.com/MChartier/calibrate-health/actions/runs/37890144300/job/113689081730	
UX Accessibility and Visual Regression	skipping	0	https://github.com/MChartier/calibrate-health/actions/runs/37890144300/job/113689114603	
Mobile Tests	pass	1m4s	https://github.com/MChartier/calibrate-health/actions/runs/37890144398/job/113689020281	
iOS Build	pending	0	https://github.com/MChartier/calibrate-health/actions/runs/37890144300/job/113689113404	
Populated Postgres Upgrade	skipping	0	https://github.com/MChartier/calibrate-health/actions/runs/37890144243/job/113689015529	
v0.14.0 Upgrade and Encrypted Rollback	skipping	0	https://github.com/MChartier/calibrate-health/actions/runs/37890144243/job/113689015459	
Classify Production Image Inputs	pass	4s	https://github.com/MChartier/calibrate-health/actions/runs/37890144437/job/113688989493	
Classify Test Inputs	pass	5s	https://github.com/MChartier/calibrate-health/actions/runs/37890144398/job/113688989261	
android Runtime Bundle	pass	1m0s	https://github.com/MChartier/calibrate-health/actions/runs/37890144300/job/113689113397	
ios Runtime Bundle	pass	55s	https://github.com/MChartier/calibrate-health/actions/runs/37890144300/job/113689113376	
Refreshing checks status every 30 seconds. Press Ctrl+C to quit.

Android Emulator End-to-End	skipping	0	https://github.com/MChartier/calibrate-health/actions/runs/37890144300/job/113692489696	
Backend Build	skipping	0	https://github.com/MChartier/calibrate-health/actions/runs/37890144300/job/113689114775	
Backend Tests	skipping	0	https://github.com/MChartier/calibrate-health/actions/runs/37890144398/job/113689021655	
Full Exported Web and PWA End-to-End	skipping	0	https://github.com/MChartier/calibrate-health/actions/runs/37890144300/job/113689114732	
Native Two-Emulator Package Upgrade	skipping	0	https://github.com/MChartier/calibrate-health/actions/runs/37890144300/job/113689115004	
Web Critical Smoke	pass	3m7s	https://github.com/MChartier/calibrate-health/actions/runs/37890144300/job/113689113424	
Classify Database Inputs	pass	4s	https://github.com/MChartier/calibrate-health/actions/runs/37890144243/job/113688988895	
Release Configuration	pass	15s	https://github.com/MChartier/calibrate-health/actions/runs/37890144300/job/113689113444	
Expo Web Build	pass	2m11s	https://github.com/MChartier/calibrate-health/actions/runs/37890144300/job/113689113316	
Six-State Data-Backed Route Acceptance	skipping	0	https://github.com/MChartier/calibrate-health/actions/runs/37890144300/job/113689114695	
High and Critical Vulnerabilities	pass	2m34s	https://github.com/MChartier/calibrate-health/actions/runs/37890144437/job/113689018658	
Wear Release Emulator Smoke	skipping	0	https://github.com/MChartier/calibrate-health/actions/runs/37890144300/job/113689114203	
Backend, Shared, API Client, and Mobile Typecheck	pass	39s	https://github.com/MChartier/calibrate-health/actions/runs/37890144329/job/113688989186	
Wear Build and JVM Tests	skipping	0	https://github.com/MChartier/calibrate-health/actions/runs/37890144300/job/113689114819	
Mobile Build	pass	13m29s	https://github.com/MChartier/calibrate-health/actions/runs/37890144300/job/113689113353	
Classify Build Inputs	pass	6s	https://github.com/MChartier/calibrate-health/actions/runs/37890144300/job/113689081730	
UX Accessibility and Visual Regression	skipping	0	https://github.com/MChartier/calibrate-health/actions/runs/37890144300/job/113689114603	
Mobile Tests	pass	1m4s	https://github.com/MChartier/calibrate-health/actions/runs/37890144398/job/113689020281	
iOS Build	pending	0	https://github.com/MChartier/calibrate-health/actions/runs/37890144300/job/113689113404	
Populated Postgres Upgrade	skipping	0	https://github.com/MChartier/calibrate-health/actions/runs/37890144243/job/113689015529	
v0.14.0 Upgrade and Encrypted Rollback	skipping	0	https://github.com/MChartier/calibrate-health/actions/runs/37890144243/job/113689015459	
Classify Production Image Inputs	pass	4s	https://github.com/MChartier/calibrate-health/actions/runs/37890144437/job/113688989493	
Classify Test Inputs	pass	5s	https://github.com/MChartier/calibrate-health/actions/runs/37890144398/job/113688989261	
android Runtime Bundle	pass	1m0s	https://github.com/MChartier/calibrate-health/actions/runs/37890144300/job/113689113397	
ios Runtime Bundle	pass	55s	https://github.com/MChartier/calibrate-health/actions/runs/37890144300/job/113689113376	
Refreshing checks status every 30 seconds. Press Ctrl+C to quit.

Android Emulator End-to-End	skipping	0	https://github.com/MChartier/calibrate-health/actions/runs/37890144300/job/113692489696	
Backend Build	skipping	0	https://github.com/MChartier/calibrate-health/actions/runs/37890144300/job/113689114775	
Backend Tests	skipping	0	https://github.com/MChartier/calibrate-health/actions/runs/37890144398/job/113689021655	
Full Exported Web and PWA End-to-End	skipping	0	https://github.com/MChartier/calibrate-health/actions/runs/37890144300/job/113689114732	
Native Two-Emulator Package Upgrade	skipping	0	https://github.com/MChartier/calibrate-health/actions/runs/37890144300/job/113689115004	
Web Critical Smoke	pass	3m7s	https://github.com/MChartier/calibrate-health/actions/runs/37890144300/job/113689113424	
Classify Database Inputs	pass	4s	https://github.com/MChartier/calibrate-health/actions/runs/37890144243/job/113688988895	
Release Configuration	pass	15s	https://github.com/MChartier/calibrate-health/actions/runs/37890144300/job/113689113444	
Expo Web Build	pass	2m11s	https://github.com/MChartier/calibrate-health/actions/runs/37890144300/job/113689113316	
Six-State Data-Backed Route Acceptance	skipping	0	https://github.com/MChartier/calibrate-health/actions/runs/37890144300/job/113689114695	
High and Critical Vulnerabilities	pass	2m34s	https://github.com/MChartier/calibrate-health/actions/runs/37890144437/job/113689018658	
Wear Release Emulator Smoke	skipping	0	https://github.com/MChartier/calibrate-health/actions/runs/37890144300/job/113689114203	
Backend, Shared, API Client, and Mobile Typecheck	pass	39s	https://github.com/MChartier/calibrate-health/actions/runs/37890144329/job/113688989186	
Wear Build and JVM Tests	skipping	0	https://github.com/MChartier/calibrate-health/actions/runs/37890144300/job/113689114819	
Mobile Build	pass	13m29s	https://github.com/MChartier/calibrate-health/actions/runs/37890144300/job/113689113353	
Classify Build Inputs	pass	6s	https://github.com/MChartier/calibrate-health/actions/runs/37890144300/job/113689081730	
UX Accessibility and Visual Regression	skipping	0	https://github.com/MChartier/calibrate-health/actions/runs/37890144300/job/113689114603	
Mobile Tests	pass	1m4s	https://github.com/MChartier/calibrate-health/actions/runs/37890144398/job/113689020281	
iOS Build	pending	0	https://github.com/MChartier/calibrate-health/actions/runs/37890144300/job/113689113404	
Populated Postgres Upgrade	skipping	0	https://github.com/MChartier/calibrate-health/actions/runs/37890144243/job/113689015529	
v0.14.0 Upgrade and Encrypted Rollback	skipping	0	https://github.com/MChartier/calibrate-health/actions/runs/37890144243/job/113689015459	
Classify Production Image Inputs	pass	4s	https://github.com/MChartier/calibrate-health/actions/runs/37890144437/job/113688989493	
Classify Test Inputs	pass	5s	https://github.com/MChartier/calibrate-health/actions/runs/37890144398/job/113688989261	
android Runtime Bundle	pass	1m0s	https://github.com/MChartier/calibrate-health/actions/runs/37890144300/job/113689113397	
ios Runtime Bundle	pass	55s	https://github.com/MChartier/calibrate-health/actions/runs/37890144300/job/113689113376	
Android Emulator End-to-End	skipping	0	https://github.com/MChartier/calibrate-health/actions/runs/37890144300/job/113692489696	
Backend Build	skipping	0	https://github.com/MChartier/calibrate-health/actions/runs/37890144300/job/113689114775	
Backend Tests	skipping	0	https://github.com/MChartier/calibrate-health/actions/runs/37890144398/job/113689021655	
Full Exported Web and PWA End-to-End	skipping	0	https://github.com/MChartier/calibrate-health/actions/runs/37890144300/job/113689114732	
Native Two-Emulator Package Upgrade	skipping	0	https://github.com/MChartier/calibrate-health/actions/runs/37890144300/job/113689115004	
Web Critical Smoke	pass	3m7s	https://github.com/MChartier/calibrate-health/actions/runs/37890144300/job/113689113424	
Classify Database Inputs	pass	4s	https://github.com/MChartier/calibrate-health/actions/runs/37890144243/job/113688988895	
Release Configuration	pass	15s	https://github.com/MChartier/calibrate-health/actions/runs/37890144300/job/113689113444	
Expo Web Build	pass	2m11s	https://github.com/MChartier/calibrate-health/actions/runs/37890144300/job/113689113316	
Six-State Data-Backed Route Acceptance	skipping	0	https://github.com/MChartier/calibrate-health/actions/runs/37890144300/job/113689114695	
High and Critical Vulnerabilities	pass	2m34s	https://github.com/MChartier/calibrate-health/actions/runs/37890144437/job/113689018658	
Wear Release Emulator Smoke	skipping	0	https://github.com/MChartier/calibrate-health/actions/runs/37890144300/job/113689114203	
Backend, Shared, API Client, and Mobile Typecheck	pass	39s	https://github.com/MChartier/calibrate-health/actions/runs/37890144329/job/113688989186	
Wear Build and JVM Tests	skipping	0	https://github.com/MChartier/calibrate-health/actions/runs/37890144300/job/113689114819	
Mobile Build	pass	13m29s	https://github.com/MChartier/calibrate-health/actions/runs/37890144300/job/113689113353	
Classify Build Inputs	pass	6s	https://github.com/MChartier/calibrate-health/actions/runs/37890144300/job/113689081730	
UX Accessibility and Visual Regression	skipping	0	https://github.com/MChartier/calibrate-health/actions/runs/37890144300/job/113689114603	
Mobile Tests	pass	1m4s	https://github.com/MChartier/calibrate-health/actions/runs/37890144398/job/113689020281	
Classify Test Inputs	pass	5s	https://github.com/MChartier/calibrate-health/actions/runs/37890144398/job/113688989261	
Populated Postgres Upgrade	skipping	0	https://github.com/MChartier/calibrate-health/actions/runs/37890144243/job/113689015529	
v0.14.0 Upgrade and Encrypted Rollback	skipping	0	https://github.com/MChartier/calibrate-health/actions/runs/37890144243/job/113689015459	
Classify Production Image Inputs	pass	4s	https://github.com/MChartier/calibrate-health/actions/runs/37890144437/job/113688989493	
android Runtime Bundle	pass	1m0s	https://github.com/MChartier/calibrate-health/actions/runs/37890144300/job/113689113397	
iOS Build	pass	15m0s	https://github.com/MChartier/calibrate-health/actions/runs/37890144300/job/113689113404	
ios Runtime Bundle	pass	55s	https://github.com/MChartier/calibrate-health/actions/runs/37890144300/job/113689113376	
Backend, Shared, API Client, and Mobile Typecheck	pass	39s	https://github.com/MChartier/calibrate-health/actions/runs/37890144329/job/113688989186	
Classify Build Inputs	pass	6s	https://github.com/MChartier/calibrate-health/actions/runs/37890144300/job/113689081730	
Classify Database Inputs	pass	4s	https://github.com/MChartier/calibrate-health/actions/runs/37890144243/job/113688988895	
Classify Production Image Inputs	pass	4s	https://github.com/MChartier/calibrate-health/actions/runs/37890144437/job/113688989493	
Classify Test Inputs	pass	5s	https://github.com/MChartier/calibrate-health/actions/runs/37890144398/job/113688989261	
Expo Web Build	pass	2m11s	https://github.com/MChartier/calibrate-health/actions/runs/37890144300/job/113689113316	
Wear Build and JVM Tests	skipping	0	https://github.com/MChartier/calibrate-health/actions/runs/37890144300/job/113689114819	
Release Configuration	pass	15s	https://github.com/MChartier/calibrate-health/actions/runs/37890144300/job/113689113444	
Backend Tests	skipping	0	https://github.com/MChartier/calibrate-health/actions/runs/37890144398/job/113689021655	
Mobile Build	pass	13m29s	https://github.com/MChartier/calibrate-health/actions/runs/37890144300/job/113689113353	
Android Emulator End-to-End	skipping	0	https://github.com/MChartier/calibrate-health/actions/runs/37890144300/job/113692489696	
ios Runtime Bundle	pass	55s	https://github.com/MChartier/calibrate-health/actions/runs/37890144300/job/113689113376	
Full Exported Web and PWA End-to-End	skipping	0	https://github.com/MChartier/calibrate-health/actions/runs/37890144300/job/113689114732	
High and Critical Vulnerabilities	pass	2m34s	https://github.com/MChartier/calibrate-health/actions/runs/37890144437/job/113689018658	
Six-State Data-Backed Route Acceptance	skipping	0	https://github.com/MChartier/calibrate-health/actions/runs/37890144300/job/113689114695	
Backend Build	skipping	0	https://github.com/MChartier/calibrate-health/actions/runs/37890144300/job/113689114775	
UX Accessibility and Visual Regression	skipping	0	https://github.com/MChartier/calibrate-health/actions/runs/37890144300/job/113689114603	
Mobile Tests	pass	1m4s	https://github.com/MChartier/calibrate-health/actions/runs/37890144398/job/113689020281	
Web Critical Smoke	pass	3m7s	https://github.com/MChartier/calibrate-health/actions/runs/37890144300/job/113689113424	
Populated Postgres Upgrade	skipping	0	https://github.com/MChartier/calibrate-health/actions/runs/37890144243/job/113689015529	
iOS Build	pass	15m0s	https://github.com/MChartier/calibrate-health/actions/runs/37890144300/job/113689113404	
Native Two-Emulator Package Upgrade	skipping	0	https://github.com/MChartier/calibrate-health/actions/runs/37890144300/job/113689115004	
android Runtime Bundle	pass	1m0s	https://github.com/MChartier/calibrate-health/actions/runs/37890144300/job/113689113397	
Wear Release Emulator Smoke	skipping	0	https://github.com/MChartier/calibrate-health/actions/runs/37890144300/job/113689114203	
v0.14.0 Upgrade and Encrypted Rollback	skipping	0	https://github.com/MChartier/calibrate-health/actions/runs/37890144243/job/113689015459	
