2026-10-09T04:07:27.5882736Z Current runner version: '2.337.0'
2026-10-09T04:07:27.5907432Z ##[group]Runner Image Provisioner
2026-10-09T04:07:27.5908262Z Hosted Compute Agent
2026-10-09T04:07:27.5909062Z Version: 20261002.596
2026-10-09T04:07:27.5909694Z Commit: c3d12f3313a95f25162a1503be624f3b0617f8c0
2026-10-09T04:07:27.5910344Z Build Date: 2026-10-02T22:28:27Z
2026-10-09T04:07:27.5910980Z Worker ID: {cf26d5a9-ff15-43b4-a733-e84bd6a137d8}
2026-10-09T04:07:27.5911643Z Region: westus3
2026-10-09T04:07:27.5912167Z Cloud: Azure
2026-10-09T04:07:27.5912657Z ##[endgroup]
2026-10-09T04:07:27.5914071Z ##[group]Operating System
2026-10-09T04:07:27.5914610Z Ubuntu
2026-10-09T04:07:27.5915163Z 24.04.5
2026-10-09T04:07:27.5915659Z LTS
2026-10-09T04:07:27.5916157Z ##[endgroup]
2026-10-09T04:07:27.5916658Z ##[group]Runner Image
2026-10-09T04:07:27.5917201Z Image: ubuntu-24.04
2026-10-09T04:07:27.5917761Z Version: 20261004.327.1
2026-10-09T04:07:27.5919084Z Included Software: https://github.com/actions/runner-images/blob/ubuntu24/20261004.327/images/ubuntu/Ubuntu2404-Readme.md
2026-10-09T04:07:27.5920504Z Image Release: https://github.com/actions/runner-images/releases/tag/ubuntu24%2F20261004.327
2026-10-09T04:07:27.5921340Z ##[endgroup]
2026-10-09T04:07:27.5922487Z ##[group]GITHUB_TOKEN Permissions
2026-10-09T04:07:27.5924651Z Contents: read
2026-10-09T04:07:27.5925245Z Metadata: read
2026-10-09T04:07:27.5925749Z PullRequests: read
2026-10-09T04:07:27.5926270Z ##[endgroup]
2026-10-09T04:07:27.5928303Z Secret source: Actions
2026-10-09T04:07:27.5929502Z Cache mode: write
2026-10-09T04:07:27.5930128Z Prepare workflow directory
2026-10-09T04:07:27.6292621Z Prepare all required actions
2026-10-09T04:07:27.6340797Z Getting action download info
2026-10-09T04:07:27.9305036Z Download action repository 'dorny/paths-filter@0e4a8c6effa4802afeda77dc8d303f8176d7dfad' (SHA:0e4a8c6effa4802afeda77dc8d303f8176d7dfad)
2026-10-09T04:07:28.5557611Z Complete job name: Classify Build Inputs
2026-10-09T04:07:28.6279378Z ##[group]Run dorny/paths-filter@0e4a8c6effa4802afeda77dc8d303f8176d7dfad
2026-10-09T04:07:28.6280740Z with:
2026-10-09T04:07:28.6292733Z   filters: release_config:
  - '.github/native-release-tag-allowed-signers'
  - '.github/native-play-attestation-trusted-workflow-shas'
  - '.github/release-image-attestation-trusted-workflow-shas'
  - 'tools/eas-cli/**'
  - '.github/workflows/**'
  - 'backend/package.json'
  - 'backend/package-lock.json'
  - 'deploy/**'
  - 'docs/openapi/**'
  - 'docs/release-acceptance.md'
  - 'mobile/app.config.js'
  - 'mobile/app.json'
  - 'mobile/eas.json'
  - 'mobile/package.json'
  - 'package.json'
  - 'package-lock.json'
  - 'packages/api-client/src/generated/**'
  - 'playwright.ux.config.ts'
  - 'quality/**'
  - 'scripts/**'
  - 'shared/client-diagnostic-versions.json'
  - 'shared/release.json'
  - 'wear/**'
backend:
  - 'backend/**'
  - 'shared/**'
web:
  - 'e2e/expo-web/fixtures.ts'
  - 'e2e/expo-web/release-smoke.spec.ts'
  - 'mobile/app/**'
  - 'mobile/assets/**'
  - 'mobile/public/**'
  - 'mobile/src/**'
  - 'mobile/app.config.js'
  - 'mobile/app.json'
  - 'mobile/babel.config.js'
  - 'mobile/index.js'
  - 'mobile/metro.config.js'
  - 'mobile/modules/**'
  - 'mobile/package.json'
  - 'mobile/tsconfig.json'
  - 'package.json'
  - 'package-lock.json'
  - 'packages/api-client/**'
  - 'playwright.expo-web.config.ts'
  - 'scripts/expo-cli-environment.mjs'
  - 'scripts/expo-web-build.mjs'
  - 'scripts/expo-web-playwright.mjs'
  - 'scripts/expo-web-release.mjs'
  - 'scripts/expo-web-release.test.mjs'
  - 'scripts/expo-web-static-server.mjs'
  - 'scripts/expo-web-static-server.test.mjs'
  - 'shared/**'
wear:
  - 'wear/**'
native_runtime:
  - 'mobile/app/**'
  - 'mobile/assets/**'
  - 'mobile/src/**'
  - 'mobile/app.config.js'
  - 'mobile/app.json'
  - 'mobile/babel.config.js'
  - 'mobile/index.js'
  - 'mobile/metro.config.js'
  - 'mobile/modules/**'
  - 'mobile/package.json'
  - 'package-lock.json'
  - 'packages/api-client/**'
  - 'scripts/xcode-uuid-compatibility.test.mjs'
  - 'shared/**'
native_package:
  - 'mobile/app.config.js'
  - 'mobile/app.json'
  - 'mobile/eas.json'
  - 'mobile/assets/**'
  - 'mobile/modules/**'
  - 'mobile/package.json'
  - 'mobile/plugins/**'
  - 'package-lock.json'

2026-10-09T04:07:28.6309419Z   token: ***
2026-10-09T04:07:28.6309997Z   list-files: none
2026-10-09T04:07:28.6310626Z   initial-fetch-depth: 100
2026-10-09T04:07:28.6311275Z   predicate-quantifier: some
2026-10-09T04:07:28.6312340Z ##[endgroup]
2026-10-09T04:07:28.7263072Z ##[group]Fetching list of changed files for PR#456 from Github API
2026-10-09T04:07:28.7264282Z Invoking listFiles(pull_number: 456, per_page: 100)
2026-10-09T04:07:29.1631809Z Received 3 items
2026-10-09T04:07:29.1633773Z [added] e2e/expo-web/food-quantity-entry.spec.ts
2026-10-09T04:07:29.1636597Z [modified] mobile/src/components/AddFoodSheet.tsx
2026-10-09T04:07:29.1638531Z [modified] mobile/src/food/FoodLogContent.tsx
2026-10-09T04:07:29.1642072Z ##[endgroup]
2026-10-09T04:07:29.1643540Z Detected 3 changed files
2026-10-09T04:07:29.1657647Z Results:
2026-10-09T04:07:29.1659813Z ##[group]Filter release_config = false
2026-10-09T04:07:29.1661033Z Matching files: none
2026-10-09T04:07:29.1667880Z ##[endgroup]
2026-10-09T04:07:29.1670286Z ##[group]Filter backend = false
2026-10-09T04:07:29.1672056Z Matching files: none
2026-10-09T04:07:29.1673757Z ##[endgroup]
2026-10-09T04:07:29.1675388Z ##[group]Filter web = true
2026-10-09T04:07:29.1676555Z Matching files:
2026-10-09T04:07:29.1677771Z mobile/src/components/AddFoodSheet.tsx [modified]
2026-10-09T04:07:29.1679935Z mobile/src/food/FoodLogContent.tsx [modified]
2026-10-09T04:07:29.1682082Z ##[endgroup]
2026-10-09T04:07:29.1684132Z ##[group]Filter wear = false
2026-10-09T04:07:29.1685595Z Matching files: none
2026-10-09T04:07:29.1687717Z ##[endgroup]
2026-10-09T04:07:29.1690131Z ##[group]Filter native_runtime = true
2026-10-09T04:07:29.1691768Z Matching files:
2026-10-09T04:07:29.1693266Z mobile/src/components/AddFoodSheet.tsx [modified]
2026-10-09T04:07:29.1695503Z mobile/src/food/FoodLogContent.tsx [modified]
2026-10-09T04:07:29.1698027Z ##[endgroup]
2026-10-09T04:07:29.1700387Z ##[group]Filter native_package = false
2026-10-09T04:07:29.1701830Z Matching files: none
2026-10-09T04:07:29.1703771Z ##[endgroup]
2026-10-09T04:07:29.1705074Z Changes output set to ["web","native_runtime"]
2026-10-09T04:07:29.2202592Z ##[group]Run dorny/paths-filter@0e4a8c6effa4802afeda77dc8d303f8176d7dfad
2026-10-09T04:07:29.2204237Z with:
2026-10-09T04:07:29.2205116Z   predicate-quantifier: every
2026-10-09T04:07:29.2209733Z   filters: non_release_mirror:
  - '**'
  - '!backend/package-lock.json'
  - '!backend/package.json'
  - '!docs/openapi/v1.yaml'
  - '!package-lock.json'
  - '!package.json'
  - '!packages/api-client/src/generated/v1.ts'
  - '!shared/client-diagnostic-versions.json'
  - '!shared/release.json'

2026-10-09T04:07:29.2223257Z   token: ***
2026-10-09T04:07:29.2224139Z   list-files: none
2026-10-09T04:07:29.2225091Z   initial-fetch-depth: 100
2026-10-09T04:07:29.2226102Z ##[endgroup]
2026-10-09T04:07:29.3036433Z ##[group]Fetching list of changed files for PR#456 from Github API
2026-10-09T04:07:29.3043442Z Invoking listFiles(pull_number: 456, per_page: 100)
2026-10-09T04:07:29.6630712Z Received 3 items
2026-10-09T04:07:29.6633312Z [added] e2e/expo-web/food-quantity-entry.spec.ts
2026-10-09T04:07:29.6639164Z [modified] mobile/src/components/AddFoodSheet.tsx
2026-10-09T04:07:29.6641904Z [modified] mobile/src/food/FoodLogContent.tsx
2026-10-09T04:07:29.6645234Z ##[endgroup]
2026-10-09T04:07:29.6646961Z Detected 3 changed files
2026-10-09T04:07:29.6650141Z Results:
2026-10-09T04:07:29.6652818Z ##[group]Filter non_release_mirror = true
2026-10-09T04:07:29.6654918Z Matching files:
2026-10-09T04:07:29.6656827Z e2e/expo-web/food-quantity-entry.spec.ts [added]
2026-10-09T04:07:29.6659468Z mobile/src/components/AddFoodSheet.tsx [modified]
2026-10-09T04:07:29.6662081Z mobile/src/food/FoodLogContent.tsx [modified]
2026-10-09T04:07:29.6665612Z ##[endgroup]
2026-10-09T04:07:29.6667494Z Changes output set to ["non_release_mirror"]
2026-10-09T04:07:29.7118806Z ##[group]Run release_config=false
2026-10-09T04:07:29.7120477Z [36;1mrelease_config=false[0m
2026-10-09T04:07:29.7121553Z [36;1mbackend=false[0m
2026-10-09T04:07:29.7122498Z [36;1mweb=false[0m
2026-10-09T04:07:29.7123392Z [36;1mwear=false[0m
2026-10-09T04:07:29.7124315Z [36;1mnative_runtime=false[0m
2026-10-09T04:07:29.7125356Z [36;1mnative_package=false[0m
2026-10-09T04:07:29.7126389Z [36;1mweb_release=false[0m
2026-10-09T04:07:29.7127411Z [36;1mnative_release=false[0m
2026-10-09T04:07:29.7128442Z [36;1mnative_upgrade=false[0m
2026-10-09T04:07:29.7129665Z [36;1m[0m
2026-10-09T04:07:29.7130727Z [36;1mif [[ "${EVENT_NAME}" == "workflow_dispatch" ]]; then[0m
2026-10-09T04:07:29.7132081Z [36;1m  release_config=true[0m
2026-10-09T04:07:29.7133230Z [36;1m  case "${MANUAL_VALIDATION_SCOPE}" in[0m
2026-10-09T04:07:29.7134412Z [36;1m    web)[0m
2026-10-09T04:07:29.7135299Z [36;1m      web=true[0m
2026-10-09T04:07:29.7136265Z [36;1m      web_release=true[0m
2026-10-09T04:07:29.7137320Z [36;1m      ;;[0m
2026-10-09T04:07:29.7138191Z [36;1m    native)[0m
2026-10-09T04:07:29.7139218Z [36;1m      wear=true[0m
2026-10-09T04:07:29.7140205Z [36;1m      native_runtime=true[0m
2026-10-09T04:07:29.7141309Z [36;1m      native_package=true[0m
2026-10-09T04:07:29.7142410Z [36;1m      native_release=true[0m
2026-10-09T04:07:29.7143455Z [36;1m      ;;[0m
2026-10-09T04:07:29.7144341Z [36;1m    web-and-native)[0m
2026-10-09T04:07:29.7145394Z [36;1m      web=true[0m
2026-10-09T04:07:29.7146559Z [36;1m      wear=true[0m
2026-10-09T04:07:29.7147547Z [36;1m      native_runtime=true[0m
2026-10-09T04:07:29.7148740Z [36;1m      native_package=true[0m
2026-10-09T04:07:29.7149845Z [36;1m      web_release=true[0m
2026-10-09T04:07:29.7150907Z [36;1m      native_release=true[0m
2026-10-09T04:07:29.7151955Z [36;1m      ;;[0m
2026-10-09T04:07:29.7152860Z [36;1m    configuration-only)[0m
2026-10-09T04:07:29.7153888Z [36;1m      ;;[0m
2026-10-09T04:07:29.7154752Z [36;1m    *)[0m
2026-10-09T04:07:29.7156121Z [36;1m      echo "Unknown manual validation scope: ${MANUAL_VALIDATION_SCOPE}" >&2[0m
2026-10-09T04:07:29.7157732Z [36;1m      exit 1[0m
2026-10-09T04:07:29.7158772Z [36;1m      ;;[0m
2026-10-09T04:07:29.7159689Z [36;1m  esac[0m
2026-10-09T04:07:29.7160742Z [36;1m  if [[ "${MANUAL_NATIVE_UPGRADE}" == "true" ]]; then[0m
2026-10-09T04:07:29.7162078Z [36;1m    native_upgrade=true[0m
2026-10-09T04:07:29.7163109Z [36;1m  fi[0m
2026-10-09T04:07:29.7163925Z [36;1melse[0m
2026-10-09T04:07:29.7164915Z [36;1m  release_config=${RELEASE_CONFIG_CHANGED}[0m
2026-10-09T04:07:29.7166651Z [36;1m  if [[ "${HEAD_REF}" == release/v* && "${NON_RELEASE_MIRROR_CHANGED}" != "true" ]]; then[0m
2026-10-09T04:07:29.7169211Z [36;1m    echo "Generated version-only release PR: platform build fan-out is intentionally suppressed."[0m
2026-10-09T04:07:29.7171089Z [36;1m  else[0m
2026-10-09T04:07:29.7172000Z [36;1m    backend=${BACKEND_CHANGED}[0m
2026-10-09T04:07:29.7173129Z [36;1m    web=${WEB_CHANGED}[0m
2026-10-09T04:07:29.7174197Z [36;1m    wear=${WEAR_CHANGED}[0m
2026-10-09T04:07:29.7175402Z [36;1m    native_runtime=${NATIVE_RUNTIME_CHANGED}[0m
2026-10-09T04:07:29.7176902Z [36;1m    native_package=${NATIVE_PACKAGE_CHANGED}[0m
2026-10-09T04:07:29.7178129Z [36;1m  fi[0m
2026-10-09T04:07:29.7179077Z [36;1mfi[0m
2026-10-09T04:07:29.7179881Z [36;1m[0m
2026-10-09T04:07:29.7181036Z [36;1mecho "release_config=${release_config}" >> "${GITHUB_OUTPUT}"[0m
2026-10-09T04:07:29.7182693Z [36;1mecho "backend=${backend}" >> "${GITHUB_OUTPUT}"[0m
2026-10-09T04:07:29.7184096Z [36;1mecho "web=${web}" >> "${GITHUB_OUTPUT}"[0m
2026-10-09T04:07:29.7185429Z [36;1mecho "wear=${wear}" >> "${GITHUB_OUTPUT}"[0m
2026-10-09T04:07:29.7186976Z [36;1mecho "native_runtime=${native_runtime}" >> "${GITHUB_OUTPUT}"[0m
2026-10-09T04:07:29.7188808Z [36;1mecho "native_package=${native_package}" >> "${GITHUB_OUTPUT}"[0m
2026-10-09T04:07:29.7190748Z [36;1mecho "web_release=${web_release}" >> "${GITHUB_OUTPUT}"[0m
2026-10-09T04:07:29.7192531Z [36;1mecho "native_release=${native_release}" >> "${GITHUB_OUTPUT}"[0m
2026-10-09T04:07:29.7194382Z [36;1mecho "native_upgrade=${native_upgrade}" >> "${GITHUB_OUTPUT}"[0m
2026-10-09T04:07:29.7367957Z shell: /usr/bin/bash --noprofile --norc -e -o pipefail {0}
2026-10-09T04:07:29.7369597Z env:
2026-10-09T04:07:29.7370427Z   EVENT_NAME: pull_request
2026-10-09T04:07:29.7371441Z   HEAD_REF: fix/quantity-entry-448
2026-10-09T04:07:29.7372549Z   RELEASE_CONFIG_CHANGED: false
2026-10-09T04:07:29.7373592Z   BACKEND_CHANGED: false
2026-10-09T04:07:29.7374536Z   WEB_CHANGED: true
2026-10-09T04:07:29.7375417Z   WEAR_CHANGED: false
2026-10-09T04:07:29.7376347Z   NATIVE_RUNTIME_CHANGED: true
2026-10-09T04:07:29.7377387Z   NATIVE_PACKAGE_CHANGED: false
2026-10-09T04:07:29.7378424Z   NON_RELEASE_MIRROR_CHANGED: true
2026-10-09T04:07:29.7379652Z   MANUAL_VALIDATION_SCOPE: configuration-only
2026-10-09T04:07:29.7380862Z   MANUAL_NATIVE_UPGRADE: false
2026-10-09T04:07:29.7381894Z ##[endgroup]
2026-10-09T04:07:29.7585292Z Evaluate and set job outputs
2026-10-09T04:07:29.7596569Z Set output 'release_config'
2026-10-09T04:07:29.7599676Z Set output 'backend'
2026-10-09T04:07:29.7601374Z Set output 'web'
2026-10-09T04:07:29.7602559Z Set output 'wear'
2026-10-09T04:07:29.7603795Z Set output 'native_runtime'
2026-10-09T04:07:29.7605114Z Set output 'native_package'
2026-10-09T04:07:29.7606411Z Set output 'web_release'
2026-10-09T04:07:29.7607696Z Set output 'native_release'
2026-10-09T04:07:29.7609199Z Set output 'native_upgrade'
2026-10-09T04:07:29.7611118Z Cleaning up orphan processes
2026-10-09T04:07:29.7942629Z ##[warning]Node.js 20 is deprecated. The following actions target Node.js 20 but are being forced to run on Node.js 24: dorny/paths-filter@0e4a8c6effa4802afeda77dc8d303f8176d7dfad. For more information see: https://github.blog/changelog/2025-09-19-deprecation-of-node-20-on-github-actions-runners/
