2026-10-09T04:07:21.8278045Z Current runner version: '2.337.0'
2026-10-09T04:07:21.8303792Z ##[group]Runner Image Provisioner
2026-10-09T04:07:21.8304791Z Hosted Compute Agent
2026-10-09T04:07:21.8305373Z Version: 20261002.596
2026-10-09T04:07:21.8306029Z Commit: c3d12f3313a95f25162a1503be624f3b0617f8c0
2026-10-09T04:07:21.8306755Z Build Date: 2026-10-02T22:28:27Z
2026-10-09T04:07:21.8307447Z Worker ID: {c4d31c89-a387-4891-8f89-62df51077126}
2026-10-09T04:07:21.8308243Z Region: westcentralus
2026-10-09T04:07:21.8308818Z Cloud: Azure
2026-10-09T04:07:21.8309327Z ##[endgroup]
2026-10-09T04:07:21.8311499Z ##[group]Operating System
2026-10-09T04:07:21.8312143Z Ubuntu
2026-10-09T04:07:21.8312782Z 24.04.5
2026-10-09T04:07:21.8313287Z LTS
2026-10-09T04:07:21.8313781Z ##[endgroup]
2026-10-09T04:07:21.8314413Z ##[group]Runner Image
2026-10-09T04:07:21.8314999Z Image: ubuntu-24.04
2026-10-09T04:07:21.8315624Z Version: 20261004.327.1
2026-10-09T04:07:21.8316898Z Included Software: https://github.com/actions/runner-images/blob/ubuntu24/20261004.327/images/ubuntu/Ubuntu2404-Readme.md
2026-10-09T04:07:21.8318486Z Image Release: https://github.com/actions/runner-images/releases/tag/ubuntu24%2F20261004.327
2026-10-09T04:07:21.8319439Z ##[endgroup]
2026-10-09T04:07:21.8320999Z ##[group]GITHUB_TOKEN Permissions
2026-10-09T04:07:21.8322921Z Contents: read
2026-10-09T04:07:21.8323602Z Metadata: read
2026-10-09T04:07:21.8324184Z PullRequests: read
2026-10-09T04:07:21.8324806Z ##[endgroup]
2026-10-09T04:07:21.8326981Z Secret source: Actions
2026-10-09T04:07:21.8327883Z Cache mode: write
2026-10-09T04:07:21.8328660Z Prepare workflow directory
2026-10-09T04:07:21.8680941Z Prepare all required actions
2026-10-09T04:07:21.8729448Z Getting action download info
2026-10-09T04:07:22.1575580Z Download action repository 'dorny/paths-filter@v3' (SHA:0e4a8c6effa4802afeda77dc8d303f8176d7dfad)
2026-10-09T04:07:22.7824827Z Complete job name: Classify Database Inputs
2026-10-09T04:07:22.8576005Z ##[group]Run dorny/paths-filter@v3
2026-10-09T04:07:22.8576924Z with:
2026-10-09T04:07:22.8581197Z   filters: database:
  - '.github/workflows/database-upgrade.yml'
  - 'backend/package.json'
  - 'backend/package-lock.json'
  - 'backend/prisma.config.ts'
  - 'backend/prisma/**'
  - 'backend/src/config/database.ts'
  - 'backend/src/config/databaseUtils.ts'
  - 'backend/src/observability.ts'
  - 'backend/src/services/materializedWeightTrend.ts'
  - 'backend/src/services/weightTrend*.ts'
  - 'backend/src/utils/date.ts'
  - 'backend/tsconfig.json'
  - 'deploy/backup/**'
  - 'scripts/postgres-*.mjs'
  - 'shared/weightTrend*.ts'
migrations:
  - '.github/workflows/database-upgrade.yml'
  - 'backend/prisma/migrations/**'
  - 'scripts/postgres-rollback-smoke.mjs'
  - 'scripts/postgres-rollback-smoke.test.mjs'

2026-10-09T04:07:22.8588465Z   token: ***
2026-10-09T04:07:22.8588907Z   list-files: none
2026-10-09T04:07:22.8589366Z   initial-fetch-depth: 100
2026-10-09T04:07:22.8589911Z   predicate-quantifier: some
2026-10-09T04:07:22.8590838Z ##[endgroup]
2026-10-09T04:07:22.9518203Z ##[group]Fetching list of changed files for PR#456 from Github API
2026-10-09T04:07:22.9520036Z Invoking listFiles(pull_number: 456, per_page: 100)
2026-10-09T04:07:23.3450784Z Received 3 items
2026-10-09T04:07:23.3452860Z [added] e2e/expo-web/food-quantity-entry.spec.ts
2026-10-09T04:07:23.3455274Z [modified] mobile/src/components/AddFoodSheet.tsx
2026-10-09T04:07:23.3457342Z [modified] mobile/src/food/FoodLogContent.tsx
2026-10-09T04:07:23.3461122Z ##[endgroup]
2026-10-09T04:07:23.3462654Z Detected 3 changed files
2026-10-09T04:07:23.3464292Z Results:
2026-10-09T04:07:23.3466561Z ##[group]Filter database = false
2026-10-09T04:07:23.3468203Z Matching files: none
2026-10-09T04:07:23.3470678Z ##[endgroup]
2026-10-09T04:07:23.3473083Z ##[group]Filter migrations = false
2026-10-09T04:07:23.3474960Z Matching files: none
2026-10-09T04:07:23.3477673Z ##[endgroup]
2026-10-09T04:07:23.3479946Z Changes output set to []
2026-10-09T04:07:23.3881261Z ##[group]Run echo "database=${DATABASE_CHANGED}" >> "${GITHUB_OUTPUT}"
2026-10-09T04:07:23.3883693Z [36;1mecho "database=${DATABASE_CHANGED}" >> "${GITHUB_OUTPUT}"[0m
2026-10-09T04:07:23.3885704Z [36;1mecho "migrations=${MIGRATIONS_CHANGED}" >> "${GITHUB_OUTPUT}"[0m
2026-10-09T04:07:23.4146137Z shell: /usr/bin/bash --noprofile --norc -e -o pipefail {0}
2026-10-09T04:07:23.4147703Z env:
2026-10-09T04:07:23.4148567Z   DATABASE_CHANGED: false
2026-10-09T04:07:23.4149618Z   MIGRATIONS_CHANGED: false
2026-10-09T04:07:23.4150859Z ##[endgroup]
2026-10-09T04:07:23.4388880Z Evaluate and set job outputs
2026-10-09T04:07:23.4396995Z Set output 'database'
2026-10-09T04:07:23.4399607Z Set output 'migrations'
2026-10-09T04:07:23.4402107Z Cleaning up orphan processes
2026-10-09T04:07:23.4837903Z ##[warning]Node.js 20 is deprecated. The following actions target Node.js 20 but are being forced to run on Node.js 24: dorny/paths-filter@v3. For more information see: https://github.blog/changelog/2025-09-19-deprecation-of-node-20-on-github-actions-runners/
