2026-10-08T22:35:53.9929949Z Current runner version: '2.337.0'
2026-10-08T22:35:53.9949399Z ##[group]Runner Image Provisioner
2026-10-08T22:35:53.9949971Z Hosted Compute Agent
2026-10-08T22:35:53.9950424Z Version: 20261002.596
2026-10-08T22:35:53.9950849Z Commit: c3d12f3313a95f25162a1503be624f3b0617f8c0
2026-10-08T22:35:53.9951380Z Build Date: 2026-10-02T22:28:27Z
2026-10-08T22:35:53.9951820Z Worker ID: {07f99d80-e0b8-4754-8274-b5561de22876}
2026-10-08T22:35:53.9952237Z Region: centralus
2026-10-08T22:35:53.9952645Z Cloud: Azure
2026-10-08T22:35:53.9952995Z ##[endgroup]
2026-10-08T22:35:53.9954037Z ##[group]Operating System
2026-10-08T22:35:53.9954441Z Ubuntu
2026-10-08T22:35:53.9954779Z 24.04.5
2026-10-08T22:35:53.9955154Z LTS
2026-10-08T22:35:53.9955496Z ##[endgroup]
2026-10-08T22:35:53.9955967Z ##[group]Runner Image
2026-10-08T22:35:53.9956379Z Image: ubuntu-24.04
2026-10-08T22:35:53.9956757Z Version: 20261004.327.1
2026-10-08T22:35:53.9957632Z Included Software: https://github.com/actions/runner-images/blob/ubuntu24/20261004.327/images/ubuntu/Ubuntu2404-Readme.md
2026-10-08T22:35:53.9958631Z Image Release: https://github.com/actions/runner-images/releases/tag/ubuntu24%2F20261004.327
2026-10-08T22:35:53.9959282Z ##[endgroup]
2026-10-08T22:35:53.9960040Z ##[group]GITHUB_TOKEN Permissions
2026-10-08T22:35:53.9961540Z Contents: read
2026-10-08T22:35:53.9961945Z Metadata: read
2026-10-08T22:35:53.9962362Z PullRequests: read
2026-10-08T22:35:53.9962729Z ##[endgroup]
2026-10-08T22:35:53.9964357Z Secret source: Actions
2026-10-08T22:35:53.9965046Z Cache mode: write
2026-10-08T22:35:53.9965492Z Prepare workflow directory
2026-10-08T22:35:54.0221136Z Prepare all required actions
2026-10-08T22:35:54.0261814Z Getting action download info
2026-10-08T22:35:54.2353785Z Download action repository 'dorny/paths-filter@0e4a8c6effa4802afeda77dc8d303f8176d7dfad' (SHA:0e4a8c6effa4802afeda77dc8d303f8176d7dfad)
2026-10-08T22:35:54.6363131Z Complete job name: Classify Build Inputs
2026-10-08T22:35:54.6880079Z ##[group]Run dorny/paths-filter@0e4a8c6effa4802afeda77dc8d303f8176d7dfad
2026-10-08T22:35:54.6880672Z with:
2026-10-08T22:35:54.6887355Z   filters: release_config:
  - '.github/native-release-tag-allowed-signers'
  - '.github/native-play-attestation-trusted-workflow-shas'
  - '.github/ios-release-attestation-trusted-workflow-shas'
  - '.github/release-image-attestation-trusted-workflow-shas'
  - 'tools/eas-cli/**'
  - '.github/workflows/**'
  - 'backend/package.json'
  - 'backend/package-lock.json'
  - 'deploy/**'
  - 'docs/openapi/**'
  - 'docs/release-acceptance.md'
  - 'mobile/app.config.js'
  - 'mobile/app.json'
  - 'mobile/eas.json'
  - 'mobile/package.json'
  - 'package.json'
  - 'package-lock.json'
  - 'packages/api-client/src/generated/**'
  - 'playwright.ux.config.ts'
  - 'quality/**'
  - 'scripts/**'
  - 'shared/client-diagnostic-versions.json'
  - 'shared/release.json'
  - 'shared/ios-release.json'
  - 'wear/**'
backend:
  - 'backend/**'
  - 'shared/**'
web:
  - 'e2e/expo-web/fixtures.ts'
  - 'e2e/expo-web/release-smoke.spec.ts'
  - 'mobile/app/**'
  - 'mobile/assets/**'
  - 'mobile/public/**'
  - 'mobile/src/**'
  - 'mobile/app.config.js'
  - 'mobile/app.json'
  - 'mobile/babel.config.js'
  - 'mobile/index.js'
  - 'mobile/metro.config.js'
  - 'mobile/modules/**'
  - 'mobile/package.json'
  - 'mobile/tsconfig.json'
  - 'package.json'
  - 'package-lock.json'
  - 'packages/api-client/**'
  - 'playwright.expo-web.config.ts'
  - 'scripts/expo-cli-environment.mjs'
  - 'scripts/expo-web-build.mjs'
  - 'scripts/expo-web-playwright.mjs'
  - 'scripts/expo-web-release.mjs'
  - 'scripts/expo-web-release.test.mjs'
  - 'scripts/expo-web-static-server.mjs'
  - 'scripts/expo-web-static-server.test.mjs'
  - 'shared/**'
wear:
  - 'wear/**'
native_runtime:
  - 'mobile/app/**'
  - 'mobile/assets/**'
  - 'mobile/src/**'
  - 'mobile/app.config.js'
  - 'mobile/app.json'
  - 'mobile/babel.config.js'
  - 'mobile/index.js'
  - 'mobile/metro.config.js'
  - 'mobile/modules/**'
  - 'mobile/package.json'
  - 'package-lock.json'
  - 'packages/api-client/**'
  - 'scripts/xcode-uuid-compatibility.test.mjs'
  - 'shared/**'
native_package:
  - 'mobile/app.config.js'
  - 'mobile/app.json'
  - 'mobile/eas.json'
  - 'mobile/assets/**'
  - 'mobile/modules/**'
  - 'mobile/package.json'
  - 'mobile/plugins/**'
  - 'package-lock.json'

2026-10-08T22:35:54.6896573Z   token: ***
2026-10-08T22:35:54.6896825Z   list-files: none
2026-10-08T22:35:54.6897087Z   initial-fetch-depth: 100
2026-10-08T22:35:54.6897372Z   predicate-quantifier: some
2026-10-08T22:35:54.6897771Z ##[endgroup]
2026-10-08T22:35:54.7576780Z ##[group]Fetching list of changed files for PR#452 from Github API
2026-10-08T22:35:54.7577496Z Invoking listFiles(pull_number: 452, per_page: 100)
2026-10-08T22:35:55.1963489Z Received 86 items
2026-10-08T22:35:55.1964330Z [added] .github/ios-release-attestation-trusted-workflow-shas
2026-10-08T22:35:55.1965156Z [modified] .github/workflows/builds.yml
2026-10-08T22:35:55.1965910Z [modified] .github/workflows/cut-release.yml
2026-10-08T22:35:55.1966581Z [modified] .github/workflows/expo-ota-update.yml
2026-10-08T22:35:55.1967312Z [added] .github/workflows/native-ios-release.yml
2026-10-08T22:35:55.1967987Z [modified] .github/workflows/native-release.yml
2026-10-08T22:35:55.1968635Z [modified] .github/workflows/publish-release.yml
2026-10-08T22:35:55.1969288Z [added] .github/workflows/unified-ota-release.yml
2026-10-08T22:35:55.1969932Z [added] .github/workflows/unified-release-handler.yml
2026-10-08T22:35:55.1970784Z [added] .github/workflows/unified-release.yml
2026-10-08T22:35:55.1971463Z [added] .github/workflows/unified-server-handler.yml
2026-10-08T22:35:55.1972205Z [added] .github/workflows/unified-server-request.yml
2026-10-08T22:35:55.1972974Z [added] docs/unified-releases.md
2026-10-08T22:35:55.1973839Z [modified] mobile/app.config.js
2026-10-08T22:35:55.1974553Z [modified] mobile/app.config.test.cjs
2026-10-08T22:35:55.1975249Z [modified] mobile/app.json
2026-10-08T22:35:55.1975869Z [modified] mobile/eas.json
2026-10-08T22:35:55.1976935Z [modified] package.json
2026-10-08T22:35:55.1977500Z [modified] scripts/expo-ota-artifact.mjs
2026-10-08T22:35:55.1978135Z [modified] scripts/expo-ota-artifact.test.mjs
2026-10-08T22:35:55.1978789Z [modified] scripts/ghcr-release-receipt.mjs
2026-10-08T22:35:55.1979441Z [modified] scripts/ghcr-release-receipt.test.mjs
2026-10-08T22:35:55.1980079Z [added] scripts/ios-app-config.test.mjs
2026-10-08T22:35:55.1980632Z [added] scripts/ios-artifact.mjs
2026-10-08T22:35:55.1981134Z [added] scripts/ios-artifact.test.mjs
2026-10-08T22:35:55.1981572Z [added] scripts/ios-ota-artifact.mjs
2026-10-08T22:35:55.1981911Z [added] scripts/ios-ota-artifact.test.mjs
2026-10-08T22:35:55.1982262Z [added] scripts/ios-release.mjs
2026-10-08T22:35:55.1982637Z [added] scripts/ios-release.test.mjs
2026-10-08T22:35:55.1982997Z [modified] scripts/native-config.mjs
2026-10-08T22:35:55.1983678Z [modified] scripts/native-config.test.mjs
2026-10-08T22:35:55.1984380Z [modified] scripts/native-eas-credentials.mjs
2026-10-08T22:35:55.1985127Z [modified] scripts/native-internal-release.mjs
2026-10-08T22:35:55.1986014Z [modified] scripts/native-internal-release.test.mjs
2026-10-08T22:35:55.1986789Z [modified] scripts/native-play-receipt.mjs
2026-10-08T22:35:55.1987528Z [modified] scripts/native-play-receipt.test.mjs
2026-10-08T22:35:55.1988289Z [modified] scripts/native-release-build.mjs
2026-10-08T22:35:55.1988997Z [modified] scripts/native-release-build.test.mjs
2026-10-08T22:35:55.1989590Z [modified] scripts/native.test.mjs
2026-10-08T22:35:55.1990025Z [added] scripts/release-baselines.mjs
2026-10-08T22:35:55.1990385Z [added] scripts/release-baselines.test.mjs
2026-10-08T22:35:55.1990742Z [added] scripts/release-build-config.mjs
2026-10-08T22:35:55.1991132Z [added] scripts/release-build-config.test.mjs
2026-10-08T22:35:55.1991575Z [added] scripts/release-candidate.mjs
2026-10-08T22:35:55.1991921Z [added] scripts/release-candidate.test.mjs
2026-10-08T22:35:55.1992300Z [modified] scripts/release-config.mjs
2026-10-08T22:35:55.1992646Z [added] scripts/release-controller.mjs
2026-10-08T22:35:55.1993014Z [added] scripts/release-controller.test.mjs
2026-10-08T22:35:55.1993813Z [added] scripts/release-github.mjs
2026-10-08T22:35:55.1994160Z [added] scripts/release-github.test.mjs
2026-10-08T22:35:55.1994511Z [added] scripts/release-image.mjs
2026-10-08T22:35:55.1994914Z [added] scripts/release-image.test.mjs
2026-10-08T22:35:55.1995346Z [added] scripts/release-inputs.mjs
2026-10-08T22:35:55.1995771Z [added] scripts/release-inputs.test.mjs
2026-10-08T22:35:55.1996203Z [added] scripts/release-ios-receipt.mjs
2026-10-08T22:35:55.1996672Z [added] scripts/release-ios-receipt.test.mjs
2026-10-08T22:35:55.1997132Z [added] scripts/release-ios-worker.mjs
2026-10-08T22:35:55.1997588Z [added] scripts/release-ios-worker.test.mjs
2026-10-08T22:35:55.1998035Z [added] scripts/release-journal.mjs
2026-10-08T22:35:55.1998460Z [added] scripts/release-journal.test.mjs
2026-10-08T22:35:55.1998904Z [added] scripts/release-operation.mjs
2026-10-08T22:35:55.1999390Z [added] scripts/release-ota-provider.mjs
2026-10-08T22:35:55.1999798Z [added] scripts/release-ota-provider.test.mjs
2026-10-08T22:35:55.2000276Z [added] scripts/release-ota-worker.mjs
2026-10-08T22:35:55.2000649Z [added] scripts/release-ota-worker.test.mjs
2026-10-08T22:35:55.2001004Z [added] scripts/release-plan.mjs
2026-10-08T22:35:55.2001331Z [added] scripts/release-plan.test.mjs
2026-10-08T22:35:55.2001817Z [added] scripts/release-providers.mjs
2026-10-08T22:35:55.2002371Z [added] scripts/release-providers.test.mjs
2026-10-08T22:35:55.2002936Z [modified] scripts/release-request.mjs
2026-10-08T22:35:55.2003637Z [modified] scripts/release-request.test.mjs
2026-10-08T22:35:55.2004230Z [added] scripts/release-retirement-github.mjs
2026-10-08T22:35:55.2004868Z [added] scripts/release-retirement-github.test.mjs
2026-10-08T22:35:55.2005522Z [added] scripts/release-retirement.mjs
2026-10-08T22:35:55.2006129Z [added] scripts/release-runner.mjs
2026-10-08T22:35:55.2006647Z [added] scripts/release-runner.test.mjs
2026-10-08T22:35:55.2006999Z [added] scripts/release-server-handoff.mjs
2026-10-08T22:35:55.2007375Z [added] scripts/release-server-handoff.test.mjs
2026-10-08T22:35:55.2007744Z [added] scripts/release-snapshot.mjs
2026-10-08T22:35:55.2008083Z [added] scripts/release-snapshot.test.mjs
2026-10-08T22:35:55.2008425Z [added] scripts/release-source.mjs
2026-10-08T22:35:55.2008750Z [added] scripts/release-source.test.mjs
2026-10-08T22:35:55.2009259Z [modified] scripts/release-workflow-contract.test.mjs
2026-10-08T22:35:55.2009881Z [added] scripts/unified-release.mjs
2026-10-08T22:35:55.2010419Z [added] scripts/unified-release.test.mjs
2026-10-08T22:35:55.2010893Z [added] shared/ios-release.json
2026-10-08T22:35:55.2012334Z ##[endgroup]
2026-10-08T22:35:55.2012736Z Detected 86 changed files
2026-10-08T22:35:55.2013235Z Results:
2026-10-08T22:35:55.2014116Z ##[group]Filter release_config = true
2026-10-08T22:35:55.2014636Z Matching files:
2026-10-08T22:35:55.2015080Z .github/ios-release-attestation-trusted-workflow-shas [added]
2026-10-08T22:35:55.2015536Z .github/workflows/builds.yml [modified]
2026-10-08T22:35:55.2015906Z .github/workflows/cut-release.yml [modified]
2026-10-08T22:35:55.2016334Z .github/workflows/expo-ota-update.yml [modified]
2026-10-08T22:35:55.2016728Z .github/workflows/native-ios-release.yml [added]
2026-10-08T22:35:55.2017131Z .github/workflows/native-release.yml [modified]
2026-10-08T22:35:55.2017537Z .github/workflows/publish-release.yml [modified]
2026-10-08T22:35:55.2017950Z .github/workflows/unified-ota-release.yml [added]
2026-10-08T22:35:55.2018363Z .github/workflows/unified-release-handler.yml [added]
2026-10-08T22:35:55.2018770Z .github/workflows/unified-release.yml [added]
2026-10-08T22:35:55.2019166Z .github/workflows/unified-server-handler.yml [added]
2026-10-08T22:35:55.2019594Z .github/workflows/unified-server-request.yml [added]
2026-10-08T22:35:55.2019973Z mobile/app.config.js [modified]
2026-10-08T22:35:55.2020288Z mobile/app.json [modified]
2026-10-08T22:35:55.2020600Z mobile/eas.json [modified]
2026-10-08T22:35:55.2020895Z package.json [modified]
2026-10-08T22:35:55.2021355Z scripts/expo-ota-artifact.mjs [modified]
2026-10-08T22:35:55.2021722Z scripts/expo-ota-artifact.test.mjs [modified]
2026-10-08T22:35:55.2022106Z scripts/ghcr-release-receipt.mjs [modified]
2026-10-08T22:35:55.2022494Z scripts/ghcr-release-receipt.test.mjs [modified]
2026-10-08T22:35:55.2022875Z scripts/ios-app-config.test.mjs [added]
2026-10-08T22:35:55.2023213Z scripts/ios-artifact.mjs [added]
2026-10-08T22:35:55.2023680Z scripts/ios-artifact.test.mjs [added]
2026-10-08T22:35:55.2024022Z scripts/ios-ota-artifact.mjs [added]
2026-10-08T22:35:55.2024362Z scripts/ios-ota-artifact.test.mjs [added]
2026-10-08T22:35:55.2024705Z scripts/ios-release.mjs [added]
2026-10-08T22:35:55.2025018Z scripts/ios-release.test.mjs [added]
2026-10-08T22:35:55.2025348Z scripts/native-config.mjs [modified]
2026-10-08T22:35:55.2025686Z scripts/native-config.test.mjs [modified]
2026-10-08T22:35:55.2026053Z scripts/native-eas-credentials.mjs [modified]
2026-10-08T22:35:55.2026439Z scripts/native-internal-release.mjs [modified]
2026-10-08T22:35:55.2026843Z scripts/native-internal-release.test.mjs [modified]
2026-10-08T22:35:55.2027237Z scripts/native-play-receipt.mjs [modified]
2026-10-08T22:35:55.2027612Z scripts/native-play-receipt.test.mjs [modified]
2026-10-08T22:35:55.2028042Z scripts/native-release-build.mjs [modified]
2026-10-08T22:35:55.2028425Z scripts/native-release-build.test.mjs [modified]
2026-10-08T22:35:55.2028797Z scripts/native.test.mjs [modified]
2026-10-08T22:35:55.2029176Z scripts/release-baselines.mjs [added]
2026-10-08T22:35:55.2029532Z scripts/release-baselines.test.mjs [added]
2026-10-08T22:35:55.2029910Z scripts/release-build-config.mjs [added]
2026-10-08T22:35:55.2030314Z scripts/release-build-config.test.mjs [added]
2026-10-08T22:35:55.2030715Z scripts/release-candidate.mjs [added]
2026-10-08T22:35:55.2031060Z scripts/release-candidate.test.mjs [added]
2026-10-08T22:35:55.2031605Z scripts/release-config.mjs [modified]
2026-10-08T22:35:55.2031979Z scripts/release-controller.mjs [added]
2026-10-08T22:35:55.2032367Z scripts/release-controller.test.mjs [added]
2026-10-08T22:35:55.2032743Z scripts/release-github.mjs [added]
2026-10-08T22:35:55.2033107Z scripts/release-github.test.mjs [added]
2026-10-08T22:35:55.2033645Z scripts/release-image.mjs [added]
2026-10-08T22:35:55.2034290Z scripts/release-image.test.mjs [added]
2026-10-08T22:35:55.2034804Z scripts/release-inputs.mjs [added]
2026-10-08T22:35:55.2035162Z scripts/release-inputs.test.mjs [added]
2026-10-08T22:35:55.2035514Z scripts/release-ios-receipt.mjs [added]
2026-10-08T22:35:55.2035893Z scripts/release-ios-receipt.test.mjs [added]
2026-10-08T22:35:55.2036303Z scripts/release-ios-worker.mjs [added]
2026-10-08T22:35:55.2036692Z scripts/release-ios-worker.test.mjs [added]
2026-10-08T22:35:55.2037082Z scripts/release-journal.mjs [added]
2026-10-08T22:35:55.2037461Z scripts/release-journal.test.mjs [added]
2026-10-08T22:35:55.2037862Z scripts/release-operation.mjs [added]
2026-10-08T22:35:55.2038242Z scripts/release-ota-provider.mjs [added]
2026-10-08T22:35:55.2038655Z scripts/release-ota-provider.test.mjs [added]
2026-10-08T22:35:55.2039065Z scripts/release-ota-worker.mjs [added]
2026-10-08T22:35:55.2039457Z scripts/release-ota-worker.test.mjs [added]
2026-10-08T22:35:55.2039905Z scripts/release-plan.mjs [added]
2026-10-08T22:35:55.2040265Z scripts/release-plan.test.mjs [added]
2026-10-08T22:35:55.2040648Z scripts/release-providers.mjs [added]
2026-10-08T22:35:55.2041042Z scripts/release-providers.test.mjs [added]
2026-10-08T22:35:55.2041444Z scripts/release-request.mjs [modified]
2026-10-08T22:35:55.2041839Z scripts/release-request.test.mjs [modified]
2026-10-08T22:35:55.2042259Z scripts/release-retirement-github.mjs [added]
2026-10-08T22:35:55.2042714Z scripts/release-retirement-github.test.mjs [added]
2026-10-08T22:35:55.2043143Z scripts/release-retirement.mjs [added]
2026-10-08T22:35:55.2043796Z scripts/release-runner.mjs [added]
2026-10-08T22:35:55.2044173Z scripts/release-runner.test.mjs [added]
2026-10-08T22:35:55.2044568Z scripts/release-server-handoff.mjs [added]
2026-10-08T22:35:55.2045159Z scripts/release-server-handoff.test.mjs [added]
2026-10-08T22:35:55.2045583Z scripts/release-snapshot.mjs [added]
2026-10-08T22:35:55.2045993Z scripts/release-snapshot.test.mjs [added]
2026-10-08T22:35:55.2046389Z scripts/release-source.mjs [added]
2026-10-08T22:35:55.2046771Z scripts/release-source.test.mjs [added]
2026-10-08T22:35:55.2047221Z scripts/release-workflow-contract.test.mjs [modified]
2026-10-08T22:35:55.2047697Z scripts/unified-release.mjs [added]
2026-10-08T22:35:55.2048062Z scripts/unified-release.test.mjs [added]
2026-10-08T22:35:55.2048415Z shared/ios-release.json [added]
2026-10-08T22:35:55.2048968Z ##[endgroup]
2026-10-08T22:35:55.2049437Z ##[group]Filter backend = true
2026-10-08T22:35:55.2049759Z Matching files:
2026-10-08T22:35:55.2050060Z shared/ios-release.json [added]
2026-10-08T22:35:55.2050706Z ##[endgroup]
2026-10-08T22:35:55.2051408Z ##[group]Filter web = true
2026-10-08T22:35:55.2051827Z Matching files:
2026-10-08T22:35:55.2052148Z mobile/app.config.js [modified]
2026-10-08T22:35:55.2052499Z mobile/app.json [modified]
2026-10-08T22:35:55.2052838Z package.json [modified]
2026-10-08T22:35:55.2053133Z shared/ios-release.json [added]
2026-10-08T22:35:55.2053765Z ##[endgroup]
2026-10-08T22:35:55.2054197Z ##[group]Filter wear = false
2026-10-08T22:35:55.2054502Z Matching files: none
2026-10-08T22:35:55.2054932Z ##[endgroup]
2026-10-08T22:35:55.2055394Z ##[group]Filter native_runtime = true
2026-10-08T22:35:55.2055723Z Matching files:
2026-10-08T22:35:55.2056014Z mobile/app.config.js [modified]
2026-10-08T22:35:55.2056334Z mobile/app.json [modified]
2026-10-08T22:35:55.2056639Z shared/ios-release.json [added]
2026-10-08T22:35:55.2057109Z ##[endgroup]
2026-10-08T22:35:55.2057541Z ##[group]Filter native_package = true
2026-10-08T22:35:55.2057867Z Matching files:
2026-10-08T22:35:55.2058141Z mobile/app.config.js [modified]
2026-10-08T22:35:55.2058561Z mobile/app.json [modified]
2026-10-08T22:35:55.2058858Z mobile/eas.json [modified]
2026-10-08T22:35:55.2059389Z ##[endgroup]
2026-10-08T22:35:55.2060072Z Changes output set to ["release_config","backend","web","native_runtime","native_package"]
2026-10-08T22:35:55.2219805Z ##[group]Run dorny/paths-filter@0e4a8c6effa4802afeda77dc8d303f8176d7dfad
2026-10-08T22:35:55.2220271Z with:
2026-10-08T22:35:55.2220528Z   predicate-quantifier: every
2026-10-08T22:35:55.2221685Z   filters: non_release_mirror:
  - '**'
  - '!backend/package-lock.json'
  - '!backend/package.json'
  - '!docs/openapi/v1.yaml'
  - '!package-lock.json'
  - '!package.json'
  - '!packages/api-client/src/generated/v1.ts'
  - '!shared/client-diagnostic-versions.json'
  - '!shared/release.json'

2026-10-08T22:35:55.2225014Z   token: ***
2026-10-08T22:35:55.2225274Z   list-files: none
2026-10-08T22:35:55.2225545Z   initial-fetch-depth: 100
2026-10-08T22:35:55.2225836Z ##[endgroup]
2026-10-08T22:35:55.2846217Z ##[group]Fetching list of changed files for PR#452 from Github API
2026-10-08T22:35:55.2850854Z Invoking listFiles(pull_number: 452, per_page: 100)
2026-10-08T22:35:55.7251734Z Received 86 items
2026-10-08T22:35:55.7252795Z [added] .github/ios-release-attestation-trusted-workflow-shas
2026-10-08T22:35:55.7254111Z [modified] .github/workflows/builds.yml
2026-10-08T22:35:55.7254965Z [modified] .github/workflows/cut-release.yml
2026-10-08T22:35:55.7255871Z [modified] .github/workflows/expo-ota-update.yml
2026-10-08T22:35:55.7256844Z [added] .github/workflows/native-ios-release.yml
2026-10-08T22:35:55.7257848Z [modified] .github/workflows/native-release.yml
2026-10-08T22:35:55.7258965Z [modified] .github/workflows/publish-release.yml
2026-10-08T22:35:55.7260106Z [added] .github/workflows/unified-ota-release.yml
2026-10-08T22:35:55.7261522Z [added] .github/workflows/unified-release-handler.yml
2026-10-08T22:35:55.7262957Z [added] .github/workflows/unified-release.yml
2026-10-08T22:35:55.7264131Z [added] .github/workflows/unified-server-handler.yml
2026-10-08T22:35:55.7265172Z [added] .github/workflows/unified-server-request.yml
2026-10-08T22:35:55.7266594Z [added] docs/unified-releases.md
2026-10-08T22:35:55.7267427Z [modified] mobile/app.config.js
2026-10-08T22:35:55.7268291Z [modified] mobile/app.config.test.cjs
2026-10-08T22:35:55.7269203Z [modified] mobile/app.json
2026-10-08T22:35:55.7269914Z [modified] mobile/eas.json
2026-10-08T22:35:55.7270597Z [modified] package.json
2026-10-08T22:35:55.7271455Z [modified] scripts/expo-ota-artifact.mjs
2026-10-08T22:35:55.7272566Z [modified] scripts/expo-ota-artifact.test.mjs
2026-10-08T22:35:55.7274484Z [modified] scripts/ghcr-release-receipt.mjs
2026-10-08T22:35:55.7275688Z [modified] scripts/ghcr-release-receipt.test.mjs
2026-10-08T22:35:55.7277105Z [added] scripts/ios-app-config.test.mjs
2026-10-08T22:35:55.7278227Z [added] scripts/ios-artifact.mjs
2026-10-08T22:35:55.7279183Z [added] scripts/ios-artifact.test.mjs
2026-10-08T22:35:55.7280153Z [added] scripts/ios-ota-artifact.mjs
2026-10-08T22:35:55.7281185Z [added] scripts/ios-ota-artifact.test.mjs
2026-10-08T22:35:55.7282260Z [added] scripts/ios-release.mjs
2026-10-08T22:35:55.7283297Z [added] scripts/ios-release.test.mjs
2026-10-08T22:35:55.7284759Z [modified] scripts/native-config.mjs
2026-10-08T22:35:55.7285910Z [modified] scripts/native-config.test.mjs
2026-10-08T22:35:55.7287158Z [modified] scripts/native-eas-credentials.mjs
2026-10-08T22:35:55.7288501Z [modified] scripts/native-internal-release.mjs
2026-10-08T22:35:55.7289858Z [modified] scripts/native-internal-release.test.mjs
2026-10-08T22:35:55.7291179Z [modified] scripts/native-play-receipt.mjs
2026-10-08T22:35:55.7292473Z [modified] scripts/native-play-receipt.test.mjs
2026-10-08T22:35:55.7293861Z [modified] scripts/native-release-build.mjs
2026-10-08T22:35:55.7295157Z [modified] scripts/native-release-build.test.mjs
2026-10-08T22:35:55.7296448Z [modified] scripts/native.test.mjs
2026-10-08T22:35:55.7297572Z [added] scripts/release-baselines.mjs
2026-10-08T22:35:55.7298710Z [added] scripts/release-baselines.test.mjs
2026-10-08T22:35:55.7299853Z [added] scripts/release-build-config.mjs
2026-10-08T22:35:55.7301001Z [added] scripts/release-build-config.test.mjs
2026-10-08T22:35:55.7302178Z [added] scripts/release-candidate.mjs
2026-10-08T22:35:55.7303603Z [added] scripts/release-candidate.test.mjs
2026-10-08T22:35:55.7304694Z [modified] scripts/release-config.mjs
2026-10-08T22:35:55.7305727Z [added] scripts/release-controller.mjs
2026-10-08T22:35:55.7306678Z [added] scripts/release-controller.test.mjs
2026-10-08T22:35:55.7307627Z [added] scripts/release-github.mjs
2026-10-08T22:35:55.7308502Z [added] scripts/release-github.test.mjs
2026-10-08T22:35:55.7309608Z [added] scripts/release-image.mjs
2026-10-08T22:35:55.7310807Z [added] scripts/release-image.test.mjs
2026-10-08T22:35:55.7311819Z [added] scripts/release-inputs.mjs
2026-10-08T22:35:55.7312677Z [added] scripts/release-inputs.test.mjs
2026-10-08T22:35:55.7313740Z [added] scripts/release-ios-receipt.mjs
2026-10-08T22:35:55.7314655Z [added] scripts/release-ios-receipt.test.mjs
2026-10-08T22:35:55.7315597Z [added] scripts/release-ios-worker.mjs
2026-10-08T22:35:55.7316538Z [added] scripts/release-ios-worker.test.mjs
2026-10-08T22:35:55.7317468Z [added] scripts/release-journal.mjs
2026-10-08T22:35:55.7318345Z [added] scripts/release-journal.test.mjs
2026-10-08T22:35:55.7319257Z [added] scripts/release-operation.mjs
2026-10-08T22:35:55.7320161Z [added] scripts/release-ota-provider.mjs
2026-10-08T22:35:55.7321379Z [added] scripts/release-ota-provider.test.mjs
2026-10-08T22:35:55.7322533Z [added] scripts/release-ota-worker.mjs
2026-10-08T22:35:55.7324207Z [added] scripts/release-ota-worker.test.mjs
2026-10-08T22:35:55.7325237Z [added] scripts/release-plan.mjs
2026-10-08T22:35:55.7326104Z [added] scripts/release-plan.test.mjs
2026-10-08T22:35:55.7326994Z [added] scripts/release-providers.mjs
2026-10-08T22:35:55.7327897Z [added] scripts/release-providers.test.mjs
2026-10-08T22:35:55.7328833Z [modified] scripts/release-request.mjs
2026-10-08T22:35:55.7329753Z [modified] scripts/release-request.test.mjs
2026-10-08T22:35:55.7330721Z [added] scripts/release-retirement-github.mjs
2026-10-08T22:35:55.7331912Z [added] scripts/release-retirement-github.test.mjs
2026-10-08T22:35:55.7332942Z [added] scripts/release-retirement.mjs
2026-10-08T22:35:55.7334061Z [added] scripts/release-runner.mjs
2026-10-08T22:35:55.7334936Z [added] scripts/release-runner.test.mjs
2026-10-08T22:35:55.7335880Z [added] scripts/release-server-handoff.mjs
2026-10-08T22:35:55.7336910Z [added] scripts/release-server-handoff.test.mjs
2026-10-08T22:35:55.7337936Z [added] scripts/release-snapshot.mjs
2026-10-08T22:35:55.7338882Z [added] scripts/release-snapshot.test.mjs
2026-10-08T22:35:55.7339832Z [added] scripts/release-source.mjs
2026-10-08T22:35:55.7340720Z [added] scripts/release-source.test.mjs
2026-10-08T22:35:55.7341711Z [modified] scripts/release-workflow-contract.test.mjs
2026-10-08T22:35:55.7342739Z [added] scripts/unified-release.mjs
2026-10-08T22:35:55.7343814Z [added] scripts/unified-release.test.mjs
2026-10-08T22:35:55.7344723Z [added] shared/ios-release.json
2026-10-08T22:35:55.7346566Z ##[endgroup]
2026-10-08T22:35:55.7347179Z Detected 86 changed files
2026-10-08T22:35:55.7347852Z Results:
2026-10-08T22:35:55.7348916Z ##[group]Filter non_release_mirror = true
2026-10-08T22:35:55.7349728Z Matching files:
2026-10-08T22:35:55.7350588Z .github/ios-release-attestation-trusted-workflow-shas [added]
2026-10-08T22:35:55.7351721Z .github/workflows/builds.yml [modified]
2026-10-08T22:35:55.7352915Z .github/workflows/cut-release.yml [modified]
2026-10-08T22:35:55.7354095Z .github/workflows/expo-ota-update.yml [modified]
2026-10-08T22:35:55.7355065Z .github/workflows/native-ios-release.yml [added]
2026-10-08T22:35:55.7356043Z .github/workflows/native-release.yml [modified]
2026-10-08T22:35:55.7357009Z .github/workflows/publish-release.yml [modified]
2026-10-08T22:35:55.7357979Z .github/workflows/unified-ota-release.yml [added]
2026-10-08T22:35:55.7359044Z .github/workflows/unified-release-handler.yml [added]
2026-10-08T22:35:55.7360956Z .github/workflows/unified-release.yml [added]
2026-10-08T22:35:55.7362161Z .github/workflows/unified-server-handler.yml [added]
2026-10-08T22:35:55.7363207Z .github/workflows/unified-server-request.yml [added]
2026-10-08T22:35:55.7364992Z docs/unified-releases.md [added]
2026-10-08T22:35:55.7365891Z mobile/app.config.js [modified]
2026-10-08T22:35:55.7366838Z mobile/app.config.test.cjs [modified]
2026-10-08T22:35:55.7367625Z mobile/app.json [modified]
2026-10-08T22:35:55.7368294Z mobile/eas.json [modified]
2026-10-08T22:35:55.7369010Z scripts/expo-ota-artifact.mjs [modified]
2026-10-08T22:35:55.7369886Z scripts/expo-ota-artifact.test.mjs [modified]
2026-10-08T22:35:55.7370801Z scripts/ghcr-release-receipt.mjs [modified]
2026-10-08T22:35:55.7371729Z scripts/ghcr-release-receipt.test.mjs [modified]
2026-10-08T22:35:55.7372665Z scripts/ios-app-config.test.mjs [added]
2026-10-08T22:35:55.7373803Z scripts/ios-artifact.mjs [added]
2026-10-08T22:35:55.7374590Z scripts/ios-artifact.test.mjs [added]
2026-10-08T22:35:55.7375473Z scripts/ios-ota-artifact.mjs [added]
2026-10-08T22:35:55.7376292Z scripts/ios-ota-artifact.test.mjs [added]
2026-10-08T22:35:55.7377107Z scripts/ios-release.mjs [added]
2026-10-08T22:35:55.7377858Z scripts/ios-release.test.mjs [added]
2026-10-08T22:35:55.7378640Z scripts/native-config.mjs [modified]
2026-10-08T22:35:55.7379474Z scripts/native-config.test.mjs [modified]
2026-10-08T22:35:55.7380347Z scripts/native-eas-credentials.mjs [modified]
2026-10-08T22:35:55.7381261Z scripts/native-internal-release.mjs [modified]
2026-10-08T22:35:55.7382215Z scripts/native-internal-release.test.mjs [modified]
2026-10-08T22:35:55.7383158Z scripts/native-play-receipt.mjs [modified]
2026-10-08T22:35:55.7384239Z scripts/native-play-receipt.test.mjs [modified]
2026-10-08T22:35:55.7385154Z scripts/native-release-build.mjs [modified]
2026-10-08T22:35:55.7386055Z scripts/native-release-build.test.mjs [modified]
2026-10-08T22:35:55.7386937Z scripts/native.test.mjs [modified]
2026-10-08T22:35:55.7387712Z scripts/release-baselines.mjs [added]
2026-10-08T22:35:55.7388535Z scripts/release-baselines.test.mjs [added]
2026-10-08T22:35:55.7389507Z scripts/release-build-config.mjs [added]
2026-10-08T22:35:55.7390369Z scripts/release-build-config.test.mjs [added]
2026-10-08T22:35:55.7391230Z scripts/release-candidate.mjs [added]
2026-10-08T22:35:55.7392046Z scripts/release-candidate.test.mjs [added]
2026-10-08T22:35:55.7392883Z scripts/release-config.mjs [modified]
2026-10-08T22:35:55.7393911Z scripts/release-controller.mjs [added]
2026-10-08T22:35:55.7394759Z scripts/release-controller.test.mjs [added]
2026-10-08T22:35:55.7395597Z scripts/release-github.mjs [added]
2026-10-08T22:35:55.7396380Z scripts/release-github.test.mjs [added]
2026-10-08T22:35:55.7397189Z scripts/release-image.mjs [added]
2026-10-08T22:35:55.7397957Z scripts/release-image.test.mjs [added]
2026-10-08T22:35:55.7398754Z scripts/release-inputs.mjs [added]
2026-10-08T22:35:55.7399535Z scripts/release-inputs.test.mjs [added]
2026-10-08T22:35:55.7400358Z scripts/release-ios-receipt.mjs [added]
2026-10-08T22:35:55.7401231Z scripts/release-ios-receipt.test.mjs [added]
2026-10-08T22:35:55.7402098Z scripts/release-ios-worker.mjs [added]
2026-10-08T22:35:55.7402942Z scripts/release-ios-worker.test.mjs [added]
2026-10-08T22:35:55.7403953Z scripts/release-journal.mjs [added]
2026-10-08T22:35:55.7404737Z scripts/release-journal.test.mjs [added]
2026-10-08T22:35:55.7405560Z scripts/release-operation.mjs [added]
2026-10-08T22:35:55.7406357Z scripts/release-ota-provider.mjs [added]
2026-10-08T22:35:55.7407218Z scripts/release-ota-provider.test.mjs [added]
2026-10-08T22:35:55.7408079Z scripts/release-ota-worker.mjs [added]
2026-10-08T22:35:55.7408893Z scripts/release-ota-worker.test.mjs [added]
2026-10-08T22:35:55.7409714Z scripts/release-plan.mjs [added]
2026-10-08T22:35:55.7410463Z scripts/release-plan.test.mjs [added]
2026-10-08T22:35:55.7411248Z scripts/release-providers.mjs [added]
2026-10-08T22:35:55.7412053Z scripts/release-providers.test.mjs [added]
2026-10-08T22:35:55.7412889Z scripts/release-request.mjs [modified]
2026-10-08T22:35:55.7413915Z scripts/release-request.test.mjs [modified]
2026-10-08T22:35:55.7414791Z scripts/release-retirement-github.mjs [added]
2026-10-08T22:35:55.7415843Z scripts/release-retirement-github.test.mjs [added]
2026-10-08T22:35:55.7416748Z scripts/release-retirement.mjs [added]
2026-10-08T22:35:55.7417551Z scripts/release-runner.mjs [added]
2026-10-08T22:35:55.7418339Z scripts/release-runner.test.mjs [added]
2026-10-08T22:35:55.7419164Z scripts/release-server-handoff.mjs [added]
2026-10-08T22:35:55.7420043Z scripts/release-server-handoff.test.mjs [added]
2026-10-08T22:35:55.7420920Z scripts/release-snapshot.mjs [added]
2026-10-08T22:35:55.7421714Z scripts/release-snapshot.test.mjs [added]
2026-10-08T22:35:55.7422526Z scripts/release-source.mjs [added]
2026-10-08T22:35:55.7423285Z scripts/release-source.test.mjs [added]
2026-10-08T22:35:55.7424323Z scripts/release-workflow-contract.test.mjs [modified]
2026-10-08T22:35:55.7425232Z scripts/unified-release.mjs [added]
2026-10-08T22:35:55.7426009Z scripts/unified-release.test.mjs [added]
2026-10-08T22:35:55.7426798Z shared/ios-release.json [added]
2026-10-08T22:35:55.7428064Z ##[endgroup]
2026-10-08T22:35:55.7428688Z Changes output set to ["non_release_mirror"]
2026-10-08T22:35:55.7537136Z ##[group]Run release_config=false
2026-10-08T22:35:55.7538044Z [36;1mrelease_config=false[0m
2026-10-08T22:35:55.7538716Z [36;1mbackend=false[0m
2026-10-08T22:35:55.7539328Z [36;1mweb=false[0m
2026-10-08T22:35:55.7539903Z [36;1mwear=false[0m
2026-10-08T22:35:55.7540500Z [36;1mnative_runtime=false[0m
2026-10-08T22:35:55.7541180Z [36;1mnative_package=false[0m
2026-10-08T22:35:55.7542953Z [36;1mweb_release=false[0m
2026-10-08T22:35:55.7543908Z [36;1mnative_release=false[0m
2026-10-08T22:35:55.7544575Z [36;1mnative_upgrade=false[0m
2026-10-08T22:35:55.7545225Z [36;1m[0m
2026-10-08T22:35:55.7545902Z [36;1mif [[ "${EVENT_NAME}" == "workflow_dispatch" ]]; then[0m
2026-10-08T22:35:55.7546808Z [36;1m  release_config=true[0m
2026-10-08T22:35:55.7547542Z [36;1m  case "${MANUAL_VALIDATION_SCOPE}" in[0m
2026-10-08T22:35:55.7548524Z [36;1m    web)[0m
2026-10-08T22:35:55.7549105Z [36;1m      web=true[0m
2026-10-08T22:35:55.7549758Z [36;1m      web_release=true[0m
2026-10-08T22:35:55.7550470Z [36;1m      ;;[0m
2026-10-08T22:35:55.7551032Z [36;1m    native)[0m
2026-10-08T22:35:55.7551633Z [36;1m      wear=true[0m
2026-10-08T22:35:55.7552292Z [36;1m      native_runtime=true[0m
2026-10-08T22:35:55.7553010Z [36;1m      native_package=true[0m
2026-10-08T22:35:55.7553889Z [36;1m      native_release=true[0m
2026-10-08T22:35:55.7554558Z [36;1m      ;;[0m
2026-10-08T22:35:55.7555121Z [36;1m    web-and-native)[0m
2026-10-08T22:35:55.7555767Z [36;1m      web=true[0m
2026-10-08T22:35:55.7556372Z [36;1m      wear=true[0m
2026-10-08T22:35:55.7557005Z [36;1m      native_runtime=true[0m
2026-10-08T22:35:55.7557705Z [36;1m      native_package=true[0m
2026-10-08T22:35:55.7558413Z [36;1m      web_release=true[0m
2026-10-08T22:35:55.7559096Z [36;1m      native_release=true[0m
2026-10-08T22:35:55.7559782Z [36;1m      ;;[0m
2026-10-08T22:35:55.7560369Z [36;1m    configuration-only)[0m
2026-10-08T22:35:55.7561037Z [36;1m      ;;[0m
2026-10-08T22:35:55.7561581Z [36;1m    *)[0m
2026-10-08T22:35:55.7562478Z [36;1m      echo "Unknown manual validation scope: ${MANUAL_VALIDATION_SCOPE}" >&2[0m
2026-10-08T22:35:55.7563658Z [36;1m      exit 1[0m
2026-10-08T22:35:55.7564228Z [36;1m      ;;[0m
2026-10-08T22:35:55.7564767Z [36;1m  esac[0m
2026-10-08T22:35:55.7565442Z [36;1m  if [[ "${MANUAL_NATIVE_UPGRADE}" == "true" ]]; then[0m
2026-10-08T22:35:55.7566315Z [36;1m    native_upgrade=true[0m
2026-10-08T22:35:55.7566981Z [36;1m  fi[0m
2026-10-08T22:35:55.7567515Z [36;1melse[0m
2026-10-08T22:35:55.7568148Z [36;1m  release_config=${RELEASE_CONFIG_CHANGED}[0m
2026-10-08T22:35:55.7569336Z [36;1m  if [[ "${HEAD_REF}" == release/v* && "${NON_RELEASE_MIRROR_CHANGED}" != "true" ]]; then[0m
2026-10-08T22:35:55.7570946Z [36;1m    echo "Generated version-only release PR: platform build fan-out is intentionally suppressed."[0m
2026-10-08T22:35:55.7572193Z [36;1m  else[0m
2026-10-08T22:35:55.7572783Z [36;1m    backend=${BACKEND_CHANGED}[0m
2026-10-08T22:35:55.7573600Z [36;1m    web=${WEB_CHANGED}[0m
2026-10-08T22:35:55.7574284Z [36;1m    wear=${WEAR_CHANGED}[0m
2026-10-08T22:35:55.7575064Z [36;1m    native_runtime=${NATIVE_RUNTIME_CHANGED}[0m
2026-10-08T22:35:55.7575969Z [36;1m    native_package=${NATIVE_PACKAGE_CHANGED}[0m
2026-10-08T22:35:55.7576765Z [36;1m  fi[0m
2026-10-08T22:35:55.7577292Z [36;1mfi[0m
2026-10-08T22:35:55.7577807Z [36;1m[0m
2026-10-08T22:35:55.7578547Z [36;1mecho "release_config=${release_config}" >> "${GITHUB_OUTPUT}"[0m
2026-10-08T22:35:55.7579639Z [36;1mecho "backend=${backend}" >> "${GITHUB_OUTPUT}"[0m
2026-10-08T22:35:55.7580556Z [36;1mecho "web=${web}" >> "${GITHUB_OUTPUT}"[0m
2026-10-08T22:35:55.7581431Z [36;1mecho "wear=${wear}" >> "${GITHUB_OUTPUT}"[0m
2026-10-08T22:35:55.7582458Z [36;1mecho "native_runtime=${native_runtime}" >> "${GITHUB_OUTPUT}"[0m
2026-10-08T22:35:55.7583805Z [36;1mecho "native_package=${native_package}" >> "${GITHUB_OUTPUT}"[0m
2026-10-08T22:35:55.7585189Z [36;1mecho "web_release=${web_release}" >> "${GITHUB_OUTPUT}"[0m
2026-10-08T22:35:55.7586322Z [36;1mecho "native_release=${native_release}" >> "${GITHUB_OUTPUT}"[0m
2026-10-08T22:35:55.7587499Z [36;1mecho "native_upgrade=${native_upgrade}" >> "${GITHUB_OUTPUT}"[0m
2026-10-08T22:35:55.7805394Z shell: /usr/bin/bash --noprofile --norc -e -o pipefail {0}
2026-10-08T22:35:55.7806360Z env:
2026-10-08T22:35:55.7806933Z   EVENT_NAME: pull_request
2026-10-08T22:35:55.7807637Z   HEAD_REF: mchartier/unified-release-447
2026-10-08T22:35:55.7808441Z   RELEASE_CONFIG_CHANGED: true
2026-10-08T22:35:55.7809120Z   BACKEND_CHANGED: true
2026-10-08T22:35:55.7809728Z   WEB_CHANGED: true
2026-10-08T22:35:55.7810300Z   WEAR_CHANGED: false
2026-10-08T22:35:55.7810909Z   NATIVE_RUNTIME_CHANGED: true
2026-10-08T22:35:55.7811595Z   NATIVE_PACKAGE_CHANGED: true
2026-10-08T22:35:55.7812508Z   NON_RELEASE_MIRROR_CHANGED: true
2026-10-08T22:35:55.7813260Z   MANUAL_VALIDATION_SCOPE: configuration-only
2026-10-08T22:35:55.7814148Z   MANUAL_NATIVE_UPGRADE: false
2026-10-08T22:35:55.7814844Z ##[endgroup]
2026-10-08T22:35:55.8005859Z Evaluate and set job outputs
2026-10-08T22:35:55.8014889Z Set output 'release_config'
2026-10-08T22:35:55.8016730Z Set output 'backend'
2026-10-08T22:35:55.8017860Z Set output 'web'
2026-10-08T22:35:55.8018635Z Set output 'wear'
2026-10-08T22:35:55.8019413Z Set output 'native_runtime'
2026-10-08T22:35:55.8020252Z Set output 'native_package'
2026-10-08T22:35:55.8021102Z Set output 'web_release'
2026-10-08T22:35:55.8021912Z Set output 'native_release'
2026-10-08T22:35:55.8022772Z Set output 'native_upgrade'
2026-10-08T22:35:55.8024048Z Cleaning up orphan processes
2026-10-08T22:35:55.8330524Z ##[warning]Node.js 20 is deprecated. The following actions target Node.js 20 but are being forced to run on Node.js 24: dorny/paths-filter@0e4a8c6effa4802afeda77dc8d303f8176d7dfad. For more information see: https://github.blog/changelog/2025-09-19-deprecation-of-node-20-on-github-actions-runners/
