[WebServer] (node:38404) Warning: The 'NO_COLOR' env is ignored due to the 'FORCE_COLOR' env being set.
[WebServer] (Use `node --trace-warnings ...` to show where the warning was created)

Running 18 tests using 1 worker

(node:35544) Warning: The 'NO_COLOR' env is ignored due to the 'FORCE_COLOR' env being set.
(Use `node --trace-warnings ...` to show where the warning was created)
  ok  1 [android-phone-chrome] ΓÇ║ controls.spec.ts:31:6 ΓÇ║ existing 0.125 immediate (2.0s)
  ok  2 [android-phone-chrome] ΓÇ║ controls.spec.ts:32:6 ΓÇ║ add 0.125 immediate (2.6s)
  ok  3 [android-phone-chrome] ΓÇ║ controls.spec.ts:31:6 ΓÇ║ existing 0.125 blur (1.8s)
  ok  4 [android-phone-chrome] ΓÇ║ controls.spec.ts:32:6 ΓÇ║ add 0.125 blur (2.6s)
  ok  5 [android-phone-chrome] ΓÇ║ controls.spec.ts:31:6 ΓÇ║ existing 1.3 immediate (1.7s)
  ok  6 [android-phone-chrome] ΓÇ║ controls.spec.ts:32:6 ΓÇ║ add 1.3 immediate (2.6s)
  ok  7 [android-phone-chrome] ΓÇ║ controls.spec.ts:31:6 ΓÇ║ existing 1.3 blur (1.7s)
  ok  8 [android-phone-chrome] ΓÇ║ controls.spec.ts:32:6 ΓÇ║ add 1.3 blur (2.6s)
  ok  9 [android-phone-chrome] ΓÇ║ controls.spec.ts:31:6 ΓÇ║ existing 1comma3 immediate (1.8s)
  ok 10 [android-phone-chrome] ΓÇ║ controls.spec.ts:32:6 ΓÇ║ add 1comma3 immediate (2.5s)
  ok 11 [android-phone-chrome] ΓÇ║ controls.spec.ts:31:6 ΓÇ║ existing 1comma3 blur (1.8s)
  ok 12 [android-phone-chrome] ΓÇ║ controls.spec.ts:32:6 ΓÇ║ add 1comma3 blur (2.6s)
  ok 13 [android-phone-chrome] ΓÇ║ controls.spec.ts:35:5 ΓÇ║ validation, button increment, six-place edit boundary (1.6s)
  ok 14 [android-phone-chrome] ΓÇ║ controls.spec.ts:37:5 ΓÇ║ offline add and edit replay retain decimals and identities (3.4s)
  ok 15 [android-phone-chrome] ΓÇ║ controls.spec.ts:43:38 ΓÇ║ simulated visual viewport shrink edit (1.4s)
  ok 16 [android-phone-chrome] ΓÇ║ controls.spec.ts:43:38 ΓÇ║ simulated visual viewport shrink add (2.0s)
  ok 17 [android-phone-chrome] ΓÇ║ controls.spec.ts:54:5 ΓÇ║ committed add with lost acknowledgement replays same identity once (2.5s)
  ok 18 [android-phone-chrome] ΓÇ║ controls.spec.ts:58:5 ΓÇ║ add invalid quantities stay unsaved and step buttons preserve typed precision (2.2s)

  18 passed (42.9s)
