Γ£ö complete exact-candidate CI permits finalization, with canonical skips only (1.64ms)
Γ£ö failure CI cannot authorize merge/publication (0.4988ms)
Γ£ö cancelled CI cannot authorize merge/publication (0.1964ms)
Γ£ö timed_out CI cannot authorize merge/publication (0.1588ms)
Γ£ö neutral CI cannot authorize merge/publication (0.7341ms)
Γ£ö skipped CI cannot authorize merge/publication (0.1979ms)
Γ£ö action_required CI cannot authorize merge/publication (0.1548ms)
Γ£ö null CI cannot authorize merge/publication (0.1258ms)
Γ£ö approval-expired zero-job failure reproduces PR432 and blocks (0.1751ms)
Γ£ö empty inventory, pending approval and missing workflows time out without a merge (0.4624ms)
Γ£ö polling allows approval then success and is bounded when approval never arrives (0.4509ms)
Γ£ö newer failed run or rerun cannot fall back to historical green CI (0.2458ms)
Γ£ö wrong event, source, repository, branch or workflow never supplies required success (0.1569ms)
Γ£ö zero jobs, missing required success, unexpected skips and failing jobs fail closed (0.1666ms)
Γ£ö moved head/base/master, closed or draft PR cannot merge (0.1809ms)
Γ£ö final one-shot inspection rejects refs moving during CI reads (0.8316ms)
Γ£ö successful runs must identify this single PR and its tested base/head (0.6372ms)
Γ£ö fresh run read cannot change PR binding or hide a newer mismatched run (0.2468ms)
Γ£ö complete pagination, API denial and truncated inventory are handled explicitly (0.8215ms)
Γ£ö workflow gates merge twice, retains blocked candidates and preserves explicit publication dependency (1.028ms)
Γ£ö trusted candidate CI succeeds without any pull-request-event workflow run (0.5923ms)
Γ£ö trusted CI rejects wrong run, source, event, workflow and attempt (0.424ms)
Γ£ö missing, all-skipped, cancelled and failed trusted validation cannot merge (0.2858ms)
Γ£ö failed-job retry reuses exact-candidate successes but never an older passing job over newer failure (0.1263ms)
Γ£ö trusted jobs remain bound to this run and source and permit only named platform skips (0.2291ms)
Γ£ö trusted premerge inspection rebinds the PR, master and run after inventory reads (0.2262ms)
Γ£ö reusable checkout rejects missing or mixed candidate/source/workflow inputs (0.2147ms)
Γ£ö local reusable workflow callers cover every called job token permission (12.496ms)
Γ£ö Cut release reuses every required CI surface with explicit read-only candidate identity (2.1125ms)
Γ£ö credentialed release workflows pin external actions and the EAS CLI immutably (7.9297ms)
Γ£ö server publication accepts read-only master requests through protected default-branch handlers (2.4172ms)
Γ£ö server publication grants only the operation-specific built-in token permissions (2.5409ms)
Γ£ö Cut release uses a read-only request, protected handler, and scoped token writes (2.4237ms)
Γ£ö prepared release publishing is reusable, recoverable, and idempotent (1.1281ms)
Γ£ö optional self-host deployment consumes the published digest without gating OTA (1.2072ms)
Γ£ö pull requests build and smoke only Web-impacting changes while exhaustive suites stay manual (1.2704ms)
Γ£ö pull requests run backend builds only for backend-impacting paths (0.5632ms)
Γ£ö Android SDK setup explicitly excludes the retired tools package (2.2962ms)
Γ£ö pull requests run targeted native compilation while emulator and upgrade rehearsals stay manual (1.8955ms)
Γ£ö native jobs bind immutable candidate and baseline SHAs for PR and manual events (0.4007ms)
Γ£ö build input classification covers representative paths without cross-surface noise (3.2594ms)
Γ£ö manual Wear emulator runs persistence instrumentation after its release-package smoke (0.4301ms)
Γ£ö release images publish immutable identity and guard the moving latest tag (5.5818ms)
Γ£ö no active workflow deploys to AWS or builds an image for every merged PR (2.2117ms)
Γ£ö active workflows and package scripts do not retain the hosted-result or external-launch ledger (2.9139ms)
Γ£ö hidden workflow evidence paths are explicitly included in artifact uploads (2.0794ms)
Γ£ö Expo OTA separates source export from clean environment-scoped publication (2.5242ms)
Γ£ö native Android store releases build one paired candidate and promote it without rebuilding (4.0862ms)
Γ£ö pull request test suites run only for their affected surfaces (0.7943ms)
Γ£ö database upgrade and rollback select only their affected database surfaces (1.5868ms)
Γ£ö database rollback binds a full candidate SHA for pull requests and manual dispatches (0.2764ms)
Γ£ö dependency audit runs all workspaces only during scheduled or manual maintenance (0.4405ms)
Γ£ö release configuration and PR workflows do not gate merges on package advisories (2.0654ms)
Γ£ö container scan targets production-image inputs while preserving scheduled coverage (0.3969ms)
Γ£ö version-only release PRs validate mirrors without platform build fan-out (1.0996ms)
Γ£ö all pull-request workflow checkouts freeze exact candidate C (0.613ms)
Γ£ö the lean acceptance plan separates automatic critical smoke from exhaustive Web suites (0.4175ms)
Γ£ö manual native rehearsals retain only short-lived diagnostic artifacts (0.5451ms)
Γ£ö PR rollback owns migration safety without a redundant Cut release replay (0.4684ms)
Γ£ö Optional Release Confidence is a manual owner-discretion exact-candidate check (0.4196ms)
Γä╣ tests 60
Γä╣ suites 0
Γä╣ pass 60
Γä╣ fail 0
Γä╣ cancelled 0
Γä╣ skipped 0
Γä╣ todo 0
Γä╣ duration_ms 155.6751
