Loaded Prisma config from prisma.config.ts.

Prisma schema loaded from prisma\schema.prisma.
Datasource "db": PostgreSQL database "postgres", schema "calibrate_upgrade_smoke_goal_pace_331355d6b269218b" at "127.0.0.1:55457"

48 migrations found in prisma/migrations

Applying migration `0001_init`
Applying migration `0002_weight_units_grams`
Applying migration `0003_bodymetric_date_only`
Applying migration `0004_add_profile_fields`
Applying migration `0005_add_user_timezone`
Applying migration `0006_foodlog_local_date`
Applying migration `0007_height_unit_preference`
Applying migration `0008_meal_period_enum`
Applying migration `0009_add_user_profile_image`
Applying migration `0010_my_foods`
Applying migration `0011_add_user_language`
Applying migration `0012_session_store`
Applying migration `0013_food_log_day_completion`
Applying migration `0013_push_subscriptions`
Applying migration `0014_push_subscription_reminders`
Applying migration `0014_push_subscription_user_endpoint_uniqueness`
Applying migration `0015_reminder_preference_flags`
Applying migration `0016_bodymetric_trend_precompute`
Applying migration `0016_in_app_notifications`
Applying migration `0017_haptics_preference`
Applying migration `0017_notification_delivery_channels`
Applying migration `0018_food_log_external_snapshots`
Applying migration `0019_backend_server_audit_indexes`
Applying migration `0020_goal_active_lookup_index`
Applying migration `0021_mobile_native_client`
Applying migration `0022_bind_native_push_to_mobile_session`
Applying migration `0023_client_sync_foundation`
Applying migration `0024_account_lifecycle`
Applying migration `0025_my_food_pinning`
Applying migration `0026_health_connect_activity`
Applying migration `0027_wear_os_pairing`
Applying migration `0028_watch_operation_provenance`
Applying migration `0029_push_subscription_endpoint_ownership`
Applying migration `0030_day_resolution_and_tracking_pauses`
Applying migration `0031_calibration_insights`
Applying migration `0032_weight_trend_v2`
Applying migration `0033_weight_trend_source_revision`
Applying migration `0034_calorie_safety_policy`
Applying migration `0035_account_verification_and_legal_consent`
Applying migration `0036_atomic_onboarding`
Applying migration `0037_saved_foods_library`
Applying migration `0038_settings_trust_center`
Applying migration `0039_mcp_oauth`
Applying migration `0040_ios_native_support`
Applying migration `0041_server_settings`
Applying migration `0043_food_day_comparison`
Applying migration `0044_goal_pace_history`
Applying migration `0045_firebase_identity_foundation`

The following migration(s) have been applied:

migrations/
  ΓööΓöÇ 0001_init/
    ΓööΓöÇ migration.sql
  ΓööΓöÇ 0002_weight_units_grams/
    ΓööΓöÇ migration.sql
  ΓööΓöÇ 0003_bodymetric_date_only/
    ΓööΓöÇ migration.sql
  ΓööΓöÇ 0004_add_profile_fields/
    ΓööΓöÇ migration.sql
  ΓööΓöÇ 0005_add_user_timezone/
    ΓööΓöÇ migration.sql
  ΓööΓöÇ 0006_foodlog_local_date/
    ΓööΓöÇ migration.sql
  ΓööΓöÇ 0007_height_unit_preference/
    ΓööΓöÇ migration.sql
  ΓööΓöÇ 0008_meal_period_enum/
    ΓööΓöÇ migration.sql
  ΓööΓöÇ 0009_add_user_profile_image/
    ΓööΓöÇ migration.sql
  ΓööΓöÇ 0010_my_foods/
    ΓööΓöÇ migration.sql
  ΓööΓöÇ 0011_add_user_language/
    ΓööΓöÇ migration.sql
  ΓööΓöÇ 0012_session_store/
    ΓööΓöÇ migration.sql
  ΓööΓöÇ 0013_food_log_day_completion/
    ΓööΓöÇ migration.sql
  ΓööΓöÇ 0013_push_subscriptions/
    ΓööΓöÇ migration.sql
  ΓööΓöÇ 0014_push_subscription_reminders/
    ΓööΓöÇ migration.sql
  ΓööΓöÇ 0014_push_subscription_user_endpoint_uniqueness/
    ΓööΓöÇ migration.sql
  ΓööΓöÇ 0015_reminder_preference_flags/
    ΓööΓöÇ migration.sql
  ΓööΓöÇ 0016_bodymetric_trend_precompute/
    ΓööΓöÇ migration.sql
  ΓööΓöÇ 0016_in_app_notifications/
    ΓööΓöÇ migration.sql
  ΓööΓöÇ 0017_haptics_preference/
    ΓööΓöÇ migration.sql
  ΓööΓöÇ 0017_notification_delivery_channels/
    ΓööΓöÇ migration.sql
  ΓööΓöÇ 0018_food_log_external_snapshots/
    ΓööΓöÇ migration.sql
  ΓööΓöÇ 0019_backend_server_audit_indexes/
    ΓööΓöÇ migration.sql
  ΓööΓöÇ 0020_goal_active_lookup_index/
    ΓööΓöÇ migration.sql
  ΓööΓöÇ 0021_mobile_native_client/
    ΓööΓöÇ migration.sql
  ΓööΓöÇ 0022_bind_native_push_to_mobile_session/
    ΓööΓöÇ migration.sql
  ΓööΓöÇ 0023_client_sync_foundation/
    ΓööΓöÇ migration.sql
  ΓööΓöÇ 0024_account_lifecycle/
    ΓööΓöÇ migration.sql
  ΓööΓöÇ 0025_my_food_pinning/
    ΓööΓöÇ migration.sql
  ΓööΓöÇ 0026_health_connect_activity/
    ΓööΓöÇ migration.sql
  ΓööΓöÇ 0027_wear_os_pairing/
    ΓööΓöÇ migration.sql
  ΓööΓöÇ 0028_watch_operation_provenance/
    ΓööΓöÇ migration.sql
  ΓööΓöÇ 0029_push_subscription_endpoint_ownership/
    ΓööΓöÇ migration.sql
  ΓööΓöÇ 0030_day_resolution_and_tracking_pauses/
    ΓööΓöÇ migration.sql
  ΓööΓöÇ 0031_calibration_insights/
    ΓööΓöÇ migration.sql
  ΓööΓöÇ 0032_weight_trend_v2/
    ΓööΓöÇ migration.sql
  ΓööΓöÇ 0033_weight_trend_source_revision/
    ΓööΓöÇ migration.sql
  ΓööΓöÇ 0034_calorie_safety_policy/
    ΓööΓöÇ migration.sql
  ΓööΓöÇ 0035_account_verification_and_legal_consent/
    ΓööΓöÇ migration.sql
  ΓööΓöÇ 0036_atomic_onboarding/
    ΓööΓöÇ migration.sql
  ΓööΓöÇ 0037_saved_foods_library/
    ΓööΓöÇ migration.sql
  ΓööΓöÇ 0038_settings_trust_center/
    ΓööΓöÇ migration.sql
  ΓööΓöÇ 0039_mcp_oauth/
    ΓööΓöÇ migration.sql
  ΓööΓöÇ 0040_ios_native_support/
    ΓööΓöÇ migration.sql
  ΓööΓöÇ 0041_server_settings/
    ΓööΓöÇ migration.sql
  ΓööΓöÇ 0043_food_day_comparison/
    ΓööΓöÇ migration.sql
  ΓööΓöÇ 0044_goal_pace_history/
    ΓööΓöÇ migration.sql
  ΓööΓöÇ 0045_firebase_identity_foundation/
    ΓööΓöÇ migration.sql

All migrations have been successfully applied.
[goal-pace-smoke] PASS: overlapping weight route commits; stale pace returns409 with no revision.
[goal-pace-smoke] PASS: overlapping timezone route commits; stale pace returns409 with no revision.
[goal-pace-smoke] PASS: pace-first profile conflict returns retryable409, rolls back, and succeeds on fresh retry.
[goal-pace-smoke] PASS: pace-first overlap makes the later weight safety check review the accepted pace.
[goal-pace-smoke] PASS: weight-first baseline; concurrent goal-first correction, identity/history preservation and atomic sync/receipt replay.
[goal-pace-smoke] PASS: timezone commit before metric acceptance uses current account day, explicit/default dates and stable receipts in both timezone directions.
[goal-pace-smoke] PASS: web/Wear metric writes in both lock orders avoid deadlock, correct same-day baseline with one goal sync event, retain historical baseline, stale-revision conflict and receipt replay.
[goal-pace-smoke] PASS: import create/overwrite corrects only the same-day baseline and sync; KEEP, historical edits and repeated identical imports preserve baseline/history without duplicate goal events.
[goal-pace-smoke] PASS: import timezone overlap repartitions rows, counts and future warnings using the locked account day in both directions; only that day corrects the baseline.
[goal-pace-smoke] PASS: Wear parsed before a timezone change rejects a now-future date after the lock, leaves metric/goal/sync untouched and replays its original rejection.
[goal-pace-smoke] PASS: Wear parsed with an older account day accepts a newly valid date after the timezone lock, corrects its baseline once and replays the receipt.
[goal-pace-smoke] PASS: real Postgres continuity, receipt replay, concurrent stale-editor rejection, immutable completed comparison and intentional new identity.
