npm notice run cal-io@0.38.0 test:release
npm notice run node --test scripts/release-ota-worker.test.mjs scripts/unified-release.test.mjs scripts/release-server-handoff.test.mjs scripts/release-ota-provider.test.mjs scripts/release-controller.test.mjs scripts/release-snapshot.test.mjs scripts/release-baselines.test.mjs scripts/release-build-config.test.mjs scripts/release-image.test.mjs scripts/release-source.test.mjs scripts/release-retirement-github.test.mjs scripts/release-github.test.mjs scripts/release-providers.test.mjs scripts/release-runner.test.mjs scripts/release-candidate.test.mjs scripts/release-plan.test.mjs scripts/release-inputs.test.mjs scripts/release-journal.test.mjs scripts/release-ci-gate.test.mjs scripts/ghcr-release-policy.test.mjs scripts/ghcr-release-receipt.test.mjs scripts/release-config.test.mjs scripts/release-handler-event.test.mjs scripts/release-request.test.mjs scripts/release-workflow-contract.test.mjs scripts/release-acceptance.test.mjs scripts/ux-gates.test.mjs
Γ£ö accepts only single OCI or Docker linux/amd64 image manifests (1.5966ms)
Γ£ö rejects both OCI indexes and Docker manifest lists (0.473ms)
Γ£ö rejects non-linux, non-amd64, malformed, and unsupported single manifests (0.2347ms)
Γ£ö only the exact requested GHCR ref absence response classifies an alias as absent (0.4027ms)
∩╣ú publisher can replace legacy latest indexes without adopting them as immutable release evidence (0.1095ms) # The publisher shell runs on the native Linux Actions lane.
∩╣ú shell composition captures the config digest and emits exactly one manifest digest line (0.0757ms) # The release shell regression runs on the native Linux Actions lane.
Γ£ö protected-master trust set accepts only unique exact allow and revoke directives (2.2224ms)
Γ£ö repository GHCR workflow trust root is comment-only or parses as exact directives (0.7375ms)
Γ£ö trusted-workflows CLI emits current first and retained historical revisions exactly once (9.5182ms)
Γ£ö discovers only exact protected-master signer revisions from cryptographically verified output (2.7708ms)
Γ£ö real Cut release certificate distinguishes the reusable signer from the request handler (0.8925ms)
Γ£ö authorizes current and byte-identical historical workflow revisions across unrelated master advances (0.7257ms)
Γ£ö normal Cut P receipt remains recoverable after canonical release C while current revocation wins (0.3272ms)
Γ£ö changed historical signers require explicit retention except the exact post-hardening Cut parent (0.633ms)
Γ£ö serializes one deterministic exact GHCR release receipt (0.4139ms)
Γ£ö rejects malformed or ambiguously scoped receipt identities (0.3436ms)
Γ£ö CLI verification requires exact canonical bytes and every bound field (10.1944ms)
Single-user pre-release acceptance policy is valid.
Optional manual capabilities: owner-release-confidence, exhaustive-web-regression, native-emulator-and-upgrade.
Γ£ö repository plan encodes the lean single-user pre-release policy (10.1397ms)
Γ£ö dependency audits are maintenance checks rather than pull-request requirements (0.226ms)
Γ£ö plan rejects retired blocking, receipt, and evidence contracts (6.3111ms)
Γ£ö plan rejects unknown, duplicate, and non-canonical release scopes (6.204ms)
Γ£ö plan binds every named job to an existing workflow (5.3627ms)
Γ£ö manual capabilities in mixed workflows are dispatch-only (6.3297ms)
Γ£ö requirements select automatic and optional capabilities by release scope (0.4067ms)
Γ£ö CLI supports only static policy verification (0.6433ms)
Γ£ö CLI validates policy without creating evidence (6.4474ms)
Γ£ö partial success advances only the verified artifact using recomputed immutable source inputs (3.9464ms)
Γ£ö raw journal JSON cannot bypass worker verification, original input checks or workflow ownership (3.004ms)
Γ£ö completed journals with missing stage receipts never masquerade as successful baselines (0.8368ms)
Γ£ö selected OTA native receipt is still independently verified and cannot substitute another worker (1.6418ms)
Γ£ö external configuration validates profile/environment/channel without deriving an endpoint (4.4526ms)
Γ£ö resolved EAS values must match all public build inputs before a paid build starts (0.7962ms)
Γ£ö exact metadata reconstruction android=true ios=false server=null (811.1494ms)
Γ£ö exact metadata reconstruction android=false ios=true server=null (525.1184ms)
Γ£ö exact metadata reconstruction android=false ios=false server=patch (548.6361ms)
Γ£ö exact metadata reconstruction android=true ios=true server=patch (709.7132ms)
Γ£ö candidate request rejects an empty allocation and unknown authority fields (0.5658ms)
Γ£ö candidate verification rejects merge parents before reading candidate files (0.2602ms)
Γ£ö complete exact-candidate CI permits finalization, with canonical skips only (1.9771ms)
Γ£ö failure CI cannot authorize merge/publication (0.659ms)
Γ£ö cancelled CI cannot authorize merge/publication (0.3375ms)
Γ£ö timed_out CI cannot authorize merge/publication (0.2519ms)
Γ£ö neutral CI cannot authorize merge/publication (0.2622ms)
Γ£ö skipped CI cannot authorize merge/publication (1.1454ms)
Γ£ö action_required CI cannot authorize merge/publication (0.3987ms)
Γ£ö null CI cannot authorize merge/publication (0.5386ms)
Γ£ö approval-expired zero-job failure reproduces PR432 and blocks (0.418ms)
Γ£ö empty inventory, pending approval and missing workflows time out without a merge (1.0184ms)
Γ£ö polling allows approval then success and is bounded when approval never arrives (0.8645ms)
Γ£ö newer failed run or rerun cannot fall back to historical green CI (0.5364ms)
Γ£ö wrong event, source, repository, branch or workflow never supplies required success (0.2741ms)
Γ£ö zero jobs, missing required success, unexpected skips and failing jobs fail closed (0.3215ms)
Γ£ö moved head/base/master, closed or draft PR cannot merge (0.314ms)
Γ£ö final one-shot inspection rejects refs moving during CI reads (1.6067ms)
Γ£ö successful runs must identify this single PR and its tested base/head (1.1622ms)
Γ£ö fresh run read cannot change PR binding or hide a newer mismatched run (0.485ms)
Γ£ö complete pagination, API denial and truncated inventory are handled explicitly (1.3089ms)
Γ£ö workflow gates merge twice, retains blocked candidates and preserves explicit publication dependency (0.9336ms)
Γ£ö release checks reject a missing or stale iOS build number (137.3362ms)
Γ£ö semantic versions compare numerically (0.444ms)
Γ£ö server release versions bump strict semantic components without numeric precision loss (0.5986ms)
Γ£ö diagnostics rollout versions must track the current release and exact OpenAPI enums (0.4058ms)
Γ£ö diagnostics rollout versions stay bounded, unique, and within native support floors (0.155ms)
Γ£ö manifest rejects malformed semantic versions (0.252ms)
Γ£ö manifest rejects a minimum client version newer than the release (0.1495ms)
Γ£ö manifest requires a stable native build tag (0.1465ms)
Γ£ö manifest requires the native build tag to identify the phone runtime version (0.1967ms)
Γ£ö manifest assigns globally unique phone and Wear version-code lanes (0.2698ms)
Γ£ö historical prepared validation accepts the exact v0.35.0 source-era native identity only in that mode (0.5805ms)
Γ£ö the recorded v0.35.0 commit is the byte-exact canonical transform of its sole parent (752.2225ms)
Γ£ö modern tooling checks, tags, and verifies the exact pre-iOS canonical image source (1998.3069ms)
Γ£ö manifest rejects version codes above Google Play's limit (0.3127ms)
Γ£ö release metadata is deterministic when source date epoch is supplied (165.7224ms)
Γ£ö release metadata rejects unknown channels (0.546ms)
Γ£ö production tag comes from the manifest and must advance (0.5835ms)
Γ£ö automatic release planning publishes advances, skips an existing version, and rejects regressions (0.3805ms)
Γ£ö prepared release verifier binds the exact annotated origin tag to the checkout and canonical candidate (0.7983ms)
Γ£ö candidate-only verification proves canonical bytes before an immutable tag exists (0.4219ms)
Γ£ö pre-branch candidate verification accepts a canonical child of freshly fetched origin/master (0.3525ms)
Γ£ö pre-branch candidate verification rejects stale parents, wrong commits, and noncanonical bytes (0.706ms)
Γ£ö candidate-only verification rejects an older canonical ancestor before tag mutation (0.316ms)
Γ£ö current release workflow credentials accept exact protected master and the canonical Cut merge only (1.8687ms)
Γ£ö current release workflow credentials reject stale ancestry, changed merge trees, and noncanonical children (0.5558ms)
Γ£ö prepared release verifier rejects synchronized but noncanonical payloads inside allowed mirrors (0.6602ms)
Γ£ö prepared release verifier rejects lightweight, indirect, misnamed, and mismatched tag identities (0.3982ms)
Γ£ö prepared release verifier rejects off-master, moved, multi-parent, and extra-file candidates (0.4485ms)
Γ£ö latest eligibility comes from origin/master and ignores poisoned high off-branch tags (0.5782ms)
Γ£ö release preparation synchronizes every server/web mirror for a patch bump (142.8461ms)
Γ£ö release preparation synchronizes every server/web mirror for a minor bump (140.9891ms)
Γ£ö release preparation synchronizes every server/web mirror for a major bump (156.3172ms)
Γ£ö native version-code allocation advances into permanent odd phone and even Wear lanes (0.4596ms)
Γ£ö published native tag verification fetches an exact remote tag missing locally (1.24ms)
Γ£ö published native tag verification rejects a local-only tag (0.1456ms)
Γ£ö published native tag verification rejects a local tag with a different published object (0.078ms)
Γ£ö published native tag verification binds the signed attestation to the exact origin object (0.2587ms)
Γ£ö published native tag verification rejects a remote tag outside master history (0.1385ms)
Γ£ö published native tag verification fails closed when signed attestation fails (0.1434ms)
Γ£ö published native tag verification applies current origin trust revocation instead of stale local signers (28.8181ms)
Γ£ö release-config check and tag accept an explicit repository root (189.3355ms)
Γ£ö historical-prepared validation requires the exact v0.35.0 mirrors and exact source commit (477.1211ms)
Γ£ö historical-prepared check and tag reject a mirror-consistent modern invalid native identity (261.877ms)
Γ£ö release-config rejects unknown, duplicate, incomplete, and write-command repository-root options (498.6458ms)
Γ£ö native release preparation synchronizes paired identities and every checked mirror (148.4365ms)
Γ£ö modern rehearsal overrides satisfy strict release checks for both native roles and iOS (93.6398ms)
Γ£ö native preparation rolls back every Android, iOS, Wear, and diagnostic mirror after a late validation failure (168.7712ms)
Γ£ö native release preparation refuses an untagged current release without changing files (53.9554ms)
Γ£ö native release preparation rejects ambiguous generated Gradle values before writing mirrors (69.8426ms)
Γ£ö release preparation rejects a pending manifest release without changing files (60.3153ms)
Γ£ö release preparation rejects stale mirrors before making any writes (109.594ms)
Γ£ö local internal preparation advances all native mirrors without a tag or changing the server (128.237ms)
Γ£ö protected preparation cannot disable signed-tag verification with a null callback (0.2442ms)
Γ£ö manual source ownership rejects push, bot, fork and branch-selected requests (3.6871ms)
Γ£ö only the exact protected handler can own the journal; the request run is retained separately (1.0715ms)
Γ£ö no-change manual planning and source preparation have no journal/candidate writes (2.0145ms)
Γ£ö combined plan allocates only native metadata before the separate server worker (2.4321ms)
Γ£ö interruption between configuration and plan persistence resumes the same allocation (2.5215ms)
Γ£ö durable configuration assets retain only a digest and reject changed external inputs on retry (2.8669ms)
Γ£ö missing CI retains the native candidate; changed retry configuration cannot rewrite the plan (5.2437ms)
Γ£ö stale source fails before a new plan or any writes (0.7314ms)
Γ£ö REST adapter scopes credentials, follows complete inventories and distinguishes absence from denial (3.0015ms)
Γ£ö Android allocation invokes the maintained signed origin-tag authority before any candidate writes (1.778ms)
Γ£ö native candidate verification rejects extra payload in an otherwise allowed metadata file (453.02ms)
Γ£ö missing exact candidate CI retains the PR without a merge API call (265.1151ms)
Γ£ö lost merge response reconciles exact parents/tree/master without creating another candidate (533.7015ms)
Γ£ö accepts an exact protected request with GitHub live dynamic run-name (1.8102ms)
Γ£ö dynamic display names are not an authorization input (0.3335ms)
Γ£ö rejects non-success, non-dispatch, non-master, wrong-path, and stale handler runs (0.596ms)
Γ£ö rejects repository substitution and automation actors (0.3429ms)
Γ£ö rejects malformed identifiers and event structures (0.2188ms)
Γ£ö image admission retains exact prepared-tree, config digest, attestation and current signer policy checks (8.4092ms)
Γ£ö image admission rejects changed tags, multi-platform manifests, unrelated and revoked signers (19.8422ms)
Γ£ö platform resolution excludes overridden implementations, tests and unrelated web modules (1.4046ms)
Γ£ö dependency closure follows workspace links and nested resolution, ignoring unrelated tooling (2.2354ms)
Γ£ö locked build compiler dependencies are included without importing unrelated test tool graphs (0.4993ms)
Γ£ö exact snapshots detect platform changes, deletions and renames without allocating for metadata (4.3875ms)
Γ£ö every canonical allocation leaves input fingerprints unchanged (1000.5975ms)
Γ£ö planner edits do not rebuild artifacts while native build settings do (1.1138ms)
Γ£ö profile/platform build settings cannot spend on another platform or publish a needless OTA/image (1.2432ms)
Γ£ö the production image fingerprints every actual web build helper copied by Dockerfile.app (1.3399ms)
Γ£ö executable-bit changes affect artifact inputs and source symlinks cannot bypass inspection (0.7039ms)
Γ£ö foreign journal ownership blocks reads, uploads and completion before mutation (3.2266ms)
Γ£ö append-only journal rejects another writer and survives lost upload response (2.3258ms)
Γ£ö per-operation sequence is durable and exact-byte asset tampering rejects (2.346ms)
Γ£ö lost provider response reconciles once and completed retries reverify (1.7684ms)
Γ£ö unobserved intent and ambiguous provider results never duplicate a request (0.7915ms)
Γ£ö a singleton exact provider discovery is journaled before adoption without another request (2.0211ms)
Γ£ö retirement retains exact original assets, blocks old ID and resumes lost cleanup response (3.7425ms)
Γ£ö cleanup failure retains a blocking tombstone and subsequent run finishes it (1.4646ms)
Γ£ö retirement preserves provider intent (0.5079ms)
Γ£ö retirement preserves provider running (0.4687ms)
Γ£ö retirement preserves provider failed (0.4678ms)
Γ£ö retirement preserves provider complete (0.3698ms)
Γ£ö operation history rejects skipped intent, changed bindings and lost provider IDs (0.7132ms)
Γ£ö all attempts, active runs, incomplete job inventories and unknown assets block retirement (1.0766ms)
Γ£ö runner interruption before plan upload is reconciled without deleting a journal (0.6716ms)
Γ£ö post-rename interruption rechecks provider absence before completing cleanup (1.0053ms)
Γ£ö missing plan requires verified candidate branch absence (0.583ms)
Γ£ö OTA publication uses one inert platform export and verifies every delivered asset byte (5.1289ms)
Γ£ö lost OTA response reconciles the exact existing group and never republishes (1.4862ms)
Γ£ö channel changes, runtime substitution and altered downloaded bytes cannot produce successful receipts (2.2636ms)
Γ£ö android OTA binds selected source/profile/runtime and independently verified native inputs (6.6382ms)
Γ£ö ios OTA binds selected source/profile/runtime and independently verified native inputs (1.197ms)
Γ£ö lost OTA response is adopted exactly once; repeated or empty retry results cannot republish (1.7322ms)
Γ£ö changed export, channel or source cannot use retained publication intent (0.8181ms)
Γ£ö OTA receipt requires the specific protected OTA signer and canonical source/configuration fields (13.253ms)
Γ£ö Android runtime override is limited to an explicit OTA export and cannot affect a native build (3.694ms)
Γ£ö no change compares per-artifact verified receipts and preserves every allocation (3.3225ms)
Γ£ö selects only server/server (0.5629ms)
Γ£ö selects only native/android (0.3919ms)
Γ£ö selects only native/ios (0.4856ms)
Γ£ö selects only bundle/android (0.4894ms)
Γ£ö selects only bundle/ios (0.2466ms)
Γ£ö combined first release builds once per platform and does not duplicate embedded bundles as OTA (0.3514ms)
Γ£ö incompatible OTA remains explicit, with native rebuild selected (0.365ms)
Γ£ö partial success advances only that artifact/profile/platform (0.4686ms)
Γ£ö OTA success for one installed runtime does not hide another compatible runtime (0.3993ms)
Γ£ö source drift, conflicting receipt ordering and exhausted allocations reject (0.4123ms)
Γ£ö receipt admission requires real verifier success and rejects contradictory identities (1.0343ms)
Γ£ö external configuration binds environment and channel without guessing the endpoint (0.9197ms)
Γ£ö downloaded worker receipts must have exact canonical bytes and no extra files (23.6516ms)
Γ£ö iOS provider binds exact locked CLI fields and verifies IPA bytes before receipt (2.4016ms)
Γ£ö iOS provider rejects project, source, runtime, profile, channel and simulator drift (1.2894ms)
Γ£ö iOS provider refuses unknown status and incomplete inventories (0.5956ms)
Γ£ö iOS allocation inventory blocks duplicate or newer provider builds before a paid request (0.7129ms)
Γ£ö workflow dispatch is exact-source and uncertain/partial completion cannot become retryable absence (0.8741ms)
Γ£ö unified manual requests bind exact profiles and real JSON confirmations (2.3771ms)
Γ£ö unified server requests are exact planner-bound selections and always suppress downstream work (0.6281ms)
Γ£ö server request normalizes the five selections into exact worker-specific inputs (0.3769ms)
Γ£ö server requests reject extra fields, invalid selections, and ignored recovery options (1.7658ms)
Γ£ö release requests bind repository, run, attempt, ref, SHA, and operation to the trigger (0.4716ms)
Γ£ö release request artifacts reject missing, extra, nested, oversized, and malformed files (18.7621ms)
Γ£ö release request artifacts reject symbolic links when supported (9.3595ms)
Γ£ö request CLI writes only validated worker routing and primitive inputs (89.9569ms)
Γ£ö actual handler cancellation before plan persistence retires through the GitHub adapter and unblocks allocation (4.7055ms)
Γ£ö actual cancelled execute cannot retire a lost provider response with retained durable intent (3.743ms)
Γ£ö actual-job retirement resumes failRename with original assets retained (2.2612ms)
Γ£ö actual-job retirement resumes loseRename with original assets retained (4.123ms)
Γ£ö actual-job retirement rejects missing phases, unknown jobs and a successful earlier execute (1.9329ms)
Γ£ö retirement reads every attempt and rechecks the run before returning evidence (0.6132ms)
Γ£ö missing earlier jobs, changed ownership and active attempts cannot prove retirement safe (0.4793ms)
Γ£ö closure binds the original bot-owned unmerged candidate and verifies readback (0.5191ms)
Γ£ö no-change plans do not create journals or invoke providers (2.3377ms)
Γ£ö only selected workers run; completed retries verify receipts without another build (5.5739ms)
Γ£ö partial completion retains each success and resumes the running provider ID (5.6483ms)
Γ£ö lost completion rename reconciles without provider duplication (1.8553ms)
Γ£ö missing adapters and stale source fail before any journal or provider mutation (0.5764ms)
Γ£ö master advancement permits reconciliation of retained operations but no new provider request (5.9778ms)
Γ£ö fresh server handoff preserves exact master while binding the original plan and completed native stage (4.086ms)
Γ£ö stale workflow, user dispatch, unrelated parent, missing intent and partial native completion fail closed (5.9027ms)
Γ£ö an image-free plan cannot request a server handoff (0.6211ms)
Γ£ö a successful request cannot count as an image; a failed handler requires independently verified publication (1.6494ms)
Γ£ö snapshot commands receive neither provider credentials nor inherited Node/Git injection settings (0.8709ms)
Γ£ö each exact source owns a credential-free dependency snapshot; repeated reads are cached and isolated (6.6786ms)
Γ£ö native metadata source transitions leave the server-only canonical candidate to its maintained worker (2.0602ms)
Γ£ö changed tree, extra merge parents, marker allocation and unrelated sources reject (1.8675ms)
Γ£ö local reusable workflow callers cover every called job token permission (14.5767ms)
Γ£ö credentialed release workflows pin external actions and the EAS CLI immutably (9.2424ms)
Γ£ö server publication accepts read-only master requests through protected default-branch handlers (2.5365ms)
Γ£ö server operations share one manual entrypoint without redundant request handlers (1.1191ms)
Γ£ö server publication grants only the operation-specific built-in token permissions (2.8124ms)
Γ£ö Cut release uses a read-only request, protected handler, and scoped token writes (2.806ms)
Γ£ö prepared release publishing is reusable, recoverable, and idempotent (1.1982ms)
Γ£ö optional self-host deployment consumes the published digest without gating OTA (1.1619ms)
Γ£ö pull requests build and smoke only Web-impacting changes while exhaustive suites stay manual (1.5504ms)
Γ£ö pull requests run backend builds only for backend-impacting paths (0.4747ms)
Γ£ö Android SDK setup explicitly excludes the retired tools package (3.63ms)
Γ£ö pull requests run targeted native compilation while emulator and upgrade rehearsals stay manual (2.1921ms)
Γ£ö native jobs bind immutable candidate and baseline SHAs for PR and manual events (0.4146ms)
Γ£ö build input classification covers representative paths without cross-surface noise (3.9703ms)
Γ£ö manual Wear emulator runs persistence instrumentation after its release-package smoke (0.5598ms)
Γ£ö release images publish immutable identity and guard the moving latest tag (7.8741ms)
Γ£ö no active workflow deploys to AWS or builds an image for every merged PR (3.62ms)
Γ£ö active workflows and package scripts do not retain the hosted-result or external-launch ledger (4.5806ms)
Γ£ö hidden workflow evidence paths are explicitly included in artifact uploads (3.2425ms)
Γ£ö Expo OTA separates source export from clean environment-scoped publication (2.8282ms)
Γ£ö native Android store releases build one paired candidate and promote it without rebuilding (5.1016ms)
Γ£ö pull request test suites run only for their affected surfaces (1.0547ms)
Γ£ö database upgrade and rollback select only their affected database surfaces (1.0647ms)
Γ£ö database rollback binds a full candidate SHA for pull requests and manual dispatches (0.3378ms)
Γ£ö dependency audit runs all workspaces only during scheduled or manual maintenance (0.4956ms)
Γ£ö release configuration and PR workflows do not gate merges on package advisories (2.9026ms)
Γ£ö container scan targets production-image inputs while preserving scheduled coverage (0.4498ms)
Γ£ö version-only release PRs validate mirrors without platform build fan-out (1.1245ms)
Γ£ö all pull-request workflow checkouts freeze exact candidate C (0.7634ms)
Γ£ö the lean acceptance plan separates automatic critical smoke from exhaustive Web suites (0.4459ms)
Γ£ö manual native rehearsals retain only short-lived diagnostic artifacts (0.5975ms)
Γ£ö PR rollback owns migration safety without a redundant Cut release replay (0.5681ms)
Γ£ö Optional Release Confidence is a manual owner-discretion exact-candidate check (0.5301ms)
Γ£ö selective image publication preserves legacy defaults and cannot implicitly publish OTA or deploy (0.6101ms)
Γ£ö unified operator and automatic server requests are read-only and cannot run on merges (0.5951ms)
Γ£ö fresh server handler verifies read-only before granting only the existing worker publication authority (0.3832ms)
Γ£ö Android configuration validation runs from its actual exact-source checkout before signing (0.3571ms)
Γ£ö iOS build and source-free IPA attestation have separate authority and never submit automatically (0.4124ms)
Γ£ö selected OTA approval precedes environment resolution and every dependent production stage (0.384ms)
Γ£ö selected OTA separates source export, durable GitHub intent and source-free Expo publication (0.423ms)
Γ£ö paired Android dispatch binds planned configuration/profile and requires the original Play acknowledgement (1.9405ms)
Γ£ö Android receipt admission requires both the exact published signed tag and protected attestation (12.3953ms)
Γ£ö read-only planning cannot call candidate, retirement or provider mutation adapters (2.3728ms)
Γ£ö a verified no-change plan allocates nothing (0.4636ms)
Γ£ö protected orchestration selects only server (5.495ms)
Γ£ö protected orchestration selects only native-android (2.7555ms)
Γ£ö protected orchestration selects only native-ios (2.2502ms)
Γ£ö protected orchestration selects only ota-android (1.8614ms)
Γ£ö protected orchestration selects only ota-ios (2.3497ms)
Γ£ö protected orchestration selects only native-android, native-ios, server (3.9104ms)
Γ£ö unavailable adapter stops before candidate writes; missing CI retains candidate without provider calls (0.8995ms)
Γ£ö the request artifact is admitted only after exact repository and run-attempt API verification (0.5246ms)
Γ£ö selects the UX config and the bounded accessibility project (1.3158ms)
Γ£ö runs the visual file across the projects selected by the UX config (0.172ms)
Γ£ö combined UX validation uses one wrapper invocation for both suites (0.11ms)
Γ£ö snapshot updates require an exact explicit approval (0.3067ms)
Γ£ö rejects missing modes and arbitrary Playwright passthrough arguments (0.117ms)
Γ£ö root scripts expose only one guarded snapshot-update command (1.8301ms)
Γ£ö local CI replaces the standalone web build with the blocking UX build and gate (0.5542ms)
Γ£ö host setup provisions lock-pinned Chromium through the repository Playwright CLI (0.4093ms)
Γ£ö the Playwright wrapper accepts only reviewed repository configs (0.4363ms)
Γ£ö the Playwright wrapper preserves the mobile web prebuild lifecycle (0.3836ms)
Γ£ö the legacy exported-web runner is read-only and excludes config-owned suites (0.3978ms)
Γ£ö the wrapper opts into the separately hosted data-state matrix only when named explicitly (0.3009ms)
Γ£ö documentation screenshots require explicit evidence capture (0.651ms)
Γä╣ tests 280
Γä╣ suites 0
Γä╣ pass 278
Γä╣ fail 0
Γä╣ cancelled 0
Γä╣ skipped 2
Γä╣ todo 0
Γä╣ duration_ms 5949.7325
