Γ£ö foreign journal ownership blocks reads, uploads and completion before mutation (2.0806ms)
Γ£ö append-only journal rejects another writer and survives lost upload response (1.1484ms)
Γ£ö per-operation sequence is durable and exact-byte asset tampering rejects (1.2366ms)
Γ£ö lost provider response reconciles once and completed retries reverify (1.0684ms)
Γ£ö unobserved intent and ambiguous provider results never duplicate a request (0.5004ms)
Γ£ö a singleton exact provider discovery is journaled before adoption without another request (1.131ms)
Γ£ö retirement retains exact original assets, blocks old ID and resumes lost cleanup response (1.994ms)
Γ£ö cleanup failure retains a blocking tombstone and subsequent run finishes it (0.6585ms)
Γ£ö retirement preserves provider intent (0.2922ms)
Γ£ö retirement preserves provider running (0.2359ms)
Γ£ö retirement preserves provider failed (0.2074ms)
Γ£ö retirement preserves provider complete (0.193ms)
Γ£ö operation history rejects skipped intent, changed bindings and lost provider IDs (0.4519ms)
Γ£ö all attempts, active runs, incomplete job inventories and unknown assets block retirement (0.6719ms)
Γ£ö runner interruption before plan upload is reconciled without deleting a journal (0.43ms)
Γ£ö post-rename interruption rechecks provider absence before completing cleanup (0.3587ms)
Γ£ö missing plan requires verified candidate branch absence (0.1789ms)
Γ£ö actual handler cancellation before plan persistence retires through the GitHub adapter and unblocks allocation (3.0183ms)
Γ£ö actual cancelled execute cannot retire a lost provider response with retained durable intent (1.9923ms)
Γ£ö actual-job retirement resumes failRename with original assets retained (1.2691ms)
Γ£ö actual-job retirement resumes loseRename with original assets retained (1.7723ms)
Γ£ö actual-job retirement rejects missing phases, unknown jobs and a successful earlier execute (1.0192ms)
Γ£ö retirement reads every attempt and rechecks the run before returning evidence (0.3659ms)
Γ£ö missing earlier jobs, changed ownership and active attempts cannot prove retirement safe (0.2476ms)
Γ£ö closure binds the original bot-owned unmerged candidate and verifies readback (0.2857ms)
Γ£ö no-change plans do not create journals or invoke providers (1.7153ms)
Γ£ö only selected workers run; completed retries verify receipts without another build (3.2439ms)
Γ£ö partial completion retains each success and resumes the running provider ID (2.8676ms)
Γ£ö lost completion rename reconciles without provider duplication (1.0975ms)
Γ£ö missing adapters and stale source fail before any journal or provider mutation (0.4996ms)
Γ£ö master advancement permits reconciliation of retained operations but no new provider request (4.257ms)
Γ£ö local reusable workflow callers cover every called job token permission (12.9164ms)
Γ£ö credentialed release workflows pin external actions and the EAS CLI immutably (8.2688ms)
Γ£ö server publication accepts read-only master requests through protected default-branch handlers (2.2298ms)
Γ£ö server operations share one manual entrypoint without redundant request handlers (0.9331ms)
Γ£ö server publication grants only the operation-specific built-in token permissions (2.6861ms)
Γ£ö Cut release uses a read-only request, protected handler, and scoped token writes (2.4923ms)
Γ£ö prepared release publishing is reusable, recoverable, and idempotent (1.196ms)
Γ£ö optional self-host deployment consumes the published digest without gating OTA (1.1202ms)
Γ£ö pull requests build and smoke only Web-impacting changes while exhaustive suites stay manual (1.4964ms)
Γ£ö pull requests run backend builds only for backend-impacting paths (0.4446ms)
Γ£ö Android SDK setup explicitly excludes the retired tools package (3.0328ms)
Γ£ö pull requests run targeted native compilation while emulator and upgrade rehearsals stay manual (1.9906ms)
Γ£ö native jobs bind immutable candidate and baseline SHAs for PR and manual events (0.3797ms)
Γ£ö build input classification covers representative paths without cross-surface noise (3.0577ms)
Γ£ö manual Wear emulator runs persistence instrumentation after its release-package smoke (0.4001ms)
Γ£ö release images publish immutable identity and guard the moving latest tag (5.8782ms)
Γ£ö no active workflow deploys to AWS or builds an image for every merged PR (3.2316ms)
Γ£ö active workflows and package scripts do not retain the hosted-result or external-launch ledger (3.4513ms)
Γ£ö hidden workflow evidence paths are explicitly included in artifact uploads (2.4102ms)
Γ£ö Expo OTA separates source export from clean environment-scoped publication (2.603ms)
Γ£ö native Android store releases build one paired candidate and promote it without rebuilding (4.8844ms)
Γ£ö pull request test suites run only for their affected surfaces (1.0099ms)
Γ£ö database upgrade and rollback select only their affected database surfaces (1.335ms)
Γ£ö database rollback binds a full candidate SHA for pull requests and manual dispatches (0.3063ms)
Γ£ö dependency audit runs all workspaces only during scheduled or manual maintenance (0.4883ms)
Γ£ö release configuration and PR workflows do not gate merges on package advisories (2.691ms)
Γ£ö container scan targets production-image inputs while preserving scheduled coverage (0.4264ms)
Γ£ö version-only release PRs validate mirrors without platform build fan-out (1.0661ms)
Γ£ö all pull-request workflow checkouts freeze exact candidate C (0.6289ms)
Γ£ö the lean acceptance plan separates automatic critical smoke from exhaustive Web suites (0.4238ms)
Γ£ö manual native rehearsals retain only short-lived diagnostic artifacts (0.6806ms)
Γ£ö PR rollback owns migration safety without a redundant Cut release replay (0.5829ms)
Γ£ö Optional Release Confidence is a manual owner-discretion exact-candidate check (0.5263ms)
Γ£ö selective image publication preserves legacy defaults and cannot implicitly publish OTA or deploy (0.6825ms)
Γ£ö unified operator and automatic server requests are read-only and cannot run on merges (0.6026ms)
Γ£ö fresh server handler verifies read-only before granting only the existing worker publication authority (0.3599ms)
Γ£ö Android configuration validation runs from its actual exact-source checkout before signing (0.3142ms)
Γ£ö iOS build and source-free IPA attestation have separate authority and never submit automatically (0.4195ms)
Γ£ö selected OTA approval precedes environment resolution and every dependent production stage (0.3731ms)
Γ£ö selected OTA separates source export, durable GitHub intent and source-free Expo publication (0.6994ms)
Γä╣ tests 71
Γä╣ suites 0
Γä╣ pass 71
Γä╣ fail 0
Γä╣ cancelled 0
Γä╣ skipped 0
Γä╣ todo 0
Γä╣ duration_ms 172.431
