npm notice run mobile@0.2.7 test
npm notice run jest --runInBand src/offline/provider.test.tsx src/offline/provider.web.test.tsx
FAIL src/offline/provider.web.test.tsx
  ● Console

    console.warn
      An error occurred in the <OfflineOutboxProvider> component.
      
      Consider adding an error boundary to your tree to customize error handling behavior.
      Visit https://react.dev/link/error-boundaries to learn more about error boundaries.

      at defaultOnUncaughtError (../node_modules/react-test-renderer/cjs/react-test-renderer.development.js:6400:15)
      at logUncaughtError (../node_modules/react-test-renderer/cjs/react-test-renderer.development.js:6460:11)
      at runWithFiberInDEV (../node_modules/react-test-renderer/cjs/react-test-renderer.development.js:2315:13)
      at lane.callback (../node_modules/react-test-renderer/cjs/react-test-renderer.development.js:6490:9)
      at callCallback (../node_modules/react-test-renderer/cjs/react-test-renderer.development.js:4625:16)
      at commitCallbacks (../node_modules/react-test-renderer/cjs/react-test-renderer.development.js:4645:11)
      at runWithFiberInDEV (../node_modules/react-test-renderer/cjs/react-test-renderer.development.js:2315:13)
      at commitLayoutEffectOnFiber (../node_modules/react-test-renderer/cjs/react-test-renderer.development.js:10103:15)
      at flushLayoutEffects (../node_modules/react-test-renderer/cjs/react-test-renderer.development.js:13774:15)
      at commitRoot (../node_modules/react-test-renderer/cjs/react-test-renderer.development.js:13697:9)
      at commitRootWhenReady (../node_modules/react-test-renderer/cjs/react-test-renderer.development.js:12444:7)
      at performWorkOnRoot (../node_modules/react-test-renderer/cjs/react-test-renderer.development.js:12391:15)
      at performSyncWorkOnRoot (../node_modules/react-test-renderer/cjs/react-test-renderer.development.js:2923:7)
      at flushSyncWorkAcrossRoots_impl (../node_modules/react-test-renderer/cjs/react-test-renderer.development.js:2764:21)
      at flushPendingEffects (../node_modules/react-test-renderer/cjs/react-test-renderer.development.js:14128:11)
      at performWorkOnRootViaSchedulerTask (../node_modules/react-test-renderer/cjs/react-test-renderer.development.js:2896:11)
      at Immediate.performWorkUntilDeadline [as _onImmediate] (../node_modules/scheduler/cjs/scheduler.native.development.js:45:48)

  ● browser offline outbox provider › preserves durable failed intent across connectivity and visibility until explicit retry

    expect(jest.fn()).toHaveBeenCalledTimes(expected)

    Expected number of calls: 1
    Received number of calls: 2

      272 |         await act(async () => { connectivity.goOnline(); await new Promise(resolve => setTimeout(resolve, 30)); });
      273 |         await act(async () => { visibility.hide(); visibility.show(); await new Promise(resolve => setTimeout(resolve, 30)); });
    > 274 |         expect(executeMutation).toHaveBeenCalledTimes(1);
          |                                 ^
      275 |         expect(result.current.mutations).toEqual([expect.objectContaining({ id: 'retry-operation', state: 'failed', attemptCount: 1 })]);
      276 |         await act(async () => { await result.current.retryFailed('retry-operation'); });
      277 |         await waitFor(() => expect(result.current.mutations).toEqual([]));

      at Object.toHaveBeenCalledTimes (src/offline/provider.web.test.tsx:274:33)
      at asyncGeneratorStep (../node_modules/@babel/runtime/helpers/asyncToGenerator.js:3:17)
      at _next (../node_modules/@babel/runtime/helpers/asyncToGenerator.js:17:9)

FAIL src/offline/provider.test.tsx
  ● native offline outbox provider recovery › preserves failed barriers through foreground recovery until explicit retry

    expect(jest.fn()).toHaveBeenCalledTimes(expected)

    Expected number of calls: 2
    Received number of calls: 1

      102 |         expect(mockRetryFailed).not.toHaveBeenCalled();
      103 |         act(() => appStateListener?.('active'));
    > 104 |         await waitFor(() => expect(mockReconcile).toHaveBeenCalledTimes(2));
          |                      ^
      105 |         expect(mockRetryFailed).not.toHaveBeenCalled();
      106 |         await act(async () => { await result.current.retryFailed('chosen-failure'); });
      107 |         expect(mockRetryFailed).toHaveBeenCalledWith('chosen-failure');

      at Object.<anonymous> (src/offline/provider.test.tsx:104:22)
      at asyncGeneratorStep (../node_modules/@babel/runtime/helpers/asyncToGenerator.js:3:17)
      at _next (../node_modules/@babel/runtime/helpers/asyncToGenerator.js:17:9)

  ● native offline outbox provider recovery › pauses a deferred timer while native connectivity is offline and resumes on recovery

    expect(jest.fn()).toHaveBeenCalledTimes(expected)

    Expected number of calls: 2
    Received number of calls: 1

      221 |
      222 |             act(() => onlineManager.setOnline(true));
    > 223 |             await waitFor(() => expect(mockReconcile).toHaveBeenCalledTimes(2));
          |                          ^
      224 |             expect(mockRetryFailed).not.toHaveBeenCalled();
      225 |         } finally {
      226 |             jest.useRealTimers();

      at Object.<anonymous> (src/offline/provider.test.tsx:223:26)
      at asyncGeneratorStep (../node_modules/@babel/runtime/helpers/asyncToGenerator.js:3:17)
      at _next (../node_modules/@babel/runtime/helpers/asyncToGenerator.js:17:9)

Test Suites: 2 failed, 2 total
Tests:       3 failed, 12 passed, 15 total
Snapshots:   0 total
Time:        3.007 s
Ran all test suites matching /src\\offline\\provider.test.tsx|src\\offline\\provider.web.test.tsx/i.
