npm notice run backend@0.37.0 pretypecheck
npm notice run npm run prisma:generate
npm warn Unknown env config "global-ignore-file". This will stop working in the next major version of npm. See `npm help npmrc` for supported config options.

> backend@0.37.0 prisma:generate
> prisma generate

Loaded Prisma config from prisma.config.ts.

Prisma schema loaded from prisma\schema.prisma.
ΓöîΓöÇΓöÇΓöÇΓöÇΓöÇΓöÇΓöÇΓöÇΓöÇΓöÇΓöÇΓöÇΓöÇΓöÇΓöÇΓöÇΓöÇΓöÇΓöÇΓöÇΓöÇΓöÇΓöÇΓöÇΓöÇΓöÇΓöÇΓöÇΓöÇΓöÇΓöÇΓöÇΓöÇΓöÇΓöÇΓöÇΓöÇΓöÇΓöÇΓöÇΓöÇΓöÇΓöÇΓöÇΓöÇΓöÇΓöÇΓöÇΓöÇΓöÇΓöÇΓöÇΓöÇΓöÇΓöÇΓöÇΓöÇΓöÉ
Γöé  Update available 7.9.0 -> 8.0.0-rc.20                  Γöé

Γöé                                                         Γöé
Γ£ö Generated Prisma Client (v7.9.0) to .\node_modules\@prisma\client in 639ms

Start by importing your Prisma Client (See: https://pris.ly/d/importing-client)


Γöé  This is a major update - please follow the guide at    Γöé
Γöé  https://pris.ly/d/major-version-upgrade                Γöé
Γöé                                                         Γöé
Γöé  Run the following to update                            Γöé
Γöé    npm i -g prisma@latest                               Γöé
Γöé    npm i @prisma/client@latest                          Γöé
ΓööΓöÇΓöÇΓöÇΓöÇΓöÇΓöÇΓöÇΓöÇΓöÇΓöÇΓöÇΓöÇΓöÇΓöÇΓöÇΓöÇΓöÇΓöÇΓöÇΓöÇΓöÇΓöÇΓöÇΓöÇΓöÇΓöÇΓöÇΓöÇΓöÇΓöÇΓöÇΓöÇΓöÇΓöÇΓöÇΓöÇΓöÇΓöÇΓöÇΓöÇΓöÇΓöÇΓöÇΓöÇΓöÇΓöÇΓöÇΓöÇΓöÇΓöÇΓöÇΓöÇΓöÇΓöÇΓöÇΓöÇΓöÇΓöÿ
npm notice run backend@0.37.0 typecheck
npm notice run tsc --noEmit -p tsconfig.build.json
