
Running 22 tests using 2 workers

(node:32900) Warning: The 'NO_COLOR' env is ignored due to the 'FORCE_COLOR' env being set.
(Use `node --trace-warnings ...` to show where the warning was created)
(node:37396) Warning: The 'NO_COLOR' env is ignored due to the 'FORCE_COLOR' env being set.
(Use `node --trace-warnings ...` to show where the warning was created)
  ok  1 [desktop-chrome] ΓÇ║ e2e\expo-web\planned-pause.spec.ts:86:9 ΓÇ║ dated plan and exact month boundary in light (1.9s)
  ok  2 [desktop-chrome] ΓÇ║ e2e\expo-web\planned-pause.spec.ts:86:9 ΓÇ║ dated plan and exact month boundary in dark (1.9s)
  ok  3 [desktop-chrome] ΓÇ║ e2e\expo-web\planned-pause.spec.ts:147:5 ΓÇ║ due prompt failed update, until-resumed removal and explicit resume (1.9s)
  ok  4 [desktop-chrome] ΓÇ║ e2e\expo-web\planned-pause.spec.ts:116:5 ΓÇ║ real pause form, failed resume, recovery and preserved historical edit (2.0s)
  -   6 [desktop-chrome] ΓÇ║ e2e\expo-web\planned-pause.spec.ts:189:5 ΓÇ║ planned pause remains readable at enlarged text
  ok  7 [desktop-chrome] ΓÇ║ e2e\expo-web\planned-pause.spec.ts:200:5 ΓÇ║ reopening and month navigation refresh the plan and recover from a shortened horizon (1.3s)
  ok  8 [desktop-chrome] ΓÇ║ e2e\expo-web\planned-pause.spec.ts:219:5 ΓÇ║ matched failed resume and recovery retains the actual pause until success (1.1s)
  ok  9 [desktop-chrome] ΓÇ║ e2e\expo-web\planned-pause.spec.ts:233:5 ΓÇ║ due and overdue plans remain paused with no invented future interval (2.0s)
  ok  5 [desktop-chrome] ΓÇ║ e2e\expo-web\planned-pause.spec.ts:168:5 ΓÇ║ year target, shortened plan on reload and unavailable metadata recovery (12.4s)
  ok 10 [desktop-chrome] ΓÇ║ e2e\expo-web\planned-pause.spec.ts:250:5 ΓÇ║ cached read failure keeps the saved plan visibly stale and reopening recovers it (8.6s)
  ok 11 [desktop-chrome] ΓÇ║ e2e\expo-web\planned-pause.spec.ts:265:5 ΓÇ║ offline cached plan and accepted queued resume converge after real browser outbox replay (1.4s)
(node:38968) Warning: The 'NO_COLOR' env is ignored due to the 'FORCE_COLOR' env being set.
(Use `node --trace-warnings ...` to show where the warning was created)
(node:10756) Warning: The 'NO_COLOR' env is ignored due to the 'FORCE_COLOR' env being set.
(Use `node --trace-warnings ...` to show where the warning was created)
  ok 12 [compact-phone-chrome] ΓÇ║ e2e\expo-web\planned-pause.spec.ts:86:9 ΓÇ║ dated plan and exact month boundary in light (2.0s)
  ok 13 [compact-phone-chrome] ΓÇ║ e2e\expo-web\planned-pause.spec.ts:86:9 ΓÇ║ dated plan and exact month boundary in dark (1.9s)
  ok 14 [compact-phone-chrome] ΓÇ║ e2e\expo-web\planned-pause.spec.ts:116:5 ΓÇ║ real pause form, failed resume, recovery and preserved historical edit (2.0s)
  ok 15 [compact-phone-chrome] ΓÇ║ e2e\expo-web\planned-pause.spec.ts:147:5 ΓÇ║ due prompt failed update, until-resumed removal and explicit resume (1.9s)
  ok 17 [compact-phone-chrome] ΓÇ║ e2e\expo-web\planned-pause.spec.ts:189:5 ΓÇ║ planned pause remains readable at enlarged text (1.0s)
  ok 18 [compact-phone-chrome] ΓÇ║ e2e\expo-web\planned-pause.spec.ts:200:5 ΓÇ║ reopening and month navigation refresh the plan and recover from a shortened horizon (1.2s)
  ok 19 [compact-phone-chrome] ΓÇ║ e2e\expo-web\planned-pause.spec.ts:219:5 ΓÇ║ matched failed resume and recovery retains the actual pause until success (1.1s)
  ok 20 [compact-phone-chrome] ΓÇ║ e2e\expo-web\planned-pause.spec.ts:233:5 ΓÇ║ due and overdue plans remain paused with no invented future interval (1.8s)
  ok 16 [compact-phone-chrome] ΓÇ║ e2e\expo-web\planned-pause.spec.ts:168:5 ΓÇ║ year target, shortened plan on reload and unavailable metadata recovery (10.2s)
  ok 22 [compact-phone-chrome] ΓÇ║ e2e\expo-web\planned-pause.spec.ts:265:5 ΓÇ║ offline cached plan and accepted queued resume converge after real browser outbox replay (1.2s)
  ok 21 [compact-phone-chrome] ΓÇ║ e2e\expo-web\planned-pause.spec.ts:250:5 ΓÇ║ cached read failure keeps the saved plan visibly stale and reopening recovers it (8.8s)

  1 skipped
  21 passed (37.8s)
