
Running 16 tests using 2 workers

(node:13060) Warning: The 'NO_COLOR' env is ignored due to the 'FORCE_COLOR' env being set.
(Use `node --trace-warnings ...` to show where the warning was created)
(node:18504) Warning: The 'NO_COLOR' env is ignored due to the 'FORCE_COLOR' env being set.
(Use `node --trace-warnings ...` to show where the warning was created)
  ok  1 [desktop-chrome] ΓÇ║ e2e\expo-web\completed-calendar.spec.ts:27:7 ΓÇ║ completed calendar boundaries and selection in light (2.3s)
  ok  2 [desktop-chrome] ΓÇ║ e2e\expo-web\completed-calendar.spec.ts:27:7 ΓÇ║ completed calendar boundaries and selection in dark (2.3s)
  -   4 [desktop-chrome] ΓÇ║ e2e\expo-web\completed-calendar.spec.ts:133:5 ΓÇ║ calendar remains usable with enlarged text on a small browser viewport
  ok  5 [desktop-chrome] ΓÇ║ e2e\expo-web\today-paused.spec.ts:8:7 ΓÇ║ paused Today preserves weight entry and resumes with existing food in light (1.8s)
  ok  6 [desktop-chrome] ΓÇ║ e2e\expo-web\today-paused.spec.ts:8:7 ΓÇ║ paused Today preserves weight entry and resumes with existing food in dark (1.8s)
  ok  7 [desktop-chrome] ΓÇ║ e2e\expo-web\today-paused.spec.ts:61:5 ΓÇ║ a past paused day replaces an expanded food log and can be backfilled (1.4s)
  -   8 [desktop-chrome] ΓÇ║ e2e\expo-web\today-paused.spec.ts:91:5 ΓÇ║ paused-day copy and actions remain reachable at 200% text on a short phone
(node:11708) Warning: The 'NO_COLOR' env is ignored due to the 'FORCE_COLOR' env being set.
(Use `node --trace-warnings ...` to show where the warning was created)
  ok  9 [compact-phone-chrome] ΓÇ║ e2e\expo-web\completed-calendar.spec.ts:27:7 ΓÇ║ completed calendar boundaries and selection in light (2.1s)
  ok  3 [desktop-chrome] ΓÇ║ e2e\expo-web\completed-calendar.spec.ts:73:5 ΓÇ║ calendar refresh, uncached month failure, retry, and completion reopening stay honest (9.4s)
(node:36272) Warning: The 'NO_COLOR' env is ignored due to the 'FORCE_COLOR' env being set.
(Use `node --trace-warnings ...` to show where the warning was created)
  -  11 [compact-phone-chrome] ΓÇ║ e2e\expo-web\completed-calendar.spec.ts:73:5 ΓÇ║ calendar refresh, uncached month failure, retry, and completion reopening stay honest
  ok 10 [compact-phone-chrome] ΓÇ║ e2e\expo-web\completed-calendar.spec.ts:27:7 ΓÇ║ completed calendar boundaries and selection in dark (2.2s)
  ok 12 [compact-phone-chrome] ΓÇ║ e2e\expo-web\completed-calendar.spec.ts:133:5 ΓÇ║ calendar remains usable with enlarged text on a small browser viewport (1.1s)
  ok 13 [compact-phone-chrome] ΓÇ║ e2e\expo-web\today-paused.spec.ts:8:7 ΓÇ║ paused Today preserves weight entry and resumes with existing food in light (1.9s)
  ok 14 [compact-phone-chrome] ΓÇ║ e2e\expo-web\today-paused.spec.ts:8:7 ΓÇ║ paused Today preserves weight entry and resumes with existing food in dark (1.7s)
  ok 15 [compact-phone-chrome] ΓÇ║ e2e\expo-web\today-paused.spec.ts:61:5 ΓÇ║ a past paused day replaces an expanded food log and can be backfilled (1.3s)
  ok 16 [compact-phone-chrome] ΓÇ║ e2e\expo-web\today-paused.spec.ts:91:5 ΓÇ║ paused-day copy and actions remain reachable at 200% text on a short phone (886ms)

  3 skipped
  13 passed (18.2s)
