npm notice run cal-io@0.37.0 test:expo-web:release
npm notice run node --test scripts/expo-web-release.test.mjs scripts/expo-web-static-server.test.mjs
Γ£ö accepts a clean Expo web static artifact (29.6719ms)
Γ£ö accepts Metro deferred bundles referenced by the HTML entry bundle (32.1042ms)
Γ£ö rejects missing HTML-linked assets (22.7987ms)
Γ£ö does not mistake extensionless application links for static assets (33.0986ms)
Γ£ö rejects a root document title that differs from centralized landing metadata (26.9979ms)
Γ£ö rejects duplicate descriptions and Apple-specific installed-app claims (34.8249ms)
Γ£ö rejects stale hashed entry bundles left by an earlier export (23.9099ms)
Γ£ö service-worker enhancement is stable, scoped, and changes with artifact content (37.9796ms)
Γ£ö rejects a release artifact missing required PWA files (21.0618ms)
Γ£ö rejects a service worker that can intercept backend traffic (26.2092ms)
Γ£ö accepts Expo Router static-route exports without legacy metadata (31.757ms)
Γ£ö resolves files and extensionless routes through the SPA shell (6.0665ms)
Γ£ö prefers a generated static route over the SPA fallback (7.5429ms)
Γ£ö uses the generated not-found document for unknown static routes (6.3913ms)
Γ£ö does not let SPA fallback mask backend, missing static, or traversal requests (5.4575ms)
Γ£ö serves deep links with fallback and production cache headers (40.3474ms)
Γä╣ tests 16
Γä╣ suites 0
Γä╣ pass 16
Γä╣ fail 0
Γä╣ cancelled 0
Γä╣ skipped 0
Γä╣ todo 0
Γä╣ duration_ms 395.3378
