
Running 36 tests using 2 workers

(node:13136) Warning: The 'NO_COLOR' env is ignored due to the 'FORCE_COLOR' env being set.
(Use `node --trace-warnings ...` to show where the warning was created)
(node:17752) Warning: The 'NO_COLOR' env is ignored due to the 'FORCE_COLOR' env being set.
(Use `node --trace-warnings ...` to show where the warning was created)
  ok  1 [desktop-chrome] ΓÇ║ e2e\expo-web\completed-calendar.spec.ts:25:7 ΓÇ║ completed calendar boundaries and selection in dark (2.9s)
  ok  2 [desktop-chrome] ΓÇ║ e2e\expo-web\completed-calendar.spec.ts:25:7 ΓÇ║ completed calendar boundaries and selection in light (2.9s)
  -   4 [desktop-chrome] ΓÇ║ e2e\expo-web\completed-calendar.spec.ts:123:5 ΓÇ║ calendar remains usable with enlarged text on a small browser viewport
  ok  5 [desktop-chrome] ΓÇ║ e2e\expo-web\planned-pause.spec.ts:60:9 ΓÇ║ dated plan and exact month boundary in light (1.6s)
  ok  6 [desktop-chrome] ΓÇ║ e2e\expo-web\planned-pause.spec.ts:60:9 ΓÇ║ dated plan and exact month boundary in dark (1.5s)
  ok  7 [desktop-chrome] ΓÇ║ e2e\expo-web\planned-pause.spec.ts:89:5 ΓÇ║ real pause form, failed resume, recovery and preserved historical edit (1.7s)
  ok  8 [desktop-chrome] ΓÇ║ e2e\expo-web\planned-pause.spec.ts:118:5 ΓÇ║ due prompt failed update, until-resumed removal and explicit resume (2.1s)
  ok  3 [desktop-chrome] ΓÇ║ e2e\expo-web\completed-calendar.spec.ts:66:5 ΓÇ║ calendar refresh, uncached month failure, retry, and completion reopening stay honest (9.2s)
  -  10 [desktop-chrome] ΓÇ║ e2e\expo-web\planned-pause.spec.ts:158:5 ΓÇ║ planned pause remains readable at enlarged text
  ok 11 [desktop-chrome] ΓÇ║ e2e\expo-web\planned-pause.spec.ts:168:5 ΓÇ║ reopening and month navigation refresh the plan and recover from a shortened horizon (1.0s)
  ok 12 [desktop-chrome] ΓÇ║ e2e\expo-web\planned-pause.spec.ts:186:5 ΓÇ║ due and overdue plans remain paused with no invented future interval (1.6s)
  ok  9 [desktop-chrome] ΓÇ║ e2e\expo-web\planned-pause.spec.ts:138:5 ΓÇ║ year target, shortened plan on reload and unavailable metadata recovery (9.7s)
  ok 14 [desktop-chrome] ΓÇ║ e2e\expo-web\planned-pause.spec.ts:216:5 ΓÇ║ offline cached plan and accepted queued resume converge after real browser outbox replay (1.1s)
  ok 15 [desktop-chrome] ΓÇ║ e2e\expo-web\today-paused.spec.ts:8:7 ΓÇ║ paused Today preserves weight entry and resumes with existing food in light (1.6s)
  ok 13 [desktop-chrome] ΓÇ║ e2e\expo-web\planned-pause.spec.ts:202:5 ΓÇ║ cached read failure keeps the saved plan visibly stale and reopening recovers it (8.3s)
  ok 16 [desktop-chrome] ΓÇ║ e2e\expo-web\today-paused.spec.ts:8:7 ΓÇ║ paused Today preserves weight entry and resumes with existing food in dark (2.2s)
  -  18 [desktop-chrome] ΓÇ║ e2e\expo-web\today-paused.spec.ts:91:5 ΓÇ║ paused-day copy and actions remain reachable at 200% text on a short phone
  ok 17 [desktop-chrome] ΓÇ║ e2e\expo-web\today-paused.spec.ts:61:5 ΓÇ║ a past paused day replaces an expanded food log and can be backfilled (1.8s)
(node:28332) Warning: The 'NO_COLOR' env is ignored due to the 'FORCE_COLOR' env being set.
(Use `node --trace-warnings ...` to show where the warning was created)
(node:27768) Warning: The 'NO_COLOR' env is ignored due to the 'FORCE_COLOR' env being set.
(Use `node --trace-warnings ...` to show where the warning was created)
  ok 19 [compact-phone-chrome] ΓÇ║ e2e\expo-web\completed-calendar.spec.ts:25:7 ΓÇ║ completed calendar boundaries and selection in light (2.3s)
  ok 20 [compact-phone-chrome] ΓÇ║ e2e\expo-web\completed-calendar.spec.ts:25:7 ΓÇ║ completed calendar boundaries and selection in dark (2.3s)
  -  21 [compact-phone-chrome] ΓÇ║ e2e\expo-web\completed-calendar.spec.ts:66:5 ΓÇ║ calendar refresh, uncached month failure, retry, and completion reopening stay honest
  ok 22 [compact-phone-chrome] ΓÇ║ e2e\expo-web\completed-calendar.spec.ts:123:5 ΓÇ║ calendar remains usable with enlarged text on a small browser viewport (1.0s)
  ok 23 [compact-phone-chrome] ΓÇ║ e2e\expo-web\planned-pause.spec.ts:60:9 ΓÇ║ dated plan and exact month boundary in light (1.7s)
  ok 24 [compact-phone-chrome] ΓÇ║ e2e\expo-web\planned-pause.spec.ts:60:9 ΓÇ║ dated plan and exact month boundary in dark (1.7s)
  ok 25 [compact-phone-chrome] ΓÇ║ e2e\expo-web\planned-pause.spec.ts:89:5 ΓÇ║ real pause form, failed resume, recovery and preserved historical edit (2.2s)
  ok 26 [compact-phone-chrome] ΓÇ║ e2e\expo-web\planned-pause.spec.ts:118:5 ΓÇ║ due prompt failed update, until-resumed removal and explicit resume (2.7s)
  ok 28 [compact-phone-chrome] ΓÇ║ e2e\expo-web\planned-pause.spec.ts:158:5 ΓÇ║ planned pause remains readable at enlarged text (1.2s)
  ok 29 [compact-phone-chrome] ΓÇ║ e2e\expo-web\planned-pause.spec.ts:168:5 ΓÇ║ reopening and month navigation refresh the plan and recover from a shortened horizon (1.4s)
  ok 30 [compact-phone-chrome] ΓÇ║ e2e\expo-web\planned-pause.spec.ts:186:5 ΓÇ║ due and overdue plans remain paused with no invented future interval (2.2s)
  ok 27 [compact-phone-chrome] ΓÇ║ e2e\expo-web\planned-pause.spec.ts:138:5 ΓÇ║ year target, shortened plan on reload and unavailable metadata recovery (10.5s)
  ok 32 [compact-phone-chrome] ΓÇ║ e2e\expo-web\planned-pause.spec.ts:216:5 ΓÇ║ offline cached plan and accepted queued resume converge after real browser outbox replay (1.1s)
  ok 33 [compact-phone-chrome] ΓÇ║ e2e\expo-web\today-paused.spec.ts:8:7 ΓÇ║ paused Today preserves weight entry and resumes with existing food in light (1.7s)
  ok 31 [compact-phone-chrome] ΓÇ║ e2e\expo-web\planned-pause.spec.ts:202:5 ΓÇ║ cached read failure keeps the saved plan visibly stale and reopening recovers it (8.4s)
  ok 34 [compact-phone-chrome] ΓÇ║ e2e\expo-web\today-paused.spec.ts:8:7 ΓÇ║ paused Today preserves weight entry and resumes with existing food in dark (1.9s)
  ok 35 [compact-phone-chrome] ΓÇ║ e2e\expo-web\today-paused.spec.ts:61:5 ΓÇ║ a past paused day replaces an expanded food log and can be backfilled (1.5s)
  ok 36 [compact-phone-chrome] ΓÇ║ e2e\expo-web\today-paused.spec.ts:91:5 ΓÇ║ paused-day copy and actions remain reachable at 200% text on a short phone (1.1s)

  4 skipped
  32 passed (1.8m)
