npm notice run cal-io@0.37.0 test:ux
npm notice run node scripts/ux-gates.mjs all

Running 329 tests using 4 workers

(node:46944) Warning: The 'NO_COLOR' env is ignored due to the 'FORCE_COLOR' env being set.
(Use `node --trace-warnings ...` to show where the warning was created)
(node:25976) Warning: The 'NO_COLOR' env is ignored due to the 'FORCE_COLOR' env being set.
(Use `node --trace-warnings ...` to show where the warning was created)
(node:33600) Warning: The 'NO_COLOR' env is ignored due to the 'FORCE_COLOR' env being set.
(Use `node --trace-warnings ...` to show where the warning was created)
(node:31356) Warning: The 'NO_COLOR' env is ignored due to the 'FORCE_COLOR' env being set.
(Use `node --trace-warnings ...` to show where the warning was created)
  ok   4 [ux-phone-320] ΓÇ║ e2e\expo-web\launch-22-accessibility.spec.ts:30:7 ΓÇ║ Launch 22 accessibility coverage contracts ΓÇ║ declares every canonical route exactly once (232ms)
  ok   5 [ux-phone-320] ΓÇ║ e2e\expo-web\launch-22-accessibility.spec.ts:44:7 ΓÇ║ Launch 22 accessibility coverage contracts ΓÇ║ declares unique, authenticated overlay entry points (151ms)
  ok   6 [ux-phone-320] ΓÇ║ e2e\expo-web\launch-22-accessibility.spec.ts:88:7 ΓÇ║ Launch 22 accessibility coverage contracts ΓÇ║ declares query-driven overlays as automatic entry points (132ms)
  ok   2 [ux-phone-320] ΓÇ║ e2e\expo-web\launch-22-visual.spec.ts:73:9 ΓÇ║ editorial food-log in light (844ms)
  ok   3 [ux-phone-320] ΓÇ║ e2e\expo-web\launch-22-visual.spec.ts:73:9 ΓÇ║ editorial today in light (909ms)
  ok   1 [ux-phone-320] ΓÇ║ e2e\expo-web\launch-22-visual.spec.ts:32:7 ΓÇ║ plan check comparison and recommendation in light (1.2s)
  ok   8 [ux-phone-320] ΓÇ║ e2e\expo-web\launch-22-visual.spec.ts:73:9 ΓÇ║ editorial progress in light (652ms)
  ok   7 [ux-phone-320] ΓÇ║ e2e\expo-web\launch-22-accessibility.spec.ts:101:9 ΓÇ║ Launch 22 canonical route accessibility ΓÇ║ root has no critical or serious WCAG A/AA findings (933ms)
  ok   9 [ux-phone-320] ΓÇ║ e2e\expo-web\launch-22-visual.spec.ts:73:9 ΓÇ║ editorial settings in light (660ms)
  ok  10 [ux-phone-320] ΓÇ║ e2e\expo-web\launch-22-visual.spec.ts:73:9 ΓÇ║ editorial login in light (498ms)
  ok  11 [ux-phone-320] ΓÇ║ e2e\expo-web\launch-22-visual.spec.ts:73:9 ΓÇ║ editorial saved-foods in light (708ms)
  ok  12 [ux-phone-320] ΓÇ║ e2e\expo-web\launch-22-accessibility.spec.ts:101:9 ΓÇ║ Launch 22 canonical route accessibility ΓÇ║ login has no critical or serious WCAG A/AA findings (954ms)
  ok  14 [ux-phone-320] ΓÇ║ e2e\expo-web\launch-22-visual.spec.ts:139:7 ΓÇ║ editorial long recipe in light (1.3s)
  ok  15 [ux-phone-320] ΓÇ║ e2e\expo-web\launch-22-visual.spec.ts:32:7 ΓÇ║ plan check comparison and recommendation in dark (927ms)
  ok  16 [ux-phone-320] ΓÇ║ e2e\expo-web\launch-22-accessibility.spec.ts:101:9 ΓÇ║ Launch 22 canonical route accessibility ΓÇ║ register has no critical or serious WCAG A/AA findings (957ms)
  ok  13 [ux-phone-320] ΓÇ║ e2e\expo-web\launch-22-visual.spec.ts:119:7 ΓÇ║ editorial food search and amount confirmation in light (1.9s)
  ok  18 [ux-phone-320] ΓÇ║ e2e\expo-web\launch-22-visual.spec.ts:73:9 ΓÇ║ editorial food-log in dark (754ms)
  ok  17 [ux-phone-320] ΓÇ║ e2e\expo-web\launch-22-visual.spec.ts:73:9 ΓÇ║ editorial today in dark (954ms)
  ok  20 [ux-phone-320] ΓÇ║ e2e\expo-web\launch-22-visual.spec.ts:73:9 ΓÇ║ editorial progress in dark (719ms)
  ok  19 [ux-phone-320] ΓÇ║ e2e\expo-web\launch-22-accessibility.spec.ts:101:9 ΓÇ║ Launch 22 canonical route accessibility ΓÇ║ forgot-password has no critical or serious WCAG A/AA findings (941ms)
  ok  22 [ux-phone-320] ΓÇ║ e2e\expo-web\launch-22-visual.spec.ts:73:9 ΓÇ║ editorial login in dark (533ms)
  ok  21 [ux-phone-320] ΓÇ║ e2e\expo-web\launch-22-visual.spec.ts:73:9 ΓÇ║ editorial settings in dark (679ms)
  ok  23 [ux-phone-320] ΓÇ║ e2e\expo-web\launch-22-visual.spec.ts:73:9 ΓÇ║ editorial saved-foods in dark (726ms)
  ok  24 [ux-phone-320] ΓÇ║ e2e\expo-web\launch-22-accessibility.spec.ts:101:9 ΓÇ║ Launch 22 canonical route accessibility ΓÇ║ reset-password has no critical or serious WCAG A/AA findings (967ms)
  ok  26 [ux-phone-320] ΓÇ║ e2e\expo-web\launch-22-visual.spec.ts:139:7 ΓÇ║ editorial long recipe in dark (1.3s)
  ok  28 [ux-phone-320] ΓÇ║ e2e\expo-web\launch-22-accessibility.spec.ts:101:9 ΓÇ║ Launch 22 canonical route accessibility ΓÇ║ verify-email has no critical or serious WCAG A/AA findings (912ms)
  ok  25 [ux-phone-320] ΓÇ║ e2e\expo-web\launch-22-visual.spec.ts:119:7 ΓÇ║ editorial food search and amount confirmation in dark (1.9s)
  ok  27 [ux-phone-320] ΓÇ║ e2e\expo-web\launch-22-visual.spec.ts:159:7 ΓÇ║ onboarding three steps in light (1.7s)
  ok  30 [ux-phone-320] ΓÇ║ e2e\expo-web\launch-22-accessibility.spec.ts:101:9 ΓÇ║ Launch 22 canonical route accessibility ΓÇ║ legal-update has no critical or serious WCAG A/AA findings (990ms)
  ok  29 [ux-phone-320] ΓÇ║ e2e\expo-web\launch-22-visual.spec.ts:159:7 ΓÇ║ onboarding three steps in dark (1.7s)
  ok  33 [ux-phone-320] ΓÇ║ e2e\expo-web\launch-22-accessibility.spec.ts:101:9 ΓÇ║ Launch 22 canonical route accessibility ΓÇ║ terms has no critical or serious WCAG A/AA findings (903ms)
  ok  31 [ux-phone-320] ΓÇ║ e2e\expo-web\launch-22-visual.spec.ts:170:7 ΓÇ║ onboarding three steps with enlarged-text (1.8s)
  ok  32 [ux-phone-320] ΓÇ║ e2e\expo-web\launch-22-visual.spec.ts:170:7 ΓÇ║ onboarding three steps with forced-colors (1.6s)
  -   37 [ux-phone-320] ΓÇ║ e2e\expo-web\launch-22-visual.spec.ts:344:5 ΓÇ║ empty Today remains legible in dark mode on phone and desktop
  -   38 [ux-phone-320] ΓÇ║ e2e\expo-web\launch-22-visual.spec.ts:354:5 ΓÇ║ Today loading skeleton preserves compact-phone structure
  -   39 [ux-phone-320] ΓÇ║ e2e\expo-web\launch-22-visual.spec.ts:372:5 ΓÇ║ Today terminal error stays distinct from empty content on tablet
  ok  34 [ux-phone-320] ΓÇ║ e2e\expo-web\launch-22-visual.spec.ts:182:5 ΓÇ║ onboarding imperial measurements with enlarged text (1.1s)
  -   40 [ux-phone-320] ΓÇ║ e2e\expo-web\launch-22-visual.spec.ts:386:5 ΓÇ║ stale Food Log retains cached data and degraded labeling in dark mode
  -   42 [ux-phone-320] ΓÇ║ e2e\expo-web\launch-22-visual.spec.ts:420:5 ΓÇ║ Progress uses the shell-owned cached-data notice while offline
  ok  36 [ux-phone-320] ΓÇ║ e2e\expo-web\launch-22-visual.spec.ts:335:5 ΓÇ║ populated Today remains stable in light mode at every release viewport (705ms)
  -   43 [ux-phone-320] ΓÇ║ e2e\expo-web\launch-22-visual.spec.ts:436:5 ΓÇ║ paused Today is explicit without implying a calorie target on tablet
  -   44 [ux-phone-320] ΓÇ║ e2e\expo-web\launch-22-visual.spec.ts:447:5 ΓÇ║ Settings remains understandable with forced colors
  ok  35 [ux-phone-320] ΓÇ║ e2e\expo-web\launch-22-accessibility.spec.ts:101:9 ΓÇ║ Launch 22 canonical route accessibility ΓÇ║ support has no critical or serious WCAG A/AA findings (888ms)
  -   46 [ux-phone-320] ΓÇ║ e2e\expo-web\launch-22-visual.spec.ts:479:5 ΓÇ║ password reset exposes a visibly disabled submission state
  -   48 [ux-phone-320] ΓÇ║ e2e\expo-web\launch-22-visual.spec.ts:490:5 ΓÇ║ Settings export exposes a stable busy and disabled submission state
  -   49 [ux-phone-320] ΓÇ║ e2e\expo-web\launch-22-visual.spec.ts:542:5 ΓÇ║ normal visual runs reject a missing baseline without recreating it
  -   50 [ux-phone-320] ΓÇ║ e2e\expo-web\launch-22-visual.spec.ts:565:5 ΓÇ║ visual threshold contract rejects a 24px spacing shift above 0.2%
  ok  41 [ux-phone-320] ΓÇ║ e2e\expo-web\launch-22-visual.spec.ts:400:5 ΓÇ║ offline Today keeps cached content and stale labeling on the smallest phone (956ms)
  ok  45 [ux-phone-320] ΓÇ║ e2e\expo-web\launch-22-visual.spec.ts:462:5 ΓÇ║ Today tolerates 200% text at the smallest release viewport (800ms)
  ok  47 [ux-phone-320] ΓÇ║ e2e\expo-web\launch-22-accessibility.spec.ts:101:9 ΓÇ║ Launch 22 canonical route accessibility ΓÇ║ privacy has no critical or serious WCAG A/AA findings (937ms)
(node:45296) Warning: The 'NO_COLOR' env is ignored due to the 'FORCE_COLOR' env being set.
(Use `node --trace-warnings ...` to show where the warning was created)
(node:12448) Warning: The 'NO_COLOR' env is ignored due to the 'FORCE_COLOR' env being set.
(Use `node --trace-warnings ...` to show where the warning was created)
(node:25912) Warning: The 'NO_COLOR' env is ignored due to the 'FORCE_COLOR' env being set.
(Use `node --trace-warnings ...` to show where the warning was created)
  ok  51 [ux-phone-320] ΓÇ║ e2e\expo-web\launch-22-accessibility.spec.ts:101:9 ΓÇ║ Launch 22 canonical route accessibility ΓÇ║ account-deletion has no critical or serious WCAG A/AA findings (925ms)
  ok  53 [ux-phone-390] ΓÇ║ e2e\expo-web\launch-22-visual.spec.ts:73:9 ΓÇ║ editorial today in light (835ms)
  ok  52 [ux-phone-390] ΓÇ║ e2e\expo-web\launch-22-visual.spec.ts:32:7 ΓÇ║ plan check comparison and recommendation in light (1.0s)
  ok  54 [ux-phone-390] ΓÇ║ e2e\expo-web\launch-22-visual.spec.ts:73:9 ΓÇ║ editorial food-log in light (804ms)
  ok  58 [ux-phone-390] ΓÇ║ e2e\expo-web\launch-22-visual.spec.ts:73:9 ΓÇ║ editorial login in light (501ms)
  ok  55 [ux-phone-320] ΓÇ║ e2e\expo-web\launch-22-accessibility.spec.ts:101:9 ΓÇ║ Launch 22 canonical route accessibility ΓÇ║ health-connect-privacy has no critical or serious WCAG A/AA findings (869ms)
  ok  56 [ux-phone-390] ΓÇ║ e2e\expo-web\launch-22-visual.spec.ts:73:9 ΓÇ║ editorial progress in light (683ms)
  ok  57 [ux-phone-390] ΓÇ║ e2e\expo-web\launch-22-visual.spec.ts:73:9 ΓÇ║ editorial settings in light (636ms)
  ok  59 [ux-phone-390] ΓÇ║ e2e\expo-web\launch-22-visual.spec.ts:73:9 ΓÇ║ editorial saved-foods in light (732ms)
  ok  60 [ux-phone-320] ΓÇ║ e2e\expo-web\launch-22-accessibility.spec.ts:101:9 ΓÇ║ Launch 22 canonical route accessibility ΓÇ║ onboarding has no critical or serious WCAG A/AA findings (994ms)
  ok  62 [ux-phone-390] ΓÇ║ e2e\expo-web\launch-22-visual.spec.ts:139:7 ΓÇ║ editorial long recipe in light (1.3s)
  ok  63 [ux-phone-390] ΓÇ║ e2e\expo-web\launch-22-visual.spec.ts:32:7 ΓÇ║ plan check comparison and recommendation in dark (856ms)
  ok  61 [ux-phone-390] ΓÇ║ e2e\expo-web\launch-22-visual.spec.ts:119:7 ΓÇ║ editorial food search and amount confirmation in light (1.9s)
  ok  65 [ux-phone-390] ΓÇ║ e2e\expo-web\launch-22-visual.spec.ts:73:9 ΓÇ║ editorial today in dark (684ms)
  ok  64 [ux-phone-320] ΓÇ║ e2e\expo-web\launch-22-accessibility.spec.ts:101:9 ΓÇ║ Launch 22 canonical route accessibility ΓÇ║ today has no critical or serious WCAG A/AA findings (1.2s)
  ok  66 [ux-phone-390] ΓÇ║ e2e\expo-web\launch-22-visual.spec.ts:73:9 ΓÇ║ editorial food-log in dark (737ms)
  ok  67 [ux-phone-390] ΓÇ║ e2e\expo-web\launch-22-visual.spec.ts:73:9 ΓÇ║ editorial progress in dark (734ms)
  ok  68 [ux-phone-390] ΓÇ║ e2e\expo-web\launch-22-visual.spec.ts:73:9 ΓÇ║ editorial settings in dark (708ms)
  ok  70 [ux-phone-390] ΓÇ║ e2e\expo-web\launch-22-visual.spec.ts:73:9 ΓÇ║ editorial login in dark (556ms)
  ok  71 [ux-phone-390] ΓÇ║ e2e\expo-web\launch-22-visual.spec.ts:73:9 ΓÇ║ editorial saved-foods in dark (805ms)
  ok  69 [ux-phone-320] ΓÇ║ e2e\expo-web\launch-22-accessibility.spec.ts:101:9 ΓÇ║ Launch 22 canonical route accessibility ΓÇ║ progress has no critical or serious WCAG A/AA findings (1.3s)
  ok  73 [ux-phone-390] ΓÇ║ e2e\expo-web\launch-22-visual.spec.ts:139:7 ΓÇ║ editorial long recipe in dark (1.4s)
  ok  75 [ux-phone-320] ΓÇ║ e2e\expo-web\launch-22-accessibility.spec.ts:101:9 ΓÇ║ Launch 22 canonical route accessibility ΓÇ║ settings has no critical or serious WCAG A/AA findings (1.2s)
  ok  72 [ux-phone-390] ΓÇ║ e2e\expo-web\launch-22-visual.spec.ts:119:7 ΓÇ║ editorial food search and amount confirmation in dark (2.0s)
  ok  74 [ux-phone-390] ΓÇ║ e2e\expo-web\launch-22-visual.spec.ts:159:7 ΓÇ║ onboarding three steps in light (1.4s)
  -   78 [ux-phone-390] ΓÇ║ e2e\expo-web\launch-22-visual.spec.ts:170:7 ΓÇ║ onboarding three steps with enlarged-text
  -   79 [ux-phone-390] ΓÇ║ e2e\expo-web\launch-22-visual.spec.ts:170:7 ΓÇ║ onboarding three steps with forced-colors
  ok  76 [ux-phone-390] ΓÇ║ e2e\expo-web\launch-22-visual.spec.ts:159:7 ΓÇ║ onboarding three steps in dark (1.5s)
  ok  81 [ux-phone-390] ΓÇ║ e2e\expo-web\launch-22-visual.spec.ts:335:5 ΓÇ║ populated Today remains stable in light mode at every release viewport (758ms)
  ok  77 [ux-phone-320] ΓÇ║ e2e\expo-web\launch-22-accessibility.spec.ts:101:9 ΓÇ║ Launch 22 canonical route accessibility ΓÇ║ settings-profile has no critical or serious WCAG A/AA findings (1.2s)
  ok  80 [ux-phone-390] ΓÇ║ e2e\expo-web\launch-22-visual.spec.ts:182:5 ΓÇ║ onboarding imperial measurements with enlarged text (1.2s)
  -   85 [ux-phone-390] ΓÇ║ e2e\expo-web\launch-22-visual.spec.ts:372:5 ΓÇ║ Today terminal error stays distinct from empty content on tablet
  -   86 [ux-phone-390] ΓÇ║ e2e\expo-web\launch-22-visual.spec.ts:386:5 ΓÇ║ stale Food Log retains cached data and degraded labeling in dark mode
  ok  82 [ux-phone-390] ΓÇ║ e2e\expo-web\launch-22-visual.spec.ts:344:5 ΓÇ║ empty Today remains legible in dark mode on phone and desktop (723ms)
  -   87 [ux-phone-390] ΓÇ║ e2e\expo-web\launch-22-visual.spec.ts:400:5 ΓÇ║ offline Today keeps cached content and stale labeling on the smallest phone
  -   88 [ux-phone-390] ΓÇ║ e2e\expo-web\launch-22-visual.spec.ts:420:5 ΓÇ║ Progress uses the shell-owned cached-data notice while offline
  -   89 [ux-phone-390] ΓÇ║ e2e\expo-web\launch-22-visual.spec.ts:436:5 ΓÇ║ paused Today is explicit without implying a calorie target on tablet
  ok  83 [ux-phone-390] ΓÇ║ e2e\expo-web\launch-22-visual.spec.ts:354:5 ΓÇ║ Today loading skeleton preserves compact-phone structure (879ms)
  -   90 [ux-phone-390] ΓÇ║ e2e\expo-web\launch-22-visual.spec.ts:447:5 ΓÇ║ Settings remains understandable with forced colors
  -   91 [ux-phone-390] ΓÇ║ e2e\expo-web\launch-22-visual.spec.ts:462:5 ΓÇ║ Today tolerates 200% text at the smallest release viewport
  -   93 [ux-phone-390] ΓÇ║ e2e\expo-web\launch-22-visual.spec.ts:490:5 ΓÇ║ Settings export exposes a stable busy and disabled submission state
  -   94 [ux-phone-390] ΓÇ║ e2e\expo-web\launch-22-visual.spec.ts:542:5 ΓÇ║ normal visual runs reject a missing baseline without recreating it
  -   95 [ux-phone-390] ΓÇ║ e2e\expo-web\launch-22-visual.spec.ts:565:5 ΓÇ║ visual threshold contract rejects a 24px spacing shift above 0.2%
  ok  84 [ux-phone-320] ΓÇ║ e2e\expo-web\launch-22-accessibility.spec.ts:101:9 ΓÇ║ Launch 22 canonical route accessibility ΓÇ║ settings-security has no critical or serious WCAG A/AA findings (1.2s)
  ok  92 [ux-phone-390] ΓÇ║ e2e\expo-web\launch-22-visual.spec.ts:479:5 ΓÇ║ password reset exposes a visibly disabled submission state (543ms)
(node:33852) Warning: The 'NO_COLOR' env is ignored due to the 'FORCE_COLOR' env being set.
(Use `node --trace-warnings ...` to show where the warning was created)
(node:32456) Warning: The 'NO_COLOR' env is ignored due to the 'FORCE_COLOR' env being set.
(Use `node --trace-warnings ...` to show where the warning was created)
(node:7756) Warning: The 'NO_COLOR' env is ignored due to the 'FORCE_COLOR' env being set.
(Use `node --trace-warnings ...` to show where the warning was created)
  ok  96 [ux-phone-320] ΓÇ║ e2e\expo-web\launch-22-accessibility.spec.ts:101:9 ΓÇ║ Launch 22 canonical route accessibility ΓÇ║ settings-connections has no critical or serious WCAG A/AA findings (1.1s)
  ok  98 [ux-tablet-820] ΓÇ║ e2e\expo-web\launch-22-visual.spec.ts:73:9 ΓÇ║ editorial today in light (873ms)
  ok  97 [ux-tablet-820] ΓÇ║ e2e\expo-web\launch-22-visual.spec.ts:32:7 ΓÇ║ plan check comparison and recommendation in light (1.1s)
  ok  99 [ux-tablet-820] ΓÇ║ e2e\expo-web\launch-22-visual.spec.ts:73:9 ΓÇ║ editorial food-log in light (858ms)
  ok 101 [ux-tablet-820] ΓÇ║ e2e\expo-web\launch-22-visual.spec.ts:73:9 ΓÇ║ editorial progress in light (753ms)
  ok 103 [ux-tablet-820] ΓÇ║ e2e\expo-web\launch-22-visual.spec.ts:73:9 ΓÇ║ editorial login in light (576ms)
  ok 102 [ux-tablet-820] ΓÇ║ e2e\expo-web\launch-22-visual.spec.ts:73:9 ΓÇ║ editorial settings in light (672ms)
  ok 100 [ux-phone-320] ΓÇ║ e2e\expo-web\launch-22-accessibility.spec.ts:101:9 ΓÇ║ Launch 22 canonical route accessibility ΓÇ║ settings-data has no critical or serious WCAG A/AA findings (1.2s)
  ok 104 [ux-tablet-820] ΓÇ║ e2e\expo-web\launch-22-visual.spec.ts:73:9 ΓÇ║ editorial saved-foods in light (738ms)
  ok 107 [ux-phone-320] ΓÇ║ e2e\expo-web\launch-22-accessibility.spec.ts:101:9 ΓÇ║ Launch 22 canonical route accessibility ΓÇ║ settings-help has no critical or serious WCAG A/AA findings (1.1s)
  ok 106 [ux-tablet-820] ΓÇ║ e2e\expo-web\launch-22-visual.spec.ts:139:7 ΓÇ║ editorial long recipe in light (1.3s)
  ok 108 [ux-tablet-820] ΓÇ║ e2e\expo-web\launch-22-visual.spec.ts:32:7 ΓÇ║ plan check comparison and recommendation in dark (897ms)
  ok 105 [ux-tablet-820] ΓÇ║ e2e\expo-web\launch-22-visual.spec.ts:119:7 ΓÇ║ editorial food search and amount confirmation in light (2.0s)
  ok 110 [ux-tablet-820] ΓÇ║ e2e\expo-web\launch-22-visual.spec.ts:73:9 ΓÇ║ editorial today in dark (712ms)
  ok 109 [ux-phone-320] ΓÇ║ e2e\expo-web\launch-22-accessibility.spec.ts:101:9 ΓÇ║ Launch 22 canonical route accessibility ΓÇ║ profile-details has no critical or serious WCAG A/AA findings (1.1s)
  ok 111 [ux-tablet-820] ΓÇ║ e2e\expo-web\launch-22-visual.spec.ts:73:9 ΓÇ║ editorial food-log in dark (720ms)
  ok 112 [ux-tablet-820] ΓÇ║ e2e\expo-web\launch-22-visual.spec.ts:73:9 ΓÇ║ editorial progress in dark (743ms)
  ok 113 [ux-tablet-820] ΓÇ║ e2e\expo-web\launch-22-visual.spec.ts:73:9 ΓÇ║ editorial settings in dark (739ms)
  ok 115 [ux-tablet-820] ΓÇ║ e2e\expo-web\launch-22-visual.spec.ts:73:9 ΓÇ║ editorial login in dark (601ms)
  ok 114 [ux-phone-320] ΓÇ║ e2e\expo-web\launch-22-accessibility.spec.ts:101:9 ΓÇ║ Launch 22 canonical route accessibility ΓÇ║ preferences has no critical or serious WCAG A/AA findings (1.2s)
  ok 116 [ux-tablet-820] ΓÇ║ e2e\expo-web\launch-22-visual.spec.ts:73:9 ΓÇ║ editorial saved-foods in dark (712ms)
  ok 118 [ux-tablet-820] ΓÇ║ e2e\expo-web\launch-22-visual.spec.ts:139:7 ΓÇ║ editorial long recipe in dark (1.3s)
  ok 119 [ux-phone-320] ΓÇ║ e2e\expo-web\launch-22-accessibility.spec.ts:101:9 ΓÇ║ Launch 22 canonical route accessibility ΓÇ║ health-connect has no critical or serious WCAG A/AA findings (931ms)
  ok 117 [ux-tablet-820] ΓÇ║ e2e\expo-web\launch-22-visual.spec.ts:119:7 ΓÇ║ editorial food search and amount confirmation in dark (2.0s)
  ok 120 [ux-tablet-820] ΓÇ║ e2e\expo-web\launch-22-visual.spec.ts:159:7 ΓÇ║ onboarding three steps in light (1.4s)
  -  123 [ux-tablet-820] ΓÇ║ e2e\expo-web\launch-22-visual.spec.ts:170:7 ΓÇ║ onboarding three steps with enlarged-text
  -  124 [ux-tablet-820] ΓÇ║ e2e\expo-web\launch-22-visual.spec.ts:170:7 ΓÇ║ onboarding three steps with forced-colors
  -  125 [ux-tablet-820] ΓÇ║ e2e\expo-web\launch-22-visual.spec.ts:182:5 ΓÇ║ onboarding imperial measurements with enlarged text
  -  127 [ux-tablet-820] ΓÇ║ e2e\expo-web\launch-22-visual.spec.ts:344:5 ΓÇ║ empty Today remains legible in dark mode on phone and desktop
  ok 122 [ux-phone-320] ΓÇ║ e2e\expo-web\launch-22-accessibility.spec.ts:101:9 ΓÇ║ Launch 22 canonical route accessibility ΓÇ║ watch has no critical or serious WCAG A/AA findings (917ms)
  -  128 [ux-tablet-820] ΓÇ║ e2e\expo-web\launch-22-visual.spec.ts:354:5 ΓÇ║ Today loading skeleton preserves compact-phone structure
  ok 121 [ux-tablet-820] ΓÇ║ e2e\expo-web\launch-22-visual.spec.ts:159:7 ΓÇ║ onboarding three steps in dark (1.5s)
  ok 126 [ux-tablet-820] ΓÇ║ e2e\expo-web\launch-22-visual.spec.ts:335:5 ΓÇ║ populated Today remains stable in light mode at every release viewport (666ms)
  -  131 [ux-tablet-820] ΓÇ║ e2e\expo-web\launch-22-visual.spec.ts:386:5 ΓÇ║ stale Food Log retains cached data and degraded labeling in dark mode
  -  132 [ux-tablet-820] ΓÇ║ e2e\expo-web\launch-22-visual.spec.ts:400:5 ΓÇ║ offline Today keeps cached content and stale labeling on the smallest phone
  -  133 [ux-tablet-820] ΓÇ║ e2e\expo-web\launch-22-visual.spec.ts:420:5 ΓÇ║ Progress uses the shell-owned cached-data notice while offline
  -  135 [ux-tablet-820] ΓÇ║ e2e\expo-web\launch-22-visual.spec.ts:447:5 ΓÇ║ Settings remains understandable with forced colors
  -  136 [ux-tablet-820] ΓÇ║ e2e\expo-web\launch-22-visual.spec.ts:462:5 ΓÇ║ Today tolerates 200% text at the smallest release viewport
  -  137 [ux-tablet-820] ΓÇ║ e2e\expo-web\launch-22-visual.spec.ts:479:5 ΓÇ║ password reset exposes a visibly disabled submission state
  ok 129 [ux-phone-320] ΓÇ║ e2e\expo-web\launch-22-accessibility.spec.ts:101:9 ΓÇ║ Launch 22 canonical route accessibility ΓÇ║ devices has no critical or serious WCAG A/AA findings (1.1s)
  -  138 [ux-tablet-820] ΓÇ║ e2e\expo-web\launch-22-visual.spec.ts:490:5 ΓÇ║ Settings export exposes a stable busy and disabled submission state
  -  140 [ux-tablet-820] ΓÇ║ e2e\expo-web\launch-22-visual.spec.ts:542:5 ΓÇ║ normal visual runs reject a missing baseline without recreating it
  ok 134 [ux-tablet-820] ΓÇ║ e2e\expo-web\launch-22-visual.spec.ts:436:5 ΓÇ║ paused Today is explicit without implying a calorie target on tablet (716ms)
  -  141 [ux-tablet-820] ΓÇ║ e2e\expo-web\launch-22-visual.spec.ts:565:5 ΓÇ║ visual threshold contract rejects a 24px spacing shift above 0.2%
(node:27128) Warning: The 'NO_COLOR' env is ignored due to the 'FORCE_COLOR' env being set.
(Use `node --trace-warnings ...` to show where the warning was created)
(node:25472) Warning: The 'NO_COLOR' env is ignored due to the 'FORCE_COLOR' env being set.
(Use `node --trace-warnings ...` to show where the warning was created)
  ok 139 [ux-phone-320] ΓÇ║ e2e\expo-web\launch-22-accessibility.spec.ts:101:9 ΓÇ║ Launch 22 canonical route accessibility ΓÇ║ connected-apps has no critical or serious WCAG A/AA findings (973ms)
  ok 142 [ux-desktop-1024] ΓÇ║ e2e\expo-web\launch-22-accessibility.spec.ts:30:7 ΓÇ║ Launch 22 accessibility coverage contracts ΓÇ║ declares every canonical route exactly once (209ms)
  -  143 [ux-desktop-1024] ΓÇ║ e2e\expo-web\launch-22-visual.spec.ts:32:7 ΓÇ║ plan check comparison and recommendation in light
  -  146 [ux-desktop-1024] ΓÇ║ e2e\expo-web\launch-22-visual.spec.ts:73:9 ΓÇ║ editorial today in light
  ok 145 [ux-desktop-1024] ΓÇ║ e2e\expo-web\launch-22-accessibility.spec.ts:44:7 ΓÇ║ Launch 22 accessibility coverage contracts ΓÇ║ declares unique, authenticated overlay entry points (148ms)
  -  147 [ux-desktop-1024] ΓÇ║ e2e\expo-web\launch-22-visual.spec.ts:73:9 ΓÇ║ editorial food-log in light
  ok 148 [ux-desktop-1024] ΓÇ║ e2e\expo-web\launch-22-accessibility.spec.ts:88:7 ΓÇ║ Launch 22 accessibility coverage contracts ΓÇ║ declares query-driven overlays as automatic entry points (104ms)
  -  150 [ux-desktop-1024] ΓÇ║ e2e\expo-web\launch-22-visual.spec.ts:73:9 ΓÇ║ editorial progress in light
  -  151 [ux-desktop-1024] ΓÇ║ e2e\expo-web\launch-22-visual.spec.ts:73:9 ΓÇ║ editorial settings in light
  -  152 [ux-desktop-1024] ΓÇ║ e2e\expo-web\launch-22-visual.spec.ts:73:9 ΓÇ║ editorial login in light
  -  153 [ux-desktop-1024] ΓÇ║ e2e\expo-web\launch-22-visual.spec.ts:73:9 ΓÇ║ editorial saved-foods in light
  -  154 [ux-desktop-1024] ΓÇ║ e2e\expo-web\launch-22-visual.spec.ts:119:7 ΓÇ║ editorial food search and amount confirmation in light
  -  155 [ux-desktop-1024] ΓÇ║ e2e\expo-web\launch-22-visual.spec.ts:139:7 ΓÇ║ editorial long recipe in light
  ok 144 [ux-phone-320] ΓÇ║ e2e\expo-web\launch-22-accessibility.spec.ts:101:9 ΓÇ║ Launch 22 canonical route accessibility ΓÇ║ food-log has no critical or serious WCAG A/AA findings (1.2s)
  -  156 [ux-desktop-1024] ΓÇ║ e2e\expo-web\launch-22-visual.spec.ts:32:7 ΓÇ║ plan check comparison and recommendation in dark
  ok 149 [ux-desktop-1024] ΓÇ║ e2e\expo-web\launch-22-accessibility.spec.ts:101:9 ΓÇ║ Launch 22 canonical route accessibility ΓÇ║ root has no critical or serious WCAG A/AA findings (938ms)
  -  158 [ux-desktop-1024] ΓÇ║ e2e\expo-web\launch-22-visual.spec.ts:73:9 ΓÇ║ editorial today in dark
  -  160 [ux-desktop-1024] ΓÇ║ e2e\expo-web\launch-22-visual.spec.ts:73:9 ΓÇ║ editorial food-log in dark
  -  161 [ux-desktop-1024] ΓÇ║ e2e\expo-web\launch-22-visual.spec.ts:73:9 ΓÇ║ editorial progress in dark
  -  162 [ux-desktop-1024] ΓÇ║ e2e\expo-web\launch-22-visual.spec.ts:73:9 ΓÇ║ editorial settings in dark
  -  163 [ux-desktop-1024] ΓÇ║ e2e\expo-web\launch-22-visual.spec.ts:73:9 ΓÇ║ editorial login in dark
  -  164 [ux-desktop-1024] ΓÇ║ e2e\expo-web\launch-22-visual.spec.ts:73:9 ΓÇ║ editorial saved-foods in dark
  -  165 [ux-desktop-1024] ΓÇ║ e2e\expo-web\launch-22-visual.spec.ts:119:7 ΓÇ║ editorial food search and amount confirmation in dark
  ok 159 [ux-desktop-1024] ΓÇ║ e2e\expo-web\launch-22-accessibility.spec.ts:101:9 ΓÇ║ Launch 22 canonical route accessibility ΓÇ║ login has no critical or serious WCAG A/AA findings (962ms)
  -  166 [ux-desktop-1024] ΓÇ║ e2e\expo-web\launch-22-visual.spec.ts:139:7 ΓÇ║ editorial long recipe in dark
  ok 157 [ux-phone-320] ΓÇ║ e2e\expo-web\launch-22-accessibility.spec.ts:101:9 ΓÇ║ Launch 22 canonical route accessibility ΓÇ║ weight-trend has no critical or serious WCAG A/AA findings (1.2s)
  -  168 [ux-desktop-1024] ΓÇ║ e2e\expo-web\launch-22-visual.spec.ts:159:7 ΓÇ║ onboarding three steps in light
  -  170 [ux-desktop-1024] ΓÇ║ e2e\expo-web\launch-22-visual.spec.ts:159:7 ΓÇ║ onboarding three steps in dark
  -  171 [ux-desktop-1024] ΓÇ║ e2e\expo-web\launch-22-visual.spec.ts:170:7 ΓÇ║ onboarding three steps with enlarged-text
  -  172 [ux-desktop-1024] ΓÇ║ e2e\expo-web\launch-22-visual.spec.ts:170:7 ΓÇ║ onboarding three steps with forced-colors
  -  173 [ux-desktop-1024] ΓÇ║ e2e\expo-web\launch-22-visual.spec.ts:182:5 ΓÇ║ onboarding imperial measurements with enlarged text
  ok 167 [ux-desktop-1024] ΓÇ║ e2e\expo-web\launch-22-accessibility.spec.ts:101:9 ΓÇ║ Launch 22 canonical route accessibility ΓÇ║ register has no critical or serious WCAG A/AA findings (855ms)
  ok 169 [ux-phone-320] ΓÇ║ e2e\expo-web\launch-22-accessibility.spec.ts:101:9 ΓÇ║ Launch 22 canonical route accessibility ΓÇ║ plan-check has no critical or serious WCAG A/AA findings (1.0s)
  ok 174 [ux-desktop-1024] ΓÇ║ e2e\expo-web\launch-22-visual.spec.ts:335:5 ΓÇ║ populated Today remains stable in light mode at every release viewport (734ms)
  ok 175 [ux-desktop-1024] ΓÇ║ e2e\expo-web\launch-22-accessibility.spec.ts:101:9 ΓÇ║ Launch 22 canonical route accessibility ΓÇ║ forgot-password has no critical or serious WCAG A/AA findings (829ms)
  ok 177 [ux-desktop-1024] ΓÇ║ e2e\expo-web\launch-22-visual.spec.ts:344:5 ΓÇ║ empty Today remains legible in dark mode on phone and desktop (709ms)
  ok 176 [ux-phone-320] ΓÇ║ e2e\expo-web\launch-22-accessibility.spec.ts:101:9 ΓÇ║ Launch 22 canonical route accessibility ΓÇ║ activity has no critical or serious WCAG A/AA findings (1.0s)
  -  179 [ux-desktop-1024] ΓÇ║ e2e\expo-web\launch-22-visual.spec.ts:354:5 ΓÇ║ Today loading skeleton preserves compact-phone structure
  -  181 [ux-desktop-1024] ΓÇ║ e2e\expo-web\launch-22-visual.spec.ts:372:5 ΓÇ║ Today terminal error stays distinct from empty content on tablet
  -  182 [ux-desktop-1024] ΓÇ║ e2e\expo-web\launch-22-visual.spec.ts:386:5 ΓÇ║ stale Food Log retains cached data and degraded labeling in dark mode
  ok 178 [ux-desktop-1024] ΓÇ║ e2e\expo-web\launch-22-accessibility.spec.ts:101:9 ΓÇ║ Launch 22 canonical route accessibility ΓÇ║ reset-password has no critical or serious WCAG A/AA findings (828ms)
  -  183 [ux-desktop-1024] ΓÇ║ e2e\expo-web\launch-22-visual.spec.ts:400:5 ΓÇ║ offline Today keeps cached content and stale labeling on the smallest phone
  ok 180 [ux-phone-320] ΓÇ║ e2e\expo-web\launch-22-accessibility.spec.ts:101:9 ΓÇ║ Launch 22 canonical route accessibility ΓÇ║ my-foods has no critical or serious WCAG A/AA findings (1.0s)
  ok 184 [ux-desktop-1024] ΓÇ║ e2e\expo-web\launch-22-accessibility.spec.ts:101:9 ΓÇ║ Launch 22 canonical route accessibility ΓÇ║ verify-email has no critical or serious WCAG A/AA findings (882ms)
  ok 185 [ux-desktop-1024] ΓÇ║ e2e\expo-web\launch-22-visual.spec.ts:420:5 ΓÇ║ Progress uses the shell-owned cached-data notice while offline (983ms)
  -  188 [ux-desktop-1024] ΓÇ║ e2e\expo-web\launch-22-visual.spec.ts:436:5 ΓÇ║ paused Today is explicit without implying a calorie target on tablet
  ok 130 [ux-tablet-820] ΓÇ║ e2e\expo-web\launch-22-visual.spec.ts:372:5 ΓÇ║ Today terminal error stays distinct from empty content on tablet (8.1s)
  ok 186 [ux-phone-320] ΓÇ║ e2e\expo-web\launch-22-accessibility.spec.ts:101:9 ΓÇ║ Launch 22 canonical route accessibility ΓÇ║ about has no critical or serious WCAG A/AA findings (1.1s)
(node:30996) Warning: The 'NO_COLOR' env is ignored due to the 'FORCE_COLOR' env being set.
(Use `node --trace-warnings ...` to show where the warning was created)
  ok 189 [ux-desktop-1024] ΓÇ║ e2e\expo-web\launch-22-visual.spec.ts:447:5 ΓÇ║ Settings remains understandable with forced colors (747ms)
  ok 187 [ux-desktop-1024] ΓÇ║ e2e\expo-web\launch-22-accessibility.spec.ts:101:9 ΓÇ║ Launch 22 canonical route accessibility ΓÇ║ legal-update has no critical or serious WCAG A/AA findings (1.0s)
  -  192 [ux-desktop-1024] ΓÇ║ e2e\expo-web\launch-22-visual.spec.ts:479:5 ΓÇ║ password reset exposes a visibly disabled submission state
  -  191 [ux-desktop-1024] ΓÇ║ e2e\expo-web\launch-22-visual.spec.ts:462:5 ΓÇ║ Today tolerates 200% text at the smallest release viewport
  ok 195 [ux-desktop-1024] ΓÇ║ e2e\expo-web\launch-22-visual.spec.ts:542:5 ΓÇ║ normal visual runs reject a missing baseline without recreating it (508ms)
  ok 193 [ux-desktop-1024] ΓÇ║ e2e\expo-web\launch-22-accessibility.spec.ts:101:9 ΓÇ║ Launch 22 canonical route accessibility ΓÇ║ terms has no critical or serious WCAG A/AA findings (1.0s)
  ok 190 [ux-phone-320] ΓÇ║ e2e\expo-web\launch-22-accessibility.spec.ts:101:9 ΓÇ║ Launch 22 canonical route accessibility ΓÇ║ advanced has no critical or serious WCAG A/AA findings (1.2s)
  ok 194 [ux-desktop-1024] ΓÇ║ e2e\expo-web\launch-22-visual.spec.ts:490:5 ΓÇ║ Settings export exposes a stable busy and disabled submission state (1.3s)
  ok 197 [ux-desktop-1024] ΓÇ║ e2e\expo-web\launch-22-accessibility.spec.ts:101:9 ΓÇ║ Launch 22 canonical route accessibility ΓÇ║ support has no critical or serious WCAG A/AA findings (924ms)
  ok 196 [ux-desktop-1024] ΓÇ║ e2e\expo-web\launch-22-visual.spec.ts:565:5 ΓÇ║ visual threshold contract rejects a 24px spacing shift above 0.2% (1.2s)
(node:21068) Warning: The 'NO_COLOR' env is ignored due to the 'FORCE_COLOR' env being set.
(Use `node --trace-warnings ...` to show where the warning was created)
  ok 198 [ux-phone-320] ΓÇ║ e2e\expo-web\launch-22-accessibility.spec.ts:101:9 ΓÇ║ Launch 22 canonical route accessibility ΓÇ║ server-admin has no critical or serious WCAG A/AA findings (1.1s)
(node:36420) Warning: The 'NO_COLOR' env is ignored due to the 'FORCE_COLOR' env being set.
(Use `node --trace-warnings ...` to show where the warning was created)
  ok 199 [ux-desktop-1024] ΓÇ║ e2e\expo-web\launch-22-accessibility.spec.ts:101:9 ΓÇ║ Launch 22 canonical route accessibility ΓÇ║ privacy has no critical or serious WCAG A/AA findings (1.1s)
  ok 201 [ux-phone-320] ΓÇ║ e2e\expo-web\launch-22-accessibility.spec.ts:101:9 ΓÇ║ Launch 22 canonical route accessibility ΓÇ║ weight has no critical or serious WCAG A/AA findings (1.1s)
  ok 200 [ux-desktop-1440] ΓÇ║ e2e\expo-web\launch-22-visual.spec.ts:32:7 ΓÇ║ plan check comparison and recommendation in light (1.1s)
  ok 202 [ux-desktop-1440] ΓÇ║ e2e\expo-web\launch-22-visual.spec.ts:73:9 ΓÇ║ editorial today in light (952ms)
  ok 203 [ux-desktop-1024] ΓÇ║ e2e\expo-web\launch-22-accessibility.spec.ts:101:9 ΓÇ║ Launch 22 canonical route accessibility ΓÇ║ account-deletion has no critical or serious WCAG A/AA findings (1.0s)
  ok 205 [ux-desktop-1440] ΓÇ║ e2e\expo-web\launch-22-visual.spec.ts:73:9 ΓÇ║ editorial food-log in light (868ms)
  ok 204 [ux-phone-320] ΓÇ║ e2e\expo-web\launch-22-accessibility.spec.ts:101:9 ΓÇ║ Launch 22 canonical route accessibility ΓÇ║ nutrition-label has no critical or serious WCAG A/AA findings (1.1s)
  ok 206 [ux-desktop-1440] ΓÇ║ e2e\expo-web\launch-22-visual.spec.ts:73:9 ΓÇ║ editorial progress in light (845ms)
  ok 207 [ux-desktop-1024] ΓÇ║ e2e\expo-web\launch-22-accessibility.spec.ts:101:9 ΓÇ║ Launch 22 canonical route accessibility ΓÇ║ health-connect-privacy has no critical or serious WCAG A/AA findings (956ms)
  ok 208 [ux-desktop-1440] ΓÇ║ e2e\expo-web\launch-22-visual.spec.ts:73:9 ΓÇ║ editorial settings in light (782ms)
  ok 210 [ux-desktop-1440] ΓÇ║ e2e\expo-web\launch-22-visual.spec.ts:73:9 ΓÇ║ editorial login in light (597ms)
  ok 209 [ux-phone-320] ΓÇ║ e2e\expo-web\launch-22-accessibility.spec.ts:101:9 ΓÇ║ Launch 22 canonical route accessibility ΓÇ║ barcode has no critical or serious WCAG A/AA findings (1.1s)
  ok 212 [ux-desktop-1440] ΓÇ║ e2e\expo-web\launch-22-visual.spec.ts:73:9 ΓÇ║ editorial saved-foods in light (848ms)
  ok 211 [ux-desktop-1024] ΓÇ║ e2e\expo-web\launch-22-accessibility.spec.ts:101:9 ΓÇ║ Launch 22 canonical route accessibility ΓÇ║ onboarding has no critical or serious WCAG A/AA findings (1.1s)
  ok 214 [ux-phone-320] ΓÇ║ e2e\expo-web\launch-22-accessibility.spec.ts:119:9 ΓÇ║ Launch 22 open overlay accessibility ΓÇ║ add-food has no critical or serious WCAG A/AA findings (1.3s)
  ok 213 [ux-desktop-1440] ΓÇ║ e2e\expo-web\launch-22-visual.spec.ts:119:7 ΓÇ║ editorial food search and amount confirmation in light (2.1s)
  ok 215 [ux-desktop-1440] ΓÇ║ e2e\expo-web\launch-22-visual.spec.ts:139:7 ΓÇ║ editorial long recipe in light (1.4s)
  ok 216 [ux-desktop-1024] ΓÇ║ e2e\expo-web\launch-22-accessibility.spec.ts:101:9 ΓÇ║ Launch 22 canonical route accessibility ΓÇ║ today has no critical or serious WCAG A/AA findings (1.3s)
  ok 217 [ux-phone-320] ΓÇ║ e2e\expo-web\launch-22-accessibility.spec.ts:119:9 ΓÇ║ Launch 22 open overlay accessibility ΓÇ║ weight-entry has no critical or serious WCAG A/AA findings (1.3s)
  ok 219 [ux-desktop-1440] ΓÇ║ e2e\expo-web\launch-22-visual.spec.ts:73:9 ΓÇ║ editorial today in dark (835ms)
  ok 218 [ux-desktop-1440] ΓÇ║ e2e\expo-web\launch-22-visual.spec.ts:32:7 ΓÇ║ plan check comparison and recommendation in dark (1.0s)
  ok 220 [ux-desktop-1024] ΓÇ║ e2e\expo-web\launch-22-accessibility.spec.ts:101:9 ΓÇ║ Launch 22 canonical route accessibility ΓÇ║ progress has no critical or serious WCAG A/AA findings (1.3s)
  ok 222 [ux-desktop-1440] ΓÇ║ e2e\expo-web\launch-22-visual.spec.ts:73:9 ΓÇ║ editorial food-log in dark (806ms)
  ok 223 [ux-desktop-1440] ΓÇ║ e2e\expo-web\launch-22-visual.spec.ts:73:9 ΓÇ║ editorial progress in dark (785ms)
  ok 226 [ux-desktop-1440] ΓÇ║ e2e\expo-web\launch-22-visual.spec.ts:73:9 ΓÇ║ editorial login in dark (671ms)
  ok 221 [ux-phone-320] ΓÇ║ e2e\expo-web\launch-22-accessibility.spec.ts:119:9 ΓÇ║ Launch 22 open overlay accessibility ΓÇ║ historical-calendar has no critical or serious WCAG A/AA findings (1.7s)
  ok 225 [ux-desktop-1440] ΓÇ║ e2e\expo-web\launch-22-visual.spec.ts:73:9 ΓÇ║ editorial settings in dark (760ms)
  ok 224 [ux-desktop-1024] ΓÇ║ e2e\expo-web\launch-22-accessibility.spec.ts:101:9 ΓÇ║ Launch 22 canonical route accessibility ΓÇ║ settings has no critical or serious WCAG A/AA findings (1.2s)
  ok 227 [ux-desktop-1440] ΓÇ║ e2e\expo-web\launch-22-visual.spec.ts:73:9 ΓÇ║ editorial saved-foods in dark (789ms)
  ok 228 [ux-phone-320] ΓÇ║ e2e\expo-web\launch-22-accessibility.spec.ts:119:9 ΓÇ║ Launch 22 open overlay accessibility ΓÇ║ goal-editor has no critical or serious WCAG A/AA findings (1.2s)
  ok 230 [ux-desktop-1024] ΓÇ║ e2e\expo-web\launch-22-accessibility.spec.ts:101:9 ΓÇ║ Launch 22 canonical route accessibility ΓÇ║ settings-profile has no critical or serious WCAG A/AA findings (1.1s)
  ok 229 [ux-desktop-1440] ΓÇ║ e2e\expo-web\launch-22-visual.spec.ts:119:7 ΓÇ║ editorial food search and amount confirmation in dark (2.1s)
  ok 231 [ux-desktop-1440] ΓÇ║ e2e\expo-web\launch-22-visual.spec.ts:139:7 ΓÇ║ editorial long recipe in dark (1.4s)
  ok 233 [ux-desktop-1024] ΓÇ║ e2e\expo-web\launch-22-accessibility.spec.ts:101:9 ΓÇ║ Launch 22 canonical route accessibility ΓÇ║ settings-security has no critical or serious WCAG A/AA findings (1.2s)
  ok 232 [ux-phone-320] ΓÇ║ e2e\expo-web\launch-22-accessibility.spec.ts:119:9 ΓÇ║ Launch 22 open overlay accessibility ΓÇ║ goal-daily-calorie-options has no critical or serious WCAG A/AA findings (1.4s)
  ok 236 [ux-desktop-1024] ΓÇ║ e2e\expo-web\launch-22-accessibility.spec.ts:101:9 ΓÇ║ Launch 22 canonical route accessibility ΓÇ║ settings-connections has no critical or serious WCAG A/AA findings (1.2s)
  ok 234 [ux-desktop-1440] ΓÇ║ e2e\expo-web\launch-22-visual.spec.ts:159:7 ΓÇ║ onboarding three steps in light (1.8s)
  ok 235 [ux-desktop-1440] ΓÇ║ e2e\expo-web\launch-22-visual.spec.ts:159:7 ΓÇ║ onboarding three steps in dark (1.8s)
  ok 237 [ux-phone-320] ΓÇ║ e2e\expo-web\launch-22-accessibility.spec.ts:119:9 ΓÇ║ Launch 22 open overlay accessibility ΓÇ║ plan-check-adjustment-review has no critical or serious WCAG A/AA findings (1.6s)
  ok 238 [ux-desktop-1024] ΓÇ║ e2e\expo-web\launch-22-accessibility.spec.ts:101:9 ΓÇ║ Launch 22 canonical route accessibility ΓÇ║ settings-data has no critical or serious WCAG A/AA findings (1.3s)
  ok 241 [ux-phone-320] ΓÇ║ e2e\expo-web\launch-22-accessibility.spec.ts:119:9 ΓÇ║ Launch 22 open overlay accessibility ΓÇ║ notifications-drawer has no critical or serious WCAG A/AA findings (1.5s)
  ok 240 [ux-desktop-1440] ΓÇ║ e2e\expo-web\launch-22-visual.spec.ts:170:7 ΓÇ║ onboarding three steps with forced-colors (1.9s)
  ok 242 [ux-desktop-1024] ΓÇ║ e2e\expo-web\launch-22-accessibility.spec.ts:101:9 ΓÇ║ Launch 22 canonical route accessibility ΓÇ║ settings-help has no critical or serious WCAG A/AA findings (1.3s)
  ok 239 [ux-desktop-1440] ΓÇ║ e2e\expo-web\launch-22-visual.spec.ts:170:7 ΓÇ║ onboarding three steps with enlarged-text (2.3s)
  ok 243 [ux-phone-320] ΓÇ║ e2e\expo-web\launch-22-accessibility.spec.ts:119:9 ΓÇ║ Launch 22 open overlay accessibility ΓÇ║ profile-time-zone-options has no critical or serious WCAG A/AA findings (1.4s)
  ok 246 [ux-desktop-1440] ΓÇ║ e2e\expo-web\launch-22-visual.spec.ts:335:5 ΓÇ║ populated Today remains stable in light mode at every release viewport (847ms)
  -  248 [ux-desktop-1440] ΓÇ║ e2e\expo-web\launch-22-visual.spec.ts:344:5 ΓÇ║ empty Today remains legible in dark mode on phone and desktop
  ok 244 [ux-desktop-1440] ΓÇ║ e2e\expo-web\launch-22-visual.spec.ts:182:5 ΓÇ║ onboarding imperial measurements with enlarged text (1.4s)
  -  249 [ux-desktop-1440] ΓÇ║ e2e\expo-web\launch-22-visual.spec.ts:354:5 ΓÇ║ Today loading skeleton preserves compact-phone structure
  -  250 [ux-desktop-1440] ΓÇ║ e2e\expo-web\launch-22-visual.spec.ts:372:5 ΓÇ║ Today terminal error stays distinct from empty content on tablet
  ok 245 [ux-desktop-1024] ΓÇ║ e2e\expo-web\launch-22-accessibility.spec.ts:101:9 ΓÇ║ Launch 22 canonical route accessibility ΓÇ║ profile-details has no critical or serious WCAG A/AA findings (1.4s)
  -  252 [ux-desktop-1440] ΓÇ║ e2e\expo-web\launch-22-visual.spec.ts:400:5 ΓÇ║ offline Today keeps cached content and stale labeling on the smallest phone
  -  254 [ux-desktop-1440] ΓÇ║ e2e\expo-web\launch-22-visual.spec.ts:420:5 ΓÇ║ Progress uses the shell-owned cached-data notice while offline
  -  255 [ux-desktop-1440] ΓÇ║ e2e\expo-web\launch-22-visual.spec.ts:436:5 ΓÇ║ paused Today is explicit without implying a calorie target on tablet
  -  256 [ux-desktop-1440] ΓÇ║ e2e\expo-web\launch-22-visual.spec.ts:447:5 ΓÇ║ Settings remains understandable with forced colors
  ok 247 [ux-phone-320] ΓÇ║ e2e\expo-web\launch-22-accessibility.spec.ts:119:9 ΓÇ║ Launch 22 open overlay accessibility ΓÇ║ profile-photo has no critical or serious WCAG A/AA findings (1.0s)
  -  257 [ux-desktop-1440] ΓÇ║ e2e\expo-web\launch-22-visual.spec.ts:462:5 ΓÇ║ Today tolerates 200% text at the smallest release viewport
  -  259 [ux-desktop-1440] ΓÇ║ e2e\expo-web\launch-22-visual.spec.ts:479:5 ΓÇ║ password reset exposes a visibly disabled submission state
  -  260 [ux-desktop-1440] ΓÇ║ e2e\expo-web\launch-22-visual.spec.ts:490:5 ΓÇ║ Settings export exposes a stable busy and disabled submission state
  -  261 [ux-desktop-1440] ΓÇ║ e2e\expo-web\launch-22-visual.spec.ts:542:5 ΓÇ║ normal visual runs reject a missing baseline without recreating it
  ok 253 [ux-desktop-1024] ΓÇ║ e2e\expo-web\launch-22-accessibility.spec.ts:101:9 ΓÇ║ Launch 22 canonical route accessibility ΓÇ║ preferences has no critical or serious WCAG A/AA findings (1.1s)
  -  262 [ux-desktop-1440] ΓÇ║ e2e\expo-web\launch-22-visual.spec.ts:565:5 ΓÇ║ visual threshold contract rejects a 24px spacing shift above 0.2%
  ok 258 [ux-phone-320] ΓÇ║ e2e\expo-web\launch-22-accessibility.spec.ts:119:9 ΓÇ║ Launch 22 open overlay accessibility ΓÇ║ password has no critical or serious WCAG A/AA findings (922ms)
  ok 263 [ux-desktop-1024] ΓÇ║ e2e\expo-web\launch-22-accessibility.spec.ts:101:9 ΓÇ║ Launch 22 canonical route accessibility ΓÇ║ health-connect has no critical or serious WCAG A/AA findings (950ms)
  ok 264 [ux-phone-320] ΓÇ║ e2e\expo-web\launch-22-accessibility.spec.ts:119:9 ΓÇ║ Launch 22 open overlay accessibility ΓÇ║ import has no critical or serious WCAG A/AA findings (931ms)
  ok 265 [ux-desktop-1024] ΓÇ║ e2e\expo-web\launch-22-accessibility.spec.ts:101:9 ΓÇ║ Launch 22 canonical route accessibility ΓÇ║ watch has no critical or serious WCAG A/AA findings (967ms)
  ok 266 [ux-phone-320] ΓÇ║ e2e\expo-web\launch-22-accessibility.spec.ts:119:9 ΓÇ║ Launch 22 open overlay accessibility ΓÇ║ offline has no critical or serious WCAG A/AA findings (952ms)
  ok 267 [ux-desktop-1024] ΓÇ║ e2e\expo-web\launch-22-accessibility.spec.ts:101:9 ΓÇ║ Launch 22 canonical route accessibility ΓÇ║ devices has no critical or serious WCAG A/AA findings (1.0s)
  ok 268 [ux-phone-320] ΓÇ║ e2e\expo-web\launch-22-accessibility.spec.ts:119:9 ΓÇ║ Launch 22 open overlay accessibility ΓÇ║ saved-food-new-food has no critical or serious WCAG A/AA findings (1.0s)
  ok 269 [ux-desktop-1024] ΓÇ║ e2e\expo-web\launch-22-accessibility.spec.ts:101:9 ΓÇ║ Launch 22 canonical route accessibility ΓÇ║ connected-apps has no critical or serious WCAG A/AA findings (905ms)
  ok 270 [ux-phone-320] ΓÇ║ e2e\expo-web\launch-22-accessibility.spec.ts:119:9 ΓÇ║ Launch 22 open overlay accessibility ΓÇ║ saved-food-new-recipe has no critical or serious WCAG A/AA findings (890ms)
  ok 271 [ux-desktop-1024] ΓÇ║ e2e\expo-web\launch-22-accessibility.spec.ts:101:9 ΓÇ║ Launch 22 canonical route accessibility ΓÇ║ food-log has no critical or serious WCAG A/AA findings (1.0s)
  ok 272 [ux-phone-320] ΓÇ║ e2e\expo-web\launch-22-accessibility.spec.ts:119:9 ΓÇ║ Launch 22 open overlay accessibility ΓÇ║ food-log-edit has no critical or serious WCAG A/AA findings (1.0s)
  ok 273 [ux-desktop-1024] ΓÇ║ e2e\expo-web\launch-22-accessibility.spec.ts:101:9 ΓÇ║ Launch 22 canonical route accessibility ΓÇ║ weight-trend has no critical or serious WCAG A/AA findings (1.1s)
  ok 274 [ux-phone-320] ΓÇ║ e2e\expo-web\launch-22-accessibility.spec.ts:119:9 ΓÇ║ Launch 22 open overlay accessibility ΓÇ║ food-log-copy-day has no critical or serious WCAG A/AA findings (1.0s)
  ok 275 [ux-desktop-1024] ΓÇ║ e2e\expo-web\launch-22-accessibility.spec.ts:101:9 ΓÇ║ Launch 22 canonical route accessibility ΓÇ║ plan-check has no critical or serious WCAG A/AA findings (1.1s)
  ok 251 [ux-desktop-1440] ΓÇ║ e2e\expo-web\launch-22-visual.spec.ts:386:5 ΓÇ║ stale Food Log retains cached data and degraded labeling in dark mode (8.5s)
  ok 276 [ux-phone-320] ΓÇ║ e2e\expo-web\launch-22-accessibility.spec.ts:119:9 ΓÇ║ Launch 22 open overlay accessibility ΓÇ║ food-log-copy-meal has no critical or serious WCAG A/AA findings (1.1s)
  ok 277 [ux-desktop-1024] ΓÇ║ e2e\expo-web\launch-22-accessibility.spec.ts:101:9 ΓÇ║ Launch 22 canonical route accessibility ΓÇ║ activity has no critical or serious WCAG A/AA findings (1.0s)
  ok 278 [ux-phone-320] ΓÇ║ e2e\expo-web\launch-22-accessibility.spec.ts:119:9 ΓÇ║ Launch 22 open overlay accessibility ΓÇ║ food-log-copy-meal-destination has no critical or serious WCAG A/AA findings (1.1s)
  ok 279 [ux-desktop-1024] ΓÇ║ e2e\expo-web\launch-22-accessibility.spec.ts:101:9 ΓÇ║ Launch 22 canonical route accessibility ΓÇ║ my-foods has no critical or serious WCAG A/AA findings (1.0s)
  ok 280 [ux-phone-320] ΓÇ║ e2e\expo-web\launch-22-accessibility.spec.ts:119:9 ΓÇ║ Launch 22 open overlay accessibility ΓÇ║ food-log-save-recipe has no critical or serious WCAG A/AA findings (1.0s)
  ok 281 [ux-desktop-1024] ΓÇ║ e2e\expo-web\launch-22-accessibility.spec.ts:101:9 ΓÇ║ Launch 22 canonical route accessibility ΓÇ║ about has no critical or serious WCAG A/AA findings (923ms)
  ok 282 [ux-phone-320] ΓÇ║ e2e\expo-web\launch-22-accessibility.spec.ts:119:9 ΓÇ║ Launch 22 open overlay accessibility ΓÇ║ pause-tracking has no critical or serious WCAG A/AA findings (1.2s)
  ok 283 [ux-desktop-1024] ΓÇ║ e2e\expo-web\launch-22-accessibility.spec.ts:101:9 ΓÇ║ Launch 22 canonical route accessibility ΓÇ║ advanced has no critical or serious WCAG A/AA findings (880ms)
  ok 284 [ux-phone-320] ΓÇ║ e2e\expo-web\launch-22-accessibility.spec.ts:119:9 ΓÇ║ Launch 22 open overlay accessibility ΓÇ║ resume-tracking-prompt has no critical or serious WCAG A/AA findings (860ms)
  ok 285 [ux-desktop-1024] ΓÇ║ e2e\expo-web\launch-22-accessibility.spec.ts:101:9 ΓÇ║ Launch 22 canonical route accessibility ΓÇ║ server-admin has no critical or serious WCAG A/AA findings (868ms)
  ok 286 [ux-phone-320] ΓÇ║ e2e\expo-web\launch-22-accessibility.spec.ts:119:9 ΓÇ║ Launch 22 open overlay accessibility ΓÇ║ session-revoke-confirmation has no critical or serious WCAG A/AA findings (840ms)
  ok 287 [ux-desktop-1024] ΓÇ║ e2e\expo-web\launch-22-accessibility.spec.ts:101:9 ΓÇ║ Launch 22 canonical route accessibility ΓÇ║ weight has no critical or serious WCAG A/AA findings (841ms)
  ok 288 [ux-phone-320] ΓÇ║ e2e\expo-web\launch-22-accessibility.spec.ts:119:9 ΓÇ║ Launch 22 open overlay accessibility ΓÇ║ session-revoke-others-confirmation has no critical or serious WCAG A/AA findings (864ms)
  ok 289 [ux-desktop-1024] ΓÇ║ e2e\expo-web\launch-22-accessibility.spec.ts:101:9 ΓÇ║ Launch 22 canonical route accessibility ΓÇ║ nutrition-label has no critical or serious WCAG A/AA findings (779ms)
  ok 290 [ux-phone-320] ΓÇ║ e2e\expo-web\launch-22-accessibility.spec.ts:119:9 ΓÇ║ Launch 22 open overlay accessibility ΓÇ║ connected-app-revoke-confirmation has no critical or serious WCAG A/AA findings (840ms)
  ok 291 [ux-desktop-1024] ΓÇ║ e2e\expo-web\launch-22-accessibility.spec.ts:101:9 ΓÇ║ Launch 22 canonical route accessibility ΓÇ║ barcode has no critical or serious WCAG A/AA findings (786ms)
  ok 292 [ux-phone-320] ΓÇ║ e2e\expo-web\launch-22-accessibility.spec.ts:119:9 ΓÇ║ Launch 22 open overlay accessibility ΓÇ║ account-export has no critical or serious WCAG A/AA findings (825ms)
  ok 293 [ux-desktop-1024] ΓÇ║ e2e\expo-web\launch-22-accessibility.spec.ts:119:9 ΓÇ║ Launch 22 open overlay accessibility ΓÇ║ add-food has no critical or serious WCAG A/AA findings (966ms)
  ok 294 [ux-phone-320] ΓÇ║ e2e\expo-web\launch-22-accessibility.spec.ts:119:9 ΓÇ║ Launch 22 open overlay accessibility ΓÇ║ delete-account has no critical or serious WCAG A/AA findings (863ms)
  ok 295 [ux-desktop-1024] ΓÇ║ e2e\expo-web\launch-22-accessibility.spec.ts:119:9 ΓÇ║ Launch 22 open overlay accessibility ΓÇ║ weight-entry has no critical or serious WCAG A/AA findings (988ms)
  ok 296 [ux-phone-320] ΓÇ║ e2e\expo-web\launch-22-accessibility.spec.ts:156:7 ΓÇ║ Launch 22 accessibility gate probes ΓÇ║ detects an unnamed button (741ms)
  ok 298 [ux-phone-320] ΓÇ║ e2e\expo-web\launch-22-accessibility.spec.ts:176:7 ΓÇ║ Launch 22 accessibility gate probes ΓÇ║ detects insufficient text contrast (745ms)
  ok 297 [ux-desktop-1024] ΓÇ║ e2e\expo-web\launch-22-accessibility.spec.ts:119:9 ΓÇ║ Launch 22 open overlay accessibility ΓÇ║ historical-calendar has no critical or serious WCAG A/AA findings (1.3s)
  ok 299 [ux-phone-320] ΓÇ║ e2e\expo-web\launch-22-accessibility.spec.ts:206:7 ΓÇ║ Launch 22 accessibility gate probes ΓÇ║ detects positive tabindex focus-order overrides (794ms)
  ok 300 [ux-desktop-1024] ΓÇ║ e2e\expo-web\launch-22-accessibility.spec.ts:119:9 ΓÇ║ Launch 22 open overlay accessibility ΓÇ║ goal-editor has no critical or serious WCAG A/AA findings (981ms)
  ok 302 [ux-desktop-1024] ΓÇ║ e2e\expo-web\launch-22-accessibility.spec.ts:119:9 ΓÇ║ Launch 22 open overlay accessibility ΓÇ║ goal-daily-calorie-options has no critical or serious WCAG A/AA findings (1.1s)
  ok 301 [ux-phone-320] ΓÇ║ e2e\expo-web\launch-22-accessibility.spec.ts:232:7 ΓÇ║ onboarding all steps have no blocking accessibility findings in light (1.8s)
  ok 303 [ux-desktop-1024] ΓÇ║ e2e\expo-web\launch-22-accessibility.spec.ts:119:9 ΓÇ║ Launch 22 open overlay accessibility ΓÇ║ plan-check-adjustment-review has no critical or serious WCAG A/AA findings (1.2s)
  ok 304 [ux-phone-320] ΓÇ║ e2e\expo-web\launch-22-accessibility.spec.ts:232:7 ΓÇ║ onboarding all steps have no blocking accessibility findings in dark (1.7s)
  ok 305 [ux-desktop-1024] ΓÇ║ e2e\expo-web\launch-22-accessibility.spec.ts:119:9 ΓÇ║ Launch 22 open overlay accessibility ΓÇ║ notifications-drawer has no critical or serious WCAG A/AA findings (1.0s)
  ok 306 [ux-desktop-1024] ΓÇ║ e2e\expo-web\launch-22-accessibility.spec.ts:119:9 ΓÇ║ Launch 22 open overlay accessibility ΓÇ║ profile-time-zone-options has no critical or serious WCAG A/AA findings (1.0s)
  ok 307 [ux-desktop-1024] ΓÇ║ e2e\expo-web\launch-22-accessibility.spec.ts:119:9 ΓÇ║ Launch 22 open overlay accessibility ΓÇ║ profile-photo has no critical or serious WCAG A/AA findings (851ms)
  ok 308 [ux-desktop-1024] ΓÇ║ e2e\expo-web\launch-22-accessibility.spec.ts:119:9 ΓÇ║ Launch 22 open overlay accessibility ΓÇ║ password has no critical or serious WCAG A/AA findings (811ms)
  ok 309 [ux-desktop-1024] ΓÇ║ e2e\expo-web\launch-22-accessibility.spec.ts:119:9 ΓÇ║ Launch 22 open overlay accessibility ΓÇ║ import has no critical or serious WCAG A/AA findings (804ms)
  ok 310 [ux-desktop-1024] ΓÇ║ e2e\expo-web\launch-22-accessibility.spec.ts:119:9 ΓÇ║ Launch 22 open overlay accessibility ΓÇ║ offline has no critical or serious WCAG A/AA findings (798ms)
  ok 311 [ux-desktop-1024] ΓÇ║ e2e\expo-web\launch-22-accessibility.spec.ts:119:9 ΓÇ║ Launch 22 open overlay accessibility ΓÇ║ saved-food-new-food has no critical or serious WCAG A/AA findings (847ms)
  ok 312 [ux-desktop-1024] ΓÇ║ e2e\expo-web\launch-22-accessibility.spec.ts:119:9 ΓÇ║ Launch 22 open overlay accessibility ΓÇ║ saved-food-new-recipe has no critical or serious WCAG A/AA findings (858ms)
  ok 313 [ux-desktop-1024] ΓÇ║ e2e\expo-web\launch-22-accessibility.spec.ts:119:9 ΓÇ║ Launch 22 open overlay accessibility ΓÇ║ food-log-edit has no critical or serious WCAG A/AA findings (978ms)
  ok 314 [ux-desktop-1024] ΓÇ║ e2e\expo-web\launch-22-accessibility.spec.ts:119:9 ΓÇ║ Launch 22 open overlay accessibility ΓÇ║ food-log-copy-day has no critical or serious WCAG A/AA findings (885ms)
  ok 315 [ux-desktop-1024] ΓÇ║ e2e\expo-web\launch-22-accessibility.spec.ts:119:9 ΓÇ║ Launch 22 open overlay accessibility ΓÇ║ food-log-copy-meal has no critical or serious WCAG A/AA findings (943ms)
  ok 316 [ux-desktop-1024] ΓÇ║ e2e\expo-web\launch-22-accessibility.spec.ts:119:9 ΓÇ║ Launch 22 open overlay accessibility ΓÇ║ food-log-copy-meal-destination has no critical or serious WCAG A/AA findings (1.1s)
  ok 317 [ux-desktop-1024] ΓÇ║ e2e\expo-web\launch-22-accessibility.spec.ts:119:9 ΓÇ║ Launch 22 open overlay accessibility ΓÇ║ food-log-save-recipe has no critical or serious WCAG A/AA findings (932ms)
  ok 318 [ux-desktop-1024] ΓÇ║ e2e\expo-web\launch-22-accessibility.spec.ts:119:9 ΓÇ║ Launch 22 open overlay accessibility ΓÇ║ pause-tracking has no critical or serious WCAG A/AA findings (1.3s)
  ok 319 [ux-desktop-1024] ΓÇ║ e2e\expo-web\launch-22-accessibility.spec.ts:119:9 ΓÇ║ Launch 22 open overlay accessibility ΓÇ║ resume-tracking-prompt has no critical or serious WCAG A/AA findings (856ms)
  ok 320 [ux-desktop-1024] ΓÇ║ e2e\expo-web\launch-22-accessibility.spec.ts:119:9 ΓÇ║ Launch 22 open overlay accessibility ΓÇ║ session-revoke-confirmation has no critical or serious WCAG A/AA findings (810ms)
  ok 321 [ux-desktop-1024] ΓÇ║ e2e\expo-web\launch-22-accessibility.spec.ts:119:9 ΓÇ║ Launch 22 open overlay accessibility ΓÇ║ session-revoke-others-confirmation has no critical or serious WCAG A/AA findings (776ms)
  ok 322 [ux-desktop-1024] ΓÇ║ e2e\expo-web\launch-22-accessibility.spec.ts:119:9 ΓÇ║ Launch 22 open overlay accessibility ΓÇ║ connected-app-revoke-confirmation has no critical or serious WCAG A/AA findings (792ms)
  ok 323 [ux-desktop-1024] ΓÇ║ e2e\expo-web\launch-22-accessibility.spec.ts:119:9 ΓÇ║ Launch 22 open overlay accessibility ΓÇ║ account-export has no critical or serious WCAG A/AA findings (752ms)
  ok 324 [ux-desktop-1024] ΓÇ║ e2e\expo-web\launch-22-accessibility.spec.ts:119:9 ΓÇ║ Launch 22 open overlay accessibility ΓÇ║ delete-account has no critical or serious WCAG A/AA findings (771ms)
  ok 325 [ux-desktop-1024] ΓÇ║ e2e\expo-web\launch-22-accessibility.spec.ts:156:7 ΓÇ║ Launch 22 accessibility gate probes ΓÇ║ detects an unnamed button (747ms)
  ok 326 [ux-desktop-1024] ΓÇ║ e2e\expo-web\launch-22-accessibility.spec.ts:176:7 ΓÇ║ Launch 22 accessibility gate probes ΓÇ║ detects insufficient text contrast (786ms)
  ok 327 [ux-desktop-1024] ΓÇ║ e2e\expo-web\launch-22-accessibility.spec.ts:206:7 ΓÇ║ Launch 22 accessibility gate probes ΓÇ║ detects positive tabindex focus-order overrides (776ms)
  ok 328 [ux-desktop-1024] ΓÇ║ e2e\expo-web\launch-22-accessibility.spec.ts:232:7 ΓÇ║ onboarding all steps have no blocking accessibility findings in light (1.8s)
  ok 329 [ux-desktop-1024] ΓÇ║ e2e\expo-web\launch-22-accessibility.spec.ts:232:7 ΓÇ║ onboarding all steps have no blocking accessibility findings in dark (1.6s)

  79 skipped
  250 passed (1.7m)
