npm notice run cal-io@0.37.0 npx
npm notice run playwright test --config=playwright.expo-web.config.ts --workers=2 --timeout=120000 e2e/expo-web/launch-17-notification-center.spec.ts e2e/expo-web/notification-legacy-gates.spec.ts e2e/expo-web/nested-route-stacks.spec.ts

Running 96 tests using 2 workers

(node:39176) Warning: The 'NO_COLOR' env is ignored due to the 'FORCE_COLOR' env being set.
(Use `node --trace-warnings ...` to show where the warning was created)
(node:22496) Warning: The 'NO_COLOR' env is ignored due to the 'FORCE_COLOR' env being set.
(Use `node --trace-warnings ...` to show where the warning was created)
  ok  2 [desktop-chrome] ΓÇ║ e2e\expo-web\launch-17-notification-center.spec.ts:37:5 ΓÇ║ five reminders retain global count, new-arrival refresh, dismissal and local-date actions (1.6s)
  ok  1 [desktop-chrome] ΓÇ║ e2e\expo-web\launch-17-notification-center.spec.ts:9:5 ΓÇ║ empty reminders remain accessible from Today, Progress and Settings without an archive (2.2s)
  ok  3 [desktop-chrome] ΓÇ║ e2e\expo-web\launch-17-notification-center.spec.ts:67:5 ΓÇ║ weight reminder routing survives close/reopen and browser Back/Forward (1.2s)
  ok  5 [desktop-chrome] ΓÇ║ e2e\expo-web\launch-17-notification-center.spec.ts:106:5 ΓÇ║ loading reminders exposes no archive or false empty state and settles honestly (1.2s)
  ok  6 [desktop-chrome] ΓÇ║ e2e\expo-web\launch-17-notification-center.spec.ts:123:5 ΓÇ║ the populated reminder panel is retained on Progress and Settings (1.8s)
  ok  4 [desktop-chrome] ΓÇ║ e2e\expo-web\launch-17-notification-center.spec.ts:87:5 ΓÇ║ fetch failure never reassures falsely and Retry restores current reminders (7.8s)
  ok  8 [desktop-chrome] ΓÇ║ e2e\expo-web\launch-17-notification-center.spec.ts:167:7 ΓÇ║ read failure preserves reminder/count, blocks repeated actions, and recovers (1.3s)
  ok  9 [desktop-chrome] ΓÇ║ e2e\expo-web\launch-17-notification-center.spec.ts:167:7 ΓÇ║ dismiss failure preserves reminder/count, blocks repeated actions, and recovers (1.0s)
  ok 10 [desktop-chrome] ΓÇ║ e2e\expo-web\launch-17-notification-center.spec.ts:195:5 ΓÇ║ a failed reminder read preserves the dirty Preferences draft and permits a guarded retry (1.5s)
  ok  7 [desktop-chrome] ΓÇ║ e2e\expo-web\launch-17-notification-center.spec.ts:140:5 ΓÇ║ cached reminders survive offline and failed refresh before recovery (8.8s)
  ok 11 [desktop-chrome] ΓÇ║ e2e\expo-web\launch-17-notification-center.spec.ts:254:5 ΓÇ║ Preferences retains browser permission recovery and guarded reminder navigation (1.7s)
  ok 13 [desktop-chrome] ΓÇ║ e2e\expo-web\nested-route-stacks.spec.ts:41:5 ΓÇ║ unknown notification subpaths retain not-found recovery (5.7s)
  ok 14 [desktop-chrome] ΓÇ║ e2e\expo-web\nested-route-stacks.spec.ts:51:5 ΓÇ║ signed-in legal pages retain Settings navigation without the history shortcut (1.7s)
  ok 15 [desktop-chrome] ΓÇ║ e2e\expo-web\nested-route-stacks.spec.ts:98:5 ΓÇ║ Trend keeps the app shell and browser Back collapses into Progress (1.2s)
  ok 16 [desktop-chrome] ΓÇ║ e2e\expo-web\nested-route-stacks.spec.ts:121:5 ΓÇ║ Activity direct entry falls back to its registered Connections parent (927ms)
  ok 17 [desktop-chrome] ΓÇ║ e2e\expo-web\nested-route-stacks.spec.ts:137:5 ΓÇ║ Food log returns to Today with browser Back on a compact phone (1.2s)
  ok 18 [desktop-chrome] ΓÇ║ e2e\expo-web\nested-route-stacks.spec.ts:155:5 ΓÇ║ Saved Foods is discoverable from Settings and returns through real history (1.1s)
  ok 19 [desktop-chrome] ΓÇ║ e2e\expo-web\nested-route-stacks.spec.ts:175:5 ΓÇ║ signed-in not-found recovery returns to Today (5.7s)
  ok 20 [desktop-chrome] ΓÇ║ e2e\expo-web\nested-route-stacks.spec.ts:187:5 ΓÇ║ signed-out not-found recovery returns to the hosted home (681ms)
  ok 12 [desktop-chrome] ΓÇ║ e2e\expo-web\nested-route-stacks.spec.ts:8:5 ΓÇ║ legacy notifications bookmarks replace themselves with Today and cannot reopen history (20.2s)
  ok 21 [desktop-chrome] ΓÇ║ e2e\expo-web\notification-legacy-gates.spec.ts:3:5 ΓÇ║ legacy notifications preserves sign-in gating on direct entry and reload (966ms)
  ok 22 [desktop-chrome] ΓÇ║ e2e\expo-web\notification-legacy-gates.spec.ts:16:7 ΓÇ║ legacy notifications preserves the email_verification_required account gate (843ms)
  ok 23 [desktop-chrome] ΓÇ║ e2e\expo-web\notification-legacy-gates.spec.ts:16:7 ΓÇ║ legacy notifications preserves the legal_acceptance_required account gate (977ms)
  ok 24 [desktop-chrome] ΓÇ║ e2e\expo-web\notification-legacy-gates.spec.ts:33:5 ΓÇ║ legacy notifications preserves incomplete-profile onboarding (681ms)
(node:20884) Warning: The 'NO_COLOR' env is ignored due to the 'FORCE_COLOR' env being set.
(Use `node --trace-warnings ...` to show where the warning was created)
(node:37516) Warning: The 'NO_COLOR' env is ignored due to the 'FORCE_COLOR' env being set.
(Use `node --trace-warnings ...` to show where the warning was created)
  ok 26 [tablet-chrome] ΓÇ║ e2e\expo-web\launch-17-notification-center.spec.ts:37:5 ΓÇ║ five reminders retain global count, new-arrival refresh, dismissal and local-date actions (1.7s)
  ok 25 [tablet-chrome] ΓÇ║ e2e\expo-web\launch-17-notification-center.spec.ts:9:5 ΓÇ║ empty reminders remain accessible from Today, Progress and Settings without an archive (3.0s)
  ok 27 [tablet-chrome] ΓÇ║ e2e\expo-web\launch-17-notification-center.spec.ts:67:5 ΓÇ║ weight reminder routing survives close/reopen and browser Back/Forward (1.3s)
  ok 29 [tablet-chrome] ΓÇ║ e2e\expo-web\launch-17-notification-center.spec.ts:106:5 ΓÇ║ loading reminders exposes no archive or false empty state and settles honestly (797ms)
  ok 30 [tablet-chrome] ΓÇ║ e2e\expo-web\launch-17-notification-center.spec.ts:123:5 ΓÇ║ the populated reminder panel is retained on Progress and Settings (1.4s)
  ok 28 [tablet-chrome] ΓÇ║ e2e\expo-web\launch-17-notification-center.spec.ts:87:5 ΓÇ║ fetch failure never reassures falsely and Retry restores current reminders (8.2s)
  ok 32 [tablet-chrome] ΓÇ║ e2e\expo-web\launch-17-notification-center.spec.ts:167:7 ΓÇ║ read failure preserves reminder/count, blocks repeated actions, and recovers (969ms)
  ok 33 [tablet-chrome] ΓÇ║ e2e\expo-web\launch-17-notification-center.spec.ts:167:7 ΓÇ║ dismiss failure preserves reminder/count, blocks repeated actions, and recovers (830ms)
  ok 31 [tablet-chrome] ΓÇ║ e2e\expo-web\launch-17-notification-center.spec.ts:140:5 ΓÇ║ cached reminders survive offline and failed refresh before recovery (8.6s)
  ok 34 [tablet-chrome] ΓÇ║ e2e\expo-web\launch-17-notification-center.spec.ts:195:5 ΓÇ║ a failed reminder read preserves the dirty Preferences draft and permits a guarded retry (1.4s)
  ok 35 [tablet-chrome] ΓÇ║ e2e\expo-web\launch-17-notification-center.spec.ts:254:5 ΓÇ║ Preferences retains browser permission recovery and guarded reminder navigation (1.8s)
  ok 37 [tablet-chrome] ΓÇ║ e2e\expo-web\nested-route-stacks.spec.ts:41:5 ΓÇ║ unknown notification subpaths retain not-found recovery (5.5s)
  ok 38 [tablet-chrome] ΓÇ║ e2e\expo-web\nested-route-stacks.spec.ts:51:5 ΓÇ║ signed-in legal pages retain Settings navigation without the history shortcut (1.4s)
  ok 39 [tablet-chrome] ΓÇ║ e2e\expo-web\nested-route-stacks.spec.ts:98:5 ΓÇ║ Trend keeps the app shell and browser Back collapses into Progress (956ms)
  ok 40 [tablet-chrome] ΓÇ║ e2e\expo-web\nested-route-stacks.spec.ts:121:5 ΓÇ║ Activity direct entry falls back to its registered Connections parent (736ms)
  ok 41 [tablet-chrome] ΓÇ║ e2e\expo-web\nested-route-stacks.spec.ts:137:5 ΓÇ║ Food log returns to Today with browser Back on a compact phone (1.0s)
  ok 42 [tablet-chrome] ΓÇ║ e2e\expo-web\nested-route-stacks.spec.ts:155:5 ΓÇ║ Saved Foods is discoverable from Settings and returns through real history (911ms)
  ok 43 [tablet-chrome] ΓÇ║ e2e\expo-web\nested-route-stacks.spec.ts:175:5 ΓÇ║ signed-in not-found recovery returns to Today (657ms)
  ok 44 [tablet-chrome] ΓÇ║ e2e\expo-web\nested-route-stacks.spec.ts:187:5 ΓÇ║ signed-out not-found recovery returns to the hosted home (481ms)
  ok 45 [tablet-chrome] ΓÇ║ e2e\expo-web\notification-legacy-gates.spec.ts:3:5 ΓÇ║ legacy notifications preserves sign-in gating on direct entry and reload (653ms)
  ok 46 [tablet-chrome] ΓÇ║ e2e\expo-web\notification-legacy-gates.spec.ts:16:7 ΓÇ║ legacy notifications preserves the email_verification_required account gate (635ms)
  ok 47 [tablet-chrome] ΓÇ║ e2e\expo-web\notification-legacy-gates.spec.ts:16:7 ΓÇ║ legacy notifications preserves the legal_acceptance_required account gate (749ms)
  ok 48 [tablet-chrome] ΓÇ║ e2e\expo-web\notification-legacy-gates.spec.ts:33:5 ΓÇ║ legacy notifications preserves incomplete-profile onboarding (546ms)
  ok 36 [tablet-chrome] ΓÇ║ e2e\expo-web\nested-route-stacks.spec.ts:8:5 ΓÇ║ legacy notifications bookmarks replace themselves with Today and cannot reopen history (16.6s)
(node:8252) Warning: The 'NO_COLOR' env is ignored due to the 'FORCE_COLOR' env being set.
(Use `node --trace-warnings ...` to show where the warning was created)
(node:14476) Warning: The 'NO_COLOR' env is ignored due to the 'FORCE_COLOR' env being set.
(Use `node --trace-warnings ...` to show where the warning was created)
  ok 50 [android-phone-chrome] ΓÇ║ e2e\expo-web\launch-17-notification-center.spec.ts:37:5 ΓÇ║ five reminders retain global count, new-arrival refresh, dismissal and local-date actions (1.7s)
  ok 49 [android-phone-chrome] ΓÇ║ e2e\expo-web\launch-17-notification-center.spec.ts:9:5 ΓÇ║ empty reminders remain accessible from Today, Progress and Settings without an archive (3.0s)
  ok 51 [android-phone-chrome] ΓÇ║ e2e\expo-web\launch-17-notification-center.spec.ts:67:5 ΓÇ║ weight reminder routing survives close/reopen and browser Back/Forward (1.4s)
  ok 53 [android-phone-chrome] ΓÇ║ e2e\expo-web\launch-17-notification-center.spec.ts:106:5 ΓÇ║ loading reminders exposes no archive or false empty state and settles honestly (789ms)
  ok 54 [android-phone-chrome] ΓÇ║ e2e\expo-web\launch-17-notification-center.spec.ts:123:5 ΓÇ║ the populated reminder panel is retained on Progress and Settings (1.5s)
  ok 52 [android-phone-chrome] ΓÇ║ e2e\expo-web\launch-17-notification-center.spec.ts:87:5 ΓÇ║ fetch failure never reassures falsely and Retry restores current reminders (7.6s)
  ok 56 [android-phone-chrome] ΓÇ║ e2e\expo-web\launch-17-notification-center.spec.ts:167:7 ΓÇ║ read failure preserves reminder/count, blocks repeated actions, and recovers (995ms)
  ok 57 [android-phone-chrome] ΓÇ║ e2e\expo-web\launch-17-notification-center.spec.ts:167:7 ΓÇ║ dismiss failure preserves reminder/count, blocks repeated actions, and recovers (811ms)
  ok 58 [android-phone-chrome] ΓÇ║ e2e\expo-web\launch-17-notification-center.spec.ts:195:5 ΓÇ║ a failed reminder read preserves the dirty Preferences draft and permits a guarded retry (1.4s)
  ok 55 [android-phone-chrome] ΓÇ║ e2e\expo-web\launch-17-notification-center.spec.ts:140:5 ΓÇ║ cached reminders survive offline and failed refresh before recovery (8.5s)
  ok 59 [android-phone-chrome] ΓÇ║ e2e\expo-web\launch-17-notification-center.spec.ts:254:5 ΓÇ║ Preferences retains browser permission recovery and guarded reminder navigation (1.9s)
  ok 61 [android-phone-chrome] ΓÇ║ e2e\expo-web\nested-route-stacks.spec.ts:41:5 ΓÇ║ unknown notification subpaths retain not-found recovery (5.5s)
  ok 62 [android-phone-chrome] ΓÇ║ e2e\expo-web\nested-route-stacks.spec.ts:51:5 ΓÇ║ signed-in legal pages retain Settings navigation without the history shortcut (1.3s)
  ok 63 [android-phone-chrome] ΓÇ║ e2e\expo-web\nested-route-stacks.spec.ts:98:5 ΓÇ║ Trend keeps the app shell and browser Back collapses into Progress (1.0s)
  ok 64 [android-phone-chrome] ΓÇ║ e2e\expo-web\nested-route-stacks.spec.ts:121:5 ΓÇ║ Activity direct entry falls back to its registered Connections parent (777ms)
  ok 65 [android-phone-chrome] ΓÇ║ e2e\expo-web\nested-route-stacks.spec.ts:137:5 ΓÇ║ Food log returns to Today with browser Back on a compact phone (1.0s)
  ok 66 [android-phone-chrome] ΓÇ║ e2e\expo-web\nested-route-stacks.spec.ts:155:5 ΓÇ║ Saved Foods is discoverable from Settings and returns through real history (917ms)
  ok 60 [android-phone-chrome] ΓÇ║ e2e\expo-web\nested-route-stacks.spec.ts:8:5 ΓÇ║ legacy notifications bookmarks replace themselves with Today and cannot reopen history (16.2s)
  ok 68 [android-phone-chrome] ΓÇ║ e2e\expo-web\nested-route-stacks.spec.ts:187:5 ΓÇ║ signed-out not-found recovery returns to the hosted home (499ms)
  ok 69 [android-phone-chrome] ΓÇ║ e2e\expo-web\notification-legacy-gates.spec.ts:3:5 ΓÇ║ legacy notifications preserves sign-in gating on direct entry and reload (651ms)
  ok 67 [android-phone-chrome] ΓÇ║ e2e\expo-web\nested-route-stacks.spec.ts:175:5 ΓÇ║ signed-in not-found recovery returns to Today (5.5s)
  ok 70 [android-phone-chrome] ΓÇ║ e2e\expo-web\notification-legacy-gates.spec.ts:16:7 ΓÇ║ legacy notifications preserves the email_verification_required account gate (676ms)
  ok 71 [android-phone-chrome] ΓÇ║ e2e\expo-web\notification-legacy-gates.spec.ts:16:7 ΓÇ║ legacy notifications preserves the legal_acceptance_required account gate (830ms)
  ok 72 [android-phone-chrome] ΓÇ║ e2e\expo-web\notification-legacy-gates.spec.ts:33:5 ΓÇ║ legacy notifications preserves incomplete-profile onboarding (607ms)
(node:27920) Warning: The 'NO_COLOR' env is ignored due to the 'FORCE_COLOR' env being set.
(Use `node --trace-warnings ...` to show where the warning was created)
(node:24408) Warning: The 'NO_COLOR' env is ignored due to the 'FORCE_COLOR' env being set.
(Use `node --trace-warnings ...` to show where the warning was created)
  ok 74 [compact-phone-chrome] ΓÇ║ e2e\expo-web\launch-17-notification-center.spec.ts:37:5 ΓÇ║ five reminders retain global count, new-arrival refresh, dismissal and local-date actions (1.6s)
  ok 73 [compact-phone-chrome] ΓÇ║ e2e\expo-web\launch-17-notification-center.spec.ts:9:5 ΓÇ║ empty reminders remain accessible from Today, Progress and Settings without an archive (2.9s)
  ok 75 [compact-phone-chrome] ΓÇ║ e2e\expo-web\launch-17-notification-center.spec.ts:67:5 ΓÇ║ weight reminder routing survives close/reopen and browser Back/Forward (1.3s)
  ok 77 [compact-phone-chrome] ΓÇ║ e2e\expo-web\launch-17-notification-center.spec.ts:106:5 ΓÇ║ loading reminders exposes no archive or false empty state and settles honestly (762ms)
  ok 78 [compact-phone-chrome] ΓÇ║ e2e\expo-web\launch-17-notification-center.spec.ts:123:5 ΓÇ║ the populated reminder panel is retained on Progress and Settings (1.4s)
  ok 76 [compact-phone-chrome] ΓÇ║ e2e\expo-web\launch-17-notification-center.spec.ts:87:5 ΓÇ║ fetch failure never reassures falsely and Retry restores current reminders (7.6s)
  ok 80 [compact-phone-chrome] ΓÇ║ e2e\expo-web\launch-17-notification-center.spec.ts:167:7 ΓÇ║ read failure preserves reminder/count, blocks repeated actions, and recovers (884ms)
  ok 81 [compact-phone-chrome] ΓÇ║ e2e\expo-web\launch-17-notification-center.spec.ts:167:7 ΓÇ║ dismiss failure preserves reminder/count, blocks repeated actions, and recovers (803ms)
  ok 82 [compact-phone-chrome] ΓÇ║ e2e\expo-web\launch-17-notification-center.spec.ts:195:5 ΓÇ║ a failed reminder read preserves the dirty Preferences draft and permits a guarded retry (1.4s)
  ok 79 [compact-phone-chrome] ΓÇ║ e2e\expo-web\launch-17-notification-center.spec.ts:140:5 ΓÇ║ cached reminders survive offline and failed refresh before recovery (8.6s)
  ok 83 [compact-phone-chrome] ΓÇ║ e2e\expo-web\launch-17-notification-center.spec.ts:254:5 ΓÇ║ Preferences retains browser permission recovery and guarded reminder navigation (1.8s)
  ok 85 [compact-phone-chrome] ΓÇ║ e2e\expo-web\nested-route-stacks.spec.ts:41:5 ΓÇ║ unknown notification subpaths retain not-found recovery (5.5s)
  ok 86 [compact-phone-chrome] ΓÇ║ e2e\expo-web\nested-route-stacks.spec.ts:51:5 ΓÇ║ signed-in legal pages retain Settings navigation without the history shortcut (1.5s)
  ok 87 [compact-phone-chrome] ΓÇ║ e2e\expo-web\nested-route-stacks.spec.ts:98:5 ΓÇ║ Trend keeps the app shell and browser Back collapses into Progress (877ms)
  ok 88 [compact-phone-chrome] ΓÇ║ e2e\expo-web\nested-route-stacks.spec.ts:121:5 ΓÇ║ Activity direct entry falls back to its registered Connections parent (793ms)
  ok 89 [compact-phone-chrome] ΓÇ║ e2e\expo-web\nested-route-stacks.spec.ts:137:5 ΓÇ║ Food log returns to Today with browser Back on a compact phone (956ms)
  ok 90 [compact-phone-chrome] ΓÇ║ e2e\expo-web\nested-route-stacks.spec.ts:155:5 ΓÇ║ Saved Foods is discoverable from Settings and returns through real history (853ms)
  ok 91 [compact-phone-chrome] ΓÇ║ e2e\expo-web\nested-route-stacks.spec.ts:175:5 ΓÇ║ signed-in not-found recovery returns to Today (634ms)
  ok 92 [compact-phone-chrome] ΓÇ║ e2e\expo-web\nested-route-stacks.spec.ts:187:5 ΓÇ║ signed-out not-found recovery returns to the hosted home (474ms)
  ok 93 [compact-phone-chrome] ΓÇ║ e2e\expo-web\notification-legacy-gates.spec.ts:3:5 ΓÇ║ legacy notifications preserves sign-in gating on direct entry and reload (662ms)
  ok 94 [compact-phone-chrome] ΓÇ║ e2e\expo-web\notification-legacy-gates.spec.ts:16:7 ΓÇ║ legacy notifications preserves the email_verification_required account gate (613ms)
  ok 95 [compact-phone-chrome] ΓÇ║ e2e\expo-web\notification-legacy-gates.spec.ts:16:7 ΓÇ║ legacy notifications preserves the legal_acceptance_required account gate (729ms)
  ok 96 [compact-phone-chrome] ΓÇ║ e2e\expo-web\notification-legacy-gates.spec.ts:33:5 ΓÇ║ legacy notifications preserves incomplete-profile onboarding (527ms)
  ok 84 [compact-phone-chrome] ΓÇ║ e2e\expo-web\nested-route-stacks.spec.ts:8:5 ΓÇ║ legacy notifications bookmarks replace themselves with Today and cannot reopen history (16.7s)

  96 passed (3.2m)
