npm notice run cal-io@0.37.0 npx
npm notice run playwright test --config=playwright.expo-web.config.ts --workers=2 e2e/expo-web/nested-settings-routes.spec.ts

Running 44 tests using 2 workers

(node:28628) Warning: The 'NO_COLOR' env is ignored due to the 'FORCE_COLOR' env being set.
(Use `node --trace-warnings ...` to show where the warning was created)
(node:28092) Warning: The 'NO_COLOR' env is ignored due to the 'FORCE_COLOR' env being set.
(Use `node --trace-warnings ...` to show where the warning was created)
  ok  1 [desktop-chrome] ΓÇ║ e2e\expo-web\nested-settings-routes.spec.ts:32:7 ΓÇ║ Profile details preserves a draft when back is cancelled and discards on confirmation (1.3s)
  ok  3 [desktop-chrome] ΓÇ║ e2e\expo-web\nested-settings-routes.spec.ts:61:7 ΓÇ║ Profile details guards tab and header pushes and re-arms on return (1.8s)
  ok  4 [desktop-chrome] ΓÇ║ e2e\expo-web\nested-settings-routes.spec.ts:94:7 ΓÇ║ Profile details blocks tabs and pushes while saving (976ms)
  ok  5 [desktop-chrome] ΓÇ║ e2e\expo-web\nested-settings-routes.spec.ts:32:7 ΓÇ║ Preferences preserves a draft when back is cancelled and discards on confirmation (899ms)
  ok  6 [desktop-chrome] ΓÇ║ e2e\expo-web\nested-settings-routes.spec.ts:61:7 ΓÇ║ Preferences guards tab and header pushes and re-arms on return (1.4s)
  ok  2 [desktop-chrome] ΓÇ║ e2e\expo-web\nested-settings-routes.spec.ts:14:5 ΓÇ║ promoted settings routes have category fallbacks on direct entry (7.1s)
  ok  7 [desktop-chrome] ΓÇ║ e2e\expo-web\nested-settings-routes.spec.ts:94:7 ΓÇ║ Preferences blocks tabs and pushes while saving (786ms)
  ok  8 [desktop-chrome] ΓÇ║ e2e\expo-web\nested-settings-routes.spec.ts:133:5 ΓÇ║ Today weight entry stays on Today and can be opened again (1.2s)
  ok  9 [desktop-chrome] ΓÇ║ e2e\expo-web\nested-settings-routes.spec.ts:149:5 ΓÇ║ Today saves the selected historical weight without changing tabs (1.2s)
  -  11 [desktop-chrome] ΓÇ║ e2e\expo-web\nested-settings-routes.spec.ts:196:5 ΓÇ║ nested settings PR screenshot evidence
(node:15496) Warning: The 'NO_COLOR' env is ignored due to the 'FORCE_COLOR' env being set.
(Use `node --trace-warnings ...` to show where the warning was created)
  ok 10 [desktop-chrome] ΓÇ║ e2e\expo-web\nested-settings-routes.spec.ts:183:5 ΓÇ║ web direct links do not expose Android integration controls (1.5s)
(node:35908) Warning: The 'NO_COLOR' env is ignored due to the 'FORCE_COLOR' env being set.
(Use `node --trace-warnings ...` to show where the warning was created)
  ok 13 [tablet-chrome] ΓÇ║ e2e\expo-web\nested-settings-routes.spec.ts:32:7 ΓÇ║ Profile details preserves a draft when back is cancelled and discards on confirmation (1.4s)
  ok 14 [tablet-chrome] ΓÇ║ e2e\expo-web\nested-settings-routes.spec.ts:61:7 ΓÇ║ Profile details guards tab and header pushes and re-arms on return (1.8s)
  ok 15 [tablet-chrome] ΓÇ║ e2e\expo-web\nested-settings-routes.spec.ts:94:7 ΓÇ║ Profile details blocks tabs and pushes while saving (924ms)
  ok 16 [tablet-chrome] ΓÇ║ e2e\expo-web\nested-settings-routes.spec.ts:32:7 ΓÇ║ Preferences preserves a draft when back is cancelled and discards on confirmation (975ms)
  ok 12 [tablet-chrome] ΓÇ║ e2e\expo-web\nested-settings-routes.spec.ts:14:5 ΓÇ║ promoted settings routes have category fallbacks on direct entry (7.7s)
  ok 17 [tablet-chrome] ΓÇ║ e2e\expo-web\nested-settings-routes.spec.ts:61:7 ΓÇ║ Preferences guards tab and header pushes and re-arms on return (1.5s)
  ok 18 [tablet-chrome] ΓÇ║ e2e\expo-web\nested-settings-routes.spec.ts:94:7 ΓÇ║ Preferences blocks tabs and pushes while saving (908ms)
  ok 19 [tablet-chrome] ΓÇ║ e2e\expo-web\nested-settings-routes.spec.ts:133:5 ΓÇ║ Today weight entry stays on Today and can be opened again (1.3s)
  ok 20 [tablet-chrome] ΓÇ║ e2e\expo-web\nested-settings-routes.spec.ts:149:5 ΓÇ║ Today saves the selected historical weight without changing tabs (1.3s)
  -  22 [tablet-chrome] ΓÇ║ e2e\expo-web\nested-settings-routes.spec.ts:196:5 ΓÇ║ nested settings PR screenshot evidence
  ok 21 [tablet-chrome] ΓÇ║ e2e\expo-web\nested-settings-routes.spec.ts:183:5 ΓÇ║ web direct links do not expose Android integration controls (1.7s)
(node:35824) Warning: The 'NO_COLOR' env is ignored due to the 'FORCE_COLOR' env being set.
(Use `node --trace-warnings ...` to show where the warning was created)
(node:10088) Warning: The 'NO_COLOR' env is ignored due to the 'FORCE_COLOR' env being set.
(Use `node --trace-warnings ...` to show where the warning was created)
  ok 24 [android-phone-chrome] ΓÇ║ e2e\expo-web\nested-settings-routes.spec.ts:32:7 ΓÇ║ Profile details preserves a draft when back is cancelled and discards on confirmation (1.2s)
  ok 25 [android-phone-chrome] ΓÇ║ e2e\expo-web\nested-settings-routes.spec.ts:61:7 ΓÇ║ Profile details guards tab and header pushes and re-arms on return (1.8s)
  ok 26 [android-phone-chrome] ΓÇ║ e2e\expo-web\nested-settings-routes.spec.ts:94:7 ΓÇ║ Profile details blocks tabs and pushes while saving (783ms)
  ok 27 [android-phone-chrome] ΓÇ║ e2e\expo-web\nested-settings-routes.spec.ts:32:7 ΓÇ║ Preferences preserves a draft when back is cancelled and discards on confirmation (939ms)
  ok 28 [android-phone-chrome] ΓÇ║ e2e\expo-web\nested-settings-routes.spec.ts:61:7 ΓÇ║ Preferences guards tab and header pushes and re-arms on return (1.7s)
  ok 23 [android-phone-chrome] ΓÇ║ e2e\expo-web\nested-settings-routes.spec.ts:14:5 ΓÇ║ promoted settings routes have category fallbacks on direct entry (7.8s)
  ok 29 [android-phone-chrome] ΓÇ║ e2e\expo-web\nested-settings-routes.spec.ts:94:7 ΓÇ║ Preferences blocks tabs and pushes while saving (962ms)
  ok 30 [android-phone-chrome] ΓÇ║ e2e\expo-web\nested-settings-routes.spec.ts:133:5 ΓÇ║ Today weight entry stays on Today and can be opened again (1.3s)
  ok 31 [android-phone-chrome] ΓÇ║ e2e\expo-web\nested-settings-routes.spec.ts:149:5 ΓÇ║ Today saves the selected historical weight without changing tabs (1.3s)
  -  33 [android-phone-chrome] ΓÇ║ e2e\expo-web\nested-settings-routes.spec.ts:196:5 ΓÇ║ nested settings PR screenshot evidence
  ok 32 [android-phone-chrome] ΓÇ║ e2e\expo-web\nested-settings-routes.spec.ts:183:5 ΓÇ║ web direct links do not expose Android integration controls (1.9s)
(node:17856) Warning: The 'NO_COLOR' env is ignored due to the 'FORCE_COLOR' env being set.
(Use `node --trace-warnings ...` to show where the warning was created)
(node:27560) Warning: The 'NO_COLOR' env is ignored due to the 'FORCE_COLOR' env being set.
(Use `node --trace-warnings ...` to show where the warning was created)
  ok 35 [compact-phone-chrome] ΓÇ║ e2e\expo-web\nested-settings-routes.spec.ts:32:7 ΓÇ║ Profile details preserves a draft when back is cancelled and discards on confirmation (1.3s)
  ok 36 [compact-phone-chrome] ΓÇ║ e2e\expo-web\nested-settings-routes.spec.ts:61:7 ΓÇ║ Profile details guards tab and header pushes and re-arms on return (1.8s)
  ok 37 [compact-phone-chrome] ΓÇ║ e2e\expo-web\nested-settings-routes.spec.ts:94:7 ΓÇ║ Profile details blocks tabs and pushes while saving (802ms)
  ok 38 [compact-phone-chrome] ΓÇ║ e2e\expo-web\nested-settings-routes.spec.ts:32:7 ΓÇ║ Preferences preserves a draft when back is cancelled and discards on confirmation (854ms)
  ok 39 [compact-phone-chrome] ΓÇ║ e2e\expo-web\nested-settings-routes.spec.ts:61:7 ΓÇ║ Preferences guards tab and header pushes and re-arms on return (1.3s)
  ok 34 [compact-phone-chrome] ΓÇ║ e2e\expo-web\nested-settings-routes.spec.ts:14:5 ΓÇ║ promoted settings routes have category fallbacks on direct entry (7.5s)
  ok 40 [compact-phone-chrome] ΓÇ║ e2e\expo-web\nested-settings-routes.spec.ts:94:7 ΓÇ║ Preferences blocks tabs and pushes while saving (713ms)
  ok 41 [compact-phone-chrome] ΓÇ║ e2e\expo-web\nested-settings-routes.spec.ts:133:5 ΓÇ║ Today weight entry stays on Today and can be opened again (1.1s)
  ok 42 [compact-phone-chrome] ΓÇ║ e2e\expo-web\nested-settings-routes.spec.ts:149:5 ΓÇ║ Today saves the selected historical weight without changing tabs (1.1s)
  -  44 [compact-phone-chrome] ΓÇ║ e2e\expo-web\nested-settings-routes.spec.ts:196:5 ΓÇ║ nested settings PR screenshot evidence
  ok 43 [compact-phone-chrome] ΓÇ║ e2e\expo-web\nested-settings-routes.spec.ts:183:5 ΓÇ║ web direct links do not expose Android integration controls (1.3s)

  4 skipped
  40 passed (45.3s)
