
Running 38 tests using 2 workers

(node:35484) Warning: The 'NO_COLOR' env is ignored due to the 'FORCE_COLOR' env being set.
(Use `node --trace-warnings ...` to show where the warning was created)
(node:692) Warning: The 'NO_COLOR' env is ignored due to the 'FORCE_COLOR' env being set.
(Use `node --trace-warnings ...` to show where the warning was created)
  ok  1 [desktop-chrome] ΓÇ║ e2e\expo-web\completed-calendar.spec.ts:25:7 ΓÇ║ completed calendar boundaries and selection in dark (2.8s)
  ok  2 [desktop-chrome] ΓÇ║ e2e\expo-web\completed-calendar.spec.ts:25:7 ΓÇ║ completed calendar boundaries and selection in light (2.8s)
  -   4 [desktop-chrome] ΓÇ║ e2e\expo-web\completed-calendar.spec.ts:123:5 ΓÇ║ calendar remains usable with enlarged text on a small browser viewport
  ok  5 [desktop-chrome] ΓÇ║ e2e\expo-web\planned-pause.spec.ts:61:9 ΓÇ║ dated plan and exact month boundary in light (1.7s)
  ok  6 [desktop-chrome] ΓÇ║ e2e\expo-web\planned-pause.spec.ts:61:9 ΓÇ║ dated plan and exact month boundary in dark (1.6s)
  ok  7 [desktop-chrome] ΓÇ║ e2e\expo-web\planned-pause.spec.ts:90:5 ΓÇ║ real pause form, failed resume, recovery and preserved historical edit (1.8s)
  ok  8 [desktop-chrome] ΓÇ║ e2e\expo-web\planned-pause.spec.ts:119:5 ΓÇ║ due prompt failed update, until-resumed removal and explicit resume (1.8s)
  ok  3 [desktop-chrome] ΓÇ║ e2e\expo-web\completed-calendar.spec.ts:66:5 ΓÇ║ calendar refresh, uncached month failure, retry, and completion reopening stay honest (9.2s)
  -  10 [desktop-chrome] ΓÇ║ e2e\expo-web\planned-pause.spec.ts:159:5 ΓÇ║ planned pause remains readable at enlarged text
  ok 11 [desktop-chrome] ΓÇ║ e2e\expo-web\planned-pause.spec.ts:169:5 ΓÇ║ reopening and month navigation refresh the plan and recover from a shortened horizon (1.1s)
  ok 12 [desktop-chrome] ΓÇ║ e2e\expo-web\planned-pause.spec.ts:187:5 ΓÇ║ due and overdue plans remain paused with no invented future interval (1.7s)
  ok  9 [desktop-chrome] ΓÇ║ e2e\expo-web\planned-pause.spec.ts:139:5 ΓÇ║ year target, shortened plan on reload and unavailable metadata recovery (10.0s)
  ok 14 [desktop-chrome] ΓÇ║ e2e\expo-web\planned-pause.spec.ts:217:5 ΓÇ║ offline cached plan and accepted queued resume converge after real browser outbox replay (1.1s)
  ok 13 [desktop-chrome] ΓÇ║ e2e\expo-web\planned-pause.spec.ts:203:5 ΓÇ║ cached read failure keeps the saved plan visibly stale and reopening recovers it (8.3s)
  ok 16 [desktop-chrome] ΓÇ║ e2e\expo-web\today-paused.spec.ts:8:7 ΓÇ║ paused Today preserves weight entry and resumes with existing food in light (1.7s)
  ok 15 [desktop-chrome] ΓÇ║ e2e\expo-web\planned-pause.spec.ts:252:5 ΓÇ║ queued pause metadata survives new observers, calendar refetch, reload and replay (4.3s)
  ok 18 [desktop-chrome] ΓÇ║ e2e\expo-web\today-paused.spec.ts:61:5 ΓÇ║ a past paused day replaces an expanded food log and can be backfilled (1.5s)
  ok 17 [desktop-chrome] ΓÇ║ e2e\expo-web\today-paused.spec.ts:8:7 ΓÇ║ paused Today preserves weight entry and resumes with existing food in dark (1.8s)
  -  19 [desktop-chrome] ΓÇ║ e2e\expo-web\today-paused.spec.ts:91:5 ΓÇ║ paused-day copy and actions remain reachable at 200% text on a short phone
(node:32040) Warning: The 'NO_COLOR' env is ignored due to the 'FORCE_COLOR' env being set.
(Use `node --trace-warnings ...` to show where the warning was created)
(node:14708) Warning: The 'NO_COLOR' env is ignored due to the 'FORCE_COLOR' env being set.
(Use `node --trace-warnings ...` to show where the warning was created)
  ok 20 [compact-phone-chrome] ΓÇ║ e2e\expo-web\completed-calendar.spec.ts:25:7 ΓÇ║ completed calendar boundaries and selection in light (2.2s)
  ok 21 [compact-phone-chrome] ΓÇ║ e2e\expo-web\completed-calendar.spec.ts:25:7 ΓÇ║ completed calendar boundaries and selection in dark (2.1s)
  -  22 [compact-phone-chrome] ΓÇ║ e2e\expo-web\completed-calendar.spec.ts:66:5 ΓÇ║ calendar refresh, uncached month failure, retry, and completion reopening stay honest
  ok 23 [compact-phone-chrome] ΓÇ║ e2e\expo-web\completed-calendar.spec.ts:123:5 ΓÇ║ calendar remains usable with enlarged text on a small browser viewport (1.2s)
  ok 24 [compact-phone-chrome] ΓÇ║ e2e\expo-web\planned-pause.spec.ts:61:9 ΓÇ║ dated plan and exact month boundary in light (1.8s)
  ok 25 [compact-phone-chrome] ΓÇ║ e2e\expo-web\planned-pause.spec.ts:61:9 ΓÇ║ dated plan and exact month boundary in dark (1.8s)
  ok 26 [compact-phone-chrome] ΓÇ║ e2e\expo-web\planned-pause.spec.ts:90:5 ΓÇ║ real pause form, failed resume, recovery and preserved historical edit (2.1s)
  ok 27 [compact-phone-chrome] ΓÇ║ e2e\expo-web\planned-pause.spec.ts:119:5 ΓÇ║ due prompt failed update, until-resumed removal and explicit resume (2.6s)
  ok 29 [compact-phone-chrome] ΓÇ║ e2e\expo-web\planned-pause.spec.ts:159:5 ΓÇ║ planned pause remains readable at enlarged text (1.1s)
  ok 30 [compact-phone-chrome] ΓÇ║ e2e\expo-web\planned-pause.spec.ts:169:5 ΓÇ║ reopening and month navigation refresh the plan and recover from a shortened horizon (1.3s)
  ok 31 [compact-phone-chrome] ΓÇ║ e2e\expo-web\planned-pause.spec.ts:187:5 ΓÇ║ due and overdue plans remain paused with no invented future interval (2.0s)
  ok 28 [compact-phone-chrome] ΓÇ║ e2e\expo-web\planned-pause.spec.ts:139:5 ΓÇ║ year target, shortened plan on reload and unavailable metadata recovery (10.5s)
  ok 33 [compact-phone-chrome] ΓÇ║ e2e\expo-web\planned-pause.spec.ts:217:5 ΓÇ║ offline cached plan and accepted queued resume converge after real browser outbox replay (1.1s)
  ok 32 [compact-phone-chrome] ΓÇ║ e2e\expo-web\planned-pause.spec.ts:203:5 ΓÇ║ cached read failure keeps the saved plan visibly stale and reopening recovers it (8.4s)
  ok 35 [compact-phone-chrome] ΓÇ║ e2e\expo-web\today-paused.spec.ts:8:7 ΓÇ║ paused Today preserves weight entry and resumes with existing food in light (2.1s)
  ok 34 [compact-phone-chrome] ΓÇ║ e2e\expo-web\planned-pause.spec.ts:252:5 ΓÇ║ queued pause metadata survives new observers, calendar refetch, reload and replay (6.6s)
  ok 36 [compact-phone-chrome] ΓÇ║ e2e\expo-web\today-paused.spec.ts:8:7 ΓÇ║ paused Today preserves weight entry and resumes with existing food in dark (2.0s)
  ok 38 [compact-phone-chrome] ΓÇ║ e2e\expo-web\today-paused.spec.ts:91:5 ΓÇ║ paused-day copy and actions remain reachable at 200% text on a short phone (1.2s)
  ok 37 [compact-phone-chrome] ΓÇ║ e2e\expo-web\today-paused.spec.ts:61:5 ΓÇ║ a past paused day replaces an expanded food log and can be backfilled (1.6s)

  4 skipped
  34 passed (1.9m)
