
Running 10 tests using 2 workers

(node:11164) Warning: The 'NO_COLOR' env is ignored due to the 'FORCE_COLOR' env being set.
(Use `node --trace-warnings ...` to show where the warning was created)
(node:33996) Warning: The 'NO_COLOR' env is ignored due to the 'FORCE_COLOR' env being set.
(Use `node --trace-warnings ...` to show where the warning was created)
  ok  1 [desktop-chrome] ΓÇ║ e2e\expo-web\planned-pause.spec.ts:87:9 ΓÇ║ dated plan and exact month boundary in light (1.4s)
  ok  2 [desktop-chrome] ΓÇ║ e2e\expo-web\planned-pause.spec.ts:87:9 ΓÇ║ dated plan and exact month boundary in dark (1.4s)
  ok  4 [desktop-chrome] ΓÇ║ e2e\expo-web\planned-pause.spec.ts:301:5 ΓÇ║ matched accepted queued resume before replay (1.1s)
  ok  3 [desktop-chrome] ΓÇ║ e2e\expo-web\planned-pause.spec.ts:220:5 ΓÇ║ matched failed resume and recovery retains the actual pause until success (1.3s)
(node:37100) Warning: The 'NO_COLOR' env is ignored due to the 'FORCE_COLOR' env being set.
(Use `node --trace-warnings ...` to show where the warning was created)
  ok  5 [desktop-chrome] ΓÇ║ e2e\expo-web\planned-pause.spec.ts:334:5 ΓÇ║ matched queued pause metadata survives calendar reads (1.3s)
(node:13892) Warning: The 'NO_COLOR' env is ignored due to the 'FORCE_COLOR' env being set.
(Use `node --trace-warnings ...` to show where the warning was created)
  ok  6 [compact-phone-chrome] ΓÇ║ e2e\expo-web\planned-pause.spec.ts:87:9 ΓÇ║ dated plan and exact month boundary in light (991ms)
  ok  7 [compact-phone-chrome] ΓÇ║ e2e\expo-web\planned-pause.spec.ts:220:5 ΓÇ║ matched failed resume and recovery retains the actual pause until success (1.5s)
  ok  8 [compact-phone-chrome] ΓÇ║ e2e\expo-web\planned-pause.spec.ts:87:9 ΓÇ║ dated plan and exact month boundary in dark (1.6s)
  ok  9 [compact-phone-chrome] ΓÇ║ e2e\expo-web\planned-pause.spec.ts:301:5 ΓÇ║ matched accepted queued resume before replay (1.4s)
  ok 10 [compact-phone-chrome] ΓÇ║ e2e\expo-web\planned-pause.spec.ts:334:5 ΓÇ║ matched queued pause metadata survives calendar reads (1.6s)

  10 passed (10.2s)
