npm notice run mobile@0.2.7 test
npm notice run jest --runInBand src/components/AddFoodSheet.test.tsx src/offline/mutationDispatch.test.ts
PASS src/components/AddFoodSheet.test.tsx
  ΓùÅ Console

    console.error
      An update to AddFoodSheet inside a test was not wrapped in act(...).
      
      When testing, code that causes React state updates should be wrapped into act(...):
      
      act(() => {
        /* fire events that update state */
      });
      /* assert on the output */
      
      This ensures that you're testing the behavior the user would see in the browser. Learn more at https://react.dev/link/wrap-tests-with-act

      210 |         const screen = renderSheet();
      211 |         await screen.findByText('Adding food reopens this day so you can complete it again.');
    > 212 |         onlineManager.setOnline(false);
          |                       ^
      213 |         fireEvent.press(screen.getByRole('radio', { name: 'Quick' }));
      214 |         fireEvent.changeText(screen.getByLabelText('Calories'), '120');
      215 |         fireEvent.press(screen.getByRole('button', { name: 'Add & close' }));

      at ../node_modules/react-test-renderer/cjs/react-test-renderer.development.js:14402:19
      at runWithFiberInDEV (../node_modules/react-test-renderer/cjs/react-test-renderer.development.js:2315:13)
      at warnIfUpdatesNotWrappedWithActDEV (../node_modules/react-test-renderer/cjs/react-test-renderer.development.js:14401:9)
      at scheduleUpdateOnFiber (../node_modules/react-test-renderer/cjs/react-test-renderer.development.js:12086:9)
      at forceStoreRerender (../node_modules/react-test-renderer/cjs/react-test-renderer.development.js:5432:24)
      at ../node_modules/react-test-renderer/cjs/react-test-renderer.development.js:5417:11
      at ../node_modules/@tanstack/query-core/src/onlineManager.ts:60:9
          at Set.forEach (<anonymous>)
      at OnlineManager.setOnline (../node_modules/@tanstack/query-core/src/onlineManager.ts:59:22)
      at Object.setOnline (src/components/AddFoodSheet.test.tsx:212:23)
      at asyncGeneratorStep (../node_modules/@babel/runtime/helpers/asyncToGenerator.js:3:17)
      at _next (../node_modules/@babel/runtime/helpers/asyncToGenerator.js:17:9)

    console.error
      An update to AddFoodSheet inside a test was not wrapped in act(...).
      
      When testing, code that causes React state updates should be wrapped into act(...):
      
      act(() => {
        /* fire events that update state */
      });
      /* assert on the output */
      
      This ensures that you're testing the behavior the user would see in the browser. Learn more at https://react.dev/link/wrap-tests-with-act

      210 |         const screen = renderSheet();
      211 |         await screen.findByText('Adding food reopens this day so you can complete it again.');
    > 212 |         onlineManager.setOnline(false);
          |                       ^
      213 |         fireEvent.press(screen.getByRole('radio', { name: 'Quick' }));
      214 |         fireEvent.changeText(screen.getByLabelText('Calories'), '120');
      215 |         fireEvent.press(screen.getByRole('button', { name: 'Add & close' }));

      at ../node_modules/react-test-renderer/cjs/react-test-renderer.development.js:14402:19
      at runWithFiberInDEV (../node_modules/react-test-renderer/cjs/react-test-renderer.development.js:2315:13)
      at warnIfUpdatesNotWrappedWithActDEV (../node_modules/react-test-renderer/cjs/react-test-renderer.development.js:14401:9)
      at scheduleUpdateOnFiber (../node_modules/react-test-renderer/cjs/react-test-renderer.development.js:12086:9)
      at forceStoreRerender (../node_modules/react-test-renderer/cjs/react-test-renderer.development.js:5432:24)
      at ../node_modules/react-test-renderer/cjs/react-test-renderer.development.js:5417:11
      at ../node_modules/@tanstack/query-core/src/onlineManager.ts:60:9
          at Set.forEach (<anonymous>)
      at OnlineManager.setOnline (../node_modules/@tanstack/query-core/src/onlineManager.ts:59:22)
      at Object.setOnline (src/components/AddFoodSheet.test.tsx:212:23)
      at asyncGeneratorStep (../node_modules/@babel/runtime/helpers/asyncToGenerator.js:3:17)
      at _next (../node_modules/@babel/runtime/helpers/asyncToGenerator.js:17:9)

    console.error
      An update to AddFoodSheet inside a test was not wrapped in act(...).
      
      When testing, code that causes React state updates should be wrapped into act(...):
      
      act(() => {
        /* fire events that update state */
      });
      /* assert on the output */
      
      This ensures that you're testing the behavior the user would see in the browser. Learn more at https://react.dev/link/wrap-tests-with-act

      210 |         const screen = renderSheet();
      211 |         await screen.findByText('Adding food reopens this day so you can complete it again.');
    > 212 |         onlineManager.setOnline(false);
          |                       ^
      213 |         fireEvent.press(screen.getByRole('radio', { name: 'Quick' }));
      214 |         fireEvent.changeText(screen.getByLabelText('Calories'), '120');
      215 |         fireEvent.press(screen.getByRole('button', { name: 'Add & close' }));

      at ../node_modules/react-test-renderer/cjs/react-test-renderer.development.js:14402:19
      at runWithFiberInDEV (../node_modules/react-test-renderer/cjs/react-test-renderer.development.js:2315:13)
      at warnIfUpdatesNotWrappedWithActDEV (../node_modules/react-test-renderer/cjs/react-test-renderer.development.js:14401:9)
      at scheduleUpdateOnFiber (../node_modules/react-test-renderer/cjs/react-test-renderer.development.js:12086:9)
      at forceStoreRerender (../node_modules/react-test-renderer/cjs/react-test-renderer.development.js:5432:24)
      at ../node_modules/react-test-renderer/cjs/react-test-renderer.development.js:5417:11
      at ../node_modules/@tanstack/query-core/src/onlineManager.ts:60:9
          at Set.forEach (<anonymous>)
      at OnlineManager.setOnline (../node_modules/@tanstack/query-core/src/onlineManager.ts:59:22)
      at Object.setOnline (src/components/AddFoodSheet.test.tsx:212:23)
      at asyncGeneratorStep (../node_modules/@babel/runtime/helpers/asyncToGenerator.js:3:17)
      at _next (../node_modules/@babel/runtime/helpers/asyncToGenerator.js:17:9)

    console.error
      An update to AddFoodSheet inside a test was not wrapped in act(...).
      
      When testing, code that causes React state updates should be wrapped into act(...):
      
      act(() => {
        /* fire events that update state */
      });
      /* assert on the output */
      
      This ensures that you're testing the behavior the user would see in the browser. Learn more at https://react.dev/link/wrap-tests-with-act

      210 |         const screen = renderSheet();
      211 |         await screen.findByText('Adding food reopens this day so you can complete it again.');
    > 212 |         onlineManager.setOnline(false);
          |                       ^
      213 |         fireEvent.press(screen.getByRole('radio', { name: 'Quick' }));
      214 |         fireEvent.changeText(screen.getByLabelText('Calories'), '120');
      215 |         fireEvent.press(screen.getByRole('button', { name: 'Add & close' }));

      at ../node_modules/react-test-renderer/cjs/react-test-renderer.development.js:14402:19
      at runWithFiberInDEV (../node_modules/react-test-renderer/cjs/react-test-renderer.development.js:2315:13)
      at warnIfUpdatesNotWrappedWithActDEV (../node_modules/react-test-renderer/cjs/react-test-renderer.development.js:14401:9)
      at scheduleUpdateOnFiber (../node_modules/react-test-renderer/cjs/react-test-renderer.development.js:12086:9)
      at forceStoreRerender (../node_modules/react-test-renderer/cjs/react-test-renderer.development.js:5432:24)
      at ../node_modules/react-test-renderer/cjs/react-test-renderer.development.js:5417:11
      at ../node_modules/@tanstack/query-core/src/onlineManager.ts:60:9
          at Set.forEach (<anonymous>)
      at OnlineManager.setOnline (../node_modules/@tanstack/query-core/src/onlineManager.ts:59:22)
      at Object.setOnline (src/components/AddFoodSheet.test.tsx:212:23)
      at asyncGeneratorStep (../node_modules/@babel/runtime/helpers/asyncToGenerator.js:3:17)
      at _next (../node_modules/@babel/runtime/helpers/asyncToGenerator.js:17:9)

    console.error
      An update to AddFoodSheet inside a test was not wrapped in act(...).
      
      When testing, code that causes React state updates should be wrapped into act(...):
      
      act(() => {
        /* fire events that update state */
      });
      /* assert on the output */
      
      This ensures that you're testing the behavior the user would see in the browser. Learn more at https://react.dev/link/wrap-tests-with-act

      279 |         },
      280 |         onSuccess: async (closeAfterLogging) => {
    > 281 |             setSelection(null);
          |             ^
      282 |             setQuickCalories('');
      283 |             setQuickName('');
      284 |             await confirmLogged(closeAfterLogging);

      at ../node_modules/react-test-renderer/cjs/react-test-renderer.development.js:14402:19
      at runWithFiberInDEV (../node_modules/react-test-renderer/cjs/react-test-renderer.development.js:2315:13)
      at warnIfUpdatesNotWrappedWithActDEV (../node_modules/react-test-renderer/cjs/react-test-renderer.development.js:14401:9)
      at scheduleUpdateOnFiber (../node_modules/react-test-renderer/cjs/react-test-renderer.development.js:12086:9)
      at dispatchSetStateInternal (../node_modules/react-test-renderer/cjs/react-test-renderer.development.js:6208:13)
      at dispatchSetState (../node_modules/react-test-renderer/cjs/react-test-renderer.development.js:6165:7)
      at Object.setSelection (src/components/AddFoodSheet.tsx:281:13)
      at asyncGeneratorStep (../node_modules/@babel/runtime/helpers/asyncToGenerator.js:3:17)
      at _next (../node_modules/@babel/runtime/helpers/asyncToGenerator.js:17:9)
      at ../node_modules/@babel/runtime/helpers/asyncToGenerator.js:22:7
      at Object.<anonymous> (../node_modules/@babel/runtime/helpers/asyncToGenerator.js:14:12)
      at Object.apply [as onSuccess] (src/components/AddFoodSheet.tsx:280:18)
      at Mutation.execute (../node_modules/@tanstack/query-core/src/mutation.ts:246:26)

    console.error
      An update to AddFoodSheet inside a test was not wrapped in act(...).
      
      When testing, code that causes React state updates should be wrapped into act(...):
      
      act(() => {
        /* fire events that update state */
      });
      /* assert on the output */
      
      This ensures that you're testing the behavior the user would see in the browser. Learn more at https://react.dev/link/wrap-tests-with-act

      280 |         onSuccess: async (closeAfterLogging) => {
      281 |             setSelection(null);
    > 282 |             setQuickCalories('');
          |             ^
      283 |             setQuickName('');
      284 |             await confirmLogged(closeAfterLogging);
      285 |         }

      at ../node_modules/react-test-renderer/cjs/react-test-renderer.development.js:14402:19
      at runWithFiberInDEV (../node_modules/react-test-renderer/cjs/react-test-renderer.development.js:2315:13)
      at warnIfUpdatesNotWrappedWithActDEV (../node_modules/react-test-renderer/cjs/react-test-renderer.development.js:14401:9)
      at scheduleUpdateOnFiber (../node_modules/react-test-renderer/cjs/react-test-renderer.development.js:12086:9)
      at dispatchSetStateInternal (../node_modules/react-test-renderer/cjs/react-test-renderer.development.js:6208:13)
      at dispatchSetState (../node_modules/react-test-renderer/cjs/react-test-renderer.development.js:6165:7)
      at Object.setQuickCalories (src/components/AddFoodSheet.tsx:282:13)
      at asyncGeneratorStep (../node_modules/@babel/runtime/helpers/asyncToGenerator.js:3:17)
      at _next (../node_modules/@babel/runtime/helpers/asyncToGenerator.js:17:9)
      at ../node_modules/@babel/runtime/helpers/asyncToGenerator.js:22:7
      at Object.<anonymous> (../node_modules/@babel/runtime/helpers/asyncToGenerator.js:14:12)
      at Object.apply [as onSuccess] (src/components/AddFoodSheet.tsx:280:18)
      at Mutation.execute (../node_modules/@tanstack/query-core/src/mutation.ts:246:26)

    console.error
      An update to AddFoodSheet inside a test was not wrapped in act(...).
      
      When testing, code that causes React state updates should be wrapped into act(...):
      
      act(() => {
        /* fire events that update state */
      });
      /* assert on the output */
      
      This ensures that you're testing the behavior the user would see in the browser. Learn more at https://react.dev/link/wrap-tests-with-act

      281 |             setSelection(null);
      282 |             setQuickCalories('');
    > 283 |             setQuickName('');
          |             ^
      284 |             await confirmLogged(closeAfterLogging);
      285 |         }
      286 |     });

      at ../node_modules/react-test-renderer/cjs/react-test-renderer.development.js:14402:19
      at runWithFiberInDEV (../node_modules/react-test-renderer/cjs/react-test-renderer.development.js:2315:13)
      at warnIfUpdatesNotWrappedWithActDEV (../node_modules/react-test-renderer/cjs/react-test-renderer.development.js:14401:9)
      at scheduleUpdateOnFiber (../node_modules/react-test-renderer/cjs/react-test-renderer.development.js:12086:9)
      at dispatchSetStateInternal (../node_modules/react-test-renderer/cjs/react-test-renderer.development.js:6208:13)
      at dispatchSetState (../node_modules/react-test-renderer/cjs/react-test-renderer.development.js:6165:7)
      at Object.setQuickName (src/components/AddFoodSheet.tsx:283:13)
      at asyncGeneratorStep (../node_modules/@babel/runtime/helpers/asyncToGenerator.js:3:17)
      at _next (../node_modules/@babel/runtime/helpers/asyncToGenerator.js:17:9)
      at ../node_modules/@babel/runtime/helpers/asyncToGenerator.js:22:7
      at Object.<anonymous> (../node_modules/@babel/runtime/helpers/asyncToGenerator.js:14:12)
      at Object.apply [as onSuccess] (src/components/AddFoodSheet.tsx:280:18)
      at Mutation.execute (../node_modules/@tanstack/query-core/src/mutation.ts:246:26)

PASS src/offline/mutationDispatch.test.ts

Test Suites: 2 passed, 2 total
Tests:       18 passed, 18 total
Snapshots:   0 total
Time:        2.772 s, estimated 4 s
Ran all test suites matching /src\\components\\AddFoodSheet.test.tsx|src\\offline\\mutationDispatch.test.ts/i.
