  console.error
    An update to AddFoodSheet inside a test was not wrapped in act(...).
    
    When testing, code that causes React state updates should be wrapped into act(...):
    
    act(() => {
      /* fire events that update state */
    });
    /* assert on the output */
    
    This ensures that you're testing the behavior the user would see in the browser. Learn more at https://react.dev/link/wrap-tests-with-act

      210 |         const screen = renderSheet();
      211 |         await screen.findByText('Adding food reopens this day so you can complete it again.');
    > 212 |         onlineManager.setOnline(false);
          |                       ^
      213 |         fireEvent.press(screen.getByRole('radio', { name: 'Quick' }));
      214 |         fireEvent.changeText(screen.getByLabelText('Calories'), '120');
      215 |         fireEvent.press(screen.getByRole('button', { name: 'Add & close' }));

      at ../node_modules/react-test-renderer/cjs/react-test-renderer.development.js:14402:19
      at runWithFiberInDEV (../node_modules/react-test-renderer/cjs/react-test-renderer.development.js:2315:13)
      at warnIfUpdatesNotWrappedWithActDEV (../node_modules/react-test-renderer/cjs/react-test-renderer.development.js:14401:9)
      at scheduleUpdateOnFiber (../node_modules/react-test-renderer/cjs/react-test-renderer.development.js:12086:9)
      at forceStoreRerender (../node_modules/react-test-renderer/cjs/react-test-renderer.development.js:5432:24)
      at ../node_modules/react-test-renderer/cjs/react-test-renderer.development.js:5417:11
      at ../node_modules/@tanstack/query-core/src/onlineManager.ts:60:9
          at Set.forEach (<anonymous>)
      at OnlineManager.setOnline (../node_modules/@tanstack/query-core/src/onlineManager.ts:59:22)
      at Object.setOnline (src/components/AddFoodSheet.test.tsx:212:23)
      at asyncGeneratorStep (../node_modules/@babel/runtime/helpers/asyncToGenerator.js:3:17)
      at _next (../node_modules/@babel/runtime/helpers/asyncToGenerator.js:17:9)

  console.error
    An update to AddFoodSheet inside a test was not wrapped in act(...).
    
    When testing, code that causes React state updates should be wrapped into act(...):
    
    act(() => {
      /* fire events that update state */
    });
    /* assert on the output */
    
    This ensures that you're testing the behavior the user would see in the browser. Learn more at https://react.dev/link/wrap-tests-with-act

      210 |         const screen = renderSheet();
      211 |         await screen.findByText('Adding food reopens this day so you can complete it again.');
    > 212 |         onlineManager.setOnline(false);
          |                       ^
      213 |         fireEvent.press(screen.getByRole('radio', { name: 'Quick' }));
      214 |         fireEvent.changeText(screen.getByLabelText('Calories'), '120');
      215 |         fireEvent.press(screen.getByRole('button', { name: 'Add & close' }));

      at ../node_modules/react-test-renderer/cjs/react-test-renderer.development.js:14402:19
      at runWithFiberInDEV (../node_modules/react-test-renderer/cjs/react-test-renderer.development.js:2315:13)
      at warnIfUpdatesNotWrappedWithActDEV (../node_modules/react-test-renderer/cjs/react-test-renderer.development.js:14401:9)
      at scheduleUpdateOnFiber (../node_modules/react-test-renderer/cjs/react-test-renderer.development.js:12086:9)
      at forceStoreRerender (../node_modules/react-test-renderer/cjs/react-test-renderer.development.js:5432:24)
      at ../node_modules/react-test-renderer/cjs/react-test-renderer.development.js:5417:11
      at ../node_modules/@tanstack/query-core/src/onlineManager.ts:60:9
          at Set.forEach (<anonymous>)
      at OnlineManager.setOnline (../node_modules/@tanstack/query-core/src/onlineManager.ts:59:22)
      at Object.setOnline (src/components/AddFoodSheet.test.tsx:212:23)
      at asyncGeneratorStep (../node_modules/@babel/runtime/helpers/asyncToGenerator.js:3:17)
      at _next (../node_modules/@babel/runtime/helpers/asyncToGenerator.js:17:9)

  console.error
    An update to AddFoodSheet inside a test was not wrapped in act(...).
    
    When testing, code that causes React state updates should be wrapped into act(...):
    
    act(() => {
      /* fire events that update state */
    });
    /* assert on the output */
    
    This ensures that you're testing the behavior the user would see in the browser. Learn more at https://react.dev/link/wrap-tests-with-act

      210 |         const screen = renderSheet();
      211 |         await screen.findByText('Adding food reopens this day so you can complete it again.');
    > 212 |         onlineManager.setOnline(false);
          |                       ^
      213 |         fireEvent.press(screen.getByRole('radio', { name: 'Quick' }));
      214 |         fireEvent.changeText(screen.getByLabelText('Calories'), '120');
      215 |         fireEvent.press(screen.getByRole('button', { name: 'Add & close' }));

      at ../node_modules/react-test-renderer/cjs/react-test-renderer.development.js:14402:19
      at runWithFiberInDEV (../node_modules/react-test-renderer/cjs/react-test-renderer.development.js:2315:13)
      at warnIfUpdatesNotWrappedWithActDEV (../node_modules/react-test-renderer/cjs/react-test-renderer.development.js:14401:9)
      at scheduleUpdateOnFiber (../node_modules/react-test-renderer/cjs/react-test-renderer.development.js:12086:9)
      at forceStoreRerender (../node_modules/react-test-renderer/cjs/react-test-renderer.development.js:5432:24)
      at ../node_modules/react-test-renderer/cjs/react-test-renderer.development.js:5417:11
      at ../node_modules/@tanstack/query-core/src/onlineManager.ts:60:9
          at Set.forEach (<anonymous>)
      at OnlineManager.setOnline (../node_modules/@tanstack/query-core/src/onlineManager.ts:59:22)
      at Object.setOnline (src/components/AddFoodSheet.test.tsx:212:23)
      at asyncGeneratorStep (../node_modules/@babel/runtime/helpers/asyncToGenerator.js:3:17)
      at _next (../node_modules/@babel/runtime/helpers/asyncToGenerator.js:17:9)

  console.error
    An update to AddFoodSheet inside a test was not wrapped in act(...).
    
    When testing, code that causes React state updates should be wrapped into act(...):
    
    act(() => {
      /* fire events that update state */
    });
    /* assert on the output */
    
    This ensures that you're testing the behavior the user would see in the browser. Learn more at https://react.dev/link/wrap-tests-with-act

      210 |         const screen = renderSheet();
      211 |         await screen.findByText('Adding food reopens this day so you can complete it again.');
    > 212 |         onlineManager.setOnline(false);
          |                       ^
      213 |         fireEvent.press(screen.getByRole('radio', { name: 'Quick' }));
      214 |         fireEvent.changeText(screen.getByLabelText('Calories'), '120');
      215 |         fireEvent.press(screen.getByRole('button', { name: 'Add & close' }));

      at ../node_modules/react-test-renderer/cjs/react-test-renderer.development.js:14402:19
      at runWithFiberInDEV (../node_modules/react-test-renderer/cjs/react-test-renderer.development.js:2315:13)
      at warnIfUpdatesNotWrappedWithActDEV (../node_modules/react-test-renderer/cjs/react-test-renderer.development.js:14401:9)
      at scheduleUpdateOnFiber (../node_modules/react-test-renderer/cjs/react-test-renderer.development.js:12086:9)
      at forceStoreRerender (../node_modules/react-test-renderer/cjs/react-test-renderer.development.js:5432:24)
      at ../node_modules/react-test-renderer/cjs/react-test-renderer.development.js:5417:11
      at ../node_modules/@tanstack/query-core/src/onlineManager.ts:60:9
          at Set.forEach (<anonymous>)
      at OnlineManager.setOnline (../node_modules/@tanstack/query-core/src/onlineManager.ts:59:22)
      at Object.setOnline (src/components/AddFoodSheet.test.tsx:212:23)
      at asyncGeneratorStep (../node_modules/@babel/runtime/helpers/asyncToGenerator.js:3:17)
      at _next (../node_modules/@babel/runtime/helpers/asyncToGenerator.js:17:9)

FAIL src/components/AddFoodSheet.test.tsx
  AddFoodSheet adaptive layout
    ○ skipped keeps phone search focused while retaining full controls on tablets
  AddFoodSheet async resource states
    × keeps queued reopen and food ahead of a competing day completion (1509 ms)
    ○ skipped reopens a COMPLETE day only when food is submitted
    ○ skipped reopens a INCOMPLETE day only when food is submitted
    ○ skipped queues the food after its reopen when the connection fails
    ○ skipped does not add food when reopening is rejected
    ○ skipped preloads meal-aware recent foods before typing and refreshes them when the meal changes
    ○ skipped does not describe an uncached offline food search as having no matches
    ○ skipped keeps the empty web search result region keyboard reachable
    ○ skipped keeps results visible and actionable while the mobile search field is focused
    ○ skipped removes the Android bottom inset only while the search workspace is focused
    ○ skipped finds cached library recipes offline and opens quantity confirmation without logging
    ○ skipped offers only Quick and Search while keeping saved recipes discoverable in Search
    ○ skipped links to Saved foods from the Add Food sheet
    ○ skipped confirms before Saved foods or Scan discards a selected food draft

  ● AddFoodSheet async resource states › keeps queued reopen and food ahead of a competing day completion

    expect(received).toEqual(expected) // deep equality

    - Expected  - 1
    + Received  + 1

      Array [
        "OPEN",
    -   "food.create",
        "COMPLETE",
    +   "food.create",
      ]

      217 |         const competing = dispatch(enqueue => enqueue('food-day.set-status', { date: '2026-08-08', status: 'COMPLETE' }));
      218 |         release(); await competing;
    > 219 |         await waitFor(() => expect(order).toEqual(['OPEN', 'food.create', 'COMPLETE']));
          |                      ^
      220 |         expect(mockApi.createFoodLog).not.toHaveBeenCalled();
      221 |     });
      222 |

      at Object.<anonymous> (src/components/AddFoodSheet.test.tsx:219:22)
      at asyncGeneratorStep (../node_modules/@babel/runtime/helpers/asyncToGenerator.js:3:17)
      at _next (../node_modules/@babel/runtime/helpers/asyncToGenerator.js:17:9)

Test Suites: 1 failed, 1 total
Tests:       1 failed, 14 skipped, 15 total
Snapshots:   0 total
Time:        2.506 s, estimated 3 s
Ran all test suites matching /src\\components\\AddFoodSheet.test.tsx/i with tests matching "keeps queued reopen".
