npm notice run cal-io@0.37.0 npx
npm notice run playwright test --config=playwright.expo-web.config.ts --workers=2 --timeout=120000 e2e/expo-web/launch-17-notification-center.spec.ts e2e/expo-web/notification-legacy-gates.spec.ts e2e/expo-web/nested-route-stacks.spec.ts

Running 100 tests using 2 workers

(node:39588) Warning: The 'NO_COLOR' env is ignored due to the 'FORCE_COLOR' env being set.
(Use `node --trace-warnings ...` to show where the warning was created)
(node:8704) Warning: The 'NO_COLOR' env is ignored due to the 'FORCE_COLOR' env being set.
(Use `node --trace-warnings ...` to show where the warning was created)
  ok   2 [desktop-chrome] ΓÇ║ e2e\expo-web\launch-17-notification-center.spec.ts:37:5 ΓÇ║ five reminders retain global count, new-arrival refresh, dismissal and local-date actions (1.9s)
  ok   1 [desktop-chrome] ΓÇ║ e2e\expo-web\launch-17-notification-center.spec.ts:9:5 ΓÇ║ empty reminders remain accessible from Today, Progress and Settings without an archive (3.0s)
  ok   3 [desktop-chrome] ΓÇ║ e2e\expo-web\launch-17-notification-center.spec.ts:67:5 ΓÇ║ weight reminder routing survives close/reopen and browser Back/Forward (1.4s)
  ok   5 [desktop-chrome] ΓÇ║ e2e\expo-web\launch-17-notification-center.spec.ts:106:5 ΓÇ║ loading reminders exposes no archive or false empty state and settles honestly (820ms)
  ok   6 [desktop-chrome] ΓÇ║ e2e\expo-web\launch-17-notification-center.spec.ts:123:5 ΓÇ║ the populated reminder panel is retained on Progress and Settings (1.5s)
  ok   4 [desktop-chrome] ΓÇ║ e2e\expo-web\launch-17-notification-center.spec.ts:87:5 ΓÇ║ fetch failure never reassures falsely and Retry restores current reminders (7.6s)
  ok   8 [desktop-chrome] ΓÇ║ e2e\expo-web\launch-17-notification-center.spec.ts:167:7 ΓÇ║ read failure preserves reminder/count, blocks repeated actions, and recovers (974ms)
  ok   9 [desktop-chrome] ΓÇ║ e2e\expo-web\launch-17-notification-center.spec.ts:167:7 ΓÇ║ dismiss failure preserves reminder/count, blocks repeated actions, and recovers (849ms)
  ok  10 [desktop-chrome] ΓÇ║ e2e\expo-web\launch-17-notification-center.spec.ts:195:5 ΓÇ║ an offline reminder open settles without trapping the editor and can recover online (1.2s)
  ok   7 [desktop-chrome] ΓÇ║ e2e\expo-web\launch-17-notification-center.spec.ts:140:5 ΓÇ║ cached reminders survive offline and failed refresh before recovery (8.6s)
  ok  11 [desktop-chrome] ΓÇ║ e2e\expo-web\launch-17-notification-center.spec.ts:228:5 ΓÇ║ a failed reminder read preserves the dirty Preferences draft and permits a guarded retry (1.7s)
  ok  12 [desktop-chrome] ΓÇ║ e2e\expo-web\launch-17-notification-center.spec.ts:287:5 ΓÇ║ Preferences retains browser permission recovery and guarded reminder navigation (1.9s)
  ok  14 [desktop-chrome] ΓÇ║ e2e\expo-web\nested-route-stacks.spec.ts:41:5 ΓÇ║ unknown notification subpaths retain not-found recovery (796ms)
  ok  15 [desktop-chrome] ΓÇ║ e2e\expo-web\nested-route-stacks.spec.ts:51:5 ΓÇ║ signed-in legal pages retain Settings navigation without the history shortcut (1.6s)
  ok  16 [desktop-chrome] ΓÇ║ e2e\expo-web\nested-route-stacks.spec.ts:98:5 ΓÇ║ Trend keeps the app shell and browser Back collapses into Progress (1.2s)
  ok  17 [desktop-chrome] ΓÇ║ e2e\expo-web\nested-route-stacks.spec.ts:121:5 ΓÇ║ Activity direct entry falls back to its registered Connections parent (793ms)
  ok  18 [desktop-chrome] ΓÇ║ e2e\expo-web\nested-route-stacks.spec.ts:137:5 ΓÇ║ Food log returns to Today with browser Back on a compact phone (1.0s)
  ok  19 [desktop-chrome] ΓÇ║ e2e\expo-web\nested-route-stacks.spec.ts:155:5 ΓÇ║ Saved Foods is discoverable from Settings and returns through real history (896ms)
  ok  20 [desktop-chrome] ΓÇ║ e2e\expo-web\nested-route-stacks.spec.ts:175:5 ΓÇ║ signed-in not-found recovery returns to Today (5.5s)
  ok  21 [desktop-chrome] ΓÇ║ e2e\expo-web\nested-route-stacks.spec.ts:187:5 ΓÇ║ signed-out not-found recovery returns to the hosted home (508ms)
  ok  22 [desktop-chrome] ΓÇ║ e2e\expo-web\notification-legacy-gates.spec.ts:3:5 ΓÇ║ legacy notifications preserves sign-in gating on direct entry and reload (735ms)
  ok  23 [desktop-chrome] ΓÇ║ e2e\expo-web\notification-legacy-gates.spec.ts:16:7 ΓÇ║ legacy notifications preserves the email_verification_required account gate (661ms)
  ok  24 [desktop-chrome] ΓÇ║ e2e\expo-web\notification-legacy-gates.spec.ts:16:7 ΓÇ║ legacy notifications preserves the legal_acceptance_required account gate (789ms)
  ok  25 [desktop-chrome] ΓÇ║ e2e\expo-web\notification-legacy-gates.spec.ts:33:5 ΓÇ║ legacy notifications preserves incomplete-profile onboarding (563ms)
  ok  13 [desktop-chrome] ΓÇ║ e2e\expo-web\nested-route-stacks.spec.ts:8:5 ΓÇ║ legacy notifications bookmarks replace themselves with Today and cannot reopen history (18.2s)
(node:14708) Warning: The 'NO_COLOR' env is ignored due to the 'FORCE_COLOR' env being set.
(Use `node --trace-warnings ...` to show where the warning was created)
(node:8464) Warning: The 'NO_COLOR' env is ignored due to the 'FORCE_COLOR' env being set.
(Use `node --trace-warnings ...` to show where the warning was created)
  ok  26 [tablet-chrome] ΓÇ║ e2e\expo-web\launch-17-notification-center.spec.ts:9:5 ΓÇ║ empty reminders remain accessible from Today, Progress and Settings without an archive (2.7s)
  ok  27 [tablet-chrome] ΓÇ║ e2e\expo-web\launch-17-notification-center.spec.ts:37:5 ΓÇ║ five reminders retain global count, new-arrival refresh, dismissal and local-date actions (1.6s)
  ok  28 [tablet-chrome] ΓÇ║ e2e\expo-web\launch-17-notification-center.spec.ts:67:5 ΓÇ║ weight reminder routing survives close/reopen and browser Back/Forward (1.5s)
  ok  30 [tablet-chrome] ΓÇ║ e2e\expo-web\launch-17-notification-center.spec.ts:106:5 ΓÇ║ loading reminders exposes no archive or false empty state and settles honestly (803ms)
  ok  31 [tablet-chrome] ΓÇ║ e2e\expo-web\launch-17-notification-center.spec.ts:123:5 ΓÇ║ the populated reminder panel is retained on Progress and Settings (1.5s)
  ok  29 [tablet-chrome] ΓÇ║ e2e\expo-web\launch-17-notification-center.spec.ts:87:5 ΓÇ║ fetch failure never reassures falsely and Retry restores current reminders (7.7s)
  ok  33 [tablet-chrome] ΓÇ║ e2e\expo-web\launch-17-notification-center.spec.ts:167:7 ΓÇ║ read failure preserves reminder/count, blocks repeated actions, and recovers (966ms)
  ok  34 [tablet-chrome] ΓÇ║ e2e\expo-web\launch-17-notification-center.spec.ts:167:7 ΓÇ║ dismiss failure preserves reminder/count, blocks repeated actions, and recovers (817ms)
  ok  35 [tablet-chrome] ΓÇ║ e2e\expo-web\launch-17-notification-center.spec.ts:195:5 ΓÇ║ an offline reminder open settles without trapping the editor and can recover online (1.1s)
  ok  32 [tablet-chrome] ΓÇ║ e2e\expo-web\launch-17-notification-center.spec.ts:140:5 ΓÇ║ cached reminders survive offline and failed refresh before recovery (8.5s)
  ok  36 [tablet-chrome] ΓÇ║ e2e\expo-web\launch-17-notification-center.spec.ts:228:5 ΓÇ║ a failed reminder read preserves the dirty Preferences draft and permits a guarded retry (1.7s)
  ok  37 [tablet-chrome] ΓÇ║ e2e\expo-web\launch-17-notification-center.spec.ts:287:5 ΓÇ║ Preferences retains browser permission recovery and guarded reminder navigation (1.8s)
  ok  39 [tablet-chrome] ΓÇ║ e2e\expo-web\nested-route-stacks.spec.ts:41:5 ΓÇ║ unknown notification subpaths retain not-found recovery (734ms)
  ok  40 [tablet-chrome] ΓÇ║ e2e\expo-web\nested-route-stacks.spec.ts:51:5 ΓÇ║ signed-in legal pages retain Settings navigation without the history shortcut (1.5s)
  ok  41 [tablet-chrome] ΓÇ║ e2e\expo-web\nested-route-stacks.spec.ts:98:5 ΓÇ║ Trend keeps the app shell and browser Back collapses into Progress (1.1s)
  ok  42 [tablet-chrome] ΓÇ║ e2e\expo-web\nested-route-stacks.spec.ts:121:5 ΓÇ║ Activity direct entry falls back to its registered Connections parent (742ms)
  ok  43 [tablet-chrome] ΓÇ║ e2e\expo-web\nested-route-stacks.spec.ts:137:5 ΓÇ║ Food log returns to Today with browser Back on a compact phone (932ms)
  ok  44 [tablet-chrome] ΓÇ║ e2e\expo-web\nested-route-stacks.spec.ts:155:5 ΓÇ║ Saved Foods is discoverable from Settings and returns through real history (830ms)
  ok  45 [tablet-chrome] ΓÇ║ e2e\expo-web\nested-route-stacks.spec.ts:175:5 ΓÇ║ signed-in not-found recovery returns to Today (5.5s)
  ok  46 [tablet-chrome] ΓÇ║ e2e\expo-web\nested-route-stacks.spec.ts:187:5 ΓÇ║ signed-out not-found recovery returns to the hosted home (494ms)
  ok  47 [tablet-chrome] ΓÇ║ e2e\expo-web\notification-legacy-gates.spec.ts:3:5 ΓÇ║ legacy notifications preserves sign-in gating on direct entry and reload (677ms)
  ok  48 [tablet-chrome] ΓÇ║ e2e\expo-web\notification-legacy-gates.spec.ts:16:7 ΓÇ║ legacy notifications preserves the email_verification_required account gate (661ms)
  ok  49 [tablet-chrome] ΓÇ║ e2e\expo-web\notification-legacy-gates.spec.ts:16:7 ΓÇ║ legacy notifications preserves the legal_acceptance_required account gate (790ms)
  ok  50 [tablet-chrome] ΓÇ║ e2e\expo-web\notification-legacy-gates.spec.ts:33:5 ΓÇ║ legacy notifications preserves incomplete-profile onboarding (589ms)
  ok  38 [tablet-chrome] ΓÇ║ e2e\expo-web\nested-route-stacks.spec.ts:8:5 ΓÇ║ legacy notifications bookmarks replace themselves with Today and cannot reopen history (17.8s)
(node:2016) Warning: The 'NO_COLOR' env is ignored due to the 'FORCE_COLOR' env being set.
(Use `node --trace-warnings ...` to show where the warning was created)
(node:22552) Warning: The 'NO_COLOR' env is ignored due to the 'FORCE_COLOR' env being set.
(Use `node --trace-warnings ...` to show where the warning was created)
  ok  51 [android-phone-chrome] ΓÇ║ e2e\expo-web\launch-17-notification-center.spec.ts:9:5 ΓÇ║ empty reminders remain accessible from Today, Progress and Settings without an archive (2.7s)
  ok  53 [android-phone-chrome] ΓÇ║ e2e\expo-web\launch-17-notification-center.spec.ts:67:5 ΓÇ║ weight reminder routing survives close/reopen and browser Back/Forward (1.4s)
  ok  52 [android-phone-chrome] ΓÇ║ e2e\expo-web\launch-17-notification-center.spec.ts:37:5 ΓÇ║ five reminders retain global count, new-arrival refresh, dismissal and local-date actions (1.6s)
  ok  55 [android-phone-chrome] ΓÇ║ e2e\expo-web\launch-17-notification-center.spec.ts:106:5 ΓÇ║ loading reminders exposes no archive or false empty state and settles honestly (802ms)
  ok  56 [android-phone-chrome] ΓÇ║ e2e\expo-web\launch-17-notification-center.spec.ts:123:5 ΓÇ║ the populated reminder panel is retained on Progress and Settings (1.4s)
  ok  54 [android-phone-chrome] ΓÇ║ e2e\expo-web\launch-17-notification-center.spec.ts:87:5 ΓÇ║ fetch failure never reassures falsely and Retry restores current reminders (7.6s)
  ok  58 [android-phone-chrome] ΓÇ║ e2e\expo-web\launch-17-notification-center.spec.ts:167:7 ΓÇ║ read failure preserves reminder/count, blocks repeated actions, and recovers (895ms)
  ok  59 [android-phone-chrome] ΓÇ║ e2e\expo-web\launch-17-notification-center.spec.ts:167:7 ΓÇ║ dismiss failure preserves reminder/count, blocks repeated actions, and recovers (805ms)
  ok  60 [android-phone-chrome] ΓÇ║ e2e\expo-web\launch-17-notification-center.spec.ts:195:5 ΓÇ║ an offline reminder open settles without trapping the editor and can recover online (1.1s)
  ok  57 [android-phone-chrome] ΓÇ║ e2e\expo-web\launch-17-notification-center.spec.ts:140:5 ΓÇ║ cached reminders survive offline and failed refresh before recovery (8.5s)
  ok  61 [android-phone-chrome] ΓÇ║ e2e\expo-web\launch-17-notification-center.spec.ts:228:5 ΓÇ║ a failed reminder read preserves the dirty Preferences draft and permits a guarded retry (1.6s)
  ok  62 [android-phone-chrome] ΓÇ║ e2e\expo-web\launch-17-notification-center.spec.ts:287:5 ΓÇ║ Preferences retains browser permission recovery and guarded reminder navigation (1.8s)
  ok  64 [android-phone-chrome] ΓÇ║ e2e\expo-web\nested-route-stacks.spec.ts:41:5 ΓÇ║ unknown notification subpaths retain not-found recovery (5.5s)
  ok  65 [android-phone-chrome] ΓÇ║ e2e\expo-web\nested-route-stacks.spec.ts:51:5 ΓÇ║ signed-in legal pages retain Settings navigation without the history shortcut (1.5s)
  ok  66 [android-phone-chrome] ΓÇ║ e2e\expo-web\nested-route-stacks.spec.ts:98:5 ΓÇ║ Trend keeps the app shell and browser Back collapses into Progress (1.1s)
  ok  67 [android-phone-chrome] ΓÇ║ e2e\expo-web\nested-route-stacks.spec.ts:121:5 ΓÇ║ Activity direct entry falls back to its registered Connections parent (779ms)
  ok  68 [android-phone-chrome] ΓÇ║ e2e\expo-web\nested-route-stacks.spec.ts:137:5 ΓÇ║ Food log returns to Today with browser Back on a compact phone (1.0s)
  ok  69 [android-phone-chrome] ΓÇ║ e2e\expo-web\nested-route-stacks.spec.ts:155:5 ΓÇ║ Saved Foods is discoverable from Settings and returns through real history (913ms)
  ok  63 [android-phone-chrome] ΓÇ║ e2e\expo-web\nested-route-stacks.spec.ts:8:5 ΓÇ║ legacy notifications bookmarks replace themselves with Today and cannot reopen history (16.2s)
  ok  71 [android-phone-chrome] ΓÇ║ e2e\expo-web\nested-route-stacks.spec.ts:187:5 ΓÇ║ signed-out not-found recovery returns to the hosted home (491ms)
  ok  70 [android-phone-chrome] ΓÇ║ e2e\expo-web\nested-route-stacks.spec.ts:175:5 ΓÇ║ signed-in not-found recovery returns to Today (5.5s)
  ok  72 [android-phone-chrome] ΓÇ║ e2e\expo-web\notification-legacy-gates.spec.ts:3:5 ΓÇ║ legacy notifications preserves sign-in gating on direct entry and reload (685ms)
  ok  73 [android-phone-chrome] ΓÇ║ e2e\expo-web\notification-legacy-gates.spec.ts:16:7 ΓÇ║ legacy notifications preserves the email_verification_required account gate (676ms)
  ok  74 [android-phone-chrome] ΓÇ║ e2e\expo-web\notification-legacy-gates.spec.ts:16:7 ΓÇ║ legacy notifications preserves the legal_acceptance_required account gate (795ms)
  ok  75 [android-phone-chrome] ΓÇ║ e2e\expo-web\notification-legacy-gates.spec.ts:33:5 ΓÇ║ legacy notifications preserves incomplete-profile onboarding (626ms)
(node:17784) Warning: The 'NO_COLOR' env is ignored due to the 'FORCE_COLOR' env being set.
(Use `node --trace-warnings ...` to show where the warning was created)
(node:34960) Warning: The 'NO_COLOR' env is ignored due to the 'FORCE_COLOR' env being set.
(Use `node --trace-warnings ...` to show where the warning was created)
  ok  77 [compact-phone-chrome] ΓÇ║ e2e\expo-web\launch-17-notification-center.spec.ts:37:5 ΓÇ║ five reminders retain global count, new-arrival refresh, dismissal and local-date actions (1.7s)
  ok  76 [compact-phone-chrome] ΓÇ║ e2e\expo-web\launch-17-notification-center.spec.ts:9:5 ΓÇ║ empty reminders remain accessible from Today, Progress and Settings without an archive (2.8s)
  ok  78 [compact-phone-chrome] ΓÇ║ e2e\expo-web\launch-17-notification-center.spec.ts:67:5 ΓÇ║ weight reminder routing survives close/reopen and browser Back/Forward (1.3s)
  ok  80 [compact-phone-chrome] ΓÇ║ e2e\expo-web\launch-17-notification-center.spec.ts:106:5 ΓÇ║ loading reminders exposes no archive or false empty state and settles honestly (755ms)
  ok  81 [compact-phone-chrome] ΓÇ║ e2e\expo-web\launch-17-notification-center.spec.ts:123:5 ΓÇ║ the populated reminder panel is retained on Progress and Settings (1.4s)
  ok  79 [compact-phone-chrome] ΓÇ║ e2e\expo-web\launch-17-notification-center.spec.ts:87:5 ΓÇ║ fetch failure never reassures falsely and Retry restores current reminders (7.6s)
  ok  83 [compact-phone-chrome] ΓÇ║ e2e\expo-web\launch-17-notification-center.spec.ts:167:7 ΓÇ║ read failure preserves reminder/count, blocks repeated actions, and recovers (942ms)
  ok  84 [compact-phone-chrome] ΓÇ║ e2e\expo-web\launch-17-notification-center.spec.ts:167:7 ΓÇ║ dismiss failure preserves reminder/count, blocks repeated actions, and recovers (809ms)
  ok  85 [compact-phone-chrome] ΓÇ║ e2e\expo-web\launch-17-notification-center.spec.ts:195:5 ΓÇ║ an offline reminder open settles without trapping the editor and can recover online (1.1s)
  ok  82 [compact-phone-chrome] ΓÇ║ e2e\expo-web\launch-17-notification-center.spec.ts:140:5 ΓÇ║ cached reminders survive offline and failed refresh before recovery (8.5s)
  ok  86 [compact-phone-chrome] ΓÇ║ e2e\expo-web\launch-17-notification-center.spec.ts:228:5 ΓÇ║ a failed reminder read preserves the dirty Preferences draft and permits a guarded retry (1.6s)
  ok  87 [compact-phone-chrome] ΓÇ║ e2e\expo-web\launch-17-notification-center.spec.ts:287:5 ΓÇ║ Preferences retains browser permission recovery and guarded reminder navigation (1.9s)
  ok  89 [compact-phone-chrome] ΓÇ║ e2e\expo-web\nested-route-stacks.spec.ts:41:5 ΓÇ║ unknown notification subpaths retain not-found recovery (687ms)
  ok  90 [compact-phone-chrome] ΓÇ║ e2e\expo-web\nested-route-stacks.spec.ts:51:5 ΓÇ║ signed-in legal pages retain Settings navigation without the history shortcut (1.4s)
  ok  91 [compact-phone-chrome] ΓÇ║ e2e\expo-web\nested-route-stacks.spec.ts:98:5 ΓÇ║ Trend keeps the app shell and browser Back collapses into Progress (1.1s)
  ok  92 [compact-phone-chrome] ΓÇ║ e2e\expo-web\nested-route-stacks.spec.ts:121:5 ΓÇ║ Activity direct entry falls back to its registered Connections parent (782ms)
  ok  93 [compact-phone-chrome] ΓÇ║ e2e\expo-web\nested-route-stacks.spec.ts:137:5 ΓÇ║ Food log returns to Today with browser Back on a compact phone (1.0s)
  ok  94 [compact-phone-chrome] ΓÇ║ e2e\expo-web\nested-route-stacks.spec.ts:155:5 ΓÇ║ Saved Foods is discoverable from Settings and returns through real history (887ms)
  ok  95 [compact-phone-chrome] ΓÇ║ e2e\expo-web\nested-route-stacks.spec.ts:175:5 ΓÇ║ signed-in not-found recovery returns to Today (5.5s)
  ok  96 [compact-phone-chrome] ΓÇ║ e2e\expo-web\nested-route-stacks.spec.ts:187:5 ΓÇ║ signed-out not-found recovery returns to the hosted home (478ms)
  ok  97 [compact-phone-chrome] ΓÇ║ e2e\expo-web\notification-legacy-gates.spec.ts:3:5 ΓÇ║ legacy notifications preserves sign-in gating on direct entry and reload (667ms)
  ok  98 [compact-phone-chrome] ΓÇ║ e2e\expo-web\notification-legacy-gates.spec.ts:16:7 ΓÇ║ legacy notifications preserves the email_verification_required account gate (628ms)
  ok  99 [compact-phone-chrome] ΓÇ║ e2e\expo-web\notification-legacy-gates.spec.ts:16:7 ΓÇ║ legacy notifications preserves the legal_acceptance_required account gate (730ms)
  ok 100 [compact-phone-chrome] ΓÇ║ e2e\expo-web\notification-legacy-gates.spec.ts:33:5 ΓÇ║ legacy notifications preserves incomplete-profile onboarding (578ms)
  ok  88 [compact-phone-chrome] ΓÇ║ e2e\expo-web\nested-route-stacks.spec.ts:8:5 ΓÇ║ legacy notifications bookmarks replace themselves with Today and cannot reopen history (17.7s)

  100 passed (3.2m)
