
Running 148 tests using 2 workers

(node:35508) Warning: The 'NO_COLOR' env is ignored due to the 'FORCE_COLOR' env being set.
(Use `node --trace-warnings ...` to show where the warning was created)
(node:27300) Warning: The 'NO_COLOR' env is ignored due to the 'FORCE_COLOR' env being set.
(Use `node --trace-warnings ...` to show where the warning was created)
  ok   1 [desktop-chrome] ΓÇ║ e2e\expo-web\launch-17-notification-center.spec.ts:37:5 ΓÇ║ five reminders retain global count, new-arrival refresh, dismissal and local-date actions (2.0s)
  ok   2 [desktop-chrome] ΓÇ║ e2e\expo-web\launch-17-notification-center.spec.ts:9:5 ΓÇ║ empty reminders remain accessible from Today, Progress and Settings without an archive (3.2s)
  ok   3 [desktop-chrome] ΓÇ║ e2e\expo-web\launch-17-notification-center.spec.ts:67:5 ΓÇ║ weight reminder routing survives close/reopen and browser Back/Forward (1.4s)
  ok   5 [desktop-chrome] ΓÇ║ e2e\expo-web\launch-17-notification-center.spec.ts:106:5 ΓÇ║ loading reminders exposes no archive or false empty state and settles honestly (1.0s)
  ok   6 [desktop-chrome] ΓÇ║ e2e\expo-web\launch-17-notification-center.spec.ts:123:5 ΓÇ║ the populated reminder panel is retained on Progress and Settings (1.9s)
  ok   4 [desktop-chrome] ΓÇ║ e2e\expo-web\launch-17-notification-center.spec.ts:87:5 ΓÇ║ fetch failure never reassures falsely and Retry restores current reminders (7.8s)
  ok   8 [desktop-chrome] ΓÇ║ e2e\expo-web\launch-17-notification-center.spec.ts:167:7 ΓÇ║ read failure preserves reminder/count, blocks repeated actions, and recovers (1.1s)
  ok   9 [desktop-chrome] ΓÇ║ e2e\expo-web\launch-17-notification-center.spec.ts:167:7 ΓÇ║ dismiss failure preserves reminder/count, blocks repeated actions, and recovers (1.0s)
  ok  10 [desktop-chrome] ΓÇ║ e2e\expo-web\launch-17-notification-center.spec.ts:195:5 ΓÇ║ an offline reminder open settles without trapping the editor and can recover online (1.3s)
  ok   7 [desktop-chrome] ΓÇ║ e2e\expo-web\launch-17-notification-center.spec.ts:140:5 ΓÇ║ cached reminders survive offline and failed refresh before recovery (8.7s)
  ok  11 [desktop-chrome] ΓÇ║ e2e\expo-web\launch-17-notification-center.spec.ts:228:5 ΓÇ║ a successful reminder read navigates while its refresh is paused offline and recovers online (2.4s)
  ok  12 [desktop-chrome] ΓÇ║ e2e\expo-web\launch-17-notification-center.spec.ts:267:5 ΓÇ║ a failed reminder read preserves the dirty Preferences draft and permits a guarded retry (2.0s)
  ok  13 [desktop-chrome] ΓÇ║ e2e\expo-web\launch-17-notification-center.spec.ts:326:5 ΓÇ║ Preferences retains browser permission recovery and guarded reminder navigation (2.0s)
  ok  15 [desktop-chrome] ΓÇ║ e2e\expo-web\nested-route-stacks.spec.ts:41:5 ΓÇ║ unknown notification subpaths retain not-found recovery (5.6s)
  ok  16 [desktop-chrome] ΓÇ║ e2e\expo-web\nested-route-stacks.spec.ts:51:5 ΓÇ║ signed-in legal pages retain Settings navigation without the history shortcut (1.6s)
  ok  17 [desktop-chrome] ΓÇ║ e2e\expo-web\nested-route-stacks.spec.ts:98:5 ΓÇ║ Trend keeps the app shell and browser Back collapses into Progress (1.1s)
  ok  18 [desktop-chrome] ΓÇ║ e2e\expo-web\nested-route-stacks.spec.ts:121:5 ΓÇ║ Activity direct entry falls back to its registered Connections parent (869ms)
  ok  19 [desktop-chrome] ΓÇ║ e2e\expo-web\nested-route-stacks.spec.ts:137:5 ΓÇ║ Food log returns to Today with browser Back on a compact phone (1.1s)
  ok  20 [desktop-chrome] ΓÇ║ e2e\expo-web\nested-route-stacks.spec.ts:155:5 ΓÇ║ Saved Foods is discoverable from Settings and returns through real history (937ms)
  ok  21 [desktop-chrome] ΓÇ║ e2e\expo-web\nested-route-stacks.spec.ts:175:5 ΓÇ║ signed-in not-found recovery returns to Today (5.5s)
  ok  22 [desktop-chrome] ΓÇ║ e2e\expo-web\nested-route-stacks.spec.ts:187:5 ΓÇ║ signed-out not-found recovery returns to the hosted home (543ms)
  ok  14 [desktop-chrome] ΓÇ║ e2e\expo-web\nested-route-stacks.spec.ts:8:5 ΓÇ║ legacy notifications bookmarks replace themselves with Today and cannot reopen history (19.4s)
  ok  24 [desktop-chrome] ΓÇ║ e2e\expo-web\nested-settings-routes.spec.ts:32:7 ΓÇ║ Profile details preserves a draft when back is cancelled and discards on confirmation (1.1s)
  ok  25 [desktop-chrome] ΓÇ║ e2e\expo-web\nested-settings-routes.spec.ts:61:7 ΓÇ║ Profile details guards tab and header pushes and re-arms on return (1.7s)
  ok  26 [desktop-chrome] ΓÇ║ e2e\expo-web\nested-settings-routes.spec.ts:94:7 ΓÇ║ Profile details blocks tabs and pushes while saving (934ms)
  ok  27 [desktop-chrome] ΓÇ║ e2e\expo-web\nested-settings-routes.spec.ts:32:7 ΓÇ║ Preferences preserves a draft when back is cancelled and discards on confirmation (1.0s)
  ok  28 [desktop-chrome] ΓÇ║ e2e\expo-web\nested-settings-routes.spec.ts:61:7 ΓÇ║ Preferences guards tab and header pushes and re-arms on return (1.6s)
  ok  23 [desktop-chrome] ΓÇ║ e2e\expo-web\nested-settings-routes.spec.ts:14:5 ΓÇ║ promoted settings routes have category fallbacks on direct entry (6.9s)
  ok  29 [desktop-chrome] ΓÇ║ e2e\expo-web\nested-settings-routes.spec.ts:94:7 ΓÇ║ Preferences blocks tabs and pushes while saving (907ms)
  ok  30 [desktop-chrome] ΓÇ║ e2e\expo-web\nested-settings-routes.spec.ts:133:5 ΓÇ║ Today weight entry stays on Today and can be opened again (1.2s)
  ok  31 [desktop-chrome] ΓÇ║ e2e\expo-web\nested-settings-routes.spec.ts:149:5 ΓÇ║ Today saves the selected historical weight without changing tabs (1.2s)
  -   33 [desktop-chrome] ΓÇ║ e2e\expo-web\nested-settings-routes.spec.ts:196:5 ΓÇ║ nested settings PR screenshot evidence
  ok  32 [desktop-chrome] ΓÇ║ e2e\expo-web\nested-settings-routes.spec.ts:183:5 ΓÇ║ web direct links do not expose Android integration controls (1.6s)
  ok  34 [desktop-chrome] ΓÇ║ e2e\expo-web\notification-legacy-gates.spec.ts:3:5 ΓÇ║ legacy notifications preserves sign-in gating on direct entry and reload (831ms)
  ok  35 [desktop-chrome] ΓÇ║ e2e\expo-web\notification-legacy-gates.spec.ts:16:7 ΓÇ║ legacy notifications preserves the email_verification_required account gate (861ms)
  ok  36 [desktop-chrome] ΓÇ║ e2e\expo-web\notification-legacy-gates.spec.ts:16:7 ΓÇ║ legacy notifications preserves the legal_acceptance_required account gate (1.0s)
  ok  37 [desktop-chrome] ΓÇ║ e2e\expo-web\notification-legacy-gates.spec.ts:33:5 ΓÇ║ legacy notifications preserves incomplete-profile onboarding (732ms)
(node:34544) Warning: The 'NO_COLOR' env is ignored due to the 'FORCE_COLOR' env being set.
(Use `node --trace-warnings ...` to show where the warning was created)
(node:4644) Warning: The 'NO_COLOR' env is ignored due to the 'FORCE_COLOR' env being set.
(Use `node --trace-warnings ...` to show where the warning was created)
  ok  39 [tablet-chrome] ΓÇ║ e2e\expo-web\launch-17-notification-center.spec.ts:37:5 ΓÇ║ five reminders retain global count, new-arrival refresh, dismissal and local-date actions (1.8s)
  ok  38 [tablet-chrome] ΓÇ║ e2e\expo-web\launch-17-notification-center.spec.ts:9:5 ΓÇ║ empty reminders remain accessible from Today, Progress and Settings without an archive (3.2s)
  ok  40 [tablet-chrome] ΓÇ║ e2e\expo-web\launch-17-notification-center.spec.ts:67:5 ΓÇ║ weight reminder routing survives close/reopen and browser Back/Forward (1.5s)
  ok  42 [tablet-chrome] ΓÇ║ e2e\expo-web\launch-17-notification-center.spec.ts:106:5 ΓÇ║ loading reminders exposes no archive or false empty state and settles honestly (896ms)
  ok  43 [tablet-chrome] ΓÇ║ e2e\expo-web\launch-17-notification-center.spec.ts:123:5 ΓÇ║ the populated reminder panel is retained on Progress and Settings (1.7s)
  ok  41 [tablet-chrome] ΓÇ║ e2e\expo-web\launch-17-notification-center.spec.ts:87:5 ΓÇ║ fetch failure never reassures falsely and Retry restores current reminders (7.7s)
  ok  45 [tablet-chrome] ΓÇ║ e2e\expo-web\launch-17-notification-center.spec.ts:167:7 ΓÇ║ read failure preserves reminder/count, blocks repeated actions, and recovers (1.1s)
  ok  46 [tablet-chrome] ΓÇ║ e2e\expo-web\launch-17-notification-center.spec.ts:167:7 ΓÇ║ dismiss failure preserves reminder/count, blocks repeated actions, and recovers (909ms)
  ok  47 [tablet-chrome] ΓÇ║ e2e\expo-web\launch-17-notification-center.spec.ts:195:5 ΓÇ║ an offline reminder open settles without trapping the editor and can recover online (1.3s)
  ok  44 [tablet-chrome] ΓÇ║ e2e\expo-web\launch-17-notification-center.spec.ts:140:5 ΓÇ║ cached reminders survive offline and failed refresh before recovery (8.7s)
  ok  48 [tablet-chrome] ΓÇ║ e2e\expo-web\launch-17-notification-center.spec.ts:228:5 ΓÇ║ a successful reminder read navigates while its refresh is paused offline and recovers online (2.4s)
  ok  49 [tablet-chrome] ΓÇ║ e2e\expo-web\launch-17-notification-center.spec.ts:267:5 ΓÇ║ a failed reminder read preserves the dirty Preferences draft and permits a guarded retry (1.7s)
  ok  50 [tablet-chrome] ΓÇ║ e2e\expo-web\launch-17-notification-center.spec.ts:326:5 ΓÇ║ Preferences retains browser permission recovery and guarded reminder navigation (2.0s)
  ok  52 [tablet-chrome] ΓÇ║ e2e\expo-web\nested-route-stacks.spec.ts:41:5 ΓÇ║ unknown notification subpaths retain not-found recovery (5.6s)
  ok  53 [tablet-chrome] ΓÇ║ e2e\expo-web\nested-route-stacks.spec.ts:51:5 ΓÇ║ signed-in legal pages retain Settings navigation without the history shortcut (1.5s)
  ok  54 [tablet-chrome] ΓÇ║ e2e\expo-web\nested-route-stacks.spec.ts:98:5 ΓÇ║ Trend keeps the app shell and browser Back collapses into Progress (941ms)
  ok  55 [tablet-chrome] ΓÇ║ e2e\expo-web\nested-route-stacks.spec.ts:121:5 ΓÇ║ Activity direct entry falls back to its registered Connections parent (832ms)
  ok  56 [tablet-chrome] ΓÇ║ e2e\expo-web\nested-route-stacks.spec.ts:137:5 ΓÇ║ Food log returns to Today with browser Back on a compact phone (998ms)
  ok  57 [tablet-chrome] ΓÇ║ e2e\expo-web\nested-route-stacks.spec.ts:155:5 ΓÇ║ Saved Foods is discoverable from Settings and returns through real history (1.1s)
  ok  58 [tablet-chrome] ΓÇ║ e2e\expo-web\nested-route-stacks.spec.ts:175:5 ΓÇ║ signed-in not-found recovery returns to Today (5.7s)
  ok  51 [tablet-chrome] ΓÇ║ e2e\expo-web\nested-route-stacks.spec.ts:8:5 ΓÇ║ legacy notifications bookmarks replace themselves with Today and cannot reopen history (18.8s)
  ok  59 [tablet-chrome] ΓÇ║ e2e\expo-web\nested-route-stacks.spec.ts:187:5 ΓÇ║ signed-out not-found recovery returns to the hosted home (645ms)
  ok  61 [tablet-chrome] ΓÇ║ e2e\expo-web\nested-settings-routes.spec.ts:32:7 ΓÇ║ Profile details preserves a draft when back is cancelled and discards on confirmation (1.1s)
  ok  62 [tablet-chrome] ΓÇ║ e2e\expo-web\nested-settings-routes.spec.ts:61:7 ΓÇ║ Profile details guards tab and header pushes and re-arms on return (1.7s)
  ok  63 [tablet-chrome] ΓÇ║ e2e\expo-web\nested-settings-routes.spec.ts:94:7 ΓÇ║ Profile details blocks tabs and pushes while saving (862ms)
  ok  64 [tablet-chrome] ΓÇ║ e2e\expo-web\nested-settings-routes.spec.ts:32:7 ΓÇ║ Preferences preserves a draft when back is cancelled and discards on confirmation (1.0s)
  ok  65 [tablet-chrome] ΓÇ║ e2e\expo-web\nested-settings-routes.spec.ts:61:7 ΓÇ║ Preferences guards tab and header pushes and re-arms on return (1.5s)
  ok  60 [tablet-chrome] ΓÇ║ e2e\expo-web\nested-settings-routes.spec.ts:14:5 ΓÇ║ promoted settings routes have category fallbacks on direct entry (7.3s)
  ok  66 [tablet-chrome] ΓÇ║ e2e\expo-web\nested-settings-routes.spec.ts:94:7 ΓÇ║ Preferences blocks tabs and pushes while saving (840ms)
  ok  67 [tablet-chrome] ΓÇ║ e2e\expo-web\nested-settings-routes.spec.ts:133:5 ΓÇ║ Today weight entry stays on Today and can be opened again (1.2s)
  ok  68 [tablet-chrome] ΓÇ║ e2e\expo-web\nested-settings-routes.spec.ts:149:5 ΓÇ║ Today saves the selected historical weight without changing tabs (1.4s)
  -   70 [tablet-chrome] ΓÇ║ e2e\expo-web\nested-settings-routes.spec.ts:196:5 ΓÇ║ nested settings PR screenshot evidence
  ok  71 [tablet-chrome] ΓÇ║ e2e\expo-web\notification-legacy-gates.spec.ts:3:5 ΓÇ║ legacy notifications preserves sign-in gating on direct entry and reload (987ms)
  ok  69 [tablet-chrome] ΓÇ║ e2e\expo-web\nested-settings-routes.spec.ts:183:5 ΓÇ║ web direct links do not expose Android integration controls (2.1s)
  ok  72 [tablet-chrome] ΓÇ║ e2e\expo-web\notification-legacy-gates.spec.ts:16:7 ΓÇ║ legacy notifications preserves the email_verification_required account gate (924ms)
  ok  73 [tablet-chrome] ΓÇ║ e2e\expo-web\notification-legacy-gates.spec.ts:16:7 ΓÇ║ legacy notifications preserves the legal_acceptance_required account gate (1.1s)
  ok  74 [tablet-chrome] ΓÇ║ e2e\expo-web\notification-legacy-gates.spec.ts:33:5 ΓÇ║ legacy notifications preserves incomplete-profile onboarding (688ms)
(node:31564) Warning: The 'NO_COLOR' env is ignored due to the 'FORCE_COLOR' env being set.
(Use `node --trace-warnings ...` to show where the warning was created)
(node:15460) Warning: The 'NO_COLOR' env is ignored due to the 'FORCE_COLOR' env being set.
(Use `node --trace-warnings ...` to show where the warning was created)
  ok  75 [android-phone-chrome] ΓÇ║ e2e\expo-web\launch-17-notification-center.spec.ts:37:5 ΓÇ║ five reminders retain global count, new-arrival refresh, dismissal and local-date actions (1.8s)
  ok  77 [android-phone-chrome] ΓÇ║ e2e\expo-web\launch-17-notification-center.spec.ts:67:5 ΓÇ║ weight reminder routing survives close/reopen and browser Back/Forward (1.4s)
  ok  76 [android-phone-chrome] ΓÇ║ e2e\expo-web\launch-17-notification-center.spec.ts:9:5 ΓÇ║ empty reminders remain accessible from Today, Progress and Settings without an archive (3.0s)
  ok  79 [android-phone-chrome] ΓÇ║ e2e\expo-web\launch-17-notification-center.spec.ts:106:5 ΓÇ║ loading reminders exposes no archive or false empty state and settles honestly (881ms)
  ok  80 [android-phone-chrome] ΓÇ║ e2e\expo-web\launch-17-notification-center.spec.ts:123:5 ΓÇ║ the populated reminder panel is retained on Progress and Settings (1.4s)
  ok  78 [android-phone-chrome] ΓÇ║ e2e\expo-web\launch-17-notification-center.spec.ts:87:5 ΓÇ║ fetch failure never reassures falsely and Retry restores current reminders (7.7s)
  ok  82 [android-phone-chrome] ΓÇ║ e2e\expo-web\launch-17-notification-center.spec.ts:167:7 ΓÇ║ read failure preserves reminder/count, blocks repeated actions, and recovers (1.5s)
  ok  83 [android-phone-chrome] ΓÇ║ e2e\expo-web\launch-17-notification-center.spec.ts:167:7 ΓÇ║ dismiss failure preserves reminder/count, blocks repeated actions, and recovers (1.1s)
  ok  81 [android-phone-chrome] ΓÇ║ e2e\expo-web\launch-17-notification-center.spec.ts:140:5 ΓÇ║ cached reminders survive offline and failed refresh before recovery (8.7s)
  ok  84 [android-phone-chrome] ΓÇ║ e2e\expo-web\launch-17-notification-center.spec.ts:195:5 ΓÇ║ an offline reminder open settles without trapping the editor and can recover online (1.8s)
  ok  85 [android-phone-chrome] ΓÇ║ e2e\expo-web\launch-17-notification-center.spec.ts:228:5 ΓÇ║ a successful reminder read navigates while its refresh is paused offline and recovers online (2.7s)
  ok  86 [android-phone-chrome] ΓÇ║ e2e\expo-web\launch-17-notification-center.spec.ts:267:5 ΓÇ║ a failed reminder read preserves the dirty Preferences draft and permits a guarded retry (2.1s)
  ok  87 [android-phone-chrome] ΓÇ║ e2e\expo-web\launch-17-notification-center.spec.ts:326:5 ΓÇ║ Preferences retains browser permission recovery and guarded reminder navigation (2.5s)
  ok  89 [android-phone-chrome] ΓÇ║ e2e\expo-web\nested-route-stacks.spec.ts:41:5 ΓÇ║ unknown notification subpaths retain not-found recovery (5.7s)
  ok  90 [android-phone-chrome] ΓÇ║ e2e\expo-web\nested-route-stacks.spec.ts:51:5 ΓÇ║ signed-in legal pages retain Settings navigation without the history shortcut (1.5s)
  ok  91 [android-phone-chrome] ΓÇ║ e2e\expo-web\nested-route-stacks.spec.ts:98:5 ΓÇ║ Trend keeps the app shell and browser Back collapses into Progress (1.4s)
  ok  92 [android-phone-chrome] ΓÇ║ e2e\expo-web\nested-route-stacks.spec.ts:121:5 ΓÇ║ Activity direct entry falls back to its registered Connections parent (959ms)
  ok  93 [android-phone-chrome] ΓÇ║ e2e\expo-web\nested-route-stacks.spec.ts:137:5 ΓÇ║ Food log returns to Today with browser Back on a compact phone (1.2s)
  ok  94 [android-phone-chrome] ΓÇ║ e2e\expo-web\nested-route-stacks.spec.ts:155:5 ΓÇ║ Saved Foods is discoverable from Settings and returns through real history (1.3s)
  ok  95 [android-phone-chrome] ΓÇ║ e2e\expo-web\nested-route-stacks.spec.ts:175:5 ΓÇ║ signed-in not-found recovery returns to Today (962ms)
  ok  96 [android-phone-chrome] ΓÇ║ e2e\expo-web\nested-route-stacks.spec.ts:187:5 ΓÇ║ signed-out not-found recovery returns to the hosted home (732ms)
  ok  88 [android-phone-chrome] ΓÇ║ e2e\expo-web\nested-route-stacks.spec.ts:8:5 ΓÇ║ legacy notifications bookmarks replace themselves with Today and cannot reopen history (21.4s)
  ok  98 [android-phone-chrome] ΓÇ║ e2e\expo-web\nested-settings-routes.spec.ts:32:7 ΓÇ║ Profile details preserves a draft when back is cancelled and discards on confirmation (1.5s)
  ok  99 [android-phone-chrome] ΓÇ║ e2e\expo-web\nested-settings-routes.spec.ts:61:7 ΓÇ║ Profile details guards tab and header pushes and re-arms on return (2.3s)
  ok 100 [android-phone-chrome] ΓÇ║ e2e\expo-web\nested-settings-routes.spec.ts:94:7 ΓÇ║ Profile details blocks tabs and pushes while saving (1.3s)
  ok  97 [android-phone-chrome] ΓÇ║ e2e\expo-web\nested-settings-routes.spec.ts:14:5 ΓÇ║ promoted settings routes have category fallbacks on direct entry (11.0s)
  ok 101 [android-phone-chrome] ΓÇ║ e2e\expo-web\nested-settings-routes.spec.ts:32:7 ΓÇ║ Preferences preserves a draft when back is cancelled and discards on confirmation (2.0s)
  ok 102 [android-phone-chrome] ΓÇ║ e2e\expo-web\nested-settings-routes.spec.ts:61:7 ΓÇ║ Preferences guards tab and header pushes and re-arms on return (3.2s)
  ok 103 [android-phone-chrome] ΓÇ║ e2e\expo-web\nested-settings-routes.spec.ts:94:7 ΓÇ║ Preferences blocks tabs and pushes while saving (1.3s)
  ok 105 [android-phone-chrome] ΓÇ║ e2e\expo-web\nested-settings-routes.spec.ts:149:5 ΓÇ║ Today saves the selected historical weight without changing tabs (1.8s)
  ok 104 [android-phone-chrome] ΓÇ║ e2e\expo-web\nested-settings-routes.spec.ts:133:5 ΓÇ║ Today weight entry stays on Today and can be opened again (1.9s)
  -  107 [android-phone-chrome] ΓÇ║ e2e\expo-web\nested-settings-routes.spec.ts:196:5 ΓÇ║ nested settings PR screenshot evidence
  ok 108 [android-phone-chrome] ΓÇ║ e2e\expo-web\notification-legacy-gates.spec.ts:3:5 ΓÇ║ legacy notifications preserves sign-in gating on direct entry and reload (1.5s)
  ok 106 [android-phone-chrome] ΓÇ║ e2e\expo-web\nested-settings-routes.spec.ts:183:5 ΓÇ║ web direct links do not expose Android integration controls (2.8s)
  ok 109 [android-phone-chrome] ΓÇ║ e2e\expo-web\notification-legacy-gates.spec.ts:16:7 ΓÇ║ legacy notifications preserves the email_verification_required account gate (1.2s)
  ok 111 [android-phone-chrome] ΓÇ║ e2e\expo-web\notification-legacy-gates.spec.ts:33:5 ΓÇ║ legacy notifications preserves incomplete-profile onboarding (1.1s)
  ok 110 [android-phone-chrome] ΓÇ║ e2e\expo-web\notification-legacy-gates.spec.ts:16:7 ΓÇ║ legacy notifications preserves the legal_acceptance_required account gate (1.7s)
(node:36700) Warning: The 'NO_COLOR' env is ignored due to the 'FORCE_COLOR' env being set.
(Use `node --trace-warnings ...` to show where the warning was created)
(node:28300) Warning: The 'NO_COLOR' env is ignored due to the 'FORCE_COLOR' env being set.
(Use `node --trace-warnings ...` to show where the warning was created)
  ok 113 [compact-phone-chrome] ΓÇ║ e2e\expo-web\launch-17-notification-center.spec.ts:37:5 ΓÇ║ five reminders retain global count, new-arrival refresh, dismissal and local-date actions (2.5s)
  ok 112 [compact-phone-chrome] ΓÇ║ e2e\expo-web\launch-17-notification-center.spec.ts:9:5 ΓÇ║ empty reminders remain accessible from Today, Progress and Settings without an archive (4.8s)
  ok 114 [compact-phone-chrome] ΓÇ║ e2e\expo-web\launch-17-notification-center.spec.ts:67:5 ΓÇ║ weight reminder routing survives close/reopen and browser Back/Forward (2.1s)
  ok 116 [compact-phone-chrome] ΓÇ║ e2e\expo-web\launch-17-notification-center.spec.ts:106:5 ΓÇ║ loading reminders exposes no archive or false empty state and settles honestly (1.5s)
  ok 117 [compact-phone-chrome] ΓÇ║ e2e\expo-web\launch-17-notification-center.spec.ts:123:5 ΓÇ║ the populated reminder panel is retained on Progress and Settings (2.9s)
  ok 115 [compact-phone-chrome] ΓÇ║ e2e\expo-web\launch-17-notification-center.spec.ts:87:5 ΓÇ║ fetch failure never reassures falsely and Retry restores current reminders (8.4s)
  ok 119 [compact-phone-chrome] ΓÇ║ e2e\expo-web\launch-17-notification-center.spec.ts:167:7 ΓÇ║ read failure preserves reminder/count, blocks repeated actions, and recovers (2.5s)
  ok 120 [compact-phone-chrome] ΓÇ║ e2e\expo-web\launch-17-notification-center.spec.ts:167:7 ΓÇ║ dismiss failure preserves reminder/count, blocks repeated actions, and recovers (1.8s)
  ok 118 [compact-phone-chrome] ΓÇ║ e2e\expo-web\launch-17-notification-center.spec.ts:140:5 ΓÇ║ cached reminders survive offline and failed refresh before recovery (9.2s)
  ok 121 [compact-phone-chrome] ΓÇ║ e2e\expo-web\launch-17-notification-center.spec.ts:195:5 ΓÇ║ an offline reminder open settles without trapping the editor and can recover online (2.2s)
  ok 122 [compact-phone-chrome] ΓÇ║ e2e\expo-web\launch-17-notification-center.spec.ts:228:5 ΓÇ║ a successful reminder read navigates while its refresh is paused offline and recovers online (2.6s)
  ok 123 [compact-phone-chrome] ΓÇ║ e2e\expo-web\launch-17-notification-center.spec.ts:267:5 ΓÇ║ a failed reminder read preserves the dirty Preferences draft and permits a guarded retry (2.7s)
  ok 124 [compact-phone-chrome] ΓÇ║ e2e\expo-web\launch-17-notification-center.spec.ts:326:5 ΓÇ║ Preferences retains browser permission recovery and guarded reminder navigation (2.9s)
  ok 126 [compact-phone-chrome] ΓÇ║ e2e\expo-web\nested-route-stacks.spec.ts:41:5 ΓÇ║ unknown notification subpaths retain not-found recovery (938ms)
  ok 127 [compact-phone-chrome] ΓÇ║ e2e\expo-web\nested-route-stacks.spec.ts:51:5 ΓÇ║ signed-in legal pages retain Settings navigation without the history shortcut (2.1s)
  ok 128 [compact-phone-chrome] ΓÇ║ e2e\expo-web\nested-route-stacks.spec.ts:98:5 ΓÇ║ Trend keeps the app shell and browser Back collapses into Progress (1.0s)
  ok 129 [compact-phone-chrome] ΓÇ║ e2e\expo-web\nested-route-stacks.spec.ts:121:5 ΓÇ║ Activity direct entry falls back to its registered Connections parent (1.2s)
  ok 130 [compact-phone-chrome] ΓÇ║ e2e\expo-web\nested-route-stacks.spec.ts:137:5 ΓÇ║ Food log returns to Today with browser Back on a compact phone (1.1s)
  ok 131 [compact-phone-chrome] ΓÇ║ e2e\expo-web\nested-route-stacks.spec.ts:155:5 ΓÇ║ Saved Foods is discoverable from Settings and returns through real history (938ms)
  ok 132 [compact-phone-chrome] ΓÇ║ e2e\expo-web\nested-route-stacks.spec.ts:175:5 ΓÇ║ signed-in not-found recovery returns to Today (716ms)
  ok 133 [compact-phone-chrome] ΓÇ║ e2e\expo-web\nested-route-stacks.spec.ts:187:5 ΓÇ║ signed-out not-found recovery returns to the hosted home (666ms)
  ok 134 [compact-phone-chrome] ΓÇ║ e2e\expo-web\nested-settings-routes.spec.ts:14:5 ΓÇ║ promoted settings routes have category fallbacks on direct entry (7.2s)
  ok 135 [compact-phone-chrome] ΓÇ║ e2e\expo-web\nested-settings-routes.spec.ts:32:7 ΓÇ║ Profile details preserves a draft when back is cancelled and discards on confirmation (892ms)
  ok 136 [compact-phone-chrome] ΓÇ║ e2e\expo-web\nested-settings-routes.spec.ts:61:7 ΓÇ║ Profile details guards tab and header pushes and re-arms on return (1.4s)
  ok 137 [compact-phone-chrome] ΓÇ║ e2e\expo-web\nested-settings-routes.spec.ts:94:7 ΓÇ║ Profile details blocks tabs and pushes while saving (812ms)
  ok 138 [compact-phone-chrome] ΓÇ║ e2e\expo-web\nested-settings-routes.spec.ts:32:7 ΓÇ║ Preferences preserves a draft when back is cancelled and discards on confirmation (899ms)
  ok 125 [compact-phone-chrome] ΓÇ║ e2e\expo-web\nested-route-stacks.spec.ts:8:5 ΓÇ║ legacy notifications bookmarks replace themselves with Today and cannot reopen history (22.6s)
  ok 139 [compact-phone-chrome] ΓÇ║ e2e\expo-web\nested-settings-routes.spec.ts:61:7 ΓÇ║ Preferences guards tab and header pushes and re-arms on return (1.5s)
  ok 140 [compact-phone-chrome] ΓÇ║ e2e\expo-web\nested-settings-routes.spec.ts:94:7 ΓÇ║ Preferences blocks tabs and pushes while saving (826ms)
  ok 141 [compact-phone-chrome] ΓÇ║ e2e\expo-web\nested-settings-routes.spec.ts:133:5 ΓÇ║ Today weight entry stays on Today and can be opened again (1.3s)
  ok 142 [compact-phone-chrome] ΓÇ║ e2e\expo-web\nested-settings-routes.spec.ts:149:5 ΓÇ║ Today saves the selected historical weight without changing tabs (1.3s)
  -  144 [compact-phone-chrome] ΓÇ║ e2e\expo-web\nested-settings-routes.spec.ts:196:5 ΓÇ║ nested settings PR screenshot evidence
  ok 145 [compact-phone-chrome] ΓÇ║ e2e\expo-web\notification-legacy-gates.spec.ts:3:5 ΓÇ║ legacy notifications preserves sign-in gating on direct entry and reload (996ms)
  ok 143 [compact-phone-chrome] ΓÇ║ e2e\expo-web\nested-settings-routes.spec.ts:183:5 ΓÇ║ web direct links do not expose Android integration controls (2.0s)
  ok 146 [compact-phone-chrome] ΓÇ║ e2e\expo-web\notification-legacy-gates.spec.ts:16:7 ΓÇ║ legacy notifications preserves the email_verification_required account gate (739ms)
  ok 148 [compact-phone-chrome] ΓÇ║ e2e\expo-web\notification-legacy-gates.spec.ts:33:5 ΓÇ║ legacy notifications preserves incomplete-profile onboarding (759ms)
  ok 147 [compact-phone-chrome] ΓÇ║ e2e\expo-web\notification-legacy-gates.spec.ts:16:7 ΓÇ║ legacy notifications preserves the legal_acceptance_required account gate (955ms)

  4 skipped
  144 passed (4.2m)
