npm notice run cal-io@0.37.0 test:expo-web:release
npm notice run node --test scripts/expo-web-release.test.mjs scripts/expo-web-static-server.test.mjs
Γ£ö accepts a clean Expo web static artifact (33.063ms)
Γ£ö accepts Metro deferred bundles referenced by the HTML entry bundle (40.1812ms)
Γ£ö rejects missing HTML-linked assets (25.797ms)
Γ£ö does not mistake extensionless application links for static assets (33.5434ms)
Γ£ö rejects a root document title that differs from centralized landing metadata (34.0553ms)
Γ£ö rejects duplicate descriptions and Apple-specific installed-app claims (42.1535ms)
Γ£ö rejects stale hashed entry bundles left by an earlier export (32.0691ms)
Γ£ö service-worker enhancement is stable, scoped, and changes with artifact content (56.0516ms)
Γ£ö rejects a release artifact missing required PWA files (33.492ms)
Γ£ö rejects a service worker that can intercept backend traffic (34.9649ms)
Γ£ö accepts Expo Router static-route exports without legacy metadata (42.785ms)
Γ£ö resolves files and extensionless routes through the SPA shell (7.8108ms)
Γ£ö prefers a generated static route over the SPA fallback (8.2145ms)
Γ£ö uses the generated not-found document for unknown static routes (9.3229ms)
Γ£ö does not let SPA fallback mask backend, missing static, or traversal requests (6.3862ms)
Γ£ö serves deep links with fallback and production cache headers (40.7897ms)
Γä╣ tests 16
Γä╣ suites 0
Γä╣ pass 16
Γä╣ fail 0
Γä╣ cancelled 0
Γä╣ skipped 0
Γä╣ todo 0
Γä╣ duration_ms 493.6066
