npm notice run cal-io@0.37.0 test:ux
npm notice run node scripts/ux-gates.mjs all

Running 329 tests using 4 workers

(node:3132) Warning: The 'NO_COLOR' env is ignored due to the 'FORCE_COLOR' env being set.
(Use `node --trace-warnings ...` to show where the warning was created)
(node:34440) Warning: The 'NO_COLOR' env is ignored due to the 'FORCE_COLOR' env being set.
(Use `node --trace-warnings ...` to show where the warning was created)
(node:26656) Warning: The 'NO_COLOR' env is ignored due to the 'FORCE_COLOR' env being set.
(Use `node --trace-warnings ...` to show where the warning was created)
(node:27908) Warning: The 'NO_COLOR' env is ignored due to the 'FORCE_COLOR' env being set.
(Use `node --trace-warnings ...` to show where the warning was created)
  ok   4 [ux-phone-320] ΓÇ║ e2e\expo-web\launch-22-accessibility.spec.ts:30:7 ΓÇ║ Launch 22 accessibility coverage contracts ΓÇ║ declares every canonical route exactly once (196ms)
  ok   5 [ux-phone-320] ΓÇ║ e2e\expo-web\launch-22-accessibility.spec.ts:44:7 ΓÇ║ Launch 22 accessibility coverage contracts ΓÇ║ declares unique, authenticated overlay entry points (132ms)
  ok   6 [ux-phone-320] ΓÇ║ e2e\expo-web\launch-22-accessibility.spec.ts:88:7 ΓÇ║ Launch 22 accessibility coverage contracts ΓÇ║ declares query-driven overlays as automatic entry points (113ms)
  ok   3 [ux-phone-320] ΓÇ║ e2e\expo-web\launch-22-visual.spec.ts:73:9 ΓÇ║ editorial food-log in light (845ms)
  ok   1 [ux-phone-320] ΓÇ║ e2e\expo-web\launch-22-visual.spec.ts:73:9 ΓÇ║ editorial today in light (1.0s)
  ok   2 [ux-phone-320] ΓÇ║ e2e\expo-web\launch-22-visual.spec.ts:32:7 ΓÇ║ plan check comparison and recommendation in light (1.2s)
  ok   7 [ux-phone-320] ΓÇ║ e2e\expo-web\launch-22-accessibility.spec.ts:101:9 ΓÇ║ Launch 22 canonical route accessibility ΓÇ║ root has no critical or serious WCAG A/AA findings (1.0s)
  ok   8 [ux-phone-320] ΓÇ║ e2e\expo-web\launch-22-visual.spec.ts:73:9 ΓÇ║ editorial progress in light (904ms)
  ok   9 [ux-phone-320] ΓÇ║ e2e\expo-web\launch-22-visual.spec.ts:73:9 ΓÇ║ editorial settings in light (869ms)
  ok  10 [ux-phone-320] ΓÇ║ e2e\expo-web\launch-22-visual.spec.ts:73:9 ΓÇ║ editorial login in light (702ms)
  ok  12 [ux-phone-320] ΓÇ║ e2e\expo-web\launch-22-visual.spec.ts:73:9 ΓÇ║ editorial saved-foods in light (821ms)
  ok  11 [ux-phone-320] ΓÇ║ e2e\expo-web\launch-22-accessibility.spec.ts:101:9 ΓÇ║ Launch 22 canonical route accessibility ΓÇ║ login has no critical or serious WCAG A/AA findings (1.1s)
  ok  14 [ux-phone-320] ΓÇ║ e2e\expo-web\launch-22-visual.spec.ts:139:7 ΓÇ║ editorial long recipe in light (1.4s)
  ok  15 [ux-phone-320] ΓÇ║ e2e\expo-web\launch-22-visual.spec.ts:32:7 ΓÇ║ plan check comparison and recommendation in dark (991ms)
  ok  16 [ux-phone-320] ΓÇ║ e2e\expo-web\launch-22-accessibility.spec.ts:101:9 ΓÇ║ Launch 22 canonical route accessibility ΓÇ║ register has no critical or serious WCAG A/AA findings (995ms)
  ok  13 [ux-phone-320] ΓÇ║ e2e\expo-web\launch-22-visual.spec.ts:119:7 ΓÇ║ editorial food search and amount confirmation in light (2.0s)
  ok  17 [ux-phone-320] ΓÇ║ e2e\expo-web\launch-22-visual.spec.ts:73:9 ΓÇ║ editorial today in dark (867ms)
  ok  18 [ux-phone-320] ΓÇ║ e2e\expo-web\launch-22-visual.spec.ts:73:9 ΓÇ║ editorial food-log in dark (703ms)
  ok  19 [ux-phone-320] ΓÇ║ e2e\expo-web\launch-22-accessibility.spec.ts:101:9 ΓÇ║ Launch 22 canonical route accessibility ΓÇ║ forgot-password has no critical or serious WCAG A/AA findings (987ms)
  ok  20 [ux-phone-320] ΓÇ║ e2e\expo-web\launch-22-visual.spec.ts:73:9 ΓÇ║ editorial progress in dark (792ms)
  ok  22 [ux-phone-320] ΓÇ║ e2e\expo-web\launch-22-visual.spec.ts:73:9 ΓÇ║ editorial login in dark (620ms)
  ok  21 [ux-phone-320] ΓÇ║ e2e\expo-web\launch-22-visual.spec.ts:73:9 ΓÇ║ editorial settings in dark (832ms)
  ok  24 [ux-phone-320] ΓÇ║ e2e\expo-web\launch-22-visual.spec.ts:73:9 ΓÇ║ editorial saved-foods in dark (798ms)
  ok  23 [ux-phone-320] ΓÇ║ e2e\expo-web\launch-22-accessibility.spec.ts:101:9 ΓÇ║ Launch 22 canonical route accessibility ΓÇ║ reset-password has no critical or serious WCAG A/AA findings (1.1s)
  ok  26 [ux-phone-320] ΓÇ║ e2e\expo-web\launch-22-visual.spec.ts:139:7 ΓÇ║ editorial long recipe in dark (1.5s)
  ok  28 [ux-phone-320] ΓÇ║ e2e\expo-web\launch-22-accessibility.spec.ts:101:9 ΓÇ║ Launch 22 canonical route accessibility ΓÇ║ verify-email has no critical or serious WCAG A/AA findings (962ms)
  ok  25 [ux-phone-320] ΓÇ║ e2e\expo-web\launch-22-visual.spec.ts:119:7 ΓÇ║ editorial food search and amount confirmation in dark (2.1s)
  ok  27 [ux-phone-320] ΓÇ║ e2e\expo-web\launch-22-visual.spec.ts:159:7 ΓÇ║ onboarding three steps in light (2.0s)
  ok  30 [ux-phone-320] ΓÇ║ e2e\expo-web\launch-22-accessibility.spec.ts:101:9 ΓÇ║ Launch 22 canonical route accessibility ΓÇ║ legal-update has no critical or serious WCAG A/AA findings (1.1s)
  ok  29 [ux-phone-320] ΓÇ║ e2e\expo-web\launch-22-visual.spec.ts:159:7 ΓÇ║ onboarding three steps in dark (1.9s)
  ok  33 [ux-phone-320] ΓÇ║ e2e\expo-web\launch-22-accessibility.spec.ts:101:9 ΓÇ║ Launch 22 canonical route accessibility ΓÇ║ terms has no critical or serious WCAG A/AA findings (1.1s)
  ok  31 [ux-phone-320] ΓÇ║ e2e\expo-web\launch-22-visual.spec.ts:170:7 ΓÇ║ onboarding three steps with enlarged-text (2.0s)
  ok  32 [ux-phone-320] ΓÇ║ e2e\expo-web\launch-22-visual.spec.ts:170:7 ΓÇ║ onboarding three steps with forced-colors (1.9s)
  -   37 [ux-phone-320] ΓÇ║ e2e\expo-web\launch-22-visual.spec.ts:344:5 ΓÇ║ empty Today remains legible in dark mode on phone and desktop
  ok  34 [ux-phone-320] ΓÇ║ e2e\expo-web\launch-22-visual.spec.ts:182:5 ΓÇ║ onboarding imperial measurements with enlarged text (1.2s)
  -   38 [ux-phone-320] ΓÇ║ e2e\expo-web\launch-22-visual.spec.ts:354:5 ΓÇ║ Today loading skeleton preserves compact-phone structure
  -   39 [ux-phone-320] ΓÇ║ e2e\expo-web\launch-22-visual.spec.ts:372:5 ΓÇ║ Today terminal error stays distinct from empty content on tablet
  -   40 [ux-phone-320] ΓÇ║ e2e\expo-web\launch-22-visual.spec.ts:386:5 ΓÇ║ stale Food Log retains cached data and degraded labeling in dark mode
  ok  36 [ux-phone-320] ΓÇ║ e2e\expo-web\launch-22-visual.spec.ts:335:5 ΓÇ║ populated Today remains stable in light mode at every release viewport (753ms)
  -   42 [ux-phone-320] ΓÇ║ e2e\expo-web\launch-22-visual.spec.ts:420:5 ΓÇ║ Progress uses the shell-owned cached-data notice while offline
  ok  35 [ux-phone-320] ΓÇ║ e2e\expo-web\launch-22-accessibility.spec.ts:101:9 ΓÇ║ Launch 22 canonical route accessibility ΓÇ║ support has no critical or serious WCAG A/AA findings (947ms)
  -   43 [ux-phone-320] ΓÇ║ e2e\expo-web\launch-22-visual.spec.ts:436:5 ΓÇ║ paused Today is explicit without implying a calorie target on tablet
  -   44 [ux-phone-320] ΓÇ║ e2e\expo-web\launch-22-visual.spec.ts:447:5 ΓÇ║ Settings remains understandable with forced colors
  -   47 [ux-phone-320] ΓÇ║ e2e\expo-web\launch-22-visual.spec.ts:479:5 ΓÇ║ password reset exposes a visibly disabled submission state
  -   48 [ux-phone-320] ΓÇ║ e2e\expo-web\launch-22-visual.spec.ts:490:5 ΓÇ║ Settings export exposes a stable busy and disabled submission state
  -   49 [ux-phone-320] ΓÇ║ e2e\expo-web\launch-22-visual.spec.ts:542:5 ΓÇ║ normal visual runs reject a missing baseline without recreating it
  -   50 [ux-phone-320] ΓÇ║ e2e\expo-web\launch-22-visual.spec.ts:565:5 ΓÇ║ visual threshold contract rejects a 24px spacing shift above 0.2%
  ok  46 [ux-phone-320] ΓÇ║ e2e\expo-web\launch-22-visual.spec.ts:462:5 ΓÇ║ Today tolerates 200% text at the smallest release viewport (828ms)
  ok  41 [ux-phone-320] ΓÇ║ e2e\expo-web\launch-22-visual.spec.ts:400:5 ΓÇ║ offline Today keeps cached content and stale labeling on the smallest phone (1.0s)
  ok  45 [ux-phone-320] ΓÇ║ e2e\expo-web\launch-22-accessibility.spec.ts:101:9 ΓÇ║ Launch 22 canonical route accessibility ΓÇ║ privacy has no critical or serious WCAG A/AA findings (1.0s)
(node:40232) Warning: The 'NO_COLOR' env is ignored due to the 'FORCE_COLOR' env being set.
(Use `node --trace-warnings ...` to show where the warning was created)
(node:37240) Warning: The 'NO_COLOR' env is ignored due to the 'FORCE_COLOR' env being set.
(Use `node --trace-warnings ...` to show where the warning was created)
(node:39248) Warning: The 'NO_COLOR' env is ignored due to the 'FORCE_COLOR' env being set.
(Use `node --trace-warnings ...` to show where the warning was created)
  ok  51 [ux-phone-320] ΓÇ║ e2e\expo-web\launch-22-accessibility.spec.ts:101:9 ΓÇ║ Launch 22 canonical route accessibility ΓÇ║ account-deletion has no critical or serious WCAG A/AA findings (1.0s)
  ok  52 [ux-phone-390] ΓÇ║ e2e\expo-web\launch-22-visual.spec.ts:32:7 ΓÇ║ plan check comparison and recommendation in light (1.2s)
  ok  53 [ux-phone-390] ΓÇ║ e2e\expo-web\launch-22-visual.spec.ts:73:9 ΓÇ║ editorial today in light (959ms)
  ok  54 [ux-phone-390] ΓÇ║ e2e\expo-web\launch-22-visual.spec.ts:73:9 ΓÇ║ editorial food-log in light (913ms)
  ok  55 [ux-phone-320] ΓÇ║ e2e\expo-web\launch-22-accessibility.spec.ts:101:9 ΓÇ║ Launch 22 canonical route accessibility ΓÇ║ health-connect-privacy has no critical or serious WCAG A/AA findings (939ms)
  ok  58 [ux-phone-390] ΓÇ║ e2e\expo-web\launch-22-visual.spec.ts:73:9 ΓÇ║ editorial login in light (541ms)
  ok  56 [ux-phone-390] ΓÇ║ e2e\expo-web\launch-22-visual.spec.ts:73:9 ΓÇ║ editorial progress in light (727ms)
  ok  57 [ux-phone-390] ΓÇ║ e2e\expo-web\launch-22-visual.spec.ts:73:9 ΓÇ║ editorial settings in light (718ms)
  ok  60 [ux-phone-390] ΓÇ║ e2e\expo-web\launch-22-visual.spec.ts:73:9 ΓÇ║ editorial saved-foods in light (740ms)
  ok  59 [ux-phone-320] ΓÇ║ e2e\expo-web\launch-22-accessibility.spec.ts:101:9 ΓÇ║ Launch 22 canonical route accessibility ΓÇ║ onboarding has no critical or serious WCAG A/AA findings (1.1s)
  ok  62 [ux-phone-390] ΓÇ║ e2e\expo-web\launch-22-visual.spec.ts:139:7 ΓÇ║ editorial long recipe in light (1.4s)
  ok  63 [ux-phone-390] ΓÇ║ e2e\expo-web\launch-22-visual.spec.ts:32:7 ΓÇ║ plan check comparison and recommendation in dark (1.0s)
  ok  61 [ux-phone-390] ΓÇ║ e2e\expo-web\launch-22-visual.spec.ts:119:7 ΓÇ║ editorial food search and amount confirmation in light (2.0s)
  ok  64 [ux-phone-320] ΓÇ║ e2e\expo-web\launch-22-accessibility.spec.ts:101:9 ΓÇ║ Launch 22 canonical route accessibility ΓÇ║ today has no critical or serious WCAG A/AA findings (1.3s)
  ok  65 [ux-phone-390] ΓÇ║ e2e\expo-web\launch-22-visual.spec.ts:73:9 ΓÇ║ editorial today in dark (712ms)
  ok  66 [ux-phone-390] ΓÇ║ e2e\expo-web\launch-22-visual.spec.ts:73:9 ΓÇ║ editorial food-log in dark (715ms)
  ok  67 [ux-phone-390] ΓÇ║ e2e\expo-web\launch-22-visual.spec.ts:73:9 ΓÇ║ editorial progress in dark (703ms)
  ok  69 [ux-phone-390] ΓÇ║ e2e\expo-web\launch-22-visual.spec.ts:73:9 ΓÇ║ editorial settings in dark (681ms)
  ok  70 [ux-phone-390] ΓÇ║ e2e\expo-web\launch-22-visual.spec.ts:73:9 ΓÇ║ editorial login in dark (518ms)
  ok  68 [ux-phone-320] ΓÇ║ e2e\expo-web\launch-22-accessibility.spec.ts:101:9 ΓÇ║ Launch 22 canonical route accessibility ΓÇ║ progress has no critical or serious WCAG A/AA findings (1.2s)
  ok  71 [ux-phone-390] ΓÇ║ e2e\expo-web\launch-22-visual.spec.ts:73:9 ΓÇ║ editorial saved-foods in dark (716ms)
  ok  73 [ux-phone-390] ΓÇ║ e2e\expo-web\launch-22-visual.spec.ts:139:7 ΓÇ║ editorial long recipe in dark (1.5s)
  ok  74 [ux-phone-320] ΓÇ║ e2e\expo-web\launch-22-accessibility.spec.ts:101:9 ΓÇ║ Launch 22 canonical route accessibility ΓÇ║ settings has no critical or serious WCAG A/AA findings (1.2s)
  ok  72 [ux-phone-390] ΓÇ║ e2e\expo-web\launch-22-visual.spec.ts:119:7 ΓÇ║ editorial food search and amount confirmation in dark (2.0s)
  -   78 [ux-phone-390] ΓÇ║ e2e\expo-web\launch-22-visual.spec.ts:170:7 ΓÇ║ onboarding three steps with enlarged-text
  -   79 [ux-phone-390] ΓÇ║ e2e\expo-web\launch-22-visual.spec.ts:170:7 ΓÇ║ onboarding three steps with forced-colors
  ok  75 [ux-phone-390] ΓÇ║ e2e\expo-web\launch-22-visual.spec.ts:159:7 ΓÇ║ onboarding three steps in light (1.5s)
  ok  77 [ux-phone-320] ΓÇ║ e2e\expo-web\launch-22-accessibility.spec.ts:101:9 ΓÇ║ Launch 22 canonical route accessibility ΓÇ║ settings-profile has no critical or serious WCAG A/AA findings (1.2s)
  ok  81 [ux-phone-390] ΓÇ║ e2e\expo-web\launch-22-visual.spec.ts:335:5 ΓÇ║ populated Today remains stable in light mode at every release viewport (745ms)
  ok  76 [ux-phone-390] ΓÇ║ e2e\expo-web\launch-22-visual.spec.ts:159:7 ΓÇ║ onboarding three steps in dark (1.5s)
  ok  80 [ux-phone-390] ΓÇ║ e2e\expo-web\launch-22-visual.spec.ts:182:5 ΓÇ║ onboarding imperial measurements with enlarged text (1.1s)
  -   85 [ux-phone-390] ΓÇ║ e2e\expo-web\launch-22-visual.spec.ts:372:5 ΓÇ║ Today terminal error stays distinct from empty content on tablet
  -   86 [ux-phone-390] ΓÇ║ e2e\expo-web\launch-22-visual.spec.ts:386:5 ΓÇ║ stale Food Log retains cached data and degraded labeling in dark mode
  -   87 [ux-phone-390] ΓÇ║ e2e\expo-web\launch-22-visual.spec.ts:400:5 ΓÇ║ offline Today keeps cached content and stale labeling on the smallest phone
  ok  83 [ux-phone-390] ΓÇ║ e2e\expo-web\launch-22-visual.spec.ts:344:5 ΓÇ║ empty Today remains legible in dark mode on phone and desktop (772ms)
  -   88 [ux-phone-390] ΓÇ║ e2e\expo-web\launch-22-visual.spec.ts:420:5 ΓÇ║ Progress uses the shell-owned cached-data notice while offline
  -   89 [ux-phone-390] ΓÇ║ e2e\expo-web\launch-22-visual.spec.ts:436:5 ΓÇ║ paused Today is explicit without implying a calorie target on tablet
  -   90 [ux-phone-390] ΓÇ║ e2e\expo-web\launch-22-visual.spec.ts:447:5 ΓÇ║ Settings remains understandable with forced colors
  -   91 [ux-phone-390] ΓÇ║ e2e\expo-web\launch-22-visual.spec.ts:462:5 ΓÇ║ Today tolerates 200% text at the smallest release viewport
  ok  84 [ux-phone-390] ΓÇ║ e2e\expo-web\launch-22-visual.spec.ts:354:5 ΓÇ║ Today loading skeleton preserves compact-phone structure (843ms)
  -   93 [ux-phone-390] ΓÇ║ e2e\expo-web\launch-22-visual.spec.ts:490:5 ΓÇ║ Settings export exposes a stable busy and disabled submission state
  ok  82 [ux-phone-320] ΓÇ║ e2e\expo-web\launch-22-accessibility.spec.ts:101:9 ΓÇ║ Launch 22 canonical route accessibility ΓÇ║ settings-security has no critical or serious WCAG A/AA findings (1.2s)
  -   94 [ux-phone-390] ΓÇ║ e2e\expo-web\launch-22-visual.spec.ts:542:5 ΓÇ║ normal visual runs reject a missing baseline without recreating it
  -   95 [ux-phone-390] ΓÇ║ e2e\expo-web\launch-22-visual.spec.ts:565:5 ΓÇ║ visual threshold contract rejects a 24px spacing shift above 0.2%
  ok  92 [ux-phone-390] ΓÇ║ e2e\expo-web\launch-22-visual.spec.ts:479:5 ΓÇ║ password reset exposes a visibly disabled submission state (499ms)
(node:10916) Warning: The 'NO_COLOR' env is ignored due to the 'FORCE_COLOR' env being set.
(Use `node --trace-warnings ...` to show where the warning was created)
(node:30528) Warning: The 'NO_COLOR' env is ignored due to the 'FORCE_COLOR' env being set.
(Use `node --trace-warnings ...` to show where the warning was created)
(node:5148) Warning: The 'NO_COLOR' env is ignored due to the 'FORCE_COLOR' env being set.
(Use `node --trace-warnings ...` to show where the warning was created)
  ok  96 [ux-phone-320] ΓÇ║ e2e\expo-web\launch-22-accessibility.spec.ts:101:9 ΓÇ║ Launch 22 canonical route accessibility ΓÇ║ settings-connections has no critical or serious WCAG A/AA findings (1.1s)
  ok  98 [ux-tablet-820] ΓÇ║ e2e\expo-web\launch-22-visual.spec.ts:73:9 ΓÇ║ editorial today in light (1.0s)
  ok  97 [ux-tablet-820] ΓÇ║ e2e\expo-web\launch-22-visual.spec.ts:32:7 ΓÇ║ plan check comparison and recommendation in light (1.2s)
  ok  99 [ux-tablet-820] ΓÇ║ e2e\expo-web\launch-22-visual.spec.ts:73:9 ΓÇ║ editorial food-log in light (989ms)
  ok 100 [ux-phone-320] ΓÇ║ e2e\expo-web\launch-22-accessibility.spec.ts:101:9 ΓÇ║ Launch 22 canonical route accessibility ΓÇ║ settings-data has no critical or serious WCAG A/AA findings (1.4s)
  ok 101 [ux-tablet-820] ΓÇ║ e2e\expo-web\launch-22-visual.spec.ts:73:9 ΓÇ║ editorial progress in light (861ms)
  ok 102 [ux-tablet-820] ΓÇ║ e2e\expo-web\launch-22-visual.spec.ts:73:9 ΓÇ║ editorial settings in light (834ms)
  ok 103 [ux-tablet-820] ΓÇ║ e2e\expo-web\launch-22-visual.spec.ts:73:9 ΓÇ║ editorial login in light (691ms)
  ok 105 [ux-tablet-820] ΓÇ║ e2e\expo-web\launch-22-visual.spec.ts:73:9 ΓÇ║ editorial saved-foods in light (941ms)
  ok 104 [ux-phone-320] ΓÇ║ e2e\expo-web\launch-22-accessibility.spec.ts:101:9 ΓÇ║ Launch 22 canonical route accessibility ΓÇ║ settings-help has no critical or serious WCAG A/AA findings (1.4s)
  ok 107 [ux-tablet-820] ΓÇ║ e2e\expo-web\launch-22-visual.spec.ts:139:7 ΓÇ║ editorial long recipe in light (1.7s)
  ok 108 [ux-tablet-820] ΓÇ║ e2e\expo-web\launch-22-visual.spec.ts:32:7 ΓÇ║ plan check comparison and recommendation in dark (1.1s)
  ok 106 [ux-tablet-820] ΓÇ║ e2e\expo-web\launch-22-visual.spec.ts:119:7 ΓÇ║ editorial food search and amount confirmation in light (2.3s)
  ok 109 [ux-phone-320] ΓÇ║ e2e\expo-web\launch-22-accessibility.spec.ts:101:9 ΓÇ║ Launch 22 canonical route accessibility ΓÇ║ profile-details has no critical or serious WCAG A/AA findings (1.5s)
  ok 110 [ux-tablet-820] ΓÇ║ e2e\expo-web\launch-22-visual.spec.ts:73:9 ΓÇ║ editorial today in dark (945ms)
  ok 111 [ux-tablet-820] ΓÇ║ e2e\expo-web\launch-22-visual.spec.ts:73:9 ΓÇ║ editorial food-log in dark (873ms)
  ok 112 [ux-tablet-820] ΓÇ║ e2e\expo-web\launch-22-visual.spec.ts:73:9 ΓÇ║ editorial progress in dark (905ms)
  ok 114 [ux-tablet-820] ΓÇ║ e2e\expo-web\launch-22-visual.spec.ts:73:9 ΓÇ║ editorial settings in dark (832ms)
  ok 115 [ux-tablet-820] ΓÇ║ e2e\expo-web\launch-22-visual.spec.ts:73:9 ΓÇ║ editorial login in dark (653ms)
  ok 113 [ux-phone-320] ΓÇ║ e2e\expo-web\launch-22-accessibility.spec.ts:101:9 ΓÇ║ Launch 22 canonical route accessibility ΓÇ║ preferences has no critical or serious WCAG A/AA findings (1.4s)
  ok 116 [ux-tablet-820] ΓÇ║ e2e\expo-web\launch-22-visual.spec.ts:73:9 ΓÇ║ editorial saved-foods in dark (890ms)
  ok 118 [ux-tablet-820] ΓÇ║ e2e\expo-web\launch-22-visual.spec.ts:139:7 ΓÇ║ editorial long recipe in dark (1.5s)
  ok 119 [ux-phone-320] ΓÇ║ e2e\expo-web\launch-22-accessibility.spec.ts:101:9 ΓÇ║ Launch 22 canonical route accessibility ΓÇ║ health-connect has no critical or serious WCAG A/AA findings (1.2s)
  ok 117 [ux-tablet-820] ΓÇ║ e2e\expo-web\launch-22-visual.spec.ts:119:7 ΓÇ║ editorial food search and amount confirmation in dark (2.3s)
  -  123 [ux-tablet-820] ΓÇ║ e2e\expo-web\launch-22-visual.spec.ts:170:7 ΓÇ║ onboarding three steps with enlarged-text
  ok 120 [ux-tablet-820] ΓÇ║ e2e\expo-web\launch-22-visual.spec.ts:159:7 ΓÇ║ onboarding three steps in light (1.9s)
  -  124 [ux-tablet-820] ΓÇ║ e2e\expo-web\launch-22-visual.spec.ts:170:7 ΓÇ║ onboarding three steps with forced-colors
  -  125 [ux-tablet-820] ΓÇ║ e2e\expo-web\launch-22-visual.spec.ts:182:5 ΓÇ║ onboarding imperial measurements with enlarged text
  -  127 [ux-tablet-820] ΓÇ║ e2e\expo-web\launch-22-visual.spec.ts:344:5 ΓÇ║ empty Today remains legible in dark mode on phone and desktop
  -  128 [ux-tablet-820] ΓÇ║ e2e\expo-web\launch-22-visual.spec.ts:354:5 ΓÇ║ Today loading skeleton preserves compact-phone structure
  ok 122 [ux-phone-320] ΓÇ║ e2e\expo-web\launch-22-accessibility.spec.ts:101:9 ΓÇ║ Launch 22 canonical route accessibility ΓÇ║ watch has no critical or serious WCAG A/AA findings (1.2s)
  ok 126 [ux-tablet-820] ΓÇ║ e2e\expo-web\launch-22-visual.spec.ts:335:5 ΓÇ║ populated Today remains stable in light mode at every release viewport (868ms)
  ok 121 [ux-tablet-820] ΓÇ║ e2e\expo-web\launch-22-visual.spec.ts:159:7 ΓÇ║ onboarding three steps in dark (1.8s)
  -  131 [ux-tablet-820] ΓÇ║ e2e\expo-web\launch-22-visual.spec.ts:386:5 ΓÇ║ stale Food Log retains cached data and degraded labeling in dark mode
  -  132 [ux-tablet-820] ΓÇ║ e2e\expo-web\launch-22-visual.spec.ts:400:5 ΓÇ║ offline Today keeps cached content and stale labeling on the smallest phone
  -  133 [ux-tablet-820] ΓÇ║ e2e\expo-web\launch-22-visual.spec.ts:420:5 ΓÇ║ Progress uses the shell-owned cached-data notice while offline
  -  135 [ux-tablet-820] ΓÇ║ e2e\expo-web\launch-22-visual.spec.ts:447:5 ΓÇ║ Settings remains understandable with forced colors
  -  136 [ux-tablet-820] ΓÇ║ e2e\expo-web\launch-22-visual.spec.ts:462:5 ΓÇ║ Today tolerates 200% text at the smallest release viewport
  -  137 [ux-tablet-820] ΓÇ║ e2e\expo-web\launch-22-visual.spec.ts:479:5 ΓÇ║ password reset exposes a visibly disabled submission state
  ok 130 [ux-phone-320] ΓÇ║ e2e\expo-web\launch-22-accessibility.spec.ts:101:9 ΓÇ║ Launch 22 canonical route accessibility ΓÇ║ devices has no critical or serious WCAG A/AA findings (1.2s)
  -  138 [ux-tablet-820] ΓÇ║ e2e\expo-web\launch-22-visual.spec.ts:490:5 ΓÇ║ Settings export exposes a stable busy and disabled submission state
  -  140 [ux-tablet-820] ΓÇ║ e2e\expo-web\launch-22-visual.spec.ts:542:5 ΓÇ║ normal visual runs reject a missing baseline without recreating it
  -  141 [ux-tablet-820] ΓÇ║ e2e\expo-web\launch-22-visual.spec.ts:565:5 ΓÇ║ visual threshold contract rejects a 24px spacing shift above 0.2%
  ok 134 [ux-tablet-820] ΓÇ║ e2e\expo-web\launch-22-visual.spec.ts:436:5 ΓÇ║ paused Today is explicit without implying a calorie target on tablet (782ms)
(node:15512) Warning: The 'NO_COLOR' env is ignored due to the 'FORCE_COLOR' env being set.
(Use `node --trace-warnings ...` to show where the warning was created)
(node:40460) Warning: The 'NO_COLOR' env is ignored due to the 'FORCE_COLOR' env being set.
(Use `node --trace-warnings ...` to show where the warning was created)
  ok 139 [ux-phone-320] ΓÇ║ e2e\expo-web\launch-22-accessibility.spec.ts:101:9 ΓÇ║ Launch 22 canonical route accessibility ΓÇ║ connected-apps has no critical or serious WCAG A/AA findings (1.1s)
  -  143 [ux-desktop-1024] ΓÇ║ e2e\expo-web\launch-22-visual.spec.ts:32:7 ΓÇ║ plan check comparison and recommendation in light
  ok 142 [ux-desktop-1024] ΓÇ║ e2e\expo-web\launch-22-accessibility.spec.ts:30:7 ΓÇ║ Launch 22 accessibility coverage contracts ΓÇ║ declares every canonical route exactly once (230ms)
  -  145 [ux-desktop-1024] ΓÇ║ e2e\expo-web\launch-22-visual.spec.ts:73:9 ΓÇ║ editorial today in light
  ok 146 [ux-desktop-1024] ΓÇ║ e2e\expo-web\launch-22-accessibility.spec.ts:44:7 ΓÇ║ Launch 22 accessibility coverage contracts ΓÇ║ declares unique, authenticated overlay entry points (124ms)
  -  147 [ux-desktop-1024] ΓÇ║ e2e\expo-web\launch-22-visual.spec.ts:73:9 ΓÇ║ editorial food-log in light
  ok 148 [ux-desktop-1024] ΓÇ║ e2e\expo-web\launch-22-accessibility.spec.ts:88:7 ΓÇ║ Launch 22 accessibility coverage contracts ΓÇ║ declares query-driven overlays as automatic entry points (107ms)
  -  149 [ux-desktop-1024] ΓÇ║ e2e\expo-web\launch-22-visual.spec.ts:73:9 ΓÇ║ editorial progress in light
  -  151 [ux-desktop-1024] ΓÇ║ e2e\expo-web\launch-22-visual.spec.ts:73:9 ΓÇ║ editorial settings in light
  -  152 [ux-desktop-1024] ΓÇ║ e2e\expo-web\launch-22-visual.spec.ts:73:9 ΓÇ║ editorial login in light
  -  153 [ux-desktop-1024] ΓÇ║ e2e\expo-web\launch-22-visual.spec.ts:73:9 ΓÇ║ editorial saved-foods in light
  -  154 [ux-desktop-1024] ΓÇ║ e2e\expo-web\launch-22-visual.spec.ts:119:7 ΓÇ║ editorial food search and amount confirmation in light
  -  155 [ux-desktop-1024] ΓÇ║ e2e\expo-web\launch-22-visual.spec.ts:139:7 ΓÇ║ editorial long recipe in light
  -  156 [ux-desktop-1024] ΓÇ║ e2e\expo-web\launch-22-visual.spec.ts:32:7 ΓÇ║ plan check comparison and recommendation in dark
  ok 144 [ux-phone-320] ΓÇ║ e2e\expo-web\launch-22-accessibility.spec.ts:101:9 ΓÇ║ Launch 22 canonical route accessibility ΓÇ║ food-log has no critical or serious WCAG A/AA findings (1.3s)
  -  157 [ux-desktop-1024] ΓÇ║ e2e\expo-web\launch-22-visual.spec.ts:73:9 ΓÇ║ editorial today in dark
  -  159 [ux-desktop-1024] ΓÇ║ e2e\expo-web\launch-22-visual.spec.ts:73:9 ΓÇ║ editorial food-log in dark
  ok 150 [ux-desktop-1024] ΓÇ║ e2e\expo-web\launch-22-accessibility.spec.ts:101:9 ΓÇ║ Launch 22 canonical route accessibility ΓÇ║ root has no critical or serious WCAG A/AA findings (1.0s)
  -  160 [ux-desktop-1024] ΓÇ║ e2e\expo-web\launch-22-visual.spec.ts:73:9 ΓÇ║ editorial progress in dark
  -  162 [ux-desktop-1024] ΓÇ║ e2e\expo-web\launch-22-visual.spec.ts:73:9 ΓÇ║ editorial settings in dark
  -  163 [ux-desktop-1024] ΓÇ║ e2e\expo-web\launch-22-visual.spec.ts:73:9 ΓÇ║ editorial login in dark
  -  164 [ux-desktop-1024] ΓÇ║ e2e\expo-web\launch-22-visual.spec.ts:73:9 ΓÇ║ editorial saved-foods in dark
  -  165 [ux-desktop-1024] ΓÇ║ e2e\expo-web\launch-22-visual.spec.ts:119:7 ΓÇ║ editorial food search and amount confirmation in dark
  -  166 [ux-desktop-1024] ΓÇ║ e2e\expo-web\launch-22-visual.spec.ts:139:7 ΓÇ║ editorial long recipe in dark
  -  167 [ux-desktop-1024] ΓÇ║ e2e\expo-web\launch-22-visual.spec.ts:159:7 ΓÇ║ onboarding three steps in light
  -  168 [ux-desktop-1024] ΓÇ║ e2e\expo-web\launch-22-visual.spec.ts:159:7 ΓÇ║ onboarding three steps in dark
  -  169 [ux-desktop-1024] ΓÇ║ e2e\expo-web\launch-22-visual.spec.ts:170:7 ΓÇ║ onboarding three steps with enlarged-text
  ok 161 [ux-desktop-1024] ΓÇ║ e2e\expo-web\launch-22-accessibility.spec.ts:101:9 ΓÇ║ Launch 22 canonical route accessibility ΓÇ║ login has no critical or serious WCAG A/AA findings (993ms)
  ok 158 [ux-phone-320] ΓÇ║ e2e\expo-web\launch-22-accessibility.spec.ts:101:9 ΓÇ║ Launch 22 canonical route accessibility ΓÇ║ weight-trend has no critical or serious WCAG A/AA findings (1.2s)
  -  170 [ux-desktop-1024] ΓÇ║ e2e\expo-web\launch-22-visual.spec.ts:170:7 ΓÇ║ onboarding three steps with forced-colors
  -  173 [ux-desktop-1024] ΓÇ║ e2e\expo-web\launch-22-visual.spec.ts:182:5 ΓÇ║ onboarding imperial measurements with enlarged text
  ok 171 [ux-desktop-1024] ΓÇ║ e2e\expo-web\launch-22-accessibility.spec.ts:101:9 ΓÇ║ Launch 22 canonical route accessibility ΓÇ║ register has no critical or serious WCAG A/AA findings (1.0s)
  ok 174 [ux-desktop-1024] ΓÇ║ e2e\expo-web\launch-22-visual.spec.ts:335:5 ΓÇ║ populated Today remains stable in light mode at every release viewport (871ms)
  ok 172 [ux-phone-320] ΓÇ║ e2e\expo-web\launch-22-accessibility.spec.ts:101:9 ΓÇ║ Launch 22 canonical route accessibility ΓÇ║ plan-check has no critical or serious WCAG A/AA findings (1.2s)
  ok 176 [ux-desktop-1024] ΓÇ║ e2e\expo-web\launch-22-visual.spec.ts:344:5 ΓÇ║ empty Today remains legible in dark mode on phone and desktop (755ms)
  -  178 [ux-desktop-1024] ΓÇ║ e2e\expo-web\launch-22-visual.spec.ts:354:5 ΓÇ║ Today loading skeleton preserves compact-phone structure
  ok 175 [ux-desktop-1024] ΓÇ║ e2e\expo-web\launch-22-accessibility.spec.ts:101:9 ΓÇ║ Launch 22 canonical route accessibility ΓÇ║ forgot-password has no critical or serious WCAG A/AA findings (940ms)
  -  179 [ux-desktop-1024] ΓÇ║ e2e\expo-web\launch-22-visual.spec.ts:372:5 ΓÇ║ Today terminal error stays distinct from empty content on tablet
  -  181 [ux-desktop-1024] ΓÇ║ e2e\expo-web\launch-22-visual.spec.ts:386:5 ΓÇ║ stale Food Log retains cached data and degraded labeling in dark mode
  -  182 [ux-desktop-1024] ΓÇ║ e2e\expo-web\launch-22-visual.spec.ts:400:5 ΓÇ║ offline Today keeps cached content and stale labeling on the smallest phone
  ok 177 [ux-phone-320] ΓÇ║ e2e\expo-web\launch-22-accessibility.spec.ts:101:9 ΓÇ║ Launch 22 canonical route accessibility ΓÇ║ activity has no critical or serious WCAG A/AA findings (1.2s)
  ok 180 [ux-desktop-1024] ΓÇ║ e2e\expo-web\launch-22-accessibility.spec.ts:101:9 ΓÇ║ Launch 22 canonical route accessibility ΓÇ║ reset-password has no critical or serious WCAG A/AA findings (999ms)
  ok 129 [ux-tablet-820] ΓÇ║ e2e\expo-web\launch-22-visual.spec.ts:372:5 ΓÇ║ Today terminal error stays distinct from empty content on tablet (8.2s)
  ok 183 [ux-desktop-1024] ΓÇ║ e2e\expo-web\launch-22-visual.spec.ts:420:5 ΓÇ║ Progress uses the shell-owned cached-data notice while offline (1.2s)
  ok 184 [ux-phone-320] ΓÇ║ e2e\expo-web\launch-22-accessibility.spec.ts:101:9 ΓÇ║ Launch 22 canonical route accessibility ΓÇ║ my-foods has no critical or serious WCAG A/AA findings (1.1s)
(node:36204) Warning: The 'NO_COLOR' env is ignored due to the 'FORCE_COLOR' env being set.
(Use `node --trace-warnings ...` to show where the warning was created)
  ok 185 [ux-desktop-1024] ΓÇ║ e2e\expo-web\launch-22-accessibility.spec.ts:101:9 ΓÇ║ Launch 22 canonical route accessibility ΓÇ║ verify-email has no critical or serious WCAG A/AA findings (886ms)
  -  189 [ux-desktop-1024] ΓÇ║ e2e\expo-web\launch-22-visual.spec.ts:436:5 ΓÇ║ paused Today is explicit without implying a calorie target on tablet
  ok 186 [ux-desktop-1024] ΓÇ║ e2e\expo-web\launch-22-visual.spec.ts:447:5 ΓÇ║ Settings remains understandable with forced colors (755ms)
  -  190 [ux-desktop-1024] ΓÇ║ e2e\expo-web\launch-22-visual.spec.ts:462:5 ΓÇ║ Today tolerates 200% text at the smallest release viewport
  -  191 [ux-desktop-1024] ΓÇ║ e2e\expo-web\launch-22-visual.spec.ts:479:5 ΓÇ║ password reset exposes a visibly disabled submission state
  ok 187 [ux-phone-320] ΓÇ║ e2e\expo-web\launch-22-accessibility.spec.ts:101:9 ΓÇ║ Launch 22 canonical route accessibility ΓÇ║ about has no critical or serious WCAG A/AA findings (1.2s)
  ok 193 [ux-desktop-1024] ΓÇ║ e2e\expo-web\launch-22-visual.spec.ts:542:5 ΓÇ║ normal visual runs reject a missing baseline without recreating it (450ms)
  ok 188 [ux-desktop-1024] ΓÇ║ e2e\expo-web\launch-22-accessibility.spec.ts:101:9 ΓÇ║ Launch 22 canonical route accessibility ΓÇ║ legal-update has no critical or serious WCAG A/AA findings (1.0s)
  ok 192 [ux-desktop-1024] ΓÇ║ e2e\expo-web\launch-22-visual.spec.ts:490:5 ΓÇ║ Settings export exposes a stable busy and disabled submission state (1.3s)
  ok 196 [ux-desktop-1024] ΓÇ║ e2e\expo-web\launch-22-accessibility.spec.ts:101:9 ΓÇ║ Launch 22 canonical route accessibility ΓÇ║ terms has no critical or serious WCAG A/AA findings (1.0s)
  ok 194 [ux-phone-320] ΓÇ║ e2e\expo-web\launch-22-accessibility.spec.ts:101:9 ΓÇ║ Launch 22 canonical route accessibility ΓÇ║ advanced has no critical or serious WCAG A/AA findings (1.2s)
(node:35580) Warning: The 'NO_COLOR' env is ignored due to the 'FORCE_COLOR' env being set.
(Use `node --trace-warnings ...` to show where the warning was created)
  ok 195 [ux-desktop-1024] ΓÇ║ e2e\expo-web\launch-22-visual.spec.ts:565:5 ΓÇ║ visual threshold contract rejects a 24px spacing shift above 0.2% (1.4s)
(node:26168) Warning: The 'NO_COLOR' env is ignored due to the 'FORCE_COLOR' env being set.
(Use `node --trace-warnings ...` to show where the warning was created)
  ok 197 [ux-desktop-1024] ΓÇ║ e2e\expo-web\launch-22-accessibility.spec.ts:101:9 ΓÇ║ Launch 22 canonical route accessibility ΓÇ║ support has no critical or serious WCAG A/AA findings (897ms)
  ok 198 [ux-phone-320] ΓÇ║ e2e\expo-web\launch-22-accessibility.spec.ts:101:9 ΓÇ║ Launch 22 canonical route accessibility ΓÇ║ server-admin has no critical or serious WCAG A/AA findings (1.1s)
  ok 199 [ux-desktop-1440] ΓÇ║ e2e\expo-web\launch-22-visual.spec.ts:32:7 ΓÇ║ plan check comparison and recommendation in light (1.1s)
  ok 200 [ux-desktop-1440] ΓÇ║ e2e\expo-web\launch-22-visual.spec.ts:73:9 ΓÇ║ editorial today in light (906ms)
  ok 201 [ux-desktop-1024] ΓÇ║ e2e\expo-web\launch-22-accessibility.spec.ts:101:9 ΓÇ║ Launch 22 canonical route accessibility ΓÇ║ privacy has no critical or serious WCAG A/AA findings (1.0s)
  ok 202 [ux-phone-320] ΓÇ║ e2e\expo-web\launch-22-accessibility.spec.ts:101:9 ΓÇ║ Launch 22 canonical route accessibility ΓÇ║ weight has no critical or serious WCAG A/AA findings (1.1s)
  ok 203 [ux-desktop-1440] ΓÇ║ e2e\expo-web\launch-22-visual.spec.ts:73:9 ΓÇ║ editorial food-log in light (801ms)
  ok 204 [ux-desktop-1440] ΓÇ║ e2e\expo-web\launch-22-visual.spec.ts:73:9 ΓÇ║ editorial progress in light (774ms)
  ok 205 [ux-desktop-1024] ΓÇ║ e2e\expo-web\launch-22-accessibility.spec.ts:101:9 ΓÇ║ Launch 22 canonical route accessibility ΓÇ║ account-deletion has no critical or serious WCAG A/AA findings (933ms)
  ok 207 [ux-desktop-1440] ΓÇ║ e2e\expo-web\launch-22-visual.spec.ts:73:9 ΓÇ║ editorial settings in light (830ms)
  ok 206 [ux-phone-320] ΓÇ║ e2e\expo-web\launch-22-accessibility.spec.ts:101:9 ΓÇ║ Launch 22 canonical route accessibility ΓÇ║ nutrition-label has no critical or serious WCAG A/AA findings (1.0s)
  ok 208 [ux-desktop-1440] ΓÇ║ e2e\expo-web\launch-22-visual.spec.ts:73:9 ΓÇ║ editorial login in light (606ms)
  ok 209 [ux-desktop-1024] ΓÇ║ e2e\expo-web\launch-22-accessibility.spec.ts:101:9 ΓÇ║ Launch 22 canonical route accessibility ΓÇ║ health-connect-privacy has no critical or serious WCAG A/AA findings (948ms)
  ok 210 [ux-desktop-1440] ΓÇ║ e2e\expo-web\launch-22-visual.spec.ts:73:9 ΓÇ║ editorial saved-foods in light (873ms)
  ok 211 [ux-phone-320] ΓÇ║ e2e\expo-web\launch-22-accessibility.spec.ts:101:9 ΓÇ║ Launch 22 canonical route accessibility ΓÇ║ barcode has no critical or serious WCAG A/AA findings (974ms)
  ok 213 [ux-desktop-1024] ΓÇ║ e2e\expo-web\launch-22-accessibility.spec.ts:101:9 ΓÇ║ Launch 22 canonical route accessibility ΓÇ║ onboarding has no critical or serious WCAG A/AA findings (1.1s)
  ok 214 [ux-desktop-1440] ΓÇ║ e2e\expo-web\launch-22-visual.spec.ts:139:7 ΓÇ║ editorial long recipe in light (1.4s)
  ok 215 [ux-phone-320] ΓÇ║ e2e\expo-web\launch-22-accessibility.spec.ts:119:9 ΓÇ║ Launch 22 open overlay accessibility ΓÇ║ add-food has no critical or serious WCAG A/AA findings (1.3s)
  ok 212 [ux-desktop-1440] ΓÇ║ e2e\expo-web\launch-22-visual.spec.ts:119:7 ΓÇ║ editorial food search and amount confirmation in light (2.2s)
  ok 216 [ux-desktop-1024] ΓÇ║ e2e\expo-web\launch-22-accessibility.spec.ts:101:9 ΓÇ║ Launch 22 canonical route accessibility ΓÇ║ today has no critical or serious WCAG A/AA findings (1.3s)
  ok 219 [ux-desktop-1440] ΓÇ║ e2e\expo-web\launch-22-visual.spec.ts:73:9 ΓÇ║ editorial today in dark (799ms)
  ok 217 [ux-desktop-1440] ΓÇ║ e2e\expo-web\launch-22-visual.spec.ts:32:7 ΓÇ║ plan check comparison and recommendation in dark (976ms)
  ok 218 [ux-phone-320] ΓÇ║ e2e\expo-web\launch-22-accessibility.spec.ts:119:9 ΓÇ║ Launch 22 open overlay accessibility ΓÇ║ weight-entry has no critical or serious WCAG A/AA findings (1.2s)
  ok 221 [ux-desktop-1440] ΓÇ║ e2e\expo-web\launch-22-visual.spec.ts:73:9 ΓÇ║ editorial food-log in dark (805ms)
  ok 222 [ux-desktop-1440] ΓÇ║ e2e\expo-web\launch-22-visual.spec.ts:73:9 ΓÇ║ editorial progress in dark (854ms)
  ok 220 [ux-desktop-1024] ΓÇ║ e2e\expo-web\launch-22-accessibility.spec.ts:101:9 ΓÇ║ Launch 22 canonical route accessibility ΓÇ║ progress has no critical or serious WCAG A/AA findings (1.2s)
  ok 225 [ux-desktop-1440] ΓÇ║ e2e\expo-web\launch-22-visual.spec.ts:73:9 ΓÇ║ editorial login in dark (632ms)
  ok 224 [ux-desktop-1440] ΓÇ║ e2e\expo-web\launch-22-visual.spec.ts:73:9 ΓÇ║ editorial settings in dark (788ms)
  ok 223 [ux-phone-320] ΓÇ║ e2e\expo-web\launch-22-accessibility.spec.ts:119:9 ΓÇ║ Launch 22 open overlay accessibility ΓÇ║ historical-calendar has no critical or serious WCAG A/AA findings (1.6s)
  ok 226 [ux-desktop-1024] ΓÇ║ e2e\expo-web\launch-22-accessibility.spec.ts:101:9 ΓÇ║ Launch 22 canonical route accessibility ΓÇ║ settings has no critical or serious WCAG A/AA findings (1.2s)
  ok 227 [ux-desktop-1440] ΓÇ║ e2e\expo-web\launch-22-visual.spec.ts:73:9 ΓÇ║ editorial saved-foods in dark (760ms)
  ok 229 [ux-phone-320] ΓÇ║ e2e\expo-web\launch-22-accessibility.spec.ts:119:9 ΓÇ║ Launch 22 open overlay accessibility ΓÇ║ goal-editor has no critical or serious WCAG A/AA findings (1.2s)
  ok 230 [ux-desktop-1024] ΓÇ║ e2e\expo-web\launch-22-accessibility.spec.ts:101:9 ΓÇ║ Launch 22 canonical route accessibility ΓÇ║ settings-profile has no critical or serious WCAG A/AA findings (1.1s)
  ok 231 [ux-desktop-1440] ΓÇ║ e2e\expo-web\launch-22-visual.spec.ts:139:7 ΓÇ║ editorial long recipe in dark (1.3s)
  ok 228 [ux-desktop-1440] ΓÇ║ e2e\expo-web\launch-22-visual.spec.ts:119:7 ΓÇ║ editorial food search and amount confirmation in dark (2.0s)
  ok 233 [ux-desktop-1024] ΓÇ║ e2e\expo-web\launch-22-accessibility.spec.ts:101:9 ΓÇ║ Launch 22 canonical route accessibility ΓÇ║ settings-security has no critical or serious WCAG A/AA findings (1.1s)
  ok 232 [ux-phone-320] ΓÇ║ e2e\expo-web\launch-22-accessibility.spec.ts:119:9 ΓÇ║ Launch 22 open overlay accessibility ΓÇ║ goal-daily-calorie-options has no critical or serious WCAG A/AA findings (1.3s)
  ok 234 [ux-desktop-1440] ΓÇ║ e2e\expo-web\launch-22-visual.spec.ts:159:7 ΓÇ║ onboarding three steps in light (1.6s)
  ok 235 [ux-desktop-1440] ΓÇ║ e2e\expo-web\launch-22-visual.spec.ts:159:7 ΓÇ║ onboarding three steps in dark (1.7s)
  ok 236 [ux-desktop-1024] ΓÇ║ e2e\expo-web\launch-22-accessibility.spec.ts:101:9 ΓÇ║ Launch 22 canonical route accessibility ΓÇ║ settings-connections has no critical or serious WCAG A/AA findings (1.0s)
  ok 237 [ux-phone-320] ΓÇ║ e2e\expo-web\launch-22-accessibility.spec.ts:119:9 ΓÇ║ Launch 22 open overlay accessibility ΓÇ║ plan-check-adjustment-review has no critical or serious WCAG A/AA findings (1.6s)
  ok 240 [ux-desktop-1024] ΓÇ║ e2e\expo-web\launch-22-accessibility.spec.ts:101:9 ΓÇ║ Launch 22 canonical route accessibility ΓÇ║ settings-data has no critical or serious WCAG A/AA findings (1.1s)
  ok 239 [ux-desktop-1440] ΓÇ║ e2e\expo-web\launch-22-visual.spec.ts:170:7 ΓÇ║ onboarding three steps with forced-colors (1.7s)
  ok 241 [ux-phone-320] ΓÇ║ e2e\expo-web\launch-22-accessibility.spec.ts:119:9 ΓÇ║ Launch 22 open overlay accessibility ΓÇ║ notifications-drawer has no critical or serious WCAG A/AA findings (1.2s)
  ok 238 [ux-desktop-1440] ΓÇ║ e2e\expo-web\launch-22-visual.spec.ts:170:7 ΓÇ║ onboarding three steps with enlarged-text (2.1s)
  ok 242 [ux-desktop-1024] ΓÇ║ e2e\expo-web\launch-22-accessibility.spec.ts:101:9 ΓÇ║ Launch 22 canonical route accessibility ΓÇ║ settings-help has no critical or serious WCAG A/AA findings (1.1s)
  ok 245 [ux-desktop-1440] ΓÇ║ e2e\expo-web\launch-22-visual.spec.ts:335:5 ΓÇ║ populated Today remains stable in light mode at every release viewport (771ms)
  -  247 [ux-desktop-1440] ΓÇ║ e2e\expo-web\launch-22-visual.spec.ts:344:5 ΓÇ║ empty Today remains legible in dark mode on phone and desktop
  ok 243 [ux-desktop-1440] ΓÇ║ e2e\expo-web\launch-22-visual.spec.ts:182:5 ΓÇ║ onboarding imperial measurements with enlarged text (1.3s)
  -  248 [ux-desktop-1440] ΓÇ║ e2e\expo-web\launch-22-visual.spec.ts:354:5 ΓÇ║ Today loading skeleton preserves compact-phone structure
  -  249 [ux-desktop-1440] ΓÇ║ e2e\expo-web\launch-22-visual.spec.ts:372:5 ΓÇ║ Today terminal error stays distinct from empty content on tablet
  ok 244 [ux-phone-320] ΓÇ║ e2e\expo-web\launch-22-accessibility.spec.ts:119:9 ΓÇ║ Launch 22 open overlay accessibility ΓÇ║ profile-time-zone-options has no critical or serious WCAG A/AA findings (1.2s)
  -  251 [ux-desktop-1440] ΓÇ║ e2e\expo-web\launch-22-visual.spec.ts:400:5 ΓÇ║ offline Today keeps cached content and stale labeling on the smallest phone
  -  253 [ux-desktop-1440] ΓÇ║ e2e\expo-web\launch-22-visual.spec.ts:420:5 ΓÇ║ Progress uses the shell-owned cached-data notice while offline
  -  254 [ux-desktop-1440] ΓÇ║ e2e\expo-web\launch-22-visual.spec.ts:436:5 ΓÇ║ paused Today is explicit without implying a calorie target on tablet
  ok 246 [ux-desktop-1024] ΓÇ║ e2e\expo-web\launch-22-accessibility.spec.ts:101:9 ΓÇ║ Launch 22 canonical route accessibility ΓÇ║ profile-details has no critical or serious WCAG A/AA findings (1.2s)
  -  255 [ux-desktop-1440] ΓÇ║ e2e\expo-web\launch-22-visual.spec.ts:447:5 ΓÇ║ Settings remains understandable with forced colors
  -  257 [ux-desktop-1440] ΓÇ║ e2e\expo-web\launch-22-visual.spec.ts:462:5 ΓÇ║ Today tolerates 200% text at the smallest release viewport
  -  258 [ux-desktop-1440] ΓÇ║ e2e\expo-web\launch-22-visual.spec.ts:479:5 ΓÇ║ password reset exposes a visibly disabled submission state
  -  259 [ux-desktop-1440] ΓÇ║ e2e\expo-web\launch-22-visual.spec.ts:490:5 ΓÇ║ Settings export exposes a stable busy and disabled submission state
  -  260 [ux-desktop-1440] ΓÇ║ e2e\expo-web\launch-22-visual.spec.ts:542:5 ΓÇ║ normal visual runs reject a missing baseline without recreating it
  ok 252 [ux-phone-320] ΓÇ║ e2e\expo-web\launch-22-accessibility.spec.ts:119:9 ΓÇ║ Launch 22 open overlay accessibility ΓÇ║ profile-photo has no critical or serious WCAG A/AA findings (985ms)
  -  261 [ux-desktop-1440] ΓÇ║ e2e\expo-web\launch-22-visual.spec.ts:565:5 ΓÇ║ visual threshold contract rejects a 24px spacing shift above 0.2%
  ok 256 [ux-desktop-1024] ΓÇ║ e2e\expo-web\launch-22-accessibility.spec.ts:101:9 ΓÇ║ Launch 22 canonical route accessibility ΓÇ║ preferences has no critical or serious WCAG A/AA findings (1.1s)
  ok 262 [ux-phone-320] ΓÇ║ e2e\expo-web\launch-22-accessibility.spec.ts:119:9 ΓÇ║ Launch 22 open overlay accessibility ΓÇ║ password has no critical or serious WCAG A/AA findings (875ms)
  ok 263 [ux-desktop-1024] ΓÇ║ e2e\expo-web\launch-22-accessibility.spec.ts:101:9 ΓÇ║ Launch 22 canonical route accessibility ΓÇ║ health-connect has no critical or serious WCAG A/AA findings (874ms)
  ok 264 [ux-phone-320] ΓÇ║ e2e\expo-web\launch-22-accessibility.spec.ts:119:9 ΓÇ║ Launch 22 open overlay accessibility ΓÇ║ import has no critical or serious WCAG A/AA findings (865ms)
  ok 265 [ux-desktop-1024] ΓÇ║ e2e\expo-web\launch-22-accessibility.spec.ts:101:9 ΓÇ║ Launch 22 canonical route accessibility ΓÇ║ watch has no critical or serious WCAG A/AA findings (889ms)
  ok 266 [ux-phone-320] ΓÇ║ e2e\expo-web\launch-22-accessibility.spec.ts:119:9 ΓÇ║ Launch 22 open overlay accessibility ΓÇ║ offline has no critical or serious WCAG A/AA findings (877ms)
  ok 267 [ux-desktop-1024] ΓÇ║ e2e\expo-web\launch-22-accessibility.spec.ts:101:9 ΓÇ║ Launch 22 canonical route accessibility ΓÇ║ devices has no critical or serious WCAG A/AA findings (866ms)
  ok 268 [ux-phone-320] ΓÇ║ e2e\expo-web\launch-22-accessibility.spec.ts:119:9 ΓÇ║ Launch 22 open overlay accessibility ΓÇ║ saved-food-new-food has no critical or serious WCAG A/AA findings (861ms)
  ok 269 [ux-desktop-1024] ΓÇ║ e2e\expo-web\launch-22-accessibility.spec.ts:101:9 ΓÇ║ Launch 22 canonical route accessibility ΓÇ║ connected-apps has no critical or serious WCAG A/AA findings (836ms)
  ok 270 [ux-phone-320] ΓÇ║ e2e\expo-web\launch-22-accessibility.spec.ts:119:9 ΓÇ║ Launch 22 open overlay accessibility ΓÇ║ saved-food-new-recipe has no critical or serious WCAG A/AA findings (872ms)
  ok 271 [ux-desktop-1024] ΓÇ║ e2e\expo-web\launch-22-accessibility.spec.ts:101:9 ΓÇ║ Launch 22 canonical route accessibility ΓÇ║ food-log has no critical or serious WCAG A/AA findings (947ms)
  ok 272 [ux-phone-320] ΓÇ║ e2e\expo-web\launch-22-accessibility.spec.ts:119:9 ΓÇ║ Launch 22 open overlay accessibility ΓÇ║ food-log-edit has no critical or serious WCAG A/AA findings (938ms)
  ok 273 [ux-desktop-1024] ΓÇ║ e2e\expo-web\launch-22-accessibility.spec.ts:101:9 ΓÇ║ Launch 22 canonical route accessibility ΓÇ║ weight-trend has no critical or serious WCAG A/AA findings (971ms)
  ok 274 [ux-phone-320] ΓÇ║ e2e\expo-web\launch-22-accessibility.spec.ts:119:9 ΓÇ║ Launch 22 open overlay accessibility ΓÇ║ food-log-copy-day has no critical or serious WCAG A/AA findings (880ms)
  ok 275 [ux-desktop-1024] ΓÇ║ e2e\expo-web\launch-22-accessibility.spec.ts:101:9 ΓÇ║ Launch 22 canonical route accessibility ΓÇ║ plan-check has no critical or serious WCAG A/AA findings (900ms)
  ok 276 [ux-phone-320] ΓÇ║ e2e\expo-web\launch-22-accessibility.spec.ts:119:9 ΓÇ║ Launch 22 open overlay accessibility ΓÇ║ food-log-copy-meal has no critical or serious WCAG A/AA findings (885ms)
  ok 250 [ux-desktop-1440] ΓÇ║ e2e\expo-web\launch-22-visual.spec.ts:386:5 ΓÇ║ stale Food Log retains cached data and degraded labeling in dark mode (8.4s)
  ok 277 [ux-desktop-1024] ΓÇ║ e2e\expo-web\launch-22-accessibility.spec.ts:101:9 ΓÇ║ Launch 22 canonical route accessibility ΓÇ║ activity has no critical or serious WCAG A/AA findings (873ms)
  ok 278 [ux-phone-320] ΓÇ║ e2e\expo-web\launch-22-accessibility.spec.ts:119:9 ΓÇ║ Launch 22 open overlay accessibility ΓÇ║ food-log-copy-meal-destination has no critical or serious WCAG A/AA findings (992ms)
  ok 279 [ux-desktop-1024] ΓÇ║ e2e\expo-web\launch-22-accessibility.spec.ts:101:9 ΓÇ║ Launch 22 canonical route accessibility ΓÇ║ my-foods has no critical or serious WCAG A/AA findings (904ms)
  ok 280 [ux-phone-320] ΓÇ║ e2e\expo-web\launch-22-accessibility.spec.ts:119:9 ΓÇ║ Launch 22 open overlay accessibility ΓÇ║ food-log-save-recipe has no critical or serious WCAG A/AA findings (911ms)
  ok 281 [ux-desktop-1024] ΓÇ║ e2e\expo-web\launch-22-accessibility.spec.ts:101:9 ΓÇ║ Launch 22 canonical route accessibility ΓÇ║ about has no critical or serious WCAG A/AA findings (923ms)
  ok 282 [ux-phone-320] ΓÇ║ e2e\expo-web\launch-22-accessibility.spec.ts:119:9 ΓÇ║ Launch 22 open overlay accessibility ΓÇ║ pause-tracking has no critical or serious WCAG A/AA findings (1.2s)
  ok 283 [ux-desktop-1024] ΓÇ║ e2e\expo-web\launch-22-accessibility.spec.ts:101:9 ΓÇ║ Launch 22 canonical route accessibility ΓÇ║ advanced has no critical or serious WCAG A/AA findings (881ms)
  ok 284 [ux-phone-320] ΓÇ║ e2e\expo-web\launch-22-accessibility.spec.ts:119:9 ΓÇ║ Launch 22 open overlay accessibility ΓÇ║ resume-tracking-prompt has no critical or serious WCAG A/AA findings (926ms)
  ok 285 [ux-desktop-1024] ΓÇ║ e2e\expo-web\launch-22-accessibility.spec.ts:101:9 ΓÇ║ Launch 22 canonical route accessibility ΓÇ║ server-admin has no critical or serious WCAG A/AA findings (886ms)
  ok 286 [ux-phone-320] ΓÇ║ e2e\expo-web\launch-22-accessibility.spec.ts:119:9 ΓÇ║ Launch 22 open overlay accessibility ΓÇ║ session-revoke-confirmation has no critical or serious WCAG A/AA findings (876ms)
  ok 287 [ux-desktop-1024] ΓÇ║ e2e\expo-web\launch-22-accessibility.spec.ts:101:9 ΓÇ║ Launch 22 canonical route accessibility ΓÇ║ weight has no critical or serious WCAG A/AA findings (875ms)
  ok 288 [ux-phone-320] ΓÇ║ e2e\expo-web\launch-22-accessibility.spec.ts:119:9 ΓÇ║ Launch 22 open overlay accessibility ΓÇ║ session-revoke-others-confirmation has no critical or serious WCAG A/AA findings (843ms)
  ok 289 [ux-desktop-1024] ΓÇ║ e2e\expo-web\launch-22-accessibility.spec.ts:101:9 ΓÇ║ Launch 22 canonical route accessibility ΓÇ║ nutrition-label has no critical or serious WCAG A/AA findings (767ms)
  ok 290 [ux-phone-320] ΓÇ║ e2e\expo-web\launch-22-accessibility.spec.ts:119:9 ΓÇ║ Launch 22 open overlay accessibility ΓÇ║ connected-app-revoke-confirmation has no critical or serious WCAG A/AA findings (865ms)
  ok 291 [ux-desktop-1024] ΓÇ║ e2e\expo-web\launch-22-accessibility.spec.ts:101:9 ΓÇ║ Launch 22 canonical route accessibility ΓÇ║ barcode has no critical or serious WCAG A/AA findings (804ms)
  ok 292 [ux-phone-320] ΓÇ║ e2e\expo-web\launch-22-accessibility.spec.ts:119:9 ΓÇ║ Launch 22 open overlay accessibility ΓÇ║ account-export has no critical or serious WCAG A/AA findings (853ms)
  ok 293 [ux-desktop-1024] ΓÇ║ e2e\expo-web\launch-22-accessibility.spec.ts:119:9 ΓÇ║ Launch 22 open overlay accessibility ΓÇ║ add-food has no critical or serious WCAG A/AA findings (980ms)
  ok 294 [ux-phone-320] ΓÇ║ e2e\expo-web\launch-22-accessibility.spec.ts:119:9 ΓÇ║ Launch 22 open overlay accessibility ΓÇ║ delete-account has no critical or serious WCAG A/AA findings (843ms)
  ok 295 [ux-desktop-1024] ΓÇ║ e2e\expo-web\launch-22-accessibility.spec.ts:119:9 ΓÇ║ Launch 22 open overlay accessibility ΓÇ║ weight-entry has no critical or serious WCAG A/AA findings (963ms)
  ok 296 [ux-phone-320] ΓÇ║ e2e\expo-web\launch-22-accessibility.spec.ts:156:7 ΓÇ║ Launch 22 accessibility gate probes ΓÇ║ detects an unnamed button (742ms)
  ok 298 [ux-phone-320] ΓÇ║ e2e\expo-web\launch-22-accessibility.spec.ts:176:7 ΓÇ║ Launch 22 accessibility gate probes ΓÇ║ detects insufficient text contrast (693ms)
  ok 297 [ux-desktop-1024] ΓÇ║ e2e\expo-web\launch-22-accessibility.spec.ts:119:9 ΓÇ║ Launch 22 open overlay accessibility ΓÇ║ historical-calendar has no critical or serious WCAG A/AA findings (1.3s)
  ok 299 [ux-phone-320] ΓÇ║ e2e\expo-web\launch-22-accessibility.spec.ts:206:7 ΓÇ║ Launch 22 accessibility gate probes ΓÇ║ detects positive tabindex focus-order overrides (716ms)
  ok 300 [ux-desktop-1024] ΓÇ║ e2e\expo-web\launch-22-accessibility.spec.ts:119:9 ΓÇ║ Launch 22 open overlay accessibility ΓÇ║ goal-editor has no critical or serious WCAG A/AA findings (958ms)
  ok 302 [ux-desktop-1024] ΓÇ║ e2e\expo-web\launch-22-accessibility.spec.ts:119:9 ΓÇ║ Launch 22 open overlay accessibility ΓÇ║ goal-daily-calorie-options has no critical or serious WCAG A/AA findings (1.0s)
  ok 301 [ux-phone-320] ΓÇ║ e2e\expo-web\launch-22-accessibility.spec.ts:232:7 ΓÇ║ onboarding all steps have no blocking accessibility findings in light (1.8s)
  ok 303 [ux-desktop-1024] ΓÇ║ e2e\expo-web\launch-22-accessibility.spec.ts:119:9 ΓÇ║ Launch 22 open overlay accessibility ΓÇ║ plan-check-adjustment-review has no critical or serious WCAG A/AA findings (1.2s)
  ok 304 [ux-phone-320] ΓÇ║ e2e\expo-web\launch-22-accessibility.spec.ts:232:7 ΓÇ║ onboarding all steps have no blocking accessibility findings in dark (1.7s)
  ok 305 [ux-desktop-1024] ΓÇ║ e2e\expo-web\launch-22-accessibility.spec.ts:119:9 ΓÇ║ Launch 22 open overlay accessibility ΓÇ║ notifications-drawer has no critical or serious WCAG A/AA findings (986ms)
  ok 306 [ux-desktop-1024] ΓÇ║ e2e\expo-web\launch-22-accessibility.spec.ts:119:9 ΓÇ║ Launch 22 open overlay accessibility ΓÇ║ profile-time-zone-options has no critical or serious WCAG A/AA findings (940ms)
  ok 307 [ux-desktop-1024] ΓÇ║ e2e\expo-web\launch-22-accessibility.spec.ts:119:9 ΓÇ║ Launch 22 open overlay accessibility ΓÇ║ profile-photo has no critical or serious WCAG A/AA findings (742ms)
  ok 308 [ux-desktop-1024] ΓÇ║ e2e\expo-web\launch-22-accessibility.spec.ts:119:9 ΓÇ║ Launch 22 open overlay accessibility ΓÇ║ password has no critical or serious WCAG A/AA findings (775ms)
  ok 309 [ux-desktop-1024] ΓÇ║ e2e\expo-web\launch-22-accessibility.spec.ts:119:9 ΓÇ║ Launch 22 open overlay accessibility ΓÇ║ import has no critical or serious WCAG A/AA findings (778ms)
  ok 310 [ux-desktop-1024] ΓÇ║ e2e\expo-web\launch-22-accessibility.spec.ts:119:9 ΓÇ║ Launch 22 open overlay accessibility ΓÇ║ offline has no critical or serious WCAG A/AA findings (790ms)
  ok 311 [ux-desktop-1024] ΓÇ║ e2e\expo-web\launch-22-accessibility.spec.ts:119:9 ΓÇ║ Launch 22 open overlay accessibility ΓÇ║ saved-food-new-food has no critical or serious WCAG A/AA findings (1.0s)
  ok 312 [ux-desktop-1024] ΓÇ║ e2e\expo-web\launch-22-accessibility.spec.ts:119:9 ΓÇ║ Launch 22 open overlay accessibility ΓÇ║ saved-food-new-recipe has no critical or serious WCAG A/AA findings (1.1s)
  ok 313 [ux-desktop-1024] ΓÇ║ e2e\expo-web\launch-22-accessibility.spec.ts:119:9 ΓÇ║ Launch 22 open overlay accessibility ΓÇ║ food-log-edit has no critical or serious WCAG A/AA findings (1.0s)
  ok 314 [ux-desktop-1024] ΓÇ║ e2e\expo-web\launch-22-accessibility.spec.ts:119:9 ΓÇ║ Launch 22 open overlay accessibility ΓÇ║ food-log-copy-day has no critical or serious WCAG A/AA findings (998ms)
  ok 315 [ux-desktop-1024] ΓÇ║ e2e\expo-web\launch-22-accessibility.spec.ts:119:9 ΓÇ║ Launch 22 open overlay accessibility ΓÇ║ food-log-copy-meal has no critical or serious WCAG A/AA findings (1.1s)
  ok 316 [ux-desktop-1024] ΓÇ║ e2e\expo-web\launch-22-accessibility.spec.ts:119:9 ΓÇ║ Launch 22 open overlay accessibility ΓÇ║ food-log-copy-meal-destination has no critical or serious WCAG A/AA findings (1.2s)
  ok 317 [ux-desktop-1024] ΓÇ║ e2e\expo-web\launch-22-accessibility.spec.ts:119:9 ΓÇ║ Launch 22 open overlay accessibility ΓÇ║ food-log-save-recipe has no critical or serious WCAG A/AA findings (1.0s)
  ok 318 [ux-desktop-1024] ΓÇ║ e2e\expo-web\launch-22-accessibility.spec.ts:119:9 ΓÇ║ Launch 22 open overlay accessibility ΓÇ║ pause-tracking has no critical or serious WCAG A/AA findings (1.5s)
  ok 319 [ux-desktop-1024] ΓÇ║ e2e\expo-web\launch-22-accessibility.spec.ts:119:9 ΓÇ║ Launch 22 open overlay accessibility ΓÇ║ resume-tracking-prompt has no critical or serious WCAG A/AA findings (932ms)
  ok 320 [ux-desktop-1024] ΓÇ║ e2e\expo-web\launch-22-accessibility.spec.ts:119:9 ΓÇ║ Launch 22 open overlay accessibility ΓÇ║ session-revoke-confirmation has no critical or serious WCAG A/AA findings (1.0s)
  ok 321 [ux-desktop-1024] ΓÇ║ e2e\expo-web\launch-22-accessibility.spec.ts:119:9 ΓÇ║ Launch 22 open overlay accessibility ΓÇ║ session-revoke-others-confirmation has no critical or serious WCAG A/AA findings (912ms)
  ok 322 [ux-desktop-1024] ΓÇ║ e2e\expo-web\launch-22-accessibility.spec.ts:119:9 ΓÇ║ Launch 22 open overlay accessibility ΓÇ║ connected-app-revoke-confirmation has no critical or serious WCAG A/AA findings (1.0s)
  ok 323 [ux-desktop-1024] ΓÇ║ e2e\expo-web\launch-22-accessibility.spec.ts:119:9 ΓÇ║ Launch 22 open overlay accessibility ΓÇ║ account-export has no critical or serious WCAG A/AA findings (1.1s)
  ok 324 [ux-desktop-1024] ΓÇ║ e2e\expo-web\launch-22-accessibility.spec.ts:119:9 ΓÇ║ Launch 22 open overlay accessibility ΓÇ║ delete-account has no critical or serious WCAG A/AA findings (901ms)
  ok 325 [ux-desktop-1024] ΓÇ║ e2e\expo-web\launch-22-accessibility.spec.ts:156:7 ΓÇ║ Launch 22 accessibility gate probes ΓÇ║ detects an unnamed button (848ms)
  ok 326 [ux-desktop-1024] ΓÇ║ e2e\expo-web\launch-22-accessibility.spec.ts:176:7 ΓÇ║ Launch 22 accessibility gate probes ΓÇ║ detects insufficient text contrast (757ms)
  ok 327 [ux-desktop-1024] ΓÇ║ e2e\expo-web\launch-22-accessibility.spec.ts:206:7 ΓÇ║ Launch 22 accessibility gate probes ΓÇ║ detects positive tabindex focus-order overrides (806ms)
  ok 328 [ux-desktop-1024] ΓÇ║ e2e\expo-web\launch-22-accessibility.spec.ts:232:7 ΓÇ║ onboarding all steps have no blocking accessibility findings in light (1.6s)
  ok 329 [ux-desktop-1024] ΓÇ║ e2e\expo-web\launch-22-accessibility.spec.ts:232:7 ΓÇ║ onboarding all steps have no blocking accessibility findings in dark (1.7s)

  79 skipped
  250 passed (1.7m)
