npm notice run mobile@0.2.7 test
npm notice run jest --runInBand src/auth/AuthContext.test.tsx src/auth/storage.test.ts src/auth/offlineWorkspace.test.ts
PASS src/auth/AuthContext.test.tsx
  ΓùÅ Console

    console.error
      An update to AuthProvider inside a test was not wrapped in act(...).
      
      When testing, code that causes React state updates should be wrapped into act(...):
      
      act(() => {
        /* fire events that update state */
      });
      /* assert on the output */
      
      This ensures that you're testing the behavior the user would see in the browser. Learn more at https://react.dev/link/wrap-tests-with-act

      471 |         });
      472 |         if (serverTestRequestRef.current === requestId) {
    > 473 |             setServerConnection({
          |             ^
      474 |                 status: result.ok ? 'connected' : 'error',
      475 |                 testedInput: value.trim(),
      476 |                 testedUrl: result.url,

      at ../node_modules/react-test-renderer/cjs/react-test-renderer.development.js:14402:19
      at runWithFiberInDEV (../node_modules/react-test-renderer/cjs/react-test-renderer.development.js:2315:13)
      at warnIfUpdatesNotWrappedWithActDEV (../node_modules/react-test-renderer/cjs/react-test-renderer.development.js:14401:9)
      at scheduleUpdateOnFiber (../node_modules/react-test-renderer/cjs/react-test-renderer.development.js:12086:9)
      at dispatchSetStateInternal (../node_modules/react-test-renderer/cjs/react-test-renderer.development.js:6208:13)
      at dispatchSetState (../node_modules/react-test-renderer/cjs/react-test-renderer.development.js:6165:7)
      at setServerConnection (src/auth/AuthContext.tsx:473:13)
      at asyncGeneratorStep (../node_modules/@babel/runtime/helpers/asyncToGenerator.js:3:17)
      at _next (../node_modules/@babel/runtime/helpers/asyncToGenerator.js:17:9)

    console.error
      An update to AuthProvider inside a test was not wrapped in act(...).
      
      When testing, code that causes React state updates should be wrapped into act(...):
      
      act(() => {
        /* fire events that update state */
      });
      /* assert on the output */
      
      This ensures that you're testing the behavior the user would see in the browser. Learn more at https://react.dev/link/wrap-tests-with-act

      120 |     const advanceSessionEpoch = useCallback(() => {
      121 |         sessionEpochRef.current += 1;
    > 122 |         setSessionEpoch(sessionEpochRef.current);
          |         ^
      123 |     }, []);
      124 |
      125 |     const clearSession = useCallback(async () => {

      at ../node_modules/react-test-renderer/cjs/react-test-renderer.development.js:14402:19
      at runWithFiberInDEV (../node_modules/react-test-renderer/cjs/react-test-renderer.development.js:2315:13)
      at warnIfUpdatesNotWrappedWithActDEV (../node_modules/react-test-renderer/cjs/react-test-renderer.development.js:14401:9)
      at scheduleUpdateOnFiber (../node_modules/react-test-renderer/cjs/react-test-renderer.development.js:12086:9)
      at dispatchSetStateInternal (../node_modules/react-test-renderer/cjs/react-test-renderer.development.js:6208:13)
      at dispatchSetState (../node_modules/react-test-renderer/cjs/react-test-renderer.development.js:6165:7)
      at setSessionEpoch (src/auth/AuthContext.tsx:122:9)
      at advanceSessionEpoch (src/auth/AuthContext.tsx:166:125)
      at asyncGeneratorStep (../node_modules/@babel/runtime/helpers/asyncToGenerator.js:3:17)
      at _next (../node_modules/@babel/runtime/helpers/asyncToGenerator.js:17:9)
      at ../node_modules/@babel/runtime/helpers/asyncToGenerator.js:22:7
      at ../node_modules/@babel/runtime/helpers/asyncToGenerator.js:14:12
      at apply (src/auth/AuthContext.tsx:198:6)
      at Object.persistAuthPayload (src/auth/AuthContext.tsx:539:20)
      at asyncGeneratorStep (../node_modules/@babel/runtime/helpers/asyncToGenerator.js:3:17)
      at _next (../node_modules/@babel/runtime/helpers/asyncToGenerator.js:17:9)

PASS src/auth/offlineWorkspace.test.ts
PASS src/auth/storage.test.ts

Test Suites: 3 passed, 3 total
Tests:       37 passed, 37 total
Snapshots:   0 total
Time:        4.379 s, estimated 5 s
Ran all test suites matching /src\\auth\\AuthContext.test.tsx|src\\auth\\storage.test.ts|src\\auth\\offlineWorkspace.test.ts/i.
