npm notice run mobile@0.2.7 test
npm notice run jest --runInBand src/offline/foodDayIntent.web.test.ts src/offline/foodDayReceipts.test.ts src/offline/operations.test.ts src/components/FoodTrackingStatus.test.tsx src/components/AddFoodSheet.test.tsx
PASS src/components/AddFoodSheet.test.tsx
  ΓùÅ Console

    console.error
      An update to AddFoodSheet inside a test was not wrapped in act(...).
      
      When testing, code that causes React state updates should be wrapped into act(...):
      
      act(() => {
        /* fire events that update state */
      });
      /* assert on the output */
      
      This ensures that you're testing the behavior the user would see in the browser. Learn more at https://react.dev/link/wrap-tests-with-act

      212 |         const screen = renderSheet();
      213 |         await screen.findByText('Adding food reopens this day so you can complete it again.');
    > 214 |         onlineManager.setOnline(false);
          |                       ^
      215 |         fireEvent.press(screen.getByRole('radio', { name: 'Quick' }));
      216 |         fireEvent.changeText(screen.getByLabelText('Calories'), '120');
      217 |         fireEvent.press(screen.getByRole('button', { name: 'Add & close' }));

      at ../node_modules/react-test-renderer/cjs/react-test-renderer.development.js:14402:19
      at runWithFiberInDEV (../node_modules/react-test-renderer/cjs/react-test-renderer.development.js:2315:13)
      at warnIfUpdatesNotWrappedWithActDEV (../node_modules/react-test-renderer/cjs/react-test-renderer.development.js:14401:9)
      at scheduleUpdateOnFiber (../node_modules/react-test-renderer/cjs/react-test-renderer.development.js:12086:9)
      at forceStoreRerender (../node_modules/react-test-renderer/cjs/react-test-renderer.development.js:5432:24)
      at ../node_modules/react-test-renderer/cjs/react-test-renderer.development.js:5417:11
      at ../node_modules/@tanstack/query-core/src/onlineManager.ts:60:9
          at Set.forEach (<anonymous>)
      at OnlineManager.setOnline (../node_modules/@tanstack/query-core/src/onlineManager.ts:59:22)
      at Object.setOnline (src/components/AddFoodSheet.test.tsx:214:23)
      at asyncGeneratorStep (../node_modules/@babel/runtime/helpers/asyncToGenerator.js:3:17)
      at _next (../node_modules/@babel/runtime/helpers/asyncToGenerator.js:17:9)

    console.error
      An update to AddFoodSheet inside a test was not wrapped in act(...).
      
      When testing, code that causes React state updates should be wrapped into act(...):
      
      act(() => {
        /* fire events that update state */
      });
      /* assert on the output */
      
      This ensures that you're testing the behavior the user would see in the browser. Learn more at https://react.dev/link/wrap-tests-with-act

      212 |         const screen = renderSheet();
      213 |         await screen.findByText('Adding food reopens this day so you can complete it again.');
    > 214 |         onlineManager.setOnline(false);
          |                       ^
      215 |         fireEvent.press(screen.getByRole('radio', { name: 'Quick' }));
      216 |         fireEvent.changeText(screen.getByLabelText('Calories'), '120');
      217 |         fireEvent.press(screen.getByRole('button', { name: 'Add & close' }));

      at ../node_modules/react-test-renderer/cjs/react-test-renderer.development.js:14402:19
      at runWithFiberInDEV (../node_modules/react-test-renderer/cjs/react-test-renderer.development.js:2315:13)
      at warnIfUpdatesNotWrappedWithActDEV (../node_modules/react-test-renderer/cjs/react-test-renderer.development.js:14401:9)
      at scheduleUpdateOnFiber (../node_modules/react-test-renderer/cjs/react-test-renderer.development.js:12086:9)
      at forceStoreRerender (../node_modules/react-test-renderer/cjs/react-test-renderer.development.js:5432:24)
      at ../node_modules/react-test-renderer/cjs/react-test-renderer.development.js:5417:11
      at ../node_modules/@tanstack/query-core/src/onlineManager.ts:60:9
          at Set.forEach (<anonymous>)
      at OnlineManager.setOnline (../node_modules/@tanstack/query-core/src/onlineManager.ts:59:22)
      at Object.setOnline (src/components/AddFoodSheet.test.tsx:214:23)
      at asyncGeneratorStep (../node_modules/@babel/runtime/helpers/asyncToGenerator.js:3:17)
      at _next (../node_modules/@babel/runtime/helpers/asyncToGenerator.js:17:9)

    console.error
      An update to AddFoodSheet inside a test was not wrapped in act(...).
      
      When testing, code that causes React state updates should be wrapped into act(...):
      
      act(() => {
        /* fire events that update state */
      });
      /* assert on the output */
      
      This ensures that you're testing the behavior the user would see in the browser. Learn more at https://react.dev/link/wrap-tests-with-act

      212 |         const screen = renderSheet();
      213 |         await screen.findByText('Adding food reopens this day so you can complete it again.');
    > 214 |         onlineManager.setOnline(false);
          |                       ^
      215 |         fireEvent.press(screen.getByRole('radio', { name: 'Quick' }));
      216 |         fireEvent.changeText(screen.getByLabelText('Calories'), '120');
      217 |         fireEvent.press(screen.getByRole('button', { name: 'Add & close' }));

      at ../node_modules/react-test-renderer/cjs/react-test-renderer.development.js:14402:19
      at runWithFiberInDEV (../node_modules/react-test-renderer/cjs/react-test-renderer.development.js:2315:13)
      at warnIfUpdatesNotWrappedWithActDEV (../node_modules/react-test-renderer/cjs/react-test-renderer.development.js:14401:9)
      at scheduleUpdateOnFiber (../node_modules/react-test-renderer/cjs/react-test-renderer.development.js:12086:9)
      at forceStoreRerender (../node_modules/react-test-renderer/cjs/react-test-renderer.development.js:5432:24)
      at ../node_modules/react-test-renderer/cjs/react-test-renderer.development.js:5417:11
      at ../node_modules/@tanstack/query-core/src/onlineManager.ts:60:9
          at Set.forEach (<anonymous>)
      at OnlineManager.setOnline (../node_modules/@tanstack/query-core/src/onlineManager.ts:59:22)
      at Object.setOnline (src/components/AddFoodSheet.test.tsx:214:23)
      at asyncGeneratorStep (../node_modules/@babel/runtime/helpers/asyncToGenerator.js:3:17)
      at _next (../node_modules/@babel/runtime/helpers/asyncToGenerator.js:17:9)

    console.error
      An update to AddFoodSheet inside a test was not wrapped in act(...).
      
      When testing, code that causes React state updates should be wrapped into act(...):
      
      act(() => {
        /* fire events that update state */
      });
      /* assert on the output */
      
      This ensures that you're testing the behavior the user would see in the browser. Learn more at https://react.dev/link/wrap-tests-with-act

      212 |         const screen = renderSheet();
      213 |         await screen.findByText('Adding food reopens this day so you can complete it again.');
    > 214 |         onlineManager.setOnline(false);
          |                       ^
      215 |         fireEvent.press(screen.getByRole('radio', { name: 'Quick' }));
      216 |         fireEvent.changeText(screen.getByLabelText('Calories'), '120');
      217 |         fireEvent.press(screen.getByRole('button', { name: 'Add & close' }));

      at ../node_modules/react-test-renderer/cjs/react-test-renderer.development.js:14402:19
      at runWithFiberInDEV (../node_modules/react-test-renderer/cjs/react-test-renderer.development.js:2315:13)
      at warnIfUpdatesNotWrappedWithActDEV (../node_modules/react-test-renderer/cjs/react-test-renderer.development.js:14401:9)
      at scheduleUpdateOnFiber (../node_modules/react-test-renderer/cjs/react-test-renderer.development.js:12086:9)
      at forceStoreRerender (../node_modules/react-test-renderer/cjs/react-test-renderer.development.js:5432:24)
      at ../node_modules/react-test-renderer/cjs/react-test-renderer.development.js:5417:11
      at ../node_modules/@tanstack/query-core/src/onlineManager.ts:60:9
          at Set.forEach (<anonymous>)
      at OnlineManager.setOnline (../node_modules/@tanstack/query-core/src/onlineManager.ts:59:22)
      at Object.setOnline (src/components/AddFoodSheet.test.tsx:214:23)
      at asyncGeneratorStep (../node_modules/@babel/runtime/helpers/asyncToGenerator.js:3:17)
      at _next (../node_modules/@babel/runtime/helpers/asyncToGenerator.js:17:9)

    console.error
      An update to AddFoodSheet inside a test was not wrapped in act(...).
      
      When testing, code that causes React state updates should be wrapped into act(...):
      
      act(() => {
        /* fire events that update state */
      });
      /* assert on the output */
      
      This ensures that you're testing the behavior the user would see in the browser. Learn more at https://react.dev/link/wrap-tests-with-act

      283 |         },
      284 |         onSuccess: async (closeAfterLogging) => {
    > 285 |             setSelection(null);
          |             ^
      286 |             setQuickCalories('');
      287 |             setQuickName('');
      288 |             await confirmLogged(closeAfterLogging);

      at ../node_modules/react-test-renderer/cjs/react-test-renderer.development.js:14402:19
      at runWithFiberInDEV (../node_modules/react-test-renderer/cjs/react-test-renderer.development.js:2315:13)
      at warnIfUpdatesNotWrappedWithActDEV (../node_modules/react-test-renderer/cjs/react-test-renderer.development.js:14401:9)
      at scheduleUpdateOnFiber (../node_modules/react-test-renderer/cjs/react-test-renderer.development.js:12086:9)
      at dispatchSetStateInternal (../node_modules/react-test-renderer/cjs/react-test-renderer.development.js:6208:13)
      at dispatchSetState (../node_modules/react-test-renderer/cjs/react-test-renderer.development.js:6165:7)
      at Object.setSelection (src/components/AddFoodSheet.tsx:285:13)
      at asyncGeneratorStep (../node_modules/@babel/runtime/helpers/asyncToGenerator.js:3:17)
      at _next (../node_modules/@babel/runtime/helpers/asyncToGenerator.js:17:9)
      at ../node_modules/@babel/runtime/helpers/asyncToGenerator.js:22:7
      at Object.<anonymous> (../node_modules/@babel/runtime/helpers/asyncToGenerator.js:14:12)
      at Object.apply [as onSuccess] (src/components/AddFoodSheet.tsx:284:18)
      at Mutation.execute (../node_modules/@tanstack/query-core/src/mutation.ts:246:26)

    console.error
      An update to AddFoodSheet inside a test was not wrapped in act(...).
      
      When testing, code that causes React state updates should be wrapped into act(...):
      
      act(() => {
        /* fire events that update state */
      });
      /* assert on the output */
      
      This ensures that you're testing the behavior the user would see in the browser. Learn more at https://react.dev/link/wrap-tests-with-act

      284 |         onSuccess: async (closeAfterLogging) => {
      285 |             setSelection(null);
    > 286 |             setQuickCalories('');
          |             ^
      287 |             setQuickName('');
      288 |             await confirmLogged(closeAfterLogging);
      289 |         }

      at ../node_modules/react-test-renderer/cjs/react-test-renderer.development.js:14402:19
      at runWithFiberInDEV (../node_modules/react-test-renderer/cjs/react-test-renderer.development.js:2315:13)
      at warnIfUpdatesNotWrappedWithActDEV (../node_modules/react-test-renderer/cjs/react-test-renderer.development.js:14401:9)
      at scheduleUpdateOnFiber (../node_modules/react-test-renderer/cjs/react-test-renderer.development.js:12086:9)
      at dispatchSetStateInternal (../node_modules/react-test-renderer/cjs/react-test-renderer.development.js:6208:13)
      at dispatchSetState (../node_modules/react-test-renderer/cjs/react-test-renderer.development.js:6165:7)
      at Object.setQuickCalories (src/components/AddFoodSheet.tsx:286:13)
      at asyncGeneratorStep (../node_modules/@babel/runtime/helpers/asyncToGenerator.js:3:17)
      at _next (../node_modules/@babel/runtime/helpers/asyncToGenerator.js:17:9)
      at ../node_modules/@babel/runtime/helpers/asyncToGenerator.js:22:7
      at Object.<anonymous> (../node_modules/@babel/runtime/helpers/asyncToGenerator.js:14:12)
      at Object.apply [as onSuccess] (src/components/AddFoodSheet.tsx:284:18)
      at Mutation.execute (../node_modules/@tanstack/query-core/src/mutation.ts:246:26)

    console.error
      An update to AddFoodSheet inside a test was not wrapped in act(...).
      
      When testing, code that causes React state updates should be wrapped into act(...):
      
      act(() => {
        /* fire events that update state */
      });
      /* assert on the output */
      
      This ensures that you're testing the behavior the user would see in the browser. Learn more at https://react.dev/link/wrap-tests-with-act

      285 |             setSelection(null);
      286 |             setQuickCalories('');
    > 287 |             setQuickName('');
          |             ^
      288 |             await confirmLogged(closeAfterLogging);
      289 |         }
      290 |     });

      at ../node_modules/react-test-renderer/cjs/react-test-renderer.development.js:14402:19
      at runWithFiberInDEV (../node_modules/react-test-renderer/cjs/react-test-renderer.development.js:2315:13)
      at warnIfUpdatesNotWrappedWithActDEV (../node_modules/react-test-renderer/cjs/react-test-renderer.development.js:14401:9)
      at scheduleUpdateOnFiber (../node_modules/react-test-renderer/cjs/react-test-renderer.development.js:12086:9)
      at dispatchSetStateInternal (../node_modules/react-test-renderer/cjs/react-test-renderer.development.js:6208:13)
      at dispatchSetState (../node_modules/react-test-renderer/cjs/react-test-renderer.development.js:6165:7)
      at Object.setQuickName (src/components/AddFoodSheet.tsx:287:13)
      at asyncGeneratorStep (../node_modules/@babel/runtime/helpers/asyncToGenerator.js:3:17)
      at _next (../node_modules/@babel/runtime/helpers/asyncToGenerator.js:17:9)
      at ../node_modules/@babel/runtime/helpers/asyncToGenerator.js:22:7
      at Object.<anonymous> (../node_modules/@babel/runtime/helpers/asyncToGenerator.js:14:12)
      at Object.apply [as onSuccess] (src/components/AddFoodSheet.tsx:284:18)
      at Mutation.execute (../node_modules/@tanstack/query-core/src/mutation.ts:246:26)

PASS src/components/FoodTrackingStatus.test.tsx
PASS src/offline/foodDayReceipts.test.ts
PASS src/offline/foodDayIntent.web.test.ts
PASS src/offline/operations.test.ts

Test Suites: 5 passed, 5 total
Tests:       88 passed, 88 total
Snapshots:   0 total
Time:        6.079 s
Ran all test suites matching /src\\offline\\foodDayIntent.web.test.ts|src\\offline\\foodDayReceipts.test.ts|src\\offline\\operations.test.ts|src\\components\\FoodTrackingStatus.test.tsx|src\\components\\AddFoodSheet.test.tsx/i.
