npm notice run mobile@0.2.7 test
npm notice run jest --runInBand
PASS src/components/AddFoodSheet.test.tsx
  ΓùÅ Console

    console.error
      An update to AddFoodSheet inside a test was not wrapped in act(...).
      
      When testing, code that causes React state updates should be wrapped into act(...):
      
      act(() => {
        /* fire events that update state */
      });
      /* assert on the output */
      
      This ensures that you're testing the behavior the user would see in the browser. Learn more at https://react.dev/link/wrap-tests-with-act

      212 |         const screen = renderSheet();
      213 |         await screen.findByText('Adding food reopens this day so you can complete it again.');
    > 214 |         onlineManager.setOnline(false);
          |                       ^
      215 |         fireEvent.press(screen.getByRole('radio', { name: 'Quick' }));
      216 |         fireEvent.changeText(screen.getByLabelText('Calories'), '120');
      217 |         fireEvent.press(screen.getByRole('button', { name: 'Add & close' }));

      at ../node_modules/react-test-renderer/cjs/react-test-renderer.development.js:14402:19
      at runWithFiberInDEV (../node_modules/react-test-renderer/cjs/react-test-renderer.development.js:2315:13)
      at warnIfUpdatesNotWrappedWithActDEV (../node_modules/react-test-renderer/cjs/react-test-renderer.development.js:14401:9)
      at scheduleUpdateOnFiber (../node_modules/react-test-renderer/cjs/react-test-renderer.development.js:12086:9)
      at forceStoreRerender (../node_modules/react-test-renderer/cjs/react-test-renderer.development.js:5432:24)
      at ../node_modules/react-test-renderer/cjs/react-test-renderer.development.js:5417:11
      at ../node_modules/@tanstack/query-core/src/onlineManager.ts:60:9
          at Set.forEach (<anonymous>)
      at OnlineManager.setOnline (../node_modules/@tanstack/query-core/src/onlineManager.ts:59:22)
      at Object.setOnline (src/components/AddFoodSheet.test.tsx:214:23)
      at asyncGeneratorStep (../node_modules/@babel/runtime/helpers/asyncToGenerator.js:3:17)
      at _next (../node_modules/@babel/runtime/helpers/asyncToGenerator.js:17:9)

    console.error
      An update to AddFoodSheet inside a test was not wrapped in act(...).
      
      When testing, code that causes React state updates should be wrapped into act(...):
      
      act(() => {
        /* fire events that update state */
      });
      /* assert on the output */
      
      This ensures that you're testing the behavior the user would see in the browser. Learn more at https://react.dev/link/wrap-tests-with-act

      212 |         const screen = renderSheet();
      213 |         await screen.findByText('Adding food reopens this day so you can complete it again.');
    > 214 |         onlineManager.setOnline(false);
          |                       ^
      215 |         fireEvent.press(screen.getByRole('radio', { name: 'Quick' }));
      216 |         fireEvent.changeText(screen.getByLabelText('Calories'), '120');
      217 |         fireEvent.press(screen.getByRole('button', { name: 'Add & close' }));

      at ../node_modules/react-test-renderer/cjs/react-test-renderer.development.js:14402:19
      at runWithFiberInDEV (../node_modules/react-test-renderer/cjs/react-test-renderer.development.js:2315:13)
      at warnIfUpdatesNotWrappedWithActDEV (../node_modules/react-test-renderer/cjs/react-test-renderer.development.js:14401:9)
      at scheduleUpdateOnFiber (../node_modules/react-test-renderer/cjs/react-test-renderer.development.js:12086:9)
      at forceStoreRerender (../node_modules/react-test-renderer/cjs/react-test-renderer.development.js:5432:24)
      at ../node_modules/react-test-renderer/cjs/react-test-renderer.development.js:5417:11
      at ../node_modules/@tanstack/query-core/src/onlineManager.ts:60:9
          at Set.forEach (<anonymous>)
      at OnlineManager.setOnline (../node_modules/@tanstack/query-core/src/onlineManager.ts:59:22)
      at Object.setOnline (src/components/AddFoodSheet.test.tsx:214:23)
      at asyncGeneratorStep (../node_modules/@babel/runtime/helpers/asyncToGenerator.js:3:17)
      at _next (../node_modules/@babel/runtime/helpers/asyncToGenerator.js:17:9)

    console.error
      An update to AddFoodSheet inside a test was not wrapped in act(...).
      
      When testing, code that causes React state updates should be wrapped into act(...):
      
      act(() => {
        /* fire events that update state */
      });
      /* assert on the output */
      
      This ensures that you're testing the behavior the user would see in the browser. Learn more at https://react.dev/link/wrap-tests-with-act

      212 |         const screen = renderSheet();
      213 |         await screen.findByText('Adding food reopens this day so you can complete it again.');
    > 214 |         onlineManager.setOnline(false);
          |                       ^
      215 |         fireEvent.press(screen.getByRole('radio', { name: 'Quick' }));
      216 |         fireEvent.changeText(screen.getByLabelText('Calories'), '120');
      217 |         fireEvent.press(screen.getByRole('button', { name: 'Add & close' }));

      at ../node_modules/react-test-renderer/cjs/react-test-renderer.development.js:14402:19
      at runWithFiberInDEV (../node_modules/react-test-renderer/cjs/react-test-renderer.development.js:2315:13)
      at warnIfUpdatesNotWrappedWithActDEV (../node_modules/react-test-renderer/cjs/react-test-renderer.development.js:14401:9)
      at scheduleUpdateOnFiber (../node_modules/react-test-renderer/cjs/react-test-renderer.development.js:12086:9)
      at forceStoreRerender (../node_modules/react-test-renderer/cjs/react-test-renderer.development.js:5432:24)
      at ../node_modules/react-test-renderer/cjs/react-test-renderer.development.js:5417:11
      at ../node_modules/@tanstack/query-core/src/onlineManager.ts:60:9
          at Set.forEach (<anonymous>)
      at OnlineManager.setOnline (../node_modules/@tanstack/query-core/src/onlineManager.ts:59:22)
      at Object.setOnline (src/components/AddFoodSheet.test.tsx:214:23)
      at asyncGeneratorStep (../node_modules/@babel/runtime/helpers/asyncToGenerator.js:3:17)
      at _next (../node_modules/@babel/runtime/helpers/asyncToGenerator.js:17:9)

    console.error
      An update to AddFoodSheet inside a test was not wrapped in act(...).
      
      When testing, code that causes React state updates should be wrapped into act(...):
      
      act(() => {
        /* fire events that update state */
      });
      /* assert on the output */
      
      This ensures that you're testing the behavior the user would see in the browser. Learn more at https://react.dev/link/wrap-tests-with-act

      212 |         const screen = renderSheet();
      213 |         await screen.findByText('Adding food reopens this day so you can complete it again.');
    > 214 |         onlineManager.setOnline(false);
          |                       ^
      215 |         fireEvent.press(screen.getByRole('radio', { name: 'Quick' }));
      216 |         fireEvent.changeText(screen.getByLabelText('Calories'), '120');
      217 |         fireEvent.press(screen.getByRole('button', { name: 'Add & close' }));

      at ../node_modules/react-test-renderer/cjs/react-test-renderer.development.js:14402:19
      at runWithFiberInDEV (../node_modules/react-test-renderer/cjs/react-test-renderer.development.js:2315:13)
      at warnIfUpdatesNotWrappedWithActDEV (../node_modules/react-test-renderer/cjs/react-test-renderer.development.js:14401:9)
      at scheduleUpdateOnFiber (../node_modules/react-test-renderer/cjs/react-test-renderer.development.js:12086:9)
      at forceStoreRerender (../node_modules/react-test-renderer/cjs/react-test-renderer.development.js:5432:24)
      at ../node_modules/react-test-renderer/cjs/react-test-renderer.development.js:5417:11
      at ../node_modules/@tanstack/query-core/src/onlineManager.ts:60:9
          at Set.forEach (<anonymous>)
      at OnlineManager.setOnline (../node_modules/@tanstack/query-core/src/onlineManager.ts:59:22)
      at Object.setOnline (src/components/AddFoodSheet.test.tsx:214:23)
      at asyncGeneratorStep (../node_modules/@babel/runtime/helpers/asyncToGenerator.js:3:17)
      at _next (../node_modules/@babel/runtime/helpers/asyncToGenerator.js:17:9)

    console.error
      An update to AddFoodSheet inside a test was not wrapped in act(...).
      
      When testing, code that causes React state updates should be wrapped into act(...):
      
      act(() => {
        /* fire events that update state */
      });
      /* assert on the output */
      
      This ensures that you're testing the behavior the user would see in the browser. Learn more at https://react.dev/link/wrap-tests-with-act

      283 |         },
      284 |         onSuccess: async (closeAfterLogging) => {
    > 285 |             setSelection(null);
          |             ^
      286 |             setQuickCalories('');
      287 |             setQuickName('');
      288 |             await confirmLogged(closeAfterLogging);

      at ../node_modules/react-test-renderer/cjs/react-test-renderer.development.js:14402:19
      at runWithFiberInDEV (../node_modules/react-test-renderer/cjs/react-test-renderer.development.js:2315:13)
      at warnIfUpdatesNotWrappedWithActDEV (../node_modules/react-test-renderer/cjs/react-test-renderer.development.js:14401:9)
      at scheduleUpdateOnFiber (../node_modules/react-test-renderer/cjs/react-test-renderer.development.js:12086:9)
      at dispatchSetStateInternal (../node_modules/react-test-renderer/cjs/react-test-renderer.development.js:6208:13)
      at dispatchSetState (../node_modules/react-test-renderer/cjs/react-test-renderer.development.js:6165:7)
      at Object.setSelection (src/components/AddFoodSheet.tsx:285:13)
      at asyncGeneratorStep (../node_modules/@babel/runtime/helpers/asyncToGenerator.js:3:17)
      at _next (../node_modules/@babel/runtime/helpers/asyncToGenerator.js:17:9)
      at ../node_modules/@babel/runtime/helpers/asyncToGenerator.js:22:7
      at Object.<anonymous> (../node_modules/@babel/runtime/helpers/asyncToGenerator.js:14:12)
      at Object.apply [as onSuccess] (src/components/AddFoodSheet.tsx:284:18)
      at Mutation.execute (../node_modules/@tanstack/query-core/src/mutation.ts:246:26)

    console.error
      An update to AddFoodSheet inside a test was not wrapped in act(...).
      
      When testing, code that causes React state updates should be wrapped into act(...):
      
      act(() => {
        /* fire events that update state */
      });
      /* assert on the output */
      
      This ensures that you're testing the behavior the user would see in the browser. Learn more at https://react.dev/link/wrap-tests-with-act

      284 |         onSuccess: async (closeAfterLogging) => {
      285 |             setSelection(null);
    > 286 |             setQuickCalories('');
          |             ^
      287 |             setQuickName('');
      288 |             await confirmLogged(closeAfterLogging);
      289 |         }

      at ../node_modules/react-test-renderer/cjs/react-test-renderer.development.js:14402:19
      at runWithFiberInDEV (../node_modules/react-test-renderer/cjs/react-test-renderer.development.js:2315:13)
      at warnIfUpdatesNotWrappedWithActDEV (../node_modules/react-test-renderer/cjs/react-test-renderer.development.js:14401:9)
      at scheduleUpdateOnFiber (../node_modules/react-test-renderer/cjs/react-test-renderer.development.js:12086:9)
      at dispatchSetStateInternal (../node_modules/react-test-renderer/cjs/react-test-renderer.development.js:6208:13)
      at dispatchSetState (../node_modules/react-test-renderer/cjs/react-test-renderer.development.js:6165:7)
      at Object.setQuickCalories (src/components/AddFoodSheet.tsx:286:13)
      at asyncGeneratorStep (../node_modules/@babel/runtime/helpers/asyncToGenerator.js:3:17)
      at _next (../node_modules/@babel/runtime/helpers/asyncToGenerator.js:17:9)
      at ../node_modules/@babel/runtime/helpers/asyncToGenerator.js:22:7
      at Object.<anonymous> (../node_modules/@babel/runtime/helpers/asyncToGenerator.js:14:12)
      at Object.apply [as onSuccess] (src/components/AddFoodSheet.tsx:284:18)
      at Mutation.execute (../node_modules/@tanstack/query-core/src/mutation.ts:246:26)

    console.error
      An update to AddFoodSheet inside a test was not wrapped in act(...).
      
      When testing, code that causes React state updates should be wrapped into act(...):
      
      act(() => {
        /* fire events that update state */
      });
      /* assert on the output */
      
      This ensures that you're testing the behavior the user would see in the browser. Learn more at https://react.dev/link/wrap-tests-with-act

      285 |             setSelection(null);
      286 |             setQuickCalories('');
    > 287 |             setQuickName('');
          |             ^
      288 |             await confirmLogged(closeAfterLogging);
      289 |         }
      290 |     });

      at ../node_modules/react-test-renderer/cjs/react-test-renderer.development.js:14402:19
      at runWithFiberInDEV (../node_modules/react-test-renderer/cjs/react-test-renderer.development.js:2315:13)
      at warnIfUpdatesNotWrappedWithActDEV (../node_modules/react-test-renderer/cjs/react-test-renderer.development.js:14401:9)
      at scheduleUpdateOnFiber (../node_modules/react-test-renderer/cjs/react-test-renderer.development.js:12086:9)
      at dispatchSetStateInternal (../node_modules/react-test-renderer/cjs/react-test-renderer.development.js:6208:13)
      at dispatchSetState (../node_modules/react-test-renderer/cjs/react-test-renderer.development.js:6165:7)
      at Object.setQuickName (src/components/AddFoodSheet.tsx:287:13)
      at asyncGeneratorStep (../node_modules/@babel/runtime/helpers/asyncToGenerator.js:3:17)
      at _next (../node_modules/@babel/runtime/helpers/asyncToGenerator.js:17:9)
      at ../node_modules/@babel/runtime/helpers/asyncToGenerator.js:22:7
      at Object.<anonymous> (../node_modules/@babel/runtime/helpers/asyncToGenerator.js:14:12)
      at Object.apply [as onSuccess] (src/components/AddFoodSheet.tsx:284:18)
      at Mutation.execute (../node_modules/@tanstack/query-core/src/mutation.ts:246:26)

PASS src/onboarding/useOnboardingController.test.tsx
PASS src/components/FoodTrackingStatus.test.tsx
PASS src/components/PlanCheckCard.test.tsx
PASS src/auth/AuthContext.test.tsx
PASS src/components/WeightEntrySheet.test.tsx
PASS src/offline/provider.web.test.tsx
  ΓùÅ Console

    console.warn
      An error occurred in the <OfflineOutboxProvider> component.
      
      Consider adding an error boundary to your tree to customize error handling behavior.
      Visit https://react.dev/link/error-boundaries to learn more about error boundaries.

      at defaultOnUncaughtError (../node_modules/react-test-renderer/cjs/react-test-renderer.development.js:6400:15)
      at logUncaughtError (../node_modules/react-test-renderer/cjs/react-test-renderer.development.js:6460:11)
      at runWithFiberInDEV (../node_modules/react-test-renderer/cjs/react-test-renderer.development.js:2315:13)
      at lane.callback (../node_modules/react-test-renderer/cjs/react-test-renderer.development.js:6490:9)
      at callCallback (../node_modules/react-test-renderer/cjs/react-test-renderer.development.js:4625:16)
      at commitCallbacks (../node_modules/react-test-renderer/cjs/react-test-renderer.development.js:4645:11)
      at runWithFiberInDEV (../node_modules/react-test-renderer/cjs/react-test-renderer.development.js:2315:13)
      at commitLayoutEffectOnFiber (../node_modules/react-test-renderer/cjs/react-test-renderer.development.js:10103:15)
      at flushLayoutEffects (../node_modules/react-test-renderer/cjs/react-test-renderer.development.js:13774:15)
      at commitRoot (../node_modules/react-test-renderer/cjs/react-test-renderer.development.js:13697:9)
      at commitRootWhenReady (../node_modules/react-test-renderer/cjs/react-test-renderer.development.js:12444:7)
      at performWorkOnRoot (../node_modules/react-test-renderer/cjs/react-test-renderer.development.js:12391:15)
      at performSyncWorkOnRoot (../node_modules/react-test-renderer/cjs/react-test-renderer.development.js:2923:7)
      at flushSyncWorkAcrossRoots_impl (../node_modules/react-test-renderer/cjs/react-test-renderer.development.js:2764:21)
      at flushPendingEffects (../node_modules/react-test-renderer/cjs/react-test-renderer.development.js:14128:11)
      at performWorkOnRootViaSchedulerTask (../node_modules/react-test-renderer/cjs/react-test-renderer.development.js:2896:11)
      at Immediate.performWorkUntilDeadline [as _onImmediate] (../node_modules/scheduler/cjs/scheduler.native.development.js:45:48)

PASS src/savedFoods/SavedFoodsLibrary.test.tsx
PASS src/auth/AuthContext.web.test.tsx
PASS src/progress/ProgressScreen.test.tsx
PASS src/serverSettings/ServerSettingsScreen.test.tsx
PASS src/nutritionLabel/NutritionLabelScreen.test.tsx
PASS src/components/RecipeIngredientEditor.test.tsx
PASS src/onboarding/useOnboardingDraft.test.tsx
PASS src/components/WeightTrendCard.test.tsx
PASS src/hooks/useNativePushRegistration.web.test.tsx
PASS src/food/useFoodTrackingPause.test.tsx
PASS src/auth/authScreenNavigation.test.tsx
PASS src/food/HistoricalDatePicker.test.tsx
PASS src/notifications/NotificationHistory.test.tsx
PASS src/components/PageExpansion.test.tsx
PASS src/screens/ActivityScreen.test.tsx
PASS src/components/progress/WeightTrendPreviewCard.test.tsx
PASS src/components/BottomSheetModal.test.tsx
PASS src/components/SaveMealAsRecipeSheet.test.tsx
PASS src/components/NotificationsDrawer.test.tsx
PASS src/auth/accountTrustRoutes.test.tsx
PASS src/settings/PreferencesSettingsScreen.test.tsx
PASS src/screens/AdvancedSettingsScreen.test.tsx
PASS src/components/Combobox.test.tsx
PASS src/components/AppErrorBoundary.test.tsx
PASS src/components/ClientServerIncompatibleScreen.test.tsx
PASS src/auth/hostedRoot.test.tsx
PASS src/components/ClientUpgradeRequiredScreen.test.tsx
PASS src/components/AsyncStateBoundary.test.tsx
PASS src/onboarding/OnboardingAuthHydration.test.tsx
PASS src/components/CalorieBalanceCard.test.tsx
PASS src/healthConnect/sync.test.ts
PASS plugins/withHealthConnect.test.ts
PASS src/offline/foodDayIntent.web.test.ts
PASS src/components/AppChoiceGroup.test.tsx
PASS src/components/FoodLogTimelineCard.test.tsx
PASS src/offline/provider.test.tsx
PASS src/offline/useTrackingQueries.test.tsx
PASS src/components/TimeZonePickerField.test.tsx
PASS src/settings/AccountSessionsPanel.test.tsx
PASS src/offline/foodDayReceipts.test.ts
PASS src/components/legal/PublicLegalPage.test.tsx
PASS src/today/TodayFoodPreview.test.tsx
PASS src/settings/SettingsCategoryPage.test.tsx
PASS src/hooks/useReducedMotionPreference.test.tsx
PASS src/screens/AboutScreen.test.tsx
PASS src/hooks/useConfirmDiscardNavigation.test.ts
PASS src/components/accessibilityPrimitives.test.tsx
PASS src/settings/ReminderSettingsPanel.test.tsx
PASS src/components/progress/PlanCheckSummary.test.tsx
PASS src/components/accessibilityFoundation.test.tsx
PASS src/components/Screen.test.tsx
PASS src/components/CopyFoodSheet.test.tsx
PASS src/components/KeyboardAwareScrollView.test.tsx
PASS src/components/ServerUrlControl.test.tsx
PASS src/components/HealthConnectConnectionAction.test.tsx
PASS src/barcode/BarcodeRecoveryComponents.test.tsx
PASS src/components/NotificationCard.test.tsx
PASS src/components/TabScreen.test.tsx
PASS src/navigation/weightTrendRoute.test.tsx
PASS src/components/SegmentedControl.test.tsx
PASS src/components/DatePickerField.test.tsx
PASS src/components/auth/AuthBrand.test.tsx
PASS src/components/NumberStepperField.test.tsx
PASS src/navigation/GuardedTabButton.test.tsx
PASS src/platform/browserBoundaries.test.tsx
PASS src/components/GoalProgressCard.test.tsx
PASS src/components/profile/ActivityLevelSelector.test.tsx
PASS src/settings/AndroidIntegrationSettingsScreens.test.tsx
PASS src/offline/pauseIntent.test.ts
PASS src/components/TodayWeightCard.test.tsx
PASS src/components/WeightValueInput.test.tsx
PASS src/offline/operations.test.ts
PASS src/settings/SettingsHome.test.tsx
PASS src/components/FormField.test.tsx
PASS src/components/AppActionRow.test.tsx
PASS src/food/useFoodDeleteRecovery.test.tsx
PASS src/settings/ConnectedAppsPanel.test.tsx
PASS src/settings/reminderWallClock.test.ts
PASS src/components/ActivitySummaryCard.test.tsx
PASS src/components/FormErrorSummary.test.tsx
PASS src/barcode/BarcodeSearchHandoffPersistence.test.tsx
PASS src/components/AppCard.test.tsx
PASS src/navigation/addFoodRoute.test.tsx
PASS src/onboarding/OnboardingProgress.test.tsx
PASS src/components/legal/LegalConsentFields.test.tsx
PASS src/components/PageHeader.test.tsx
PASS src/diagnostics/clientDiagnostics.test.ts
PASS src/components/ProgressBar.test.tsx
PASS src/diagnostics/ClientDiagnosticsRuntime.test.tsx
PASS src/components/CardHeader.test.tsx
PASS src/updates/useAppUpdateController.test.tsx
PASS src/offline/indexedDbOutbox.web.test.ts
PASS src/components/DateNavigation.web.test.tsx
PASS src/auth/offlineWorkspace.test.ts
PASS src/auth/apiClientAuth.test.ts
PASS src/offline/pendingChangePresentation.test.ts
PASS src/diagnostics/ClientWebVitalsRuntime.web.test.tsx
PASS src/barcode/useBarcodeCameraLifecycle.test.tsx
PASS src/navigation/routeMetadata.test.ts
PASS src/navigation/useBrowserRouteFocus.test.ts
PASS src/barcode/useBarcodeSearchHandoff.test.tsx
PASS src/wear/pairing.test.ts
PASS src/onboarding/unitDefaults.test.ts
PASS src/onboarding/draftStorage.test.ts
PASS src/notifications/query.test.ts
PASS src/food/foodLogSelection.test.ts
PASS src/food/FoodDeleteRecoveryController.test.ts
PASS plugins/withSharedAndroidSigning.test.ts
PASS src/notifications/workflow.test.ts
PASS src/account/accountData.test.ts
PASS src/offline/outbox.test.ts
PASS src/hooks/useModalFocusManagement.test.ts
PASS src/diagnostics/operationDiagnostics.test.tsx
PASS src/offline/mutationDispatch.test.ts
PASS src/components/DatePickerField.web.test.tsx
PASS src/pwa/PwaStatusBanner.web.test.ts
PASS src/food/calendar.test.ts
PASS src/components/DateNavigationHeader.test.tsx
PASS src/offline/replayInvalidation.test.ts
PASS src/offline/pendingWeight.test.ts
PASS src/auth/logoutIntentStore.test.ts
PASS src/offline/replayCalibrationEvidence.test.ts
PASS src/healthConnect/accountCleanup.test.ts
PASS src/connectivity/queryOnlineManager.native.test.ts
PASS src/offline/reconcilerOwnership.web.test.ts
PASS src/auth/accountAccess.test.ts
PASS src/weightTrend/geometry.test.ts
PASS src/onboarding/completionState.test.ts
PASS src/offline/trackingReceipts.test.ts
PASS src/offline/reconciler.test.ts
PASS src/food/copyFoodWhenSynchronized.test.ts
PASS src/savedFoods/cachedFoods.test.ts
PASS src/navigation/WebNavigationRail.test.tsx
PASS src/barcode/authReturn.test.ts
PASS src/offline/pendingCalibrationEvidence.test.ts
PASS src/offline/mutationLock.web.test.ts
PASS src/food/pendingPause.test.ts
PASS src/food/foodDeleteRecovery.test.ts
PASS src/auth/devAutoLogin.test.ts
FAIL src/offline/failedMutationRecovery.test.ts
  ΓùÅ enforces failed-head recovery for food-day.update without changing the original request

    expect(received).toThrow(expected)

    Expected pattern: /Resolve the failed (related|pause) change/
    Received message: "Resolve the failed tracking change in Review saved changes before changing food."

          14 |         const resume = row.operation === 'food-tracking-pause.resume' && typeof p.resumed_on === 'string' && date >= p.resumed_on;
          15 |         if (!(dayControl || pause || resume)) continue;
        > 16 |         if (row.state === 'failed') throw new Error('Resolve the failed tracking change in Review saved changes before changing food.');
             |                                           ^
          17 |         if (pause) status = 'PAUSED';
          18 |         if (resume && (date === p.resumed_on || status === 'PAUSED' || status === undefined)) status = 'OPEN';
          19 |         // Only a deliberate paused-day backfill or fresh server receipt may override a pause.

      at queuedFoodDayStatus (src/offline/foodDayIntent.ts:16:43)
      at queuedFoodDayStatus (src/offline/foodDayIntent.ts:46:9)
      at assertRecoverableEnqueue (src/offline/failedMutationRecovery.ts:48:30)
      at src/offline/failedMutationRecovery.test.ts:14:42
      at Object.<anonymous> (../node_modules/expect/build/toThrowMatchers.js:74:11)
      at Object.throwingMatcher [as toThrow] (../node_modules/expect/build/index.js:320:21)
      at toThrow (src/offline/failedMutationRecovery.test.ts:14:70)
      at toThrow (src/offline/failedMutationRecovery.test.ts:14:70)

  ΓùÅ enforces failed-head recovery for food-day.set-status without changing the original request

    expect(received).toThrow(expected)

    Expected pattern: /Resolve the failed (related|pause) change/
    Received message: "Resolve the failed tracking change in Review saved changes before changing food."

          14 |         const resume = row.operation === 'food-tracking-pause.resume' && typeof p.resumed_on === 'string' && date >= p.resumed_on;
          15 |         if (!(dayControl || pause || resume)) continue;
        > 16 |         if (row.state === 'failed') throw new Error('Resolve the failed tracking change in Review saved changes before changing food.');
             |                                           ^
          17 |         if (pause) status = 'PAUSED';
          18 |         if (resume && (date === p.resumed_on || status === 'PAUSED' || status === undefined)) status = 'OPEN';
          19 |         // Only a deliberate paused-day backfill or fresh server receipt may override a pause.

      at queuedFoodDayStatus (src/offline/foodDayIntent.ts:16:43)
      at queuedFoodDayStatus (src/offline/foodDayIntent.ts:46:9)
      at assertRecoverableEnqueue (src/offline/failedMutationRecovery.ts:48:30)
      at src/offline/failedMutationRecovery.test.ts:14:42
      at Object.<anonymous> (../node_modules/expect/build/toThrowMatchers.js:74:11)
      at Object.throwingMatcher [as toThrow] (../node_modules/expect/build/index.js:320:21)
      at toThrow (src/offline/failedMutationRecovery.test.ts:14:70)
      at toThrow (src/offline/failedMutationRecovery.test.ts:14:70)

PASS src/weightTrend/presentation.test.ts
PASS src/pwa/serviceWorkerSecurity.test.ts
PASS src/diagnostics/webVitals.web.test.ts
PASS src/config/server.test.ts
PASS src/barcode/workflow.test.ts
PASS src/wear/handoff.test.ts
PASS src/utils/myFoodEditing.test.ts
PASS src/offline/failedCreation.test.ts
PASS src/barcode/context.test.ts
PASS src/components/confirmAction.test.ts
PASS src/theme.test.ts
PASS src/wear/accountCleanup.test.ts
PASS src/navigation/routeRegistry.test.ts
PASS src/navigation/routePresentation.test.ts
PASS src/utils/goals.test.ts
PASS src/components/CalendarModal.web.test.tsx
PASS src/utils/timezones.test.ts
PASS src/utils/numericInput.test.ts
PASS src/utils/dates.test.ts
PASS src/offline/queuedMutation.test.ts
PASS src/notifications/useBrowserNotificationStream.web.test.ts
PASS src/nutritionLabel/imagePicker.test.ts
PASS src/today/foodPreview.test.ts
PASS src/offline/trackingProjection.test.ts
PASS src/healthConnect/provider.web.test.ts
PASS src/caloriePlanning/presentation.test.ts
PASS src/barcode/workflowRecovery.test.ts
PASS src/account/accountDeletionNotice.test.ts
PASS src/weightEntry/presentation.test.ts
PASS src/weightEntry/input.test.ts
PASS src/wear/syncInvalidation.test.ts
PASS src/utils/keyboard.test.ts
PASS src/pwa/cacheIsolation.web.test.ts
PASS src/auth/serverSwitch.test.ts
PASS plugins/withOptionalCameraHardware.test.ts
PASS src/today/dashboardState.test.ts
PASS src/pwa/runtime.web.test.ts
PASS src/pwa/manifestContract.test.ts
PASS src/food/serving.test.ts
PASS src/food/foodLogAmount.test.ts
PASS src/food/dayPresentation.test.ts
PASS src/healthConnect/normalize.test.ts
PASS src/barcode/manualDraft.test.ts
PASS src/platform/nativePlatform.test.ts
PASS src/diagnostics/webVitals.takeRecords.web.test.ts
PASS src/config/androidSecurityConfig.test.ts
PASS src/updates/appUpdate.test.ts
PASS src/navigation/contextualFab.test.ts
PASS src/nutritionLabel/draft.test.ts
PASS src/layout/adaptiveLayout.test.ts
PASS src/errors/presentation.test.ts
PASS src/caloriePlanning/heightInput.test.ts
PASS src/caloriePlanning/dateBounds.test.ts
PASS src/wear/pairingPoll.test.ts
PASS src/utils/profileCompletion.test.ts
PASS src/utils/myFoodFormValidation.test.ts
PASS src/platform/deviceLocale.test.ts
PASS src/notifications/expoProject.test.ts
PASS src/healthConnect/native.test.ts
PASS src/barcode/cameraRuntime.test.ts
PASS src/auth/oneTimeToken.test.ts
PASS src/auth/authErrors.test.ts
PASS src/utils/haptics.test.ts
PASS src/pwa/serviceWorkerContract.test.ts
PASS src/notifications/presentation.test.ts
PASS src/legal/publicLegalContent.test.ts
PASS src/food/quantityInput.test.ts
PASS src/healthConnect/presentation.test.ts
PASS src/healthConnect/permissions.test.ts
PASS src/diagnostics/webVitals.lifecycle.web.test.ts
PASS src/auth/storage.test.ts
PASS src/utils/myFoods.test.ts
PASS src/platform/deviceLocale.native.test.ts
PASS src/config/releaseEntry.test.ts
PASS src/barcode/state.test.ts
PASS src/asyncState/resolveAsyncState.test.ts
PASS src/notifications/browserPush.web.test.ts
PASS src/healthConnect/storageScope.test.ts
PASS src/healthConnect/provider.test.ts
PASS src/config/keyboardLayoutConfig.test.ts
PASS src/onboarding/steps.test.ts
PASS src/caloriePlanning/queryInvalidation.test.ts
PASS src/auth/authServerDraft.test.ts
PASS src/activity/presentation.test.ts

Summary of all failing tests
FAIL src/offline/failedMutationRecovery.test.ts
  ΓùÅ enforces failed-head recovery for food-day.update without changing the original request

    expect(received).toThrow(expected)

    Expected pattern: /Resolve the failed (related|pause) change/
    Received message: "Resolve the failed tracking change in Review saved changes before changing food."

          14 |         const resume = row.operation === 'food-tracking-pause.resume' && typeof p.resumed_on === 'string' && date >= p.resumed_on;
          15 |         if (!(dayControl || pause || resume)) continue;
        > 16 |         if (row.state === 'failed') throw new Error('Resolve the failed tracking change in Review saved changes before changing food.');
             |                                           ^
          17 |         if (pause) status = 'PAUSED';
          18 |         if (resume && (date === p.resumed_on || status === 'PAUSED' || status === undefined)) status = 'OPEN';
          19 |         // Only a deliberate paused-day backfill or fresh server receipt may override a pause.

      at queuedFoodDayStatus (src/offline/foodDayIntent.ts:16:43)
      at queuedFoodDayStatus (src/offline/foodDayIntent.ts:46:9)
      at assertRecoverableEnqueue (src/offline/failedMutationRecovery.ts:48:30)
      at src/offline/failedMutationRecovery.test.ts:14:42
      at Object.<anonymous> (../node_modules/expect/build/toThrowMatchers.js:74:11)
      at Object.throwingMatcher [as toThrow] (../node_modules/expect/build/index.js:320:21)
      at toThrow (src/offline/failedMutationRecovery.test.ts:14:70)
      at toThrow (src/offline/failedMutationRecovery.test.ts:14:70)

  ΓùÅ enforces failed-head recovery for food-day.set-status without changing the original request

    expect(received).toThrow(expected)

    Expected pattern: /Resolve the failed (related|pause) change/
    Received message: "Resolve the failed tracking change in Review saved changes before changing food."

          14 |         const resume = row.operation === 'food-tracking-pause.resume' && typeof p.resumed_on === 'string' && date >= p.resumed_on;
          15 |         if (!(dayControl || pause || resume)) continue;
        > 16 |         if (row.state === 'failed') throw new Error('Resolve the failed tracking change in Review saved changes before changing food.');
             |                                           ^
          17 |         if (pause) status = 'PAUSED';
          18 |         if (resume && (date === p.resumed_on || status === 'PAUSED' || status === undefined)) status = 'OPEN';
          19 |         // Only a deliberate paused-day backfill or fresh server receipt may override a pause.

      at queuedFoodDayStatus (src/offline/foodDayIntent.ts:16:43)
      at queuedFoodDayStatus (src/offline/foodDayIntent.ts:46:9)
      at assertRecoverableEnqueue (src/offline/failedMutationRecovery.ts:48:30)
      at src/offline/failedMutationRecovery.test.ts:14:42
      at Object.<anonymous> (../node_modules/expect/build/toThrowMatchers.js:74:11)
      at Object.throwingMatcher [as toThrow] (../node_modules/expect/build/index.js:320:21)
      at toThrow (src/offline/failedMutationRecovery.test.ts:14:70)
      at toThrow (src/offline/failedMutationRecovery.test.ts:14:70)


Test Suites: 1 failed, 230 passed, 231 total
Tests:       2 failed, 1228 passed, 1230 total
Snapshots:   0 total
Time:        43.539 s, estimated 47 s
Ran all test suites.
