FAIL src/components/AddFoodSheet.test.tsx (5.653 s)
  AddFoodSheet adaptive layout
    ○ skipped keeps phone search focused while retaining full controls on tablets
  AddFoodSheet async resource states
    × consults locked pending resume on 2026-08-07 before rejecting cached PAUSED food (1364 ms)
    × consults locked pending resume on 2026-08-08 before rejecting cached PAUSED food (1025 ms)
    √ consults locked pending resume on 2026-08-09 before rejecting cached PAUSED food (78 ms)
    × consults locked receipt resume on 2026-08-07 before rejecting cached PAUSED food (1029 ms)
    × consults locked receipt resume on 2026-08-08 before rejecting cached PAUSED food (1036 ms)
    √ consults locked receipt resume on 2026-08-09 before rejecting cached PAUSED food (80 ms)
    √ consults locked failed resume on 2026-08-08 before rejecting cached PAUSED food (78 ms)
    √ consults locked later-pause resume on 2026-08-08 before rejecting cached PAUSED food (81 ms)
    ○ skipped reopens a COMPLETE day only when food is submitted
    ○ skipped reopens a INCOMPLETE day only when food is submitted
    ○ skipped queues the food after its reopen when the connection fails
    ○ skipped keeps queued reopen and food ahead of a competing day completion
    ○ skipped reopens after durable food-day.set-status completion despite a cached OPEN day
    ○ skipped reopens after durable food-day.update completion despite a cached OPEN day
    ○ skipped does not add food when a durable day pause supersedes cached OPEN
    ○ skipped does not add food when reopening is rejected
    ○ skipped preloads meal-aware recent foods before typing and refreshes them when the meal changes
    ○ skipped does not describe an uncached offline food search as having no matches
    ○ skipped keeps the empty web search result region keyboard reachable
    ○ skipped keeps results visible and actionable while the mobile search field is focused
    ○ skipped removes the Android bottom inset only while the search workspace is focused
    ○ skipped finds cached library recipes offline and opens quantity confirmation without logging
    ○ skipped offers only Quick and Search while keeping saved recipes discoverable in Search
    ○ skipped links to Saved foods from the Add Food sheet
    ○ skipped confirms before Saved foods or Scan discards a selected food draft

  ● AddFoodSheet async resource states › consults locked pending resume on 2026-08-07 before rejecting cached PAUSED food

    expect(jest.fn()).toHaveBeenCalledWith(...expected)

    Expected: "food.create", ObjectContaining {"calories": 120, "date": "2026-08-08"}, "food-operation-id"

    Number of calls: 0

      258 |         fireEvent.changeText(screen.getByLabelText('Calories'), '120');
      259 |         fireEvent.press(screen.getByRole('button', { name: 'Add & close' }));
    > 260 |         if (allowed) await waitFor(() => expect(write).toHaveBeenCalledWith('food.create', expect.objectContaining({ date: '2026-08-08', calories: 120 }), 'food-operation-id'));
          |                                   ^
      261 |         else { await screen.findByRole('alert'); expect(write).not.toHaveBeenCalled(); }
      262 |         expect(mockApi.setFoodDayStatus).not.toHaveBeenCalled();
      263 |         expect(mockApi.createFoodLog).not.toHaveBeenCalled();

      at src/components/AddFoodSheet.test.tsx:260:35
      at asyncGeneratorStep (../node_modules/@babel/runtime/helpers/asyncToGenerator.js:3:17)
      at _next (../node_modules/@babel/runtime/helpers/asyncToGenerator.js:17:9)
      at ../node_modules/@babel/runtime/helpers/asyncToGenerator.js:22:7
      at ../node_modules/@babel/runtime/helpers/asyncToGenerator.js:14:12
      at apply (src/components/AddFoodSheet.test.tsx:264:6)

  ● AddFoodSheet async resource states › consults locked pending resume on 2026-08-08 before rejecting cached PAUSED food

    expect(jest.fn()).toHaveBeenCalledWith(...expected)

    Expected: "food.create", ObjectContaining {"calories": 120, "date": "2026-08-08"}, "food-operation-id"

    Number of calls: 0

      258 |         fireEvent.changeText(screen.getByLabelText('Calories'), '120');
      259 |         fireEvent.press(screen.getByRole('button', { name: 'Add & close' }));
    > 260 |         if (allowed) await waitFor(() => expect(write).toHaveBeenCalledWith('food.create', expect.objectContaining({ date: '2026-08-08', calories: 120 }), 'food-operation-id'));
          |                                   ^
      261 |         else { await screen.findByRole('alert'); expect(write).not.toHaveBeenCalled(); }
      262 |         expect(mockApi.setFoodDayStatus).not.toHaveBeenCalled();
      263 |         expect(mockApi.createFoodLog).not.toHaveBeenCalled();

      at src/components/AddFoodSheet.test.tsx:260:35
      at asyncGeneratorStep (../node_modules/@babel/runtime/helpers/asyncToGenerator.js:3:17)
      at _next (../node_modules/@babel/runtime/helpers/asyncToGenerator.js:17:9)
      at ../node_modules/@babel/runtime/helpers/asyncToGenerator.js:22:7
      at ../node_modules/@babel/runtime/helpers/asyncToGenerator.js:14:12
      at apply (src/components/AddFoodSheet.test.tsx:264:6)

  ● AddFoodSheet async resource states › consults locked receipt resume on 2026-08-07 before rejecting cached PAUSED food

    expect(jest.fn()).toHaveBeenCalledWith(...expected)

    Expected: "food.create", ObjectContaining {"calories": 120, "date": "2026-08-08"}, "food-operation-id"

    Number of calls: 0

      258 |         fireEvent.changeText(screen.getByLabelText('Calories'), '120');
      259 |         fireEvent.press(screen.getByRole('button', { name: 'Add & close' }));
    > 260 |         if (allowed) await waitFor(() => expect(write).toHaveBeenCalledWith('food.create', expect.objectContaining({ date: '2026-08-08', calories: 120 }), 'food-operation-id'));
          |                                   ^
      261 |         else { await screen.findByRole('alert'); expect(write).not.toHaveBeenCalled(); }
      262 |         expect(mockApi.setFoodDayStatus).not.toHaveBeenCalled();
      263 |         expect(mockApi.createFoodLog).not.toHaveBeenCalled();

      at src/components/AddFoodSheet.test.tsx:260:35
      at asyncGeneratorStep (../node_modules/@babel/runtime/helpers/asyncToGenerator.js:3:17)
      at _next (../node_modules/@babel/runtime/helpers/asyncToGenerator.js:17:9)
      at ../node_modules/@babel/runtime/helpers/asyncToGenerator.js:22:7
      at ../node_modules/@babel/runtime/helpers/asyncToGenerator.js:14:12
      at apply (src/components/AddFoodSheet.test.tsx:264:6)

  ● AddFoodSheet async resource states › consults locked receipt resume on 2026-08-08 before rejecting cached PAUSED food

    expect(jest.fn()).toHaveBeenCalledWith(...expected)

    Expected: "food.create", ObjectContaining {"calories": 120, "date": "2026-08-08"}, "food-operation-id"

    Number of calls: 0

      258 |         fireEvent.changeText(screen.getByLabelText('Calories'), '120');
      259 |         fireEvent.press(screen.getByRole('button', { name: 'Add & close' }));
    > 260 |         if (allowed) await waitFor(() => expect(write).toHaveBeenCalledWith('food.create', expect.objectContaining({ date: '2026-08-08', calories: 120 }), 'food-operation-id'));
          |                                   ^
      261 |         else { await screen.findByRole('alert'); expect(write).not.toHaveBeenCalled(); }
      262 |         expect(mockApi.setFoodDayStatus).not.toHaveBeenCalled();
      263 |         expect(mockApi.createFoodLog).not.toHaveBeenCalled();

      at src/components/AddFoodSheet.test.tsx:260:35
      at asyncGeneratorStep (../node_modules/@babel/runtime/helpers/asyncToGenerator.js:3:17)
      at _next (../node_modules/@babel/runtime/helpers/asyncToGenerator.js:17:9)
      at ../node_modules/@babel/runtime/helpers/asyncToGenerator.js:22:7
      at ../node_modules/@babel/runtime/helpers/asyncToGenerator.js:14:12
      at apply (src/components/AddFoodSheet.test.tsx:264:6)

Test Suites: 1 failed, 1 total
Tests:       4 failed, 18 skipped, 4 passed, 26 total
Snapshots:   0 total
Time:        5.822 s
Ran all test suites matching /src\\components\\AddFoodSheet.test.tsx/i with tests matching "consults locked".
