npm notice run mobile@0.2.7 test
npm notice run jest --runInBand src/components/AddFoodSheet.test.tsx src/offline/foodDayIntent.web.test.ts src/offline/foodDayReceipts.test.ts
FAIL src/components/AddFoodSheet.test.tsx (5.473 s)
  ΓùÅ Console

    console.error
      An update to AddFoodSheet inside a test was not wrapped in act(...).
      
      When testing, code that causes React state updates should be wrapped into act(...):
      
      act(() => {
        /* fire events that update state */
      });
      /* assert on the output */
      
      This ensures that you're testing the behavior the user would see in the browser. Learn more at https://react.dev/link/wrap-tests-with-act

      211 |         const screen = renderSheet();
      212 |         await screen.findByText('Adding food reopens this day so you can complete it again.');
    > 213 |         onlineManager.setOnline(false);
          |                       ^
      214 |         fireEvent.press(screen.getByRole('radio', { name: 'Quick' }));
      215 |         fireEvent.changeText(screen.getByLabelText('Calories'), '120');
      216 |         fireEvent.press(screen.getByRole('button', { name: 'Add & close' }));

      at ../node_modules/react-test-renderer/cjs/react-test-renderer.development.js:14402:19
      at runWithFiberInDEV (../node_modules/react-test-renderer/cjs/react-test-renderer.development.js:2315:13)
      at warnIfUpdatesNotWrappedWithActDEV (../node_modules/react-test-renderer/cjs/react-test-renderer.development.js:14401:9)
      at scheduleUpdateOnFiber (../node_modules/react-test-renderer/cjs/react-test-renderer.development.js:12086:9)
      at forceStoreRerender (../node_modules/react-test-renderer/cjs/react-test-renderer.development.js:5432:24)
      at ../node_modules/react-test-renderer/cjs/react-test-renderer.development.js:5417:11
      at ../node_modules/@tanstack/query-core/src/onlineManager.ts:60:9
          at Set.forEach (<anonymous>)
      at OnlineManager.setOnline (../node_modules/@tanstack/query-core/src/onlineManager.ts:59:22)
      at Object.setOnline (src/components/AddFoodSheet.test.tsx:213:23)
      at asyncGeneratorStep (../node_modules/@babel/runtime/helpers/asyncToGenerator.js:3:17)
      at _next (../node_modules/@babel/runtime/helpers/asyncToGenerator.js:17:9)

    console.error
      An update to AddFoodSheet inside a test was not wrapped in act(...).
      
      When testing, code that causes React state updates should be wrapped into act(...):
      
      act(() => {
        /* fire events that update state */
      });
      /* assert on the output */
      
      This ensures that you're testing the behavior the user would see in the browser. Learn more at https://react.dev/link/wrap-tests-with-act

      211 |         const screen = renderSheet();
      212 |         await screen.findByText('Adding food reopens this day so you can complete it again.');
    > 213 |         onlineManager.setOnline(false);
          |                       ^
      214 |         fireEvent.press(screen.getByRole('radio', { name: 'Quick' }));
      215 |         fireEvent.changeText(screen.getByLabelText('Calories'), '120');
      216 |         fireEvent.press(screen.getByRole('button', { name: 'Add & close' }));

      at ../node_modules/react-test-renderer/cjs/react-test-renderer.development.js:14402:19
      at runWithFiberInDEV (../node_modules/react-test-renderer/cjs/react-test-renderer.development.js:2315:13)
      at warnIfUpdatesNotWrappedWithActDEV (../node_modules/react-test-renderer/cjs/react-test-renderer.development.js:14401:9)
      at scheduleUpdateOnFiber (../node_modules/react-test-renderer/cjs/react-test-renderer.development.js:12086:9)
      at forceStoreRerender (../node_modules/react-test-renderer/cjs/react-test-renderer.development.js:5432:24)
      at ../node_modules/react-test-renderer/cjs/react-test-renderer.development.js:5417:11
      at ../node_modules/@tanstack/query-core/src/onlineManager.ts:60:9
          at Set.forEach (<anonymous>)
      at OnlineManager.setOnline (../node_modules/@tanstack/query-core/src/onlineManager.ts:59:22)
      at Object.setOnline (src/components/AddFoodSheet.test.tsx:213:23)
      at asyncGeneratorStep (../node_modules/@babel/runtime/helpers/asyncToGenerator.js:3:17)
      at _next (../node_modules/@babel/runtime/helpers/asyncToGenerator.js:17:9)

    console.error
      An update to AddFoodSheet inside a test was not wrapped in act(...).
      
      When testing, code that causes React state updates should be wrapped into act(...):
      
      act(() => {
        /* fire events that update state */
      });
      /* assert on the output */
      
      This ensures that you're testing the behavior the user would see in the browser. Learn more at https://react.dev/link/wrap-tests-with-act

      211 |         const screen = renderSheet();
      212 |         await screen.findByText('Adding food reopens this day so you can complete it again.');
    > 213 |         onlineManager.setOnline(false);
          |                       ^
      214 |         fireEvent.press(screen.getByRole('radio', { name: 'Quick' }));
      215 |         fireEvent.changeText(screen.getByLabelText('Calories'), '120');
      216 |         fireEvent.press(screen.getByRole('button', { name: 'Add & close' }));

      at ../node_modules/react-test-renderer/cjs/react-test-renderer.development.js:14402:19
      at runWithFiberInDEV (../node_modules/react-test-renderer/cjs/react-test-renderer.development.js:2315:13)
      at warnIfUpdatesNotWrappedWithActDEV (../node_modules/react-test-renderer/cjs/react-test-renderer.development.js:14401:9)
      at scheduleUpdateOnFiber (../node_modules/react-test-renderer/cjs/react-test-renderer.development.js:12086:9)
      at forceStoreRerender (../node_modules/react-test-renderer/cjs/react-test-renderer.development.js:5432:24)
      at ../node_modules/react-test-renderer/cjs/react-test-renderer.development.js:5417:11
      at ../node_modules/@tanstack/query-core/src/onlineManager.ts:60:9
          at Set.forEach (<anonymous>)
      at OnlineManager.setOnline (../node_modules/@tanstack/query-core/src/onlineManager.ts:59:22)
      at Object.setOnline (src/components/AddFoodSheet.test.tsx:213:23)
      at asyncGeneratorStep (../node_modules/@babel/runtime/helpers/asyncToGenerator.js:3:17)
      at _next (../node_modules/@babel/runtime/helpers/asyncToGenerator.js:17:9)

    console.error
      An update to AddFoodSheet inside a test was not wrapped in act(...).
      
      When testing, code that causes React state updates should be wrapped into act(...):
      
      act(() => {
        /* fire events that update state */
      });
      /* assert on the output */
      
      This ensures that you're testing the behavior the user would see in the browser. Learn more at https://react.dev/link/wrap-tests-with-act

      211 |         const screen = renderSheet();
      212 |         await screen.findByText('Adding food reopens this day so you can complete it again.');
    > 213 |         onlineManager.setOnline(false);
          |                       ^
      214 |         fireEvent.press(screen.getByRole('radio', { name: 'Quick' }));
      215 |         fireEvent.changeText(screen.getByLabelText('Calories'), '120');
      216 |         fireEvent.press(screen.getByRole('button', { name: 'Add & close' }));

      at ../node_modules/react-test-renderer/cjs/react-test-renderer.development.js:14402:19
      at runWithFiberInDEV (../node_modules/react-test-renderer/cjs/react-test-renderer.development.js:2315:13)
      at warnIfUpdatesNotWrappedWithActDEV (../node_modules/react-test-renderer/cjs/react-test-renderer.development.js:14401:9)
      at scheduleUpdateOnFiber (../node_modules/react-test-renderer/cjs/react-test-renderer.development.js:12086:9)
      at forceStoreRerender (../node_modules/react-test-renderer/cjs/react-test-renderer.development.js:5432:24)
      at ../node_modules/react-test-renderer/cjs/react-test-renderer.development.js:5417:11
      at ../node_modules/@tanstack/query-core/src/onlineManager.ts:60:9
          at Set.forEach (<anonymous>)
      at OnlineManager.setOnline (../node_modules/@tanstack/query-core/src/onlineManager.ts:59:22)
      at Object.setOnline (src/components/AddFoodSheet.test.tsx:213:23)
      at asyncGeneratorStep (../node_modules/@babel/runtime/helpers/asyncToGenerator.js:3:17)
      at _next (../node_modules/@babel/runtime/helpers/asyncToGenerator.js:17:9)

    console.error
      An update to AddFoodSheet inside a test was not wrapped in act(...).
      
      When testing, code that causes React state updates should be wrapped into act(...):
      
      act(() => {
        /* fire events that update state */
      });
      /* assert on the output */
      
      This ensures that you're testing the behavior the user would see in the browser. Learn more at https://react.dev/link/wrap-tests-with-act

      283 |         },
      284 |         onSuccess: async (closeAfterLogging) => {
    > 285 |             setSelection(null);
          |             ^
      286 |             setQuickCalories('');
      287 |             setQuickName('');
      288 |             await confirmLogged(closeAfterLogging);

      at ../node_modules/react-test-renderer/cjs/react-test-renderer.development.js:14402:19
      at runWithFiberInDEV (../node_modules/react-test-renderer/cjs/react-test-renderer.development.js:2315:13)
      at warnIfUpdatesNotWrappedWithActDEV (../node_modules/react-test-renderer/cjs/react-test-renderer.development.js:14401:9)
      at scheduleUpdateOnFiber (../node_modules/react-test-renderer/cjs/react-test-renderer.development.js:12086:9)
      at dispatchSetStateInternal (../node_modules/react-test-renderer/cjs/react-test-renderer.development.js:6208:13)
      at dispatchSetState (../node_modules/react-test-renderer/cjs/react-test-renderer.development.js:6165:7)
      at Object.setSelection (src/components/AddFoodSheet.tsx:285:13)
      at asyncGeneratorStep (../node_modules/@babel/runtime/helpers/asyncToGenerator.js:3:17)
      at _next (../node_modules/@babel/runtime/helpers/asyncToGenerator.js:17:9)
      at ../node_modules/@babel/runtime/helpers/asyncToGenerator.js:22:7
      at Object.<anonymous> (../node_modules/@babel/runtime/helpers/asyncToGenerator.js:14:12)
      at Object.apply [as onSuccess] (src/components/AddFoodSheet.tsx:284:18)
      at Mutation.execute (../node_modules/@tanstack/query-core/src/mutation.ts:246:26)

    console.error
      An update to AddFoodSheet inside a test was not wrapped in act(...).
      
      When testing, code that causes React state updates should be wrapped into act(...):
      
      act(() => {
        /* fire events that update state */
      });
      /* assert on the output */
      
      This ensures that you're testing the behavior the user would see in the browser. Learn more at https://react.dev/link/wrap-tests-with-act

      284 |         onSuccess: async (closeAfterLogging) => {
      285 |             setSelection(null);
    > 286 |             setQuickCalories('');
          |             ^
      287 |             setQuickName('');
      288 |             await confirmLogged(closeAfterLogging);
      289 |         }

      at ../node_modules/react-test-renderer/cjs/react-test-renderer.development.js:14402:19
      at runWithFiberInDEV (../node_modules/react-test-renderer/cjs/react-test-renderer.development.js:2315:13)
      at warnIfUpdatesNotWrappedWithActDEV (../node_modules/react-test-renderer/cjs/react-test-renderer.development.js:14401:9)
      at scheduleUpdateOnFiber (../node_modules/react-test-renderer/cjs/react-test-renderer.development.js:12086:9)
      at dispatchSetStateInternal (../node_modules/react-test-renderer/cjs/react-test-renderer.development.js:6208:13)
      at dispatchSetState (../node_modules/react-test-renderer/cjs/react-test-renderer.development.js:6165:7)
      at Object.setQuickCalories (src/components/AddFoodSheet.tsx:286:13)
      at asyncGeneratorStep (../node_modules/@babel/runtime/helpers/asyncToGenerator.js:3:17)
      at _next (../node_modules/@babel/runtime/helpers/asyncToGenerator.js:17:9)
      at ../node_modules/@babel/runtime/helpers/asyncToGenerator.js:22:7
      at Object.<anonymous> (../node_modules/@babel/runtime/helpers/asyncToGenerator.js:14:12)
      at Object.apply [as onSuccess] (src/components/AddFoodSheet.tsx:284:18)
      at Mutation.execute (../node_modules/@tanstack/query-core/src/mutation.ts:246:26)

    console.error
      An update to AddFoodSheet inside a test was not wrapped in act(...).
      
      When testing, code that causes React state updates should be wrapped into act(...):
      
      act(() => {
        /* fire events that update state */
      });
      /* assert on the output */
      
      This ensures that you're testing the behavior the user would see in the browser. Learn more at https://react.dev/link/wrap-tests-with-act

      285 |             setSelection(null);
      286 |             setQuickCalories('');
    > 287 |             setQuickName('');
          |             ^
      288 |             await confirmLogged(closeAfterLogging);
      289 |         }
      290 |     });

      at ../node_modules/react-test-renderer/cjs/react-test-renderer.development.js:14402:19
      at runWithFiberInDEV (../node_modules/react-test-renderer/cjs/react-test-renderer.development.js:2315:13)
      at warnIfUpdatesNotWrappedWithActDEV (../node_modules/react-test-renderer/cjs/react-test-renderer.development.js:14401:9)
      at scheduleUpdateOnFiber (../node_modules/react-test-renderer/cjs/react-test-renderer.development.js:12086:9)
      at dispatchSetStateInternal (../node_modules/react-test-renderer/cjs/react-test-renderer.development.js:6208:13)
      at dispatchSetState (../node_modules/react-test-renderer/cjs/react-test-renderer.development.js:6165:7)
      at Object.setQuickName (src/components/AddFoodSheet.tsx:287:13)
      at asyncGeneratorStep (../node_modules/@babel/runtime/helpers/asyncToGenerator.js:3:17)
      at _next (../node_modules/@babel/runtime/helpers/asyncToGenerator.js:17:9)
      at ../node_modules/@babel/runtime/helpers/asyncToGenerator.js:22:7
      at Object.<anonymous> (../node_modules/@babel/runtime/helpers/asyncToGenerator.js:14:12)
      at Object.apply [as onSuccess] (src/components/AddFoodSheet.tsx:284:18)
      at Mutation.execute (../node_modules/@tanstack/query-core/src/mutation.ts:246:26)

  ΓùÅ AddFoodSheet async resource states ΓÇ║ consults locked pending resume on 2026-08-07 before rejecting cached PAUSED food

    expect(jest.fn()).toHaveBeenCalledWith(...expected)

    Expected: "food.create", ObjectContaining {"calories": 120, "date": "2026-08-08"}, "food-operation-id"

    Number of calls: 0

      264 |         fireEvent.changeText(screen.getByLabelText('Calories'), '120');
      265 |         fireEvent.press(screen.getByRole('button', { name: 'Add & close' }));
    > 266 |         if (allowed) await waitFor(() => expect(write).toHaveBeenCalledWith('food.create', expect.objectContaining({ date: '2026-08-08', calories: 120 }), 'food-operation-id'));
          |                                   ^
      267 |         else { await screen.findByRole('alert'); expect(write).not.toHaveBeenCalled(); }
      268 |         expect(mockApi.setFoodDayStatus).not.toHaveBeenCalled();
      269 |         expect(mockApi.createFoodLog).toHaveBeenCalledTimes(kind === 'receipt' && allowed ? 1 : 0);

      at src/components/AddFoodSheet.test.tsx:266:35
      at asyncGeneratorStep (../node_modules/@babel/runtime/helpers/asyncToGenerator.js:3:17)
      at _next (../node_modules/@babel/runtime/helpers/asyncToGenerator.js:17:9)
      at ../node_modules/@babel/runtime/helpers/asyncToGenerator.js:22:7
      at ../node_modules/@babel/runtime/helpers/asyncToGenerator.js:14:12
      at apply (src/components/AddFoodSheet.test.tsx:270:6)

  ΓùÅ AddFoodSheet async resource states ΓÇ║ consults locked pending resume on 2026-08-08 before rejecting cached PAUSED food

    expect(jest.fn()).toHaveBeenCalledWith(...expected)

    Expected: "food.create", ObjectContaining {"calories": 120, "date": "2026-08-08"}, "food-operation-id"

    Number of calls: 0

      264 |         fireEvent.changeText(screen.getByLabelText('Calories'), '120');
      265 |         fireEvent.press(screen.getByRole('button', { name: 'Add & close' }));
    > 266 |         if (allowed) await waitFor(() => expect(write).toHaveBeenCalledWith('food.create', expect.objectContaining({ date: '2026-08-08', calories: 120 }), 'food-operation-id'));
          |                                   ^
      267 |         else { await screen.findByRole('alert'); expect(write).not.toHaveBeenCalled(); }
      268 |         expect(mockApi.setFoodDayStatus).not.toHaveBeenCalled();
      269 |         expect(mockApi.createFoodLog).toHaveBeenCalledTimes(kind === 'receipt' && allowed ? 1 : 0);

      at src/components/AddFoodSheet.test.tsx:266:35
      at asyncGeneratorStep (../node_modules/@babel/runtime/helpers/asyncToGenerator.js:3:17)
      at _next (../node_modules/@babel/runtime/helpers/asyncToGenerator.js:17:9)
      at ../node_modules/@babel/runtime/helpers/asyncToGenerator.js:22:7
      at ../node_modules/@babel/runtime/helpers/asyncToGenerator.js:14:12
      at apply (src/components/AddFoodSheet.test.tsx:270:6)

  ΓùÅ AddFoodSheet async resource states ΓÇ║ consults locked receipt resume on 2026-08-07 before rejecting cached PAUSED food

    [@RNC/AsyncStorage]: NativeModule: AsyncStorage is null.

    To fix this issue try these steps:

      ΓÇó Uninstall, rebuild and restart the app.

      ΓÇó Run the packager with `--reset-cache` flag.

      ΓÇó If you are using CocoaPods on iOS, run `pod install` in the `ios` directory, then rebuild and re-run the app.

      ΓÇó Make sure your project's `package.json` depends on `@react-native-async-storage/async-storage`, even if you only depend on it indirectly through other dependencies. CLI only autolinks native modules found in your `package.json`.

      ΓÇó If this happens while testing with Jest, check out how to integrate AsyncStorage here: https://react-native-async-storage.github.io/async-storage/docs/advanced/jest

    If none of these fix the issue, please open an issue on the GitHub repository: https://github.com/react-native-async-storage/async-storage/issues

      1 | const storage = (): typeof import('@react-native-async-storage/async-storage').default => {
    > 2 |     const module = require('@react-native-async-storage/async-storage');
        |                    ^
      3 |     return module.default ?? module;
      4 | };
      5 | import type { FoodLogDay, FoodTrackingPause } from '@calibrate/api-client';

      at Object.<anonymous> (../node_modules/@react-native-async-storage/async-storage/src/AsyncStorage.native.ts:23:9)
      at Object.require (../node_modules/@react-native-async-storage/async-storage/src/index.ts:1:1)
      at require (src/offline/foodDayReceipts.ts:2:20)
      at storage (src/offline/foodDayReceipts.ts:13:23)
      at asyncGeneratorStep (../node_modules/@babel/runtime/helpers/asyncToGenerator.js:3:17)
      at _next (../node_modules/@babel/runtime/helpers/asyncToGenerator.js:17:9)
      at ../node_modules/@babel/runtime/helpers/asyncToGenerator.js:22:7
      at ../node_modules/@babel/runtime/helpers/asyncToGenerator.js:14:12
      at apply (src/offline/foodDayReceipts.ts:12:20)
      at read (src/offline/foodDayReceipts.ts:27:27)
      at asyncGeneratorStep (../node_modules/@babel/runtime/helpers/asyncToGenerator.js:3:17)
      at _next (../node_modules/@babel/runtime/helpers/asyncToGenerator.js:17:9)
      at ../node_modules/@babel/runtime/helpers/asyncToGenerator.js:22:7
      at ../node_modules/@babel/runtime/helpers/asyncToGenerator.js:14:12
      at apply (src/offline/foodDayReceipts.ts:35:2)
      at apply (src/offline/foodDayReceipts.ts:22:43)
      at src/components/AddFoodSheet.test.tsx:258:39
      at asyncGeneratorStep (../node_modules/@babel/runtime/helpers/asyncToGenerator.js:3:17)
      at _next (../node_modules/@babel/runtime/helpers/asyncToGenerator.js:17:9)
      at ../node_modules/@babel/runtime/helpers/asyncToGenerator.js:22:7
      at ../node_modules/@babel/runtime/helpers/asyncToGenerator.js:14:12
      at apply (src/components/AddFoodSheet.test.tsx:270:6)

  ΓùÅ AddFoodSheet async resource states ΓÇ║ consults locked receipt resume on 2026-08-08 before rejecting cached PAUSED food

    [@RNC/AsyncStorage]: NativeModule: AsyncStorage is null.

    To fix this issue try these steps:

      ΓÇó Uninstall, rebuild and restart the app.

      ΓÇó Run the packager with `--reset-cache` flag.

      ΓÇó If you are using CocoaPods on iOS, run `pod install` in the `ios` directory, then rebuild and re-run the app.

      ΓÇó Make sure your project's `package.json` depends on `@react-native-async-storage/async-storage`, even if you only depend on it indirectly through other dependencies. CLI only autolinks native modules found in your `package.json`.

      ΓÇó If this happens while testing with Jest, check out how to integrate AsyncStorage here: https://react-native-async-storage.github.io/async-storage/docs/advanced/jest

    If none of these fix the issue, please open an issue on the GitHub repository: https://github.com/react-native-async-storage/async-storage/issues

      1 | const storage = (): typeof import('@react-native-async-storage/async-storage').default => {
    > 2 |     const module = require('@react-native-async-storage/async-storage');
        |                    ^
      3 |     return module.default ?? module;
      4 | };
      5 | import type { FoodLogDay, FoodTrackingPause } from '@calibrate/api-client';

      at Object.<anonymous> (../node_modules/@react-native-async-storage/async-storage/src/AsyncStorage.native.ts:23:9)
      at Object.require (../node_modules/@react-native-async-storage/async-storage/src/index.ts:1:1)
      at require (src/offline/foodDayReceipts.ts:2:20)
      at storage (src/offline/foodDayReceipts.ts:13:23)
      at asyncGeneratorStep (../node_modules/@babel/runtime/helpers/asyncToGenerator.js:3:17)
      at _next (../node_modules/@babel/runtime/helpers/asyncToGenerator.js:17:9)
      at ../node_modules/@babel/runtime/helpers/asyncToGenerator.js:22:7
      at ../node_modules/@babel/runtime/helpers/asyncToGenerator.js:14:12
      at apply (src/offline/foodDayReceipts.ts:12:20)
      at read (src/offline/foodDayReceipts.ts:27:27)
      at asyncGeneratorStep (../node_modules/@babel/runtime/helpers/asyncToGenerator.js:3:17)
      at _next (../node_modules/@babel/runtime/helpers/asyncToGenerator.js:17:9)
      at ../node_modules/@babel/runtime/helpers/asyncToGenerator.js:22:7
      at ../node_modules/@babel/runtime/helpers/asyncToGenerator.js:14:12
      at apply (src/offline/foodDayReceipts.ts:22:43)
      at src/components/AddFoodSheet.test.tsx:258:39
      at asyncGeneratorStep (../node_modules/@babel/runtime/helpers/asyncToGenerator.js:3:17)
      at _next (../node_modules/@babel/runtime/helpers/asyncToGenerator.js:17:9)
      at ../node_modules/@babel/runtime/helpers/asyncToGenerator.js:22:7
      at ../node_modules/@babel/runtime/helpers/asyncToGenerator.js:14:12
      at apply (src/components/AddFoodSheet.test.tsx:270:6)

  ΓùÅ AddFoodSheet async resource states ΓÇ║ consults locked receipt resume on 2026-08-09 before rejecting cached PAUSED food

    [@RNC/AsyncStorage]: NativeModule: AsyncStorage is null.

    To fix this issue try these steps:

      ΓÇó Uninstall, rebuild and restart the app.

      ΓÇó Run the packager with `--reset-cache` flag.

      ΓÇó If you are using CocoaPods on iOS, run `pod install` in the `ios` directory, then rebuild and re-run the app.

      ΓÇó Make sure your project's `package.json` depends on `@react-native-async-storage/async-storage`, even if you only depend on it indirectly through other dependencies. CLI only autolinks native modules found in your `package.json`.

      ΓÇó If this happens while testing with Jest, check out how to integrate AsyncStorage here: https://react-native-async-storage.github.io/async-storage/docs/advanced/jest

    If none of these fix the issue, please open an issue on the GitHub repository: https://github.com/react-native-async-storage/async-storage/issues

      1 | const storage = (): typeof import('@react-native-async-storage/async-storage').default => {
    > 2 |     const module = require('@react-native-async-storage/async-storage');
        |                    ^
      3 |     return module.default ?? module;
      4 | };
      5 | import type { FoodLogDay, FoodTrackingPause } from '@calibrate/api-client';

      at Object.<anonymous> (../node_modules/@react-native-async-storage/async-storage/src/AsyncStorage.native.ts:23:9)
      at Object.require (../node_modules/@react-native-async-storage/async-storage/src/index.ts:1:1)
      at require (src/offline/foodDayReceipts.ts:2:20)
      at storage (src/offline/foodDayReceipts.ts:13:23)
      at asyncGeneratorStep (../node_modules/@babel/runtime/helpers/asyncToGenerator.js:3:17)
      at _next (../node_modules/@babel/runtime/helpers/asyncToGenerator.js:17:9)
      at ../node_modules/@babel/runtime/helpers/asyncToGenerator.js:22:7
      at ../node_modules/@babel/runtime/helpers/asyncToGenerator.js:14:12
      at apply (src/offline/foodDayReceipts.ts:12:20)
      at read (src/offline/foodDayReceipts.ts:27:27)
      at asyncGeneratorStep (../node_modules/@babel/runtime/helpers/asyncToGenerator.js:3:17)
      at _next (../node_modules/@babel/runtime/helpers/asyncToGenerator.js:17:9)
      at ../node_modules/@babel/runtime/helpers/asyncToGenerator.js:22:7
      at ../node_modules/@babel/runtime/helpers/asyncToGenerator.js:14:12
      at apply (src/offline/foodDayReceipts.ts:22:43)
      at src/components/AddFoodSheet.test.tsx:258:39
      at asyncGeneratorStep (../node_modules/@babel/runtime/helpers/asyncToGenerator.js:3:17)
      at _next (../node_modules/@babel/runtime/helpers/asyncToGenerator.js:17:9)
      at ../node_modules/@babel/runtime/helpers/asyncToGenerator.js:22:7
      at ../node_modules/@babel/runtime/helpers/asyncToGenerator.js:14:12
      at apply (src/components/AddFoodSheet.test.tsx:270:6)

PASS src/offline/foodDayReceipts.test.ts
PASS src/offline/foodDayIntent.web.test.ts

Test Suites: 1 failed, 2 passed, 3 total
Tests:       5 failed, 46 passed, 51 total
Snapshots:   0 total
Time:        6.1 s
Ran all test suites matching /src\\components\\AddFoodSheet.test.tsx|src\\offline\\foodDayIntent.web.test.ts|src\\offline\\foodDayReceipts.test.ts/i.
