[WebServer] (node:26608) Warning: The 'NO_COLOR' env is ignored due to the 'FORCE_COLOR' env being set.
[WebServer] (Use `node --trace-warnings ...` to show where the warning was created)
[WebServer] Expo web static preview listening at http://127.0.0.1:4174

Running 18 tests using 1 worker

(node:36916) Warning: The 'NO_COLOR' env is ignored due to the 'FORCE_COLOR' env being set.
(Use `node --trace-warnings ...` to show where the warning was created)
  ok  1 [desktop-chrome] › e2e\expo-web\completed-calendar.spec.ts:66:5 › calendar refresh, uncached month failure, retry, and completion reopening stay honest (17.6s)
  ok  2 [desktop-chrome] › e2e\expo-web\launch-12-food-log-productivity.spec.ts:73:5 › Food Log supports fast add, edit, recoverable delete, and meal/day copy (2.6s)
  ok  3 [desktop-chrome] › e2e\expo-web\launch-14-barcode-recovery.spec.ts:132:5 › Barcode logging recovers through manual success, no result, offline, and safe provider failure (2.7s)
  ok  4 [desktop-chrome] › e2e\expo-web\offline-workspace.spec.ts:3:5 › auth outage retains a local weigh-in across reload and replays after reconnection (4.0s)
  ok  5 [desktop-chrome] › e2e\expo-web\offline-workspace.spec.ts:64:5 › network loss still persists a local weigh-in immediately (4.6s)
  ok  6 [desktop-chrome] › e2e\expo-web\offline-workspace.spec.ts:100:5 › offline food additions and repeated edits are visible after restart and replay once before deletion (16.2s)
  ok  7 [desktop-chrome] › e2e\expo-web\offline-workspace.spec.ts:164:5 › a failed local creation offers explicit discard instead of saving unreachable corrections (2.0s)
  ok  8 [desktop-chrome] › e2e\expo-web\offline-workspace.spec.ts:213:5 › logout terminates the browser session while tracking awaits reconnection (1.5s)
  ok  9 [desktop-chrome] › e2e\expo-web\offline-workspace.spec.ts:238:5 › offline logout stays signed out through reload, revokes after reconnect and permits a different account (2.5s)
  ok 10 [desktop-chrome] › e2e\expo-web\offline-workspace.spec.ts:302:5 › failed edits on a server row require explicit recovery before correction or deletion (11.6s)
  ok 11 [desktop-chrome] › e2e\expo-web\offline-workspace.spec.ts:357:9 › failed weight recovery blocks trapped corrections for metric.add (3.0s)
  ok 12 [desktop-chrome] › e2e\expo-web\offline-workspace.spec.ts:357:9 › failed weight recovery blocks trapped corrections for metric.delete (3.5s)
  ok 13 [desktop-chrome] › e2e\expo-web\offline-workspace.spec.ts:406:5 › failed tracking controls have explicit shared recovery without losing unrelated weight (2.2s)
  ok 14 [desktop-chrome] › e2e\expo-web\offline-workspace.spec.ts:436:5 › a stale second tab queues day completion after durable food intent (2.4s)
  ok 15 [desktop-chrome] › e2e\expo-web\offline-workspace.spec.ts:480:5 › logout still clears the UI and revokes the browser session when intent storage rejects writes (1.1s)
  ok 16 [desktop-chrome] › e2e\expo-web\offline-workspace.spec.ts:498:5 › logout warns when storage and revocation fail and retries from memory after reconnect (1.1s)
  ok 17 [desktop-chrome] › e2e\expo-web\offline-workspace.spec.ts:525:5 › queued resume stays resolved through reload and refetch and replays one request identity (2.2s)
  ok 18 [desktop-chrome] › e2e\expo-web\offline-workspace.spec.ts:560:5 › a stale second tab cannot copy server food before another tabs saved food replays (2.1s)

  18 passed (1.4m)
