
> mobile@0.2.7 prebuild:web
> npm --prefix ../shared run build


> @calibrate/shared@0.0.0 build
> tsc -p tsconfig.build.json


> mobile@0.2.7 build:web
> node ../scripts/expo-web-build.mjs

Expo Autolinking module resolution enabled
Starting Metro Bundler

Static rendering is enabled. Learn more: https://docs.expo.dev/router/web/static-rendering/
| (node:33864) Warning: The 'NO_COLOR' env is ignored due to the 'FORCE_COLOR' env being set.
| (Use `node --trace-warnings ...` to show where the warning was created)
λ Bundled 1381ms node_modules\expo\node_modules\@expo\cli\node_modules\@expo\router-server\node\render.js (1581 modules)
Web Bundled 1675ms mobile\index.js (1866 modules)

› web bundles (6):
_expo/static/js/web/ImagePicker-24a196f2b1d89afbac2701525f740bee.js (8.6KB)
_expo/static/js/web/index-4e1a34ddd2e6cd6a39f55c64c35de5e4.js (2.1KB)
_expo/static/js/web/index-7a189975721e8f047e8434c25f538a67.js (59KB)
_expo/static/js/web/index-7f269742f2c27e634ec5b205dfce1a35.js (45KB)
_expo/static/js/web/index-fe176438fbe425746f96a3e8c82e128d.js (3.8MB)
_expo/static/js/web/ProgressExpansionContent-d1f265c2d3131d9861ae144dce8b4134.js (586B)

› Static routes (123):
/log (25KB)
/data (25KB)
/help (25KB)
/ (index) (24KB)
/terms (33KB)
/login (24KB)
/goals (25KB)
/about (25KB)
/watch (25KB)
/today (25KB)
/weight (25KB)
/barcode (22KB)
/privacy (44KB)
/support (30KB)
/devices (25KB)
/profile (25KB)
/_sitemap (23KB)
/register (24KB)
/progress (25KB)
/activity (25KB)
/advanced (25KB)
/my-foods (25KB)
/security (25KB)
/settings (25KB)
/food-log (25KB)
/+not-found (21KB)
/onboarding (24KB)
/plan-check (25KB)
/(tabs)/log (25KB)
/connections (25KB)
/(tabs)/data (25KB)
/(tabs)/help (25KB)
/preferences (25KB)
/(today)/log (25KB)
/legal-update (24KB)
/verify-email (27KB)
/(auth)/login (24KB)
/(tabs)/goals (25KB)
/weight-trend (25KB)
/(tabs)/about (25KB)
/server-admin (25KB)
/(tabs)/watch (25KB)
/(tabs)/today (25KB)
/(tabs)/weight (25KB)
/notifications (25KB)
/(today)/today (25KB)
/reset-password (28KB)
/connected-apps (25KB)
/(tabs)/devices (25KB)
/health-connect (25KB)
/(tabs)/profile (25KB)
/forgot-password (26KB)
/nutrition-label (24KB)
/(auth)/register (24KB)
/(tabs)/progress (25KB)
/(tabs)/activity (25KB)
/(tabs)/advanced (25KB)
/(settings)/data (25KB)
/(settings)/help (25KB)
/(tabs)/my-foods (25KB)
/profile-details (25KB)
/(tabs)/security (25KB)
/(tabs)/settings (25KB)
/(tabs)/food-log (25KB)
/account-deletion (30KB)
/(progress)/goals (25KB)
/(settings)/about (25KB)
/(settings)/watch (25KB)
/(today)/food-log (25KB)
/(tabs)/plan-check (25KB)
/(progress)/weight (25KB)
/(tabs)/connections (25KB)
/(settings)/devices (25KB)
/(tabs)/preferences (25KB)
/(settings)/profile (25KB)
/(tabs)/(today)/log (25KB)
/(progress)/progress (25KB)
/(tabs)/weight-trend (25KB)
/(settings)/activity (25KB)
/(settings)/advanced (25KB)
/(settings)/my-foods (25KB)
/(settings)/security (25KB)
/(tabs)/server-admin (25KB)
/(settings)/settings (25KB)
/(tabs)/notifications (25KB)
/(tabs)/(today)/today (25KB)
/(progress)/plan-check (25KB)
/(tabs)/connected-apps (25KB)
/(tabs)/health-connect (25KB)
/(today)/notifications (25KB)
/health-connect-privacy (28KB)
/(settings)/connections (25KB)
/(tabs)/(settings)/data (25KB)
/(tabs)/(settings)/help (25KB)
/(settings)/preferences (25KB)
/(tabs)/profile-details (25KB)
/(tabs)/(progress)/goals (25KB)
/(progress)/weight-trend (25KB)
/(tabs)/(settings)/about (25KB)
/(settings)/server-admin (25KB)
/(tabs)/(settings)/watch (25KB)
/(tabs)/(today)/food-log (25KB)
/(tabs)/(progress)/weight (25KB)
/(settings)/connected-apps (25KB)
/(tabs)/(settings)/devices (25KB)
/(settings)/health-connect (25KB)
/(tabs)/(settings)/profile (25KB)
/(tabs)/(progress)/progress (25KB)
/(tabs)/(settings)/activity (25KB)
/(tabs)/(settings)/advanced (25KB)
/(tabs)/(settings)/my-foods (25KB)
/(settings)/profile-details (25KB)
/(tabs)/(settings)/security (25KB)
/(tabs)/(settings)/settings (25KB)
/(tabs)/(progress)/plan-check (25KB)
/(tabs)/(today)/notifications (25KB)
/(tabs)/(settings)/connections (25KB)
/(tabs)/(settings)/preferences (25KB)
/(tabs)/(progress)/weight-trend (25KB)
/(tabs)/(settings)/server-admin (25KB)
/(tabs)/(settings)/connected-apps (25KB)
/(tabs)/(settings)/health-connect (25KB)
/(tabs)/(settings)/profile-details (25KB)

Exported: dist
Built Expo web static-routes release artifact: 4 reachable bundles; 165 precached paths.
