2026-10-07T03:59:00.0450101Z Current runner version: '2.337.0'
2026-10-07T03:59:00.0473888Z ##[group]Runner Image Provisioner
2026-10-07T03:59:00.0474936Z Hosted Compute Agent
2026-10-07T03:59:00.0475667Z Version: 20260901.588
2026-10-07T03:59:00.0476322Z Commit: f88ec8081b781fac6c440065ac7ff9e710ce3d0b
2026-10-07T03:59:00.0477053Z Build Date: 2026-09-01T19:56:44Z
2026-10-07T03:59:00.0477817Z Worker ID: {1b262a3b-ea83-4817-a3a9-9bbfa3e23483}
2026-10-07T03:59:00.0478584Z Azure Region: centralus
2026-10-07T03:59:00.0479260Z ##[endgroup]
2026-10-07T03:59:00.0480789Z ##[group]Operating System
2026-10-07T03:59:00.0481542Z Ubuntu
2026-10-07T03:59:00.0482083Z 24.04.5
2026-10-07T03:59:00.0482645Z LTS
2026-10-07T03:59:00.0483308Z ##[endgroup]
2026-10-07T03:59:00.0483874Z ##[group]Runner Image
2026-10-07T03:59:00.0484472Z Image: ubuntu-24.04
2026-10-07T03:59:00.0485641Z Version: 20260927.320.1
2026-10-07T03:59:00.0486945Z Included Software: https://github.com/actions/runner-images/blob/ubuntu24/20260927.320/images/ubuntu/Ubuntu2404-Readme.md
2026-10-07T03:59:00.0488622Z Image Release: https://github.com/actions/runner-images/releases/tag/ubuntu24%2F20260927.320
2026-10-07T03:59:00.0489625Z ##[endgroup]
2026-10-07T03:59:00.0490667Z ##[group]GITHUB_TOKEN Permissions
2026-10-07T03:59:00.0492769Z Contents: read
2026-10-07T03:59:00.0493383Z Metadata: read
2026-10-07T03:59:00.0493957Z ##[endgroup]
2026-10-07T03:59:00.0496326Z Secret source: Actions
2026-10-07T03:59:00.0497213Z Cache mode: write
2026-10-07T03:59:00.0498192Z Prepare workflow directory
2026-10-07T03:59:00.0830195Z Prepare all required actions
2026-10-07T03:59:00.0877900Z Getting action download info
2026-10-07T03:59:00.3377006Z Download action repository 'actions/checkout@v4' (SHA:11d5960a326750d5838078e36cf38b85af677262)
2026-10-07T03:59:00.4222932Z Download action repository 'actions/setup-node@v4' (SHA:49933ea5288caeca8642d1e84afbd3f7d6820020)
2026-10-07T03:59:00.5997065Z Complete job name: Backend, Shared, API Client, and Mobile Typecheck
2026-10-07T03:59:00.6781972Z ##[group]Run actions/checkout@v4
2026-10-07T03:59:00.6782828Z with:
2026-10-07T03:59:00.6783301Z   ref: ce8543483db55800034e6ed2622eeb4b9ac7f3b6
2026-10-07T03:59:00.6783925Z   repository: MChartier/calibrate-health
2026-10-07T03:59:00.6787850Z   token: ***
2026-10-07T03:59:00.6788295Z   ssh-strict: true
2026-10-07T03:59:00.6788773Z   ssh-user: git
2026-10-07T03:59:00.6789242Z   persist-credentials: true
2026-10-07T03:59:00.6789746Z   clean: true
2026-10-07T03:59:00.6790220Z   sparse-checkout-cone-mode: true
2026-10-07T03:59:00.6790785Z   fetch-depth: 1
2026-10-07T03:59:00.6791255Z   fetch-tags: false
2026-10-07T03:59:00.6791731Z   show-progress: true
2026-10-07T03:59:00.6792217Z   lfs: false
2026-10-07T03:59:00.6792667Z   submodules: false
2026-10-07T03:59:00.6793152Z   set-safe-directory: true
2026-10-07T03:59:00.6793710Z   allow-unsafe-pr-checkout: false
2026-10-07T03:59:00.6794685Z ##[endgroup]
2026-10-07T03:59:00.7736579Z Syncing repository: MChartier/calibrate-health
2026-10-07T03:59:00.7739329Z ##[group]Getting Git version info
2026-10-07T03:59:00.7740777Z Working directory is '/home/runner/work/calibrate-health/calibrate-health'
2026-10-07T03:59:00.7742689Z [command]/usr/bin/git version
2026-10-07T03:59:00.7840652Z git version 2.55.0
2026-10-07T03:59:00.7866535Z ##[endgroup]
2026-10-07T03:59:00.7882160Z Temporarily overriding HOME='/home/runner/work/_temp/6707dade-9226-489b-9b94-a63aa65b02e6' before making global git config changes
2026-10-07T03:59:00.7885077Z Adding repository directory to the temporary git global config as a safe directory
2026-10-07T03:59:00.7888208Z [command]/usr/bin/git config --global --add safe.directory /home/runner/work/calibrate-health/calibrate-health
2026-10-07T03:59:00.7937336Z Deleting the contents of '/home/runner/work/calibrate-health/calibrate-health'
2026-10-07T03:59:00.7941346Z ##[group]Initializing the repository
2026-10-07T03:59:00.7944810Z [command]/usr/bin/git init /home/runner/work/calibrate-health/calibrate-health
2026-10-07T03:59:00.8046948Z hint: Using 'master' as the name for the initial branch. This default branch name
2026-10-07T03:59:00.8049234Z hint: will change to "main" in Git 3.0. To configure the initial branch name
2026-10-07T03:59:00.8050909Z hint: to use in all of your new repositories, which will suppress this warning,
2026-10-07T03:59:00.8052346Z hint: call:
2026-10-07T03:59:00.8052981Z hint:
2026-10-07T03:59:00.8053972Z hint: 	git config --global init.defaultBranch <name>
2026-10-07T03:59:00.8055090Z hint:
2026-10-07T03:59:00.8055889Z hint: Names commonly chosen instead of 'master' are 'main', 'trunk' and
2026-10-07T03:59:00.8056964Z hint: 'development'. The just-created branch can be renamed via this command:
2026-10-07T03:59:00.8057939Z hint:
2026-10-07T03:59:00.8062261Z hint: 	git branch -m <name>
2026-10-07T03:59:00.8063196Z hint:
2026-10-07T03:59:00.8064368Z hint: Disable this message with "git config set advice.defaultBranchName false"
2026-10-07T03:59:00.8066525Z Initialized empty Git repository in /home/runner/work/calibrate-health/calibrate-health/.git/
2026-10-07T03:59:00.8069535Z [command]/usr/bin/git remote add origin https://github.com/MChartier/calibrate-health
2026-10-07T03:59:00.8113986Z ##[endgroup]
2026-10-07T03:59:00.8115457Z ##[group]Disabling automatic garbage collection
2026-10-07T03:59:00.8118291Z [command]/usr/bin/git config --local gc.auto 0
2026-10-07T03:59:00.8147372Z ##[endgroup]
2026-10-07T03:59:00.8148671Z ##[group]Setting up auth
2026-10-07T03:59:00.8160130Z [command]/usr/bin/git config --local --name-only --get-regexp core\.sshCommand
2026-10-07T03:59:00.8192008Z [command]/usr/bin/git submodule foreach --recursive sh -c "git config --local --name-only --get-regexp 'core\.sshCommand' && git config --local --unset-all 'core.sshCommand' || :"
2026-10-07T03:59:00.8555109Z [command]/usr/bin/git config --local --name-only --get-regexp http\.https\:\/\/github\.com\/\.extraheader
2026-10-07T03:59:00.8596771Z [command]/usr/bin/git submodule foreach --recursive sh -c "git config --local --name-only --get-regexp 'http\.https\:\/\/github\.com\/\.extraheader' && git config --local --unset-all 'http.https://github.com/.extraheader' || :"
2026-10-07T03:59:00.8820703Z [command]/usr/bin/git config --local --name-only --get-regexp ^includeIf\.gitdir:
2026-10-07T03:59:00.8853715Z [command]/usr/bin/git submodule foreach --recursive git config --local --show-origin --name-only --get-regexp remote.origin.url
2026-10-07T03:59:00.9062740Z [command]/usr/bin/git config --local http.https://github.com/.extraheader AUTHORIZATION: basic ***
2026-10-07T03:59:00.9099485Z ##[endgroup]
2026-10-07T03:59:00.9100274Z ##[group]Fetching the repository
2026-10-07T03:59:00.9108367Z [command]/usr/bin/git -c protocol.version=2 fetch --no-tags --prune --no-recurse-submodules --depth=1 origin ce8543483db55800034e6ed2622eeb4b9ac7f3b6
2026-10-07T03:59:02.6768180Z From https://github.com/MChartier/calibrate-health
2026-10-07T03:59:02.6770989Z  * branch            ce8543483db55800034e6ed2622eeb4b9ac7f3b6 -> FETCH_HEAD
2026-10-07T03:59:02.6777226Z ##[endgroup]
2026-10-07T03:59:02.6779690Z ##[group]Determining the checkout info
2026-10-07T03:59:02.6782412Z ##[endgroup]
2026-10-07T03:59:02.6784354Z [command]/usr/bin/git sparse-checkout disable
2026-10-07T03:59:02.6838255Z [command]/usr/bin/git config --local --unset-all extensions.worktreeConfig
2026-10-07T03:59:02.6873645Z ##[group]Checking out the ref
2026-10-07T03:59:02.6877380Z [command]/usr/bin/git checkout --progress --force ce8543483db55800034e6ed2622eeb4b9ac7f3b6
2026-10-07T03:59:02.8782012Z Note: switching to 'ce8543483db55800034e6ed2622eeb4b9ac7f3b6'.
2026-10-07T03:59:02.8783248Z 
2026-10-07T03:59:02.8783957Z You are in 'detached HEAD' state. You can look around, make experimental
2026-10-07T03:59:02.8786287Z changes and commit them, and you can discard any commits you make in this
2026-10-07T03:59:02.8788022Z state without impacting any branches by switching back to a branch.
2026-10-07T03:59:02.8789134Z 
2026-10-07T03:59:02.8790214Z If you want to create a new branch to retain commits you create, you may
2026-10-07T03:59:02.8792715Z do so (now or later) by using -c with the switch command. Example:
2026-10-07T03:59:02.8794322Z 
2026-10-07T03:59:02.8795079Z   git switch -c <new-branch-name>
2026-10-07T03:59:02.8796179Z 
2026-10-07T03:59:02.8796876Z Or undo this operation with:
2026-10-07T03:59:02.8797903Z 
2026-10-07T03:59:02.8798513Z   git switch -
2026-10-07T03:59:02.8799375Z 
2026-10-07T03:59:02.8800722Z Turn off this advice by setting config variable advice.detachedHead to false
2026-10-07T03:59:02.8802636Z 
2026-10-07T03:59:02.8804105Z HEAD is now at ce85434 Complete managed-first hosting and persistent server administration
2026-10-07T03:59:02.8810653Z ##[endgroup]
2026-10-07T03:59:02.8846429Z [command]/usr/bin/git log -1 --format=%H
2026-10-07T03:59:02.8874146Z ce8543483db55800034e6ed2622eeb4b9ac7f3b6
2026-10-07T03:59:02.9231699Z ##[group]Run actions/setup-node@v4
2026-10-07T03:59:02.9232566Z with:
2026-10-07T03:59:02.9233336Z   node-version: 22.13.0
2026-10-07T03:59:02.9234113Z   cache: npm
2026-10-07T03:59:02.9235207Z   cache-dependency-path: package-lock.json
backend/package-lock.json

2026-10-07T03:59:02.9236280Z   always-auth: false
2026-10-07T03:59:02.9237075Z   check-latest: false
2026-10-07T03:59:02.9240606Z   token: ***
2026-10-07T03:59:02.9241378Z ##[endgroup]
2026-10-07T03:59:03.0593897Z Attempting to download 22.13.0...
2026-10-07T03:59:03.0698286Z (node:2317) [DEP0040] DeprecationWarning: The `punycode` module is deprecated. Please use a userland alternative instead.
2026-10-07T03:59:03.0700215Z (Use `node --trace-deprecation ...` to show where the warning was created)
2026-10-07T03:59:03.8583441Z Acquiring 22.13.0 - x64 from https://github.com/actions/node-versions/releases/download/22.13.0-12683784390/node-22.13.0-linux-x64.tar.gz
2026-10-07T03:59:04.4372191Z Extracting ...
2026-10-07T03:59:04.4489231Z [command]/usr/bin/tar xz --strip 1 --warning=no-unknown-keyword --overwrite -C /home/runner/work/_temp/5c037038-1a40-4665-92d3-0d9bdb4be436 -f /home/runner/work/_temp/65d624cf-9177-4d8c-8f11-f930882ba967
2026-10-07T03:59:05.5796861Z Adding to the cache ...
2026-10-07T03:59:07.5311555Z ##[group]Environment details
2026-10-07T03:59:07.7510757Z node: v22.13.0
2026-10-07T03:59:07.7511247Z npm: 10.9.2
2026-10-07T03:59:07.7511562Z yarn: 1.22.22
2026-10-07T03:59:07.7512304Z ##[endgroup]
2026-10-07T03:59:07.7532602Z [command]/opt/hostedtoolcache/node/22.13.0/x64/bin/npm config get cache
2026-10-07T03:59:07.8428515Z /home/runner/.npm
2026-10-07T03:59:08.0003001Z npm cache is not found
2026-10-07T03:59:08.0180448Z ##[group]Run npm ci --no-audit --fund=false
2026-10-07T03:59:08.0180927Z [36;1mnpm ci --no-audit --fund=false[0m
2026-10-07T03:59:08.0441949Z shell: /usr/bin/bash -e {0}
2026-10-07T03:59:08.0442281Z ##[endgroup]
2026-10-07T03:59:11.1568905Z npm warn deprecated inflight@1.0.6: This module is not supported, and leaks memory. Do not use it. Check out lru-cache if you want a good and tested way to coalesce async requests by a key value, which is much more comprehensive and powerful.
2026-10-07T03:59:14.0419675Z npm warn deprecated glob@7.2.3: Old versions of glob are not supported, and contain widely publicized security vulnerabilities, which have been fixed in the current version. Please update. Support for old versions may be purchased (at exorbitant rates) by contacting i@izs.me
2026-10-07T03:59:14.4990839Z npm warn deprecated glob@7.2.3: Old versions of glob are not supported, and contain widely publicized security vulnerabilities, which have been fixed in the current version. Please update. Support for old versions may be purchased (at exorbitant rates) by contacting i@izs.me
2026-10-07T03:59:14.5645079Z npm warn deprecated glob@7.2.3: Old versions of glob are not supported, and contain widely publicized security vulnerabilities, which have been fixed in the current version. Please update. Support for old versions may be purchased (at exorbitant rates) by contacting i@izs.me
2026-10-07T03:59:14.6981973Z npm warn deprecated glob@7.2.3: Old versions of glob are not supported, and contain widely publicized security vulnerabilities, which have been fixed in the current version. Please update. Support for old versions may be purchased (at exorbitant rates) by contacting i@izs.me
2026-10-07T03:59:22.7527482Z 
2026-10-07T03:59:22.7528114Z added 889 packages in 15s
2026-10-07T03:59:22.8232609Z ##[group]Run npm ci --prefix backend --no-audit --fund=false
2026-10-07T03:59:22.8233102Z [36;1mnpm ci --prefix backend --no-audit --fund=false[0m
2026-10-07T03:59:22.8303730Z shell: /usr/bin/bash -e {0}
2026-10-07T03:59:22.8304014Z ##[endgroup]
2026-10-07T03:59:30.6749304Z 
2026-10-07T03:59:30.6750065Z added 430 packages in 8s
2026-10-07T03:59:30.7163785Z ##[group]Run npm run lint
2026-10-07T03:59:30.7164263Z [36;1mnpm run lint[0m
2026-10-07T03:59:30.7238800Z shell: /usr/bin/bash -e {0}
2026-10-07T03:59:30.7239109Z ##[endgroup]
2026-10-07T03:59:30.8413685Z 
2026-10-07T03:59:30.8414036Z > cal-io@0.38.0 lint
2026-10-07T03:59:30.8414925Z > npm run lint:backend && npm run lint:shared && npm run lint:api-client && npm run lint:mobile
2026-10-07T03:59:30.8415643Z 
2026-10-07T03:59:30.9471898Z 
2026-10-07T03:59:30.9472481Z > cal-io@0.38.0 lint:backend
2026-10-07T03:59:30.9473051Z > npm --prefix backend run typecheck
2026-10-07T03:59:30.9473274Z 
2026-10-07T03:59:31.0497788Z 
2026-10-07T03:59:31.0498275Z > backend@0.38.0 pretypecheck
2026-10-07T03:59:31.0498923Z > npm run prisma:generate
2026-10-07T03:59:31.0499224Z 
2026-10-07T03:59:31.1805505Z 
2026-10-07T03:59:31.1806497Z > backend@0.38.0 prisma:generate
2026-10-07T03:59:31.1807129Z > prisma generate
2026-10-07T03:59:31.1807374Z 
2026-10-07T03:59:32.3408068Z Loaded Prisma config from prisma.config.ts.
2026-10-07T03:59:32.3408933Z 
2026-10-07T03:59:32.4378519Z Prisma schema loaded from prisma/schema.prisma.
2026-10-07T03:59:33.0503236Z 
2026-10-07T03:59:33.0504812Z ✔ Generated Prisma Client (v7.9.0) to ./node_modules/@prisma/client in 415ms
2026-10-07T03:59:33.0505260Z 
2026-10-07T03:59:33.0505691Z Start by importing your Prisma Client (See: https://pris.ly/d/importing-client)
2026-10-07T03:59:33.0506104Z 
2026-10-07T03:59:33.0506141Z 
2026-10-07T03:59:33.0782928Z 
2026-10-07T03:59:33.0783481Z > backend@0.38.0 typecheck
2026-10-07T03:59:33.0784151Z > tsc --noEmit -p tsconfig.build.json
2026-10-07T03:59:33.0784496Z 
2026-10-07T03:59:39.9470530Z 
2026-10-07T03:59:39.9471174Z > cal-io@0.38.0 lint:shared
2026-10-07T03:59:39.9471789Z > npm --prefix shared run typecheck
2026-10-07T03:59:39.9471989Z 
2026-10-07T03:59:40.0370311Z 
2026-10-07T03:59:40.0371160Z > @calibrate/shared@0.0.0 typecheck
2026-10-07T03:59:40.0371759Z > tsc --noEmit -p tsconfig.build.json
2026-10-07T03:59:40.0372188Z 
2026-10-07T03:59:40.9309472Z 
2026-10-07T03:59:40.9310205Z > cal-io@0.38.0 lint:api-client
2026-10-07T03:59:40.9310999Z > npm --prefix packages/api-client run typecheck
2026-10-07T03:59:40.9311360Z 
2026-10-07T03:59:41.0219183Z 
2026-10-07T03:59:41.0219851Z > @calibrate/api-client@0.0.0 typecheck
2026-10-07T03:59:41.0220475Z > tsc -p tsconfig.json
2026-10-07T03:59:41.0220644Z 
2026-10-07T03:59:42.7762175Z 
2026-10-07T03:59:42.7762977Z > cal-io@0.38.0 lint:mobile
2026-10-07T03:59:42.7763652Z > npm --prefix mobile run typecheck
2026-10-07T03:59:42.7763957Z 
2026-10-07T03:59:42.8643482Z 
2026-10-07T03:59:42.8644047Z > mobile@0.2.7 typecheck
2026-10-07T03:59:42.8644495Z > tsc --noEmit
2026-10-07T03:59:42.8645065Z 
2026-10-07T03:59:52.2929218Z ##[group]Run npm run test:dead-code
2026-10-07T03:59:52.2929561Z [36;1mnpm run test:dead-code[0m
2026-10-07T03:59:52.2993106Z shell: /usr/bin/bash -e {0}
2026-10-07T03:59:52.2993387Z ##[endgroup]
2026-10-07T03:59:52.3972343Z 
2026-10-07T03:59:52.3973478Z > cal-io@0.38.0 test:dead-code
2026-10-07T03:59:52.3974795Z > node --test scripts/knip-config.test.mjs && npm run knip && npm run knip:production
2026-10-07T03:59:52.3975497Z 
2026-10-07T03:59:52.4356178Z TAP version 13
2026-10-07T03:59:52.4727092Z # Subtest: Knip is pinned and dead-code scripts never auto-fix
2026-10-07T03:59:52.4731232Z ok 1 - Knip is pinned and dead-code scripts never auto-fix
2026-10-07T03:59:52.4732507Z   ---
2026-10-07T03:59:52.4733325Z   duration_ms: 1.072111
2026-10-07T03:59:52.4733723Z   ...
2026-10-07T03:59:52.4738735Z # Subtest: Knip models every package boundary in the repository
2026-10-07T03:59:52.4739759Z ok 2 - Knip models every package boundary in the repository
2026-10-07T03:59:52.4740570Z   ---
2026-10-07T03:59:52.4741061Z   duration_ms: 1.603072
2026-10-07T03:59:52.4741562Z   ...
2026-10-07T03:59:52.4742400Z # Subtest: dynamic workflow, plugin, scenario, and Playwright entry points stay discoverable
2026-10-07T03:59:52.4744265Z ok 3 - dynamic workflow, plugin, scenario, and Playwright entry points stay discoverable
2026-10-07T03:59:52.4745436Z   ---
2026-10-07T03:59:52.4745892Z   duration_ms: 0.386276
2026-10-07T03:59:52.4746384Z   ...
2026-10-07T03:59:52.4747224Z # Subtest: Knip keeps blocking rules and generated/config boundaries explicit
2026-10-07T03:59:52.4748506Z ok 4 - Knip keeps blocking rules and generated/config boundaries explicit
2026-10-07T03:59:52.4749428Z   ---
2026-10-07T03:59:52.4749988Z   duration_ms: 0.17847
2026-10-07T03:59:52.4750614Z   ...
2026-10-07T03:59:52.4751579Z # Subtest: pull-request lint blocks on dead-code checks after typecheck
2026-10-07T03:59:52.4752805Z ok 5 - pull-request lint blocks on dead-code checks after typecheck
2026-10-07T03:59:52.4753687Z   ---
2026-10-07T03:59:52.4754282Z   duration_ms: 0.224166
2026-10-07T03:59:52.4755295Z   ...
2026-10-07T03:59:52.4827791Z 1..5
2026-10-07T03:59:52.4828143Z # tests 5
2026-10-07T03:59:52.4828763Z # suites 0
2026-10-07T03:59:52.4829321Z # pass 5
2026-10-07T03:59:52.4829902Z # fail 0
2026-10-07T03:59:52.4830463Z # cancelled 0
2026-10-07T03:59:52.4831004Z # skipped 0
2026-10-07T03:59:52.4831518Z # todo 0
2026-10-07T03:59:52.4832321Z # duration_ms 58.493523
2026-10-07T03:59:52.5778571Z 
2026-10-07T03:59:52.5779241Z > cal-io@0.38.0 knip
2026-10-07T03:59:52.5779772Z > knip
2026-10-07T03:59:52.5779991Z 
2026-10-07T03:59:55.4421769Z 
2026-10-07T03:59:55.4422378Z > cal-io@0.38.0 knip:production
2026-10-07T03:59:55.4422966Z > knip --production --exclude exports,types
2026-10-07T03:59:55.4423228Z 
2026-10-07T03:59:57.5121721Z Post job cleanup.
2026-10-07T03:59:57.6462904Z (node:2680) [DEP0040] DeprecationWarning: The `punycode` module is deprecated. Please use a userland alternative instead.
2026-10-07T03:59:57.6463704Z (Use `node --trace-deprecation ...` to show where the warning was created)
2026-10-07T03:59:57.6670826Z [command]/usr/bin/tar --posix -cf cache.tzst --exclude cache.tzst -P -C /home/runner/work/calibrate-health/calibrate-health --files-from manifest.txt --use-compress-program zstdmt
2026-10-07T03:59:58.4328821Z (node:2680) [DEP0169] DeprecationWarning: `url.parse()` behavior is not standardized and prone to errors that have security implications. Use the WHATWG URL API instead. CVEs are not issued for `url.parse()` vulnerabilities.
2026-10-07T03:59:59.4226728Z Sent 0 of 335047060 (0.0%), 0.0 MBs/sec
2026-10-07T03:59:59.9931955Z Sent 335047060 of 335047060 (100.0%), 202.9 MBs/sec
2026-10-07T04:00:00.1659080Z Cache saved with the key: node-cache-Linux-x64-npm-54dd681d7cb8a0a0b08b565f2fb2ed7a87475df9f06a8d975b608543233cd4db
2026-10-07T04:00:00.1832509Z Post job cleanup.
2026-10-07T04:00:00.2687512Z [command]/usr/bin/git version
2026-10-07T04:00:00.2731878Z git version 2.55.0
2026-10-07T04:00:00.2772738Z Temporarily overriding HOME='/home/runner/work/_temp/87649488-91e3-48b1-9dbd-489c3d07f3a3' before making global git config changes
2026-10-07T04:00:00.2774340Z Adding repository directory to the temporary git global config as a safe directory
2026-10-07T04:00:00.2779942Z [command]/usr/bin/git config --global --add safe.directory /home/runner/work/calibrate-health/calibrate-health
2026-10-07T04:00:00.2819862Z [command]/usr/bin/git config --local --name-only --get-regexp core\.sshCommand
2026-10-07T04:00:00.2858241Z [command]/usr/bin/git submodule foreach --recursive sh -c "git config --local --name-only --get-regexp 'core\.sshCommand' && git config --local --unset-all 'core.sshCommand' || :"
2026-10-07T04:00:00.3123934Z [command]/usr/bin/git config --local --name-only --get-regexp http\.https\:\/\/github\.com\/\.extraheader
2026-10-07T04:00:00.3157158Z http.https://github.com/.extraheader
2026-10-07T04:00:00.3171827Z [command]/usr/bin/git config --local --unset-all http.https://github.com/.extraheader
2026-10-07T04:00:00.3210850Z [command]/usr/bin/git submodule foreach --recursive sh -c "git config --local --name-only --get-regexp 'http\.https\:\/\/github\.com\/\.extraheader' && git config --local --unset-all 'http.https://github.com/.extraheader' || :"
2026-10-07T04:00:00.3462902Z [command]/usr/bin/git config --local --name-only --get-regexp ^includeIf\.gitdir:
2026-10-07T04:00:00.3503897Z [command]/usr/bin/git submodule foreach --recursive git config --local --show-origin --name-only --get-regexp remote.origin.url
2026-10-07T04:00:00.3905563Z Cleaning up orphan processes
2026-10-07T04:00:00.4191307Z ##[warning]Node.js 20 is deprecated. The following actions target Node.js 20 but are being forced to run on Node.js 24: actions/checkout@v4, actions/setup-node@v4. For more information see: https://github.blog/changelog/2025-09-19-deprecation-of-node-20-on-github-actions-runners/
