Γ£ö account export returns canonical versioned tracking data without credentials (1538.1928ms)
Γ£ö account export returns null for a missing account (9.8117ms)
Γ£ö account deletion checks server access in the same lock before deleting the selected account root (7.1821ms)
Γ£ö account deletion keeps the account when server access prevents removal (6.2399ms)
Γ£ö account deletion returns false when the account is already missing (6.2196ms)
Γ£ö portable export preserves captured and unavailable day plans through JSON serialization (16.3004ms)
Γ£ö export v10 retains both manual pace and nullable legacy revision provenance (5.3325ms)
Γ£ö user route: rejects unauthenticated requests via router.use middleware (3150.5423ms)
Γ£ö user route: GET /me returns 404 when the user row is missing (54.2365ms)
Γ£ö user route: GET /me returns serialized user data (61.8811ms)
Γ£ö user route: PUT /profile-image validates data_url input (48.2385ms)
Γ£ö user route: PUT /profile-image rejects invalid profile image payloads (42.7807ms)
Γ£ö user route: PUT /profile-image stores bytes and returns a data URL (50.9563ms)
Γ£ö user route: PATCH /password validates request shape and rejects identical passwords (46.2693ms)
Γ£ö user route: PATCH /password updates password when current password matches (47.3425ms)
Γ£ö user route: GET /account/export returns a no-store attachment (36.6639ms)
Γ£ö user route: DELETE /account requires and verifies the current password (44.9826ms)
Γ£ö user route: DELETE /account deletes data, destroys the request session, and clears the cookie (33.9875ms)
Γ£ö user route: DELETE /account returns an actionable conflict and preserves the last admin session (36.412ms)
Γ£ö user route: PATCH /preferences validates reminder preference booleans (35.1996ms)
Γ£ö user route: PATCH /preferences updates reminder preference fields (56.3617ms)
Γ£ö user route: PATCH /preferences validates haptics_enabled boolean (36.9785ms)
Γ£ö user route: PATCH /preferences updates haptics_enabled field (35.7767ms)
Γ£ö user route: GET /profile reads the latest goal with deterministic ordering (47.8435ms)
Γ£ö user route: PATCH /profile fails invalid legacy timezones closed and marks the current goal in the same transaction (34.3762ms)
Γ£ö user route: a profile serialization conflict returns a retryable conflict (33.047ms)
Γ£ö first-user bootstrap is atomic, self-hosted only, and ignores caller-supplied roles (2668.6137ms)
Γ£ö managed deployment never auto-promotes, independent of NODE_ENV, and ownership does not reopen (367.4603ms)
Γ£ö bootstrap policy accepts self-hosted defaults and fails closed for unknown hosting flags (54.2824ms)
Γ£ö populated upgrades and later empty databases never grant a new signup ownership (59.5519ms)
Γ£ö legacy grants import existing strict ids exactly once and never reserve nonexistent ids (62.1712ms)
Γ£ö the sole admin, including an unverified bootstrap owner, cannot be removed or replaced by an unverified account (54.8082ms)
Γ£ö concurrent admin demotions/deletions retain a verified administrator and immediately reject stale privileges (159.8131ms)
Γ£ö directory, role changes, and settings enforce database authorization with safe bounded responses (625.8728ms)
Γ£ö both browser and mobile signup use first-user ownership and cannot request extra roles (509.3563ms)
Γ£ö failed SMTP delivery retains the unverified owner with a recovery message and no effective privileges (304.4487ms)
Γ£ö a member verified during failed-delivery cleanup is preserved by the atomic delete predicate (50.9757ms)
Γ£ö operator recovery grants only an existing verified account and preserves the one-time import boundary (56.084ms)
Γ£ö operator recovery fails closed on legacy case-variant duplicate emails and accepts an explicit existing id (48.9349ms)
Γ£ö role migration defaults existing users to member and records empty-install eligibility once (0.7789ms)
Γ£ö directory scans do not take the ownership lock and reject a mid-scan revocation (44.3528ms)
Γä╣ tests 41
Γä╣ suites 0
Γä╣ pass 41
Γä╣ fail 0
Γä╣ cancelled 0
Γä╣ skipped 0
Γä╣ todo 0
Γä╣ duration_ms 5533.8552
