
Running 104 tests using 2 workers

(node:30556) Warning: The 'NO_COLOR' env is ignored due to the 'FORCE_COLOR' env being set.
(Use `node --trace-warnings ...` to show where the warning was created)
(node:36792) Warning: The 'NO_COLOR' env is ignored due to the 'FORCE_COLOR' env being set.
(Use `node --trace-warnings ...` to show where the warning was created)
  ok   2 [desktop-chrome] ΓÇ║ e2e\expo-web\launch-17-notification-center.spec.ts:37:5 ΓÇ║ five reminders retain global count, new-arrival refresh, dismissal and local-date actions (1.7s)
  ok   1 [desktop-chrome] ΓÇ║ e2e\expo-web\launch-17-notification-center.spec.ts:9:5 ΓÇ║ empty reminders remain accessible from Today, Progress and Settings without an archive (3.0s)
  ok   3 [desktop-chrome] ΓÇ║ e2e\expo-web\launch-17-notification-center.spec.ts:67:5 ΓÇ║ weight reminder routing survives close/reopen and browser Back/Forward (1.3s)
  ok   5 [desktop-chrome] ΓÇ║ e2e\expo-web\launch-17-notification-center.spec.ts:106:5 ΓÇ║ loading reminders exposes no archive or false empty state and settles honestly (799ms)
  ok   6 [desktop-chrome] ΓÇ║ e2e\expo-web\launch-17-notification-center.spec.ts:123:5 ΓÇ║ the populated reminder panel is retained on Progress and Settings (1.4s)
  ok   4 [desktop-chrome] ΓÇ║ e2e\expo-web\launch-17-notification-center.spec.ts:87:5 ΓÇ║ fetch failure never reassures falsely and Retry restores current reminders (7.6s)
  ok   8 [desktop-chrome] ΓÇ║ e2e\expo-web\launch-17-notification-center.spec.ts:167:7 ΓÇ║ read failure preserves reminder/count, blocks repeated actions, and recovers (964ms)
  ok   9 [desktop-chrome] ΓÇ║ e2e\expo-web\launch-17-notification-center.spec.ts:167:7 ΓÇ║ dismiss failure preserves reminder/count, blocks repeated actions, and recovers (850ms)
  ok  10 [desktop-chrome] ΓÇ║ e2e\expo-web\launch-17-notification-center.spec.ts:195:5 ΓÇ║ an offline reminder open settles without trapping the editor and can recover online (1.0s)
  ok   7 [desktop-chrome] ΓÇ║ e2e\expo-web\launch-17-notification-center.spec.ts:140:5 ΓÇ║ cached reminders survive offline and failed refresh before recovery (8.6s)
  ok  12 [desktop-chrome] ΓÇ║ e2e\expo-web\launch-17-notification-center.spec.ts:267:5 ΓÇ║ a failed reminder read preserves the dirty Preferences draft and permits a guarded retry (1.4s)
  ok  11 [desktop-chrome] ΓÇ║ e2e\expo-web\launch-17-notification-center.spec.ts:228:5 ΓÇ║ a successful reminder read navigates while its refresh is paused offline and recovers online (2.3s)
  ok  13 [desktop-chrome] ΓÇ║ e2e\expo-web\launch-17-notification-center.spec.ts:326:5 ΓÇ║ Preferences retains browser permission recovery and guarded reminder navigation (1.8s)
  ok  15 [desktop-chrome] ΓÇ║ e2e\expo-web\nested-route-stacks.spec.ts:41:5 ΓÇ║ unknown notification subpaths retain not-found recovery (5.5s)
  ok  16 [desktop-chrome] ΓÇ║ e2e\expo-web\nested-route-stacks.spec.ts:51:5 ΓÇ║ signed-in legal pages retain Settings navigation without the history shortcut (1.5s)
  ok  17 [desktop-chrome] ΓÇ║ e2e\expo-web\nested-route-stacks.spec.ts:98:5 ΓÇ║ Trend keeps the app shell and browser Back collapses into Progress (950ms)
  ok  18 [desktop-chrome] ΓÇ║ e2e\expo-web\nested-route-stacks.spec.ts:121:5 ΓÇ║ Activity direct entry falls back to its registered Connections parent (749ms)
  ok  19 [desktop-chrome] ΓÇ║ e2e\expo-web\nested-route-stacks.spec.ts:137:5 ΓÇ║ Food log returns to Today with browser Back on a compact phone (1.0s)
  ok  20 [desktop-chrome] ΓÇ║ e2e\expo-web\nested-route-stacks.spec.ts:155:5 ΓÇ║ Saved Foods is discoverable from Settings and returns through real history (873ms)
  ok  14 [desktop-chrome] ΓÇ║ e2e\expo-web\nested-route-stacks.spec.ts:8:5 ΓÇ║ legacy notifications bookmarks replace themselves with Today and cannot reopen history (15.2s)
  ok  22 [desktop-chrome] ΓÇ║ e2e\expo-web\nested-route-stacks.spec.ts:187:5 ΓÇ║ signed-out not-found recovery returns to the hosted home (486ms)
  ok  23 [desktop-chrome] ΓÇ║ e2e\expo-web\notification-legacy-gates.spec.ts:3:5 ΓÇ║ legacy notifications preserves sign-in gating on direct entry and reload (639ms)
  ok  24 [desktop-chrome] ΓÇ║ e2e\expo-web\notification-legacy-gates.spec.ts:16:7 ΓÇ║ legacy notifications preserves the email_verification_required account gate (638ms)
  ok  21 [desktop-chrome] ΓÇ║ e2e\expo-web\nested-route-stacks.spec.ts:175:5 ΓÇ║ signed-in not-found recovery returns to Today (5.5s)
  ok  25 [desktop-chrome] ΓÇ║ e2e\expo-web\notification-legacy-gates.spec.ts:16:7 ΓÇ║ legacy notifications preserves the legal_acceptance_required account gate (793ms)
  ok  26 [desktop-chrome] ΓÇ║ e2e\expo-web\notification-legacy-gates.spec.ts:33:5 ΓÇ║ legacy notifications preserves incomplete-profile onboarding (611ms)
(node:35420) Warning: The 'NO_COLOR' env is ignored due to the 'FORCE_COLOR' env being set.
(Use `node --trace-warnings ...` to show where the warning was created)
(node:9248) Warning: The 'NO_COLOR' env is ignored due to the 'FORCE_COLOR' env being set.
(Use `node --trace-warnings ...` to show where the warning was created)
  ok  28 [tablet-chrome] ΓÇ║ e2e\expo-web\launch-17-notification-center.spec.ts:37:5 ΓÇ║ five reminders retain global count, new-arrival refresh, dismissal and local-date actions (1.7s)
  ok  27 [tablet-chrome] ΓÇ║ e2e\expo-web\launch-17-notification-center.spec.ts:9:5 ΓÇ║ empty reminders remain accessible from Today, Progress and Settings without an archive (3.0s)
  ok  29 [tablet-chrome] ΓÇ║ e2e\expo-web\launch-17-notification-center.spec.ts:67:5 ΓÇ║ weight reminder routing survives close/reopen and browser Back/Forward (1.3s)
  ok  31 [tablet-chrome] ΓÇ║ e2e\expo-web\launch-17-notification-center.spec.ts:106:5 ΓÇ║ loading reminders exposes no archive or false empty state and settles honestly (855ms)
  ok  32 [tablet-chrome] ΓÇ║ e2e\expo-web\launch-17-notification-center.spec.ts:123:5 ΓÇ║ the populated reminder panel is retained on Progress and Settings (1.5s)
  ok  30 [tablet-chrome] ΓÇ║ e2e\expo-web\launch-17-notification-center.spec.ts:87:5 ΓÇ║ fetch failure never reassures falsely and Retry restores current reminders (7.7s)
  ok  34 [tablet-chrome] ΓÇ║ e2e\expo-web\launch-17-notification-center.spec.ts:167:7 ΓÇ║ read failure preserves reminder/count, blocks repeated actions, and recovers (900ms)
  ok  35 [tablet-chrome] ΓÇ║ e2e\expo-web\launch-17-notification-center.spec.ts:167:7 ΓÇ║ dismiss failure preserves reminder/count, blocks repeated actions, and recovers (807ms)
  ok  36 [tablet-chrome] ΓÇ║ e2e\expo-web\launch-17-notification-center.spec.ts:195:5 ΓÇ║ an offline reminder open settles without trapping the editor and can recover online (1.1s)
  ok  33 [tablet-chrome] ΓÇ║ e2e\expo-web\launch-17-notification-center.spec.ts:140:5 ΓÇ║ cached reminders survive offline and failed refresh before recovery (8.5s)
  ok  38 [tablet-chrome] ΓÇ║ e2e\expo-web\launch-17-notification-center.spec.ts:267:5 ΓÇ║ a failed reminder read preserves the dirty Preferences draft and permits a guarded retry (1.5s)
  ok  37 [tablet-chrome] ΓÇ║ e2e\expo-web\launch-17-notification-center.spec.ts:228:5 ΓÇ║ a successful reminder read navigates while its refresh is paused offline and recovers online (2.3s)
  ok  39 [tablet-chrome] ΓÇ║ e2e\expo-web\launch-17-notification-center.spec.ts:326:5 ΓÇ║ Preferences retains browser permission recovery and guarded reminder navigation (1.8s)
  ok  41 [tablet-chrome] ΓÇ║ e2e\expo-web\nested-route-stacks.spec.ts:41:5 ΓÇ║ unknown notification subpaths retain not-found recovery (730ms)
  ok  42 [tablet-chrome] ΓÇ║ e2e\expo-web\nested-route-stacks.spec.ts:51:5 ΓÇ║ signed-in legal pages retain Settings navigation without the history shortcut (1.5s)
  ok  43 [tablet-chrome] ΓÇ║ e2e\expo-web\nested-route-stacks.spec.ts:98:5 ΓÇ║ Trend keeps the app shell and browser Back collapses into Progress (973ms)
  ok  44 [tablet-chrome] ΓÇ║ e2e\expo-web\nested-route-stacks.spec.ts:121:5 ΓÇ║ Activity direct entry falls back to its registered Connections parent (755ms)
  ok  45 [tablet-chrome] ΓÇ║ e2e\expo-web\nested-route-stacks.spec.ts:137:5 ΓÇ║ Food log returns to Today with browser Back on a compact phone (994ms)
  ok  46 [tablet-chrome] ΓÇ║ e2e\expo-web\nested-route-stacks.spec.ts:155:5 ΓÇ║ Saved Foods is discoverable from Settings and returns through real history (878ms)
  ok  47 [tablet-chrome] ΓÇ║ e2e\expo-web\nested-route-stacks.spec.ts:175:5 ΓÇ║ signed-in not-found recovery returns to Today (686ms)
  ok  48 [tablet-chrome] ΓÇ║ e2e\expo-web\nested-route-stacks.spec.ts:187:5 ΓÇ║ signed-out not-found recovery returns to the hosted home (492ms)
  ok  49 [tablet-chrome] ΓÇ║ e2e\expo-web\notification-legacy-gates.spec.ts:3:5 ΓÇ║ legacy notifications preserves sign-in gating on direct entry and reload (673ms)
  ok  50 [tablet-chrome] ΓÇ║ e2e\expo-web\notification-legacy-gates.spec.ts:16:7 ΓÇ║ legacy notifications preserves the email_verification_required account gate (636ms)
  ok  51 [tablet-chrome] ΓÇ║ e2e\expo-web\notification-legacy-gates.spec.ts:16:7 ΓÇ║ legacy notifications preserves the legal_acceptance_required account gate (736ms)
  ok  52 [tablet-chrome] ΓÇ║ e2e\expo-web\notification-legacy-gates.spec.ts:33:5 ΓÇ║ legacy notifications preserves incomplete-profile onboarding (563ms)
  ok  40 [tablet-chrome] ΓÇ║ e2e\expo-web\nested-route-stacks.spec.ts:8:5 ΓÇ║ legacy notifications bookmarks replace themselves with Today and cannot reopen history (17.7s)
(node:6980) Warning: The 'NO_COLOR' env is ignored due to the 'FORCE_COLOR' env being set.
(Use `node --trace-warnings ...` to show where the warning was created)
  ok  53 [android-phone-chrome] ΓÇ║ e2e\expo-web\launch-17-notification-center.spec.ts:9:5 ΓÇ║ empty reminders remain accessible from Today, Progress and Settings without an archive (2.7s)
  ok  54 [android-phone-chrome] ΓÇ║ e2e\expo-web\launch-17-notification-center.spec.ts:67:5 ΓÇ║ weight reminder routing survives close/reopen and browser Back/Forward (1.1s)
(node:10776) Warning: The 'NO_COLOR' env is ignored due to the 'FORCE_COLOR' env being set.
(Use `node --trace-warnings ...` to show where the warning was created)
  ok  56 [android-phone-chrome] ΓÇ║ e2e\expo-web\launch-17-notification-center.spec.ts:37:5 ΓÇ║ five reminders retain global count, new-arrival refresh, dismissal and local-date actions (1.4s)
  ok  57 [android-phone-chrome] ΓÇ║ e2e\expo-web\launch-17-notification-center.spec.ts:106:5 ΓÇ║ loading reminders exposes no archive or false empty state and settles honestly (738ms)
  ok  58 [android-phone-chrome] ΓÇ║ e2e\expo-web\launch-17-notification-center.spec.ts:123:5 ΓÇ║ the populated reminder panel is retained on Progress and Settings (1.4s)
  ok  55 [android-phone-chrome] ΓÇ║ e2e\expo-web\launch-17-notification-center.spec.ts:87:5 ΓÇ║ fetch failure never reassures falsely and Retry restores current reminders (7.6s)
  ok  60 [android-phone-chrome] ΓÇ║ e2e\expo-web\launch-17-notification-center.spec.ts:167:7 ΓÇ║ read failure preserves reminder/count, blocks repeated actions, and recovers (869ms)
  ok  61 [android-phone-chrome] ΓÇ║ e2e\expo-web\launch-17-notification-center.spec.ts:167:7 ΓÇ║ dismiss failure preserves reminder/count, blocks repeated actions, and recovers (807ms)
  ok  62 [android-phone-chrome] ΓÇ║ e2e\expo-web\launch-17-notification-center.spec.ts:195:5 ΓÇ║ an offline reminder open settles without trapping the editor and can recover online (1.1s)
  ok  63 [android-phone-chrome] ΓÇ║ e2e\expo-web\launch-17-notification-center.spec.ts:228:5 ΓÇ║ a successful reminder read navigates while its refresh is paused offline and recovers online (2.2s)
  ok  64 [android-phone-chrome] ΓÇ║ e2e\expo-web\launch-17-notification-center.spec.ts:267:5 ΓÇ║ a failed reminder read preserves the dirty Preferences draft and permits a guarded retry (1.4s)
  ok  59 [android-phone-chrome] ΓÇ║ e2e\expo-web\launch-17-notification-center.spec.ts:140:5 ΓÇ║ cached reminders survive offline and failed refresh before recovery (8.5s)
  ok  65 [android-phone-chrome] ΓÇ║ e2e\expo-web\launch-17-notification-center.spec.ts:326:5 ΓÇ║ Preferences retains browser permission recovery and guarded reminder navigation (1.7s)
  ok  67 [android-phone-chrome] ΓÇ║ e2e\expo-web\nested-route-stacks.spec.ts:41:5 ΓÇ║ unknown notification subpaths retain not-found recovery (5.5s)
  ok  68 [android-phone-chrome] ΓÇ║ e2e\expo-web\nested-route-stacks.spec.ts:51:5 ΓÇ║ signed-in legal pages retain Settings navigation without the history shortcut (1.4s)
  ok  69 [android-phone-chrome] ΓÇ║ e2e\expo-web\nested-route-stacks.spec.ts:98:5 ΓÇ║ Trend keeps the app shell and browser Back collapses into Progress (961ms)
  ok  70 [android-phone-chrome] ΓÇ║ e2e\expo-web\nested-route-stacks.spec.ts:121:5 ΓÇ║ Activity direct entry falls back to its registered Connections parent (739ms)
  ok  71 [android-phone-chrome] ΓÇ║ e2e\expo-web\nested-route-stacks.spec.ts:137:5 ΓÇ║ Food log returns to Today with browser Back on a compact phone (1.0s)
  ok  72 [android-phone-chrome] ΓÇ║ e2e\expo-web\nested-route-stacks.spec.ts:155:5 ΓÇ║ Saved Foods is discoverable from Settings and returns through real history (823ms)
  ok  66 [android-phone-chrome] ΓÇ║ e2e\expo-web\nested-route-stacks.spec.ts:8:5 ΓÇ║ legacy notifications bookmarks replace themselves with Today and cannot reopen history (16.5s)
  ok  73 [android-phone-chrome] ΓÇ║ e2e\expo-web\nested-route-stacks.spec.ts:175:5 ΓÇ║ signed-in not-found recovery returns to Today (5.5s)
  ok  74 [android-phone-chrome] ΓÇ║ e2e\expo-web\nested-route-stacks.spec.ts:187:5 ΓÇ║ signed-out not-found recovery returns to the hosted home (506ms)
  ok  75 [android-phone-chrome] ΓÇ║ e2e\expo-web\notification-legacy-gates.spec.ts:3:5 ΓÇ║ legacy notifications preserves sign-in gating on direct entry and reload (760ms)
  ok  76 [android-phone-chrome] ΓÇ║ e2e\expo-web\notification-legacy-gates.spec.ts:16:7 ΓÇ║ legacy notifications preserves the email_verification_required account gate (706ms)
  ok  78 [android-phone-chrome] ΓÇ║ e2e\expo-web\notification-legacy-gates.spec.ts:33:5 ΓÇ║ legacy notifications preserves incomplete-profile onboarding (622ms)
  ok  77 [android-phone-chrome] ΓÇ║ e2e\expo-web\notification-legacy-gates.spec.ts:16:7 ΓÇ║ legacy notifications preserves the legal_acceptance_required account gate (767ms)
(node:37948) Warning: The 'NO_COLOR' env is ignored due to the 'FORCE_COLOR' env being set.
(Use `node --trace-warnings ...` to show where the warning was created)
(node:39468) Warning: The 'NO_COLOR' env is ignored due to the 'FORCE_COLOR' env being set.
(Use `node --trace-warnings ...` to show where the warning was created)
  ok  80 [compact-phone-chrome] ΓÇ║ e2e\expo-web\launch-17-notification-center.spec.ts:37:5 ΓÇ║ five reminders retain global count, new-arrival refresh, dismissal and local-date actions (1.6s)
  ok  79 [compact-phone-chrome] ΓÇ║ e2e\expo-web\launch-17-notification-center.spec.ts:9:5 ΓÇ║ empty reminders remain accessible from Today, Progress and Settings without an archive (2.9s)
  ok  81 [compact-phone-chrome] ΓÇ║ e2e\expo-web\launch-17-notification-center.spec.ts:67:5 ΓÇ║ weight reminder routing survives close/reopen and browser Back/Forward (1.4s)
  ok  83 [compact-phone-chrome] ΓÇ║ e2e\expo-web\launch-17-notification-center.spec.ts:106:5 ΓÇ║ loading reminders exposes no archive or false empty state and settles honestly (810ms)
  ok  84 [compact-phone-chrome] ΓÇ║ e2e\expo-web\launch-17-notification-center.spec.ts:123:5 ΓÇ║ the populated reminder panel is retained on Progress and Settings (1.4s)
  ok  82 [compact-phone-chrome] ΓÇ║ e2e\expo-web\launch-17-notification-center.spec.ts:87:5 ΓÇ║ fetch failure never reassures falsely and Retry restores current reminders (7.6s)
  ok  86 [compact-phone-chrome] ΓÇ║ e2e\expo-web\launch-17-notification-center.spec.ts:167:7 ΓÇ║ read failure preserves reminder/count, blocks repeated actions, and recovers (959ms)
  ok  87 [compact-phone-chrome] ΓÇ║ e2e\expo-web\launch-17-notification-center.spec.ts:167:7 ΓÇ║ dismiss failure preserves reminder/count, blocks repeated actions, and recovers (811ms)
  ok  88 [compact-phone-chrome] ΓÇ║ e2e\expo-web\launch-17-notification-center.spec.ts:195:5 ΓÇ║ an offline reminder open settles without trapping the editor and can recover online (1.0s)
  ok  85 [compact-phone-chrome] ΓÇ║ e2e\expo-web\launch-17-notification-center.spec.ts:140:5 ΓÇ║ cached reminders survive offline and failed refresh before recovery (8.5s)
  ok  90 [compact-phone-chrome] ΓÇ║ e2e\expo-web\launch-17-notification-center.spec.ts:267:5 ΓÇ║ a failed reminder read preserves the dirty Preferences draft and permits a guarded retry (1.4s)
  ok  89 [compact-phone-chrome] ΓÇ║ e2e\expo-web\launch-17-notification-center.spec.ts:228:5 ΓÇ║ a successful reminder read navigates while its refresh is paused offline and recovers online (2.3s)
  ok  91 [compact-phone-chrome] ΓÇ║ e2e\expo-web\launch-17-notification-center.spec.ts:326:5 ΓÇ║ Preferences retains browser permission recovery and guarded reminder navigation (1.8s)
  ok  93 [compact-phone-chrome] ΓÇ║ e2e\expo-web\nested-route-stacks.spec.ts:41:5 ΓÇ║ unknown notification subpaths retain not-found recovery (5.5s)
  ok  94 [compact-phone-chrome] ΓÇ║ e2e\expo-web\nested-route-stacks.spec.ts:51:5 ΓÇ║ signed-in legal pages retain Settings navigation without the history shortcut (1.5s)
  ok  95 [compact-phone-chrome] ΓÇ║ e2e\expo-web\nested-route-stacks.spec.ts:98:5 ΓÇ║ Trend keeps the app shell and browser Back collapses into Progress (926ms)
  ok  96 [compact-phone-chrome] ΓÇ║ e2e\expo-web\nested-route-stacks.spec.ts:121:5 ΓÇ║ Activity direct entry falls back to its registered Connections parent (734ms)
  ok  97 [compact-phone-chrome] ΓÇ║ e2e\expo-web\nested-route-stacks.spec.ts:137:5 ΓÇ║ Food log returns to Today with browser Back on a compact phone (954ms)
  ok  98 [compact-phone-chrome] ΓÇ║ e2e\expo-web\nested-route-stacks.spec.ts:155:5 ΓÇ║ Saved Foods is discoverable from Settings and returns through real history (960ms)
  ok  99 [compact-phone-chrome] ΓÇ║ e2e\expo-web\nested-route-stacks.spec.ts:175:5 ΓÇ║ signed-in not-found recovery returns to Today (638ms)
  ok 100 [compact-phone-chrome] ΓÇ║ e2e\expo-web\nested-route-stacks.spec.ts:187:5 ΓÇ║ signed-out not-found recovery returns to the hosted home (482ms)
  ok 101 [compact-phone-chrome] ΓÇ║ e2e\expo-web\notification-legacy-gates.spec.ts:3:5 ΓÇ║ legacy notifications preserves sign-in gating on direct entry and reload (645ms)
  ok 102 [compact-phone-chrome] ΓÇ║ e2e\expo-web\notification-legacy-gates.spec.ts:16:7 ΓÇ║ legacy notifications preserves the email_verification_required account gate (635ms)
  ok 103 [compact-phone-chrome] ΓÇ║ e2e\expo-web\notification-legacy-gates.spec.ts:16:7 ΓÇ║ legacy notifications preserves the legal_acceptance_required account gate (706ms)
  ok 104 [compact-phone-chrome] ΓÇ║ e2e\expo-web\notification-legacy-gates.spec.ts:33:5 ΓÇ║ legacy notifications preserves incomplete-profile onboarding (545ms)
  ok  92 [compact-phone-chrome] ΓÇ║ e2e\expo-web\nested-route-stacks.spec.ts:8:5 ΓÇ║ legacy notifications bookmarks replace themselves with Today and cannot reopen history (16.5s)

  104 passed (3.2m)
