
Running 12 tests using 4 workers

(node:26588) Warning: The 'NO_COLOR' env is ignored due to the 'FORCE_COLOR' env being set.
(Use `node --trace-warnings ...` to show where the warning was created)
(node:18252) Warning: The 'NO_COLOR' env is ignored due to the 'FORCE_COLOR' env being set.
(Use `node --trace-warnings ...` to show where the warning was created)
(node:5672) Warning: The 'NO_COLOR' env is ignored due to the 'FORCE_COLOR' env being set.
(Use `node --trace-warnings ...` to show where the warning was created)
(node:17468) Warning: The 'NO_COLOR' env is ignored due to the 'FORCE_COLOR' env being set.
(Use `node --trace-warnings ...` to show where the warning was created)
  -   3 [desktop-chrome] ΓÇ║ e2e\expo-web\today-paused.spec.ts:115:5 ΓÇ║ paused-day copy and actions remain reachable at 200% text on a short phone
(node:17584) Warning: The 'NO_COLOR' env is ignored due to the 'FORCE_COLOR' env being set.
(Use `node --trace-warnings ...` to show where the warning was created)
  ok  2 [desktop-chrome] ΓÇ║ e2e\expo-web\today-paused.spec.ts:83:5 ΓÇ║ a past paused day replaces an expanded food log and can be backfilled (1.8s)
  ok  1 [desktop-chrome] ΓÇ║ e2e\expo-web\today-paused.spec.ts:27:7 ΓÇ║ paused Today preserves weight entry and resumes with existing food in light (2.4s)
  ok  4 [desktop-chrome] ΓÇ║ e2e\expo-web\today-paused.spec.ts:27:7 ΓÇ║ paused Today preserves weight entry and resumes with existing food in dark (2.5s)
(node:7216) Warning: The 'NO_COLOR' env is ignored due to the 'FORCE_COLOR' env being set.
(Use `node --trace-warnings ...` to show where the warning was created)
(node:38180) Warning: The 'NO_COLOR' env is ignored due to the 'FORCE_COLOR' env being set.
(Use `node --trace-warnings ...` to show where the warning was created)
(node:34360) Warning: The 'NO_COLOR' env is ignored due to the 'FORCE_COLOR' env being set.
(Use `node --trace-warnings ...` to show where the warning was created)
  ok  5 [android-phone-chrome] ΓÇ║ e2e\expo-web\today-paused.spec.ts:27:7 ΓÇ║ paused Today preserves weight entry and resumes with existing food in light (2.2s)
  -   8 [android-phone-chrome] ΓÇ║ e2e\expo-web\today-paused.spec.ts:115:5 ΓÇ║ paused-day copy and actions remain reachable at 200% text on a short phone
(node:36744) Warning: The 'NO_COLOR' env is ignored due to the 'FORCE_COLOR' env being set.
(Use `node --trace-warnings ...` to show where the warning was created)
(node:2940) Warning: The 'NO_COLOR' env is ignored due to the 'FORCE_COLOR' env being set.
(Use `node --trace-warnings ...` to show where the warning was created)
  ok  6 [android-phone-chrome] ΓÇ║ e2e\expo-web\today-paused.spec.ts:27:7 ΓÇ║ paused Today preserves weight entry and resumes with existing food in dark (2.3s)
  ok  7 [android-phone-chrome] ΓÇ║ e2e\expo-web\today-paused.spec.ts:83:5 ΓÇ║ a past paused day replaces an expanded food log and can be backfilled (1.7s)
(node:18580) Warning: The 'NO_COLOR' env is ignored due to the 'FORCE_COLOR' env being set.
(Use `node --trace-warnings ...` to show where the warning was created)
(node:36824) Warning: The 'NO_COLOR' env is ignored due to the 'FORCE_COLOR' env being set.
(Use `node --trace-warnings ...` to show where the warning was created)
  ok  9 [compact-phone-chrome] ΓÇ║ e2e\expo-web\today-paused.spec.ts:27:7 ΓÇ║ paused Today preserves weight entry and resumes with existing food in light (2.3s)
  ok 10 [compact-phone-chrome] ΓÇ║ e2e\expo-web\today-paused.spec.ts:27:7 ΓÇ║ paused Today preserves weight entry and resumes with existing food in dark (2.3s)
  ok 12 [compact-phone-chrome] ΓÇ║ e2e\expo-web\today-paused.spec.ts:115:5 ΓÇ║ paused-day copy and actions remain reachable at 200% text on a short phone (1.1s)
  ok 11 [compact-phone-chrome] ΓÇ║ e2e\expo-web\today-paused.spec.ts:83:5 ΓÇ║ a past paused day replaces an expanded food log and can be backfilled (1.6s)

  2 skipped
  10 passed (9.5s)
